<?xml version="1.0" encoding="ISO-8859-1" ?>
<link_info>
   <banner>TI ARM Linker PC v18.1.4.LTS</banner>
   <copyright>Copyright (c) 1996-2018 Texas Instruments Incorporated</copyright>
   <link_time>0x5c48b680</link_time>
   <link_errors>0x0</link_errors>
   <output_file>spi_demo_Lab2.out</output_file>
   <entry_point>
      <name>_c_int00_noargs</name>
      <address>0x20008539</address>
   </entry_point>
   <input_file_list>
      <input_file id="fl-2">
         <path>.\</path>
         <kind>object</kind>
         <file>Adafruit_GFX.obj</file>
         <name>Adafruit_GFX.obj</name>
      </input_file>
      <input_file id="fl-3">
         <path>.\</path>
         <kind>object</kind>
         <file>Adafruit_OLED.obj</file>
         <name>Adafruit_OLED.obj</name>
      </input_file>
      <input_file id="fl-4">
         <path>.\</path>
         <kind>object</kind>
         <file>main.obj</file>
         <name>main.obj</name>
      </input_file>
      <input_file id="fl-5">
         <path>.\</path>
         <kind>object</kind>
         <file>pinmux.obj</file>
         <name>pinmux.obj</name>
      </input_file>
      <input_file id="fl-6">
         <path>.\</path>
         <kind>object</kind>
         <file>startup_ccs.obj</file>
         <name>startup_ccs.obj</name>
      </input_file>
      <input_file id="fl-7">
         <path>.\</path>
         <kind>object</kind>
         <file>test.obj</file>
         <name>test.obj</name>
      </input_file>
      <input_file id="fl-8">
         <path>.\</path>
         <kind>object</kind>
         <file>uart_if.obj</file>
         <name>uart_if.obj</name>
      </input_file>
      <input_file id="fl-d">
         <kind>object</kind>
         <file>&lt;internal&gt;</file>
         <name>&lt;internal&gt;</name>
      </input_file>
      <input_file id="fl-c3">
         <path>C:\TI\ccsv8\tools\compiler\ti-cgt-arm_18.1.4.LTS\lib\</path>
         <kind>archive</kind>
         <file>rtsv7M4_T_le_eabi.lib</file>
         <name>copy_zero_init.c.obj</name>
      </input_file>
      <input_file id="fl-c4">
         <path>C:\TI\ccsv8\tools\compiler\ti-cgt-arm_18.1.4.LTS\lib\</path>
         <kind>archive</kind>
         <file>rtsv7M4_T_le_eabi.lib</file>
         <name>copy_decompress_none.c.obj</name>
      </input_file>
      <input_file id="fl-c5">
         <path>C:\TI\ccsv8\tools\compiler\ti-cgt-arm_18.1.4.LTS\lib\</path>
         <kind>archive</kind>
         <file>rtsv7M4_T_le_eabi.lib</file>
         <name>copy_decompress_lzss.c.obj</name>
      </input_file>
      <input_file id="fl-c6">
         <path>C:\TI\ccsv8\tools\compiler\ti-cgt-arm_18.1.4.LTS\lib\</path>
         <kind>archive</kind>
         <file>rtsv7M4_T_le_eabi.lib</file>
         <name>boot_cortex_m.c.obj</name>
      </input_file>
      <input_file id="fl-c7">
         <path>C:\TI\ccsv8\tools\compiler\ti-cgt-arm_18.1.4.LTS\lib\</path>
         <kind>archive</kind>
         <file>rtsv7M4_T_le_eabi.lib</file>
         <name>exit.c.obj</name>
      </input_file>
      <input_file id="fl-c8">
         <path>C:\TI\ccsv8\tools\compiler\ti-cgt-arm_18.1.4.LTS\lib\</path>
         <kind>archive</kind>
         <file>rtsv7M4_T_le_eabi.lib</file>
         <name>memory.c.obj</name>
      </input_file>
      <input_file id="fl-c9">
         <path>C:\TI\ccsv8\tools\compiler\ti-cgt-arm_18.1.4.LTS\lib\</path>
         <kind>archive</kind>
         <file>rtsv7M4_T_le_eabi.lib</file>
         <name>_lock.c.obj</name>
      </input_file>
      <input_file id="fl-ca">
         <path>C:\TI\ccsv8\tools\compiler\ti-cgt-arm_18.1.4.LTS\lib\</path>
         <kind>archive</kind>
         <file>rtsv7M4_T_le_eabi.lib</file>
         <name>args_main.c.obj</name>
      </input_file>
      <input_file id="fl-cb">
         <path>C:\TI\ccsv8\tools\compiler\ti-cgt-arm_18.1.4.LTS\lib\</path>
         <kind>archive</kind>
         <file>rtsv7M4_T_le_eabi.lib</file>
         <name>memmov.c.obj</name>
      </input_file>
      <input_file id="fl-cc">
         <path>C:\TI\ccsv8\tools\compiler\ti-cgt-arm_18.1.4.LTS\lib\</path>
         <kind>archive</kind>
         <file>rtsv7M4_T_le_eabi.lib</file>
         <name>strlen.c.obj</name>
      </input_file>
      <input_file id="fl-cd">
         <path>C:\TI\ccsv8\tools\compiler\ti-cgt-arm_18.1.4.LTS\lib\</path>
         <kind>archive</kind>
         <file>rtsv7M4_T_le_eabi.lib</file>
         <name>vsnprintf.c.obj</name>
      </input_file>
      <input_file id="fl-ce">
         <path>C:\TI\ccsv8\tools\compiler\ti-cgt-arm_18.1.4.LTS\lib\</path>
         <kind>archive</kind>
         <file>rtsv7M4_T_le_eabi.lib</file>
         <name>memcpy_t2.asm.obj</name>
      </input_file>
      <input_file id="fl-cf">
         <path>C:\TI\ccsv8\tools\compiler\ti-cgt-arm_18.1.4.LTS\lib\</path>
         <kind>archive</kind>
         <file>rtsv7M4_T_le_eabi.lib</file>
         <name>memset_t2.asm.obj</name>
      </input_file>
      <input_file id="fl-d0">
         <path>C:\TI\ccsv8\tools\compiler\ti-cgt-arm_18.1.4.LTS\lib\</path>
         <kind>archive</kind>
         <file>rtsv7M4_T_le_eabi.lib</file>
         <name>autoinit.c.obj</name>
      </input_file>
      <input_file id="fl-d1">
         <path>C:\TI\ccsv8\tools\compiler\ti-cgt-arm_18.1.4.LTS\lib\</path>
         <kind>archive</kind>
         <file>rtsv7M4_T_le_eabi.lib</file>
         <name>pre_init.c.obj</name>
      </input_file>
      <input_file id="fl-d2">
         <path>C:\TI\ccsv8\tools\compiler\ti-cgt-arm_18.1.4.LTS\lib\</path>
         <kind>archive</kind>
         <file>rtsv7M4_T_le_eabi.lib</file>
         <name>cpy_tbl.c.obj</name>
      </input_file>
      <input_file id="fl-d3">
         <path>C:\TI\ccsv8\tools\compiler\ti-cgt-arm_18.1.4.LTS\lib\</path>
         <kind>archive</kind>
         <file>rtsv7M4_T_le_eabi.lib</file>
         <name>_printfi.c.obj</name>
      </input_file>
      <input_file id="fl-d4">
         <path>C:\TI\ccsv8\tools\compiler\ti-cgt-arm_18.1.4.LTS\lib\</path>
         <kind>archive</kind>
         <file>rtsv7M4_T_le_eabi.lib</file>
         <name>atoi.c.obj</name>
      </input_file>
      <input_file id="fl-d5">
         <path>C:\TI\ccsv8\tools\compiler\ti-cgt-arm_18.1.4.LTS\lib\</path>
         <kind>archive</kind>
         <file>rtsv7M4_T_le_eabi.lib</file>
         <name>ctype.c.obj</name>
      </input_file>
      <input_file id="fl-d6">
         <path>C:\TI\ccsv8\tools\compiler\ti-cgt-arm_18.1.4.LTS\lib\</path>
         <kind>archive</kind>
         <file>rtsv7M4_T_le_eabi.lib</file>
         <name>ltoa.c.obj</name>
      </input_file>
      <input_file id="fl-d7">
         <path>C:\TI\ccsv8\tools\compiler\ti-cgt-arm_18.1.4.LTS\lib\</path>
         <kind>archive</kind>
         <file>rtsv7M4_T_le_eabi.lib</file>
         <name>memccpy.c.obj</name>
      </input_file>
      <input_file id="fl-d8">
         <path>C:\TI\ccsv8\tools\compiler\ti-cgt-arm_18.1.4.LTS\lib\</path>
         <kind>archive</kind>
         <file>rtsv7M4_T_le_eabi.lib</file>
         <name>strchr.c.obj</name>
      </input_file>
      <input_file id="fl-d9">
         <path>C:\TI\ccsv8\tools\compiler\ti-cgt-arm_18.1.4.LTS\lib\</path>
         <kind>archive</kind>
         <file>rtsv7M4_T_le_eabi.lib</file>
         <name>wcslen.c.obj</name>
      </input_file>
      <input_file id="fl-da">
         <path>C:\TI\ccsv8\tools\compiler\ti-cgt-arm_18.1.4.LTS\lib\</path>
         <kind>archive</kind>
         <file>rtsv7M4_T_le_eabi.lib</file>
         <name>s_frexp.c.obj</name>
      </input_file>
      <input_file id="fl-db">
         <path>C:\TI\ccsv8\tools\compiler\ti-cgt-arm_18.1.4.LTS\lib\</path>
         <kind>archive</kind>
         <file>rtsv7M4_T_le_eabi.lib</file>
         <name>s_scalbn.c.obj</name>
      </input_file>
      <input_file id="fl-dc">
         <path>C:\TI\ccsv8\tools\compiler\ti-cgt-arm_18.1.4.LTS\lib\</path>
         <kind>archive</kind>
         <file>rtsv7M4_T_le_eabi.lib</file>
         <name>fd_add_t2.asm.obj</name>
      </input_file>
      <input_file id="fl-dd">
         <path>C:\TI\ccsv8\tools\compiler\ti-cgt-arm_18.1.4.LTS\lib\</path>
         <kind>archive</kind>
         <file>rtsv7M4_T_le_eabi.lib</file>
         <name>fd_cmp_t2.asm.obj</name>
      </input_file>
      <input_file id="fl-de">
         <path>C:\TI\ccsv8\tools\compiler\ti-cgt-arm_18.1.4.LTS\lib\</path>
         <kind>archive</kind>
         <file>rtsv7M4_T_le_eabi.lib</file>
         <name>fd_div_t2.asm.obj</name>
      </input_file>
      <input_file id="fl-df">
         <path>C:\TI\ccsv8\tools\compiler\ti-cgt-arm_18.1.4.LTS\lib\</path>
         <kind>archive</kind>
         <file>rtsv7M4_T_le_eabi.lib</file>
         <name>fd_mul_t2.asm.obj</name>
      </input_file>
      <input_file id="fl-e0">
         <path>C:\TI\ccsv8\tools\compiler\ti-cgt-arm_18.1.4.LTS\lib\</path>
         <kind>archive</kind>
         <file>rtsv7M4_T_le_eabi.lib</file>
         <name>fd_toi_t2.asm.obj</name>
      </input_file>
      <input_file id="fl-e1">
         <path>C:\TI\ccsv8\tools\compiler\ti-cgt-arm_18.1.4.LTS\lib\</path>
         <kind>archive</kind>
         <file>rtsv7M4_T_le_eabi.lib</file>
         <name>i_tofd_t2.asm.obj</name>
      </input_file>
      <input_file id="fl-e2">
         <path>C:\TI\ccsv8\tools\compiler\ti-cgt-arm_18.1.4.LTS\lib\</path>
         <kind>archive</kind>
         <file>rtsv7M4_T_le_eabi.lib</file>
         <name>ull_div_t2.asm.obj</name>
      </input_file>
      <input_file id="fl-e3">
         <path>C:\TI\ccsv8\tools\compiler\ti-cgt-arm_18.1.4.LTS\lib\</path>
         <kind>archive</kind>
         <file>rtsv7M4_T_le_eabi.lib</file>
         <name>errno.c.obj</name>
      </input_file>
      <input_file id="fl-e4">
         <path>C:\TI\ccsv8\tools\compiler\ti-cgt-arm_18.1.4.LTS\lib\</path>
         <kind>archive</kind>
         <file>rtsv7M4_T_le_eabi.lib</file>
         <name>s_copysign.c.obj</name>
      </input_file>
      <input_file id="fl-e5">
         <path>C:\TI\ccsv8\tools\compiler\ti-cgt-arm_18.1.4.LTS\lib\</path>
         <kind>archive</kind>
         <file>rtsv7M4_T_le_eabi.lib</file>
         <name>div0.asm.obj</name>
      </input_file>
      <input_file id="fl-e6">
         <path>C:\TI\CC3200SDK_1.3.0\cc3200-sdk\driverlib\ccs\Release\</path>
         <kind>archive</kind>
         <file>driverlib.a</file>
         <name>gpio.obj</name>
      </input_file>
      <input_file id="fl-e7">
         <path>C:\TI\CC3200SDK_1.3.0\cc3200-sdk\driverlib\ccs\Release\</path>
         <kind>archive</kind>
         <file>driverlib.a</file>
         <name>interrupt.obj</name>
      </input_file>
      <input_file id="fl-e8">
         <path>C:\TI\CC3200SDK_1.3.0\cc3200-sdk\driverlib\ccs\Release\</path>
         <kind>archive</kind>
         <file>driverlib.a</file>
         <name>pin.obj</name>
      </input_file>
      <input_file id="fl-e9">
         <path>C:\TI\CC3200SDK_1.3.0\cc3200-sdk\driverlib\ccs\Release\</path>
         <kind>archive</kind>
         <file>driverlib.a</file>
         <name>prcm.obj</name>
      </input_file>
      <input_file id="fl-ea">
         <path>C:\TI\CC3200SDK_1.3.0\cc3200-sdk\driverlib\ccs\Release\</path>
         <kind>archive</kind>
         <file>driverlib.a</file>
         <name>spi.obj</name>
      </input_file>
      <input_file id="fl-eb">
         <path>C:\TI\CC3200SDK_1.3.0\cc3200-sdk\driverlib\ccs\Release\</path>
         <kind>archive</kind>
         <file>driverlib.a</file>
         <name>uart.obj</name>
      </input_file>
      <input_file id="fl-ec">
         <path>C:\TI\CC3200SDK_1.3.0\cc3200-sdk\driverlib\ccs\Release\</path>
         <kind>archive</kind>
         <file>driverlib.a</file>
         <name>utils.obj</name>
      </input_file>
      <input_file id="fl-ed">
         <path>C:\TI\CC3200SDK_1.3.0\cc3200-sdk\driverlib\ccs\Release\</path>
         <kind>archive</kind>
         <file>driverlib.a</file>
         <name>cpu.obj</name>
      </input_file>
      <input_file id="fl-ee">
         <path>C:\TI\CC3200SDK_1.3.0\cc3200-sdk\driverlib\ccs\Release\</path>
         <kind>archive</kind>
         <file>driverlib.a</file>
         <name>flash.obj</name>
      </input_file>
   </input_file_list>
   <object_component_list>
      <object_component id="oc-f">
         <name>.intvecs</name>
         <load_address>0x20004000</load_address>
         <run_address>0x20004000</run_address>
         <size>0x400</size>
         <input_file_ref idref="fl-6"/>
      </object_component>
      <object_component id="oc-20d">
         <name>.text</name>
         <load_address>0x20004400</load_address>
         <run_address>0x20004400</run_address>
         <size>0xb58</size>
         <input_file_ref idref="fl-2"/>
      </object_component>
      <object_component id="oc-249">
         <name>.text:__TI_printfi</name>
         <load_address>0x20004f58</load_address>
         <run_address>0x20004f58</run_address>
         <size>0xa4a</size>
         <input_file_ref idref="fl-d3"/>
      </object_component>
      <object_component id="oc-10a">
         <name>.text</name>
         <load_address>0x200059a2</load_address>
         <run_address>0x200059a2</run_address>
         <size>0x712</size>
         <input_file_ref idref="fl-7"/>
      </object_component>
      <object_component id="oc-104">
         <name>.text</name>
         <load_address>0x200060b4</load_address>
         <run_address>0x200060b4</run_address>
         <size>0x47a</size>
         <input_file_ref idref="fl-3"/>
      </object_component>
      <object_component id="oc-2c3">
         <name>.text:_nop</name>
         <load_address>0x2000652e</load_address>
         <run_address>0x2000652e</run_address>
         <size>0x2</size>
         <input_file_ref idref="fl-c9"/>
      </object_component>
      <object_component id="oc-c2">
         <name>.text</name>
         <load_address>0x20006530</load_address>
         <run_address>0x20006530</run_address>
         <size>0x280</size>
         <input_file_ref idref="fl-8"/>
      </object_component>
      <object_component id="oc-307">
         <name>.text:_pconv_a</name>
         <load_address>0x200067b0</load_address>
         <run_address>0x200067b0</run_address>
         <size>0x268</size>
         <input_file_ref idref="fl-d3"/>
      </object_component>
      <object_component id="oc-2f5">
         <name>.text:_pconv_g</name>
         <load_address>0x20006a18</load_address>
         <run_address>0x20006a18</run_address>
         <size>0x1cc</size>
         <input_file_ref idref="fl-d3"/>
      </object_component>
      <object_component id="oc-381">
         <name>.text</name>
         <load_address>0x20006be4</load_address>
         <run_address>0x20006be4</run_address>
         <size>0x1b6</size>
         <input_file_ref idref="fl-dc"/>
      </object_component>
      <object_component id="oc-3d6">
         <name>.text</name>
         <load_address>0x20006d9a</load_address>
         <run_address>0x20006d9a</run_address>
         <size>0x2</size>
         <input_file_ref idref="fl-e5"/>
      </object_component>
      <object_component id="oc-da">
         <name>.text:PRCMCC3200MCUInit</name>
         <load_address>0x20006d9c</load_address>
         <run_address>0x20006d9c</run_address>
         <size>0x178</size>
         <input_file_ref idref="fl-e9"/>
      </object_component>
      <object_component id="oc-94">
         <name>.text</name>
         <load_address>0x20006f14</load_address>
         <run_address>0x20006f14</run_address>
         <size>0x158</size>
         <input_file_ref idref="fl-4"/>
      </object_component>
      <object_component id="oc-301">
         <name>.text:_pconv_e</name>
         <load_address>0x2000706c</load_address>
         <run_address>0x2000706c</run_address>
         <size>0x13c</size>
         <input_file_ref idref="fl-d3"/>
      </object_component>
      <object_component id="oc-367">
         <name>.text</name>
         <load_address>0x200071a8</load_address>
         <run_address>0x200071a8</run_address>
         <size>0x136</size>
         <input_file_ref idref="fl-de"/>
      </object_component>
      <object_component id="oc-393">
         <name>.text:fcvt</name>
         <load_address>0x200072e0</load_address>
         <run_address>0x200072e0</run_address>
         <size>0x120</size>
         <input_file_ref idref="fl-d3"/>
      </object_component>
      <object_component id="oc-180">
         <name>.text:realloc</name>
         <load_address>0x20007400</load_address>
         <run_address>0x20007400</run_address>
         <size>0x114</size>
         <input_file_ref idref="fl-c8"/>
      </object_component>
      <object_component id="oc-362">
         <name>.text</name>
         <load_address>0x20007514</load_address>
         <run_address>0x20007514</run_address>
         <size>0xfc</size>
         <input_file_ref idref="fl-df"/>
      </object_component>
      <object_component id="oc-186">
         <name>.text:free</name>
         <load_address>0x20007610</load_address>
         <run_address>0x20007610</run_address>
         <size>0xd8</size>
         <input_file_ref idref="fl-c8"/>
      </object_component>
      <object_component id="oc-3a7">
         <name>.text:scalbn</name>
         <load_address>0x200076e8</load_address>
         <run_address>0x200076e8</run_address>
         <size>0xd0</size>
         <input_file_ref idref="fl-db"/>
      </object_component>
      <object_component id="oc-2ea">
         <name>.text:_ltostr</name>
         <load_address>0x200077b8</load_address>
         <run_address>0x200077b8</run_address>
         <size>0xb1</size>
         <input_file_ref idref="fl-d3"/>
      </object_component>
      <object_component id="oc-d4">
         <name>.text:IntEnable</name>
         <load_address>0x2000786c</load_address>
         <run_address>0x2000786c</run_address>
         <size>0xa8</size>
         <input_file_ref idref="fl-e7"/>
      </object_component>
      <object_component id="oc-e0">
         <name>.text</name>
         <load_address>0x20007914</load_address>
         <run_address>0x20007914</run_address>
         <size>0xa4</size>
         <input_file_ref idref="fl-5"/>
      </object_component>
      <object_component id="oc-f8">
         <name>.text:SPIConfigSetExpClk</name>
         <load_address>0x200079b8</load_address>
         <run_address>0x200079b8</run_address>
         <size>0xa0</size>
         <input_file_ref idref="fl-ea"/>
      </object_component>
      <object_component id="oc-3a">
         <name>.text</name>
         <load_address>0x20007a58</load_address>
         <run_address>0x20007a58</run_address>
         <size>0x9c</size>
         <input_file_ref idref="fl-ce"/>
      </object_component>
      <object_component id="oc-35b">
         <name>.text</name>
         <load_address>0x20007af4</load_address>
         <run_address>0x20007af4</run_address>
         <size>0x96</size>
         <input_file_ref idref="fl-e2"/>
      </object_component>
      <object_component id="oc-f2">
         <name>.text:PRCMPeripheralClockGet</name>
         <load_address>0x20007b8c</load_address>
         <run_address>0x20007b8c</run_address>
         <size>0x94</size>
         <input_file_ref idref="fl-e9"/>
      </object_component>
      <object_component id="oc-297">
         <name>.text:PinConfigSet</name>
         <load_address>0x20007c20</load_address>
         <run_address>0x20007c20</run_address>
         <size>0x88</size>
         <input_file_ref idref="fl-e8"/>
      </object_component>
      <object_component id="oc-2f0">
         <name>.text:__aeabi_cdcmple</name>
         <load_address>0x20007ca8</load_address>
         <run_address>0x20007ca8</run_address>
         <size>0x86</size>
         <input_file_ref idref="fl-dd"/>
      </object_component>
      <object_component id="oc-36c">
         <name>.text:__aeabi_cdrcmple</name>
         <load_address>0x20007d2e</load_address>
         <run_address>0x20007d2e</run_address>
         <size>0x86</size>
         <input_file_ref idref="fl-dd"/>
      </object_component>
      <object_component id="oc-88">
         <name>.text</name>
         <load_address>0x20007db4</load_address>
         <run_address>0x20007db4</run_address>
         <size>0x7a</size>
         <input_file_ref idref="fl-cf"/>
      </object_component>
      <object_component id="oc-17a">
         <name>.text:malloc</name>
         <load_address>0x20007e30</load_address>
         <run_address>0x20007e30</run_address>
         <size>0x78</size>
         <input_file_ref idref="fl-c8"/>
      </object_component>
      <object_component id="oc-150">
         <name>.text:UARTConfigSetExpClk</name>
         <load_address>0x20007ea8</load_address>
         <run_address>0x20007ea8</run_address>
         <size>0x76</size>
         <input_file_ref idref="fl-eb"/>
      </object_component>
      <object_component id="oc-38c">
         <name>.text:_mcpy</name>
         <load_address>0x20007f1e</load_address>
         <run_address>0x20007f1e</run_address>
         <size>0x6e</size>
         <input_file_ref idref="fl-d3"/>
      </object_component>
      <object_component id="oc-12">
         <name>.text:decompress:lzss:__TI_decompress_lzss</name>
         <load_address>0x20007f8c</load_address>
         <run_address>0x20007f8c</run_address>
         <size>0x68</size>
         <input_file_ref idref="fl-c5"/>
      </object_component>
      <object_component id="oc-3a1">
         <name>.text:frexp</name>
         <load_address>0x20007ff4</load_address>
         <run_address>0x20007ff4</run_address>
         <size>0x5c</size>
         <input_file_ref idref="fl-da"/>
      </object_component>
      <object_component id="oc-ec">
         <name>.text:PRCMPeripheralReset</name>
         <load_address>0x20008050</load_address>
         <run_address>0x20008050</run_address>
         <size>0x58</size>
         <input_file_ref idref="fl-e9"/>
      </object_component>
      <object_component id="oc-2fb">
         <name>.text:_pconv_f</name>
         <load_address>0x200080a8</load_address>
         <run_address>0x200080a8</run_address>
         <size>0x56</size>
         <input_file_ref idref="fl-d3"/>
      </object_component>
      <object_component id="oc-376">
         <name>.text:ltoa</name>
         <load_address>0x200080fe</load_address>
         <run_address>0x200080fe</run_address>
         <size>0x54</size>
         <input_file_ref idref="fl-d6"/>
      </object_component>
      <object_component id="oc-386">
         <name>.text:_ecpy</name>
         <load_address>0x20008152</load_address>
         <run_address>0x20008152</run_address>
         <size>0x52</size>
         <input_file_ref idref="fl-d3"/>
      </object_component>
      <object_component id="oc-2e4">
         <name>.text:atoi</name>
         <load_address>0x200081a4</load_address>
         <run_address>0x200081a4</run_address>
         <size>0x4c</size>
         <input_file_ref idref="fl-d4"/>
      </object_component>
      <object_component id="oc-371">
         <name>.text</name>
         <load_address>0x200081f0</load_address>
         <run_address>0x200081f0</run_address>
         <size>0x48</size>
         <input_file_ref idref="fl-e0"/>
      </object_component>
      <object_component id="oc-11e">
         <name>.text:__TI_auto_init_nobinit_nopinit:__TI_auto_init_nobinit_nopinit</name>
         <load_address>0x20008238</load_address>
         <run_address>0x20008238</run_address>
         <size>0x44</size>
         <input_file_ref idref="fl-d0"/>
      </object_component>
      <object_component id="oc-29d">
         <name>.text:PinModeSet</name>
         <load_address>0x2000827c</load_address>
         <run_address>0x2000827c</run_address>
         <size>0x40</size>
         <input_file_ref idref="fl-e8"/>
      </object_component>
      <object_component id="oc-15c">
         <name>.text:vsnprintf</name>
         <load_address>0x200082bc</load_address>
         <run_address>0x200082bc</run_address>
         <size>0x40</size>
         <input_file_ref idref="fl-cd"/>
      </object_component>
      <object_component id="oc-399">
         <name>.text:_fcpy</name>
         <load_address>0x200082fc</load_address>
         <run_address>0x200082fc</run_address>
         <size>0x3e</size>
         <input_file_ref idref="fl-d3"/>
      </object_component>
      <object_component id="oc-e6">
         <name>.text:PRCMPeripheralClkEnable</name>
         <load_address>0x2000833c</load_address>
         <run_address>0x2000833c</run_address>
         <size>0x3c</size>
         <input_file_ref idref="fl-e9"/>
      </object_component>
      <object_component id="oc-279">
         <name>.text:minsert</name>
         <load_address>0x20008378</load_address>
         <run_address>0x20008378</run_address>
         <size>0x3c</size>
         <input_file_ref idref="fl-c8"/>
      </object_component>
      <object_component id="oc-26d">
         <name>.text:minit</name>
         <load_address>0x200083b4</load_address>
         <run_address>0x200083b4</run_address>
         <size>0x38</size>
         <input_file_ref idref="fl-c8"/>
      </object_component>
      <object_component id="oc-1cb">
         <name>.text:GPIODirModeSet</name>
         <load_address>0x200083ec</load_address>
         <run_address>0x200083ec</run_address>
         <size>0x36</size>
         <input_file_ref idref="fl-e6"/>
      </object_component>
      <object_component id="oc-1c5">
         <name>.text:PinTypeGPIO</name>
         <load_address>0x20008422</load_address>
         <run_address>0x20008422</run_address>
         <size>0x30</size>
         <input_file_ref idref="fl-e8"/>
      </object_component>
      <object_component id="oc-23b">
         <name>.text:UARTDisable</name>
         <load_address>0x20008454</load_address>
         <run_address>0x20008454</run_address>
         <size>0x30</size>
         <input_file_ref idref="fl-eb"/>
      </object_component>
      <object_component id="oc-24f">
         <name>.text:_outs</name>
         <load_address>0x20008484</load_address>
         <run_address>0x20008484</run_address>
         <size>0x30</size>
         <input_file_ref idref="fl-cd"/>
      </object_component>
      <object_component id="oc-37c">
         <name>.text</name>
         <load_address>0x200084b4</load_address>
         <run_address>0x200084b4</run_address>
         <size>0x2e</size>
         <input_file_ref idref="fl-e1"/>
      </object_component>
      <object_component id="oc-1ac">
         <name>.text:PRCMSysResetCauseGet</name>
         <load_address>0x200084e4</load_address>
         <run_address>0x200084e4</run_address>
         <size>0x2c</size>
         <input_file_ref idref="fl-e9"/>
      </object_component>
      <object_component id="oc-1be">
         <name>.text:PRCMPeripheralClkDisable</name>
         <load_address>0x20008510</load_address>
         <run_address>0x20008510</run_address>
         <size>0x28</size>
         <input_file_ref idref="fl-e9"/>
      </object_component>
      <object_component id="oc-58">
         <name>.text:_c_int00_noargs:_c_int00_noargs</name>
         <load_address>0x20008538</load_address>
         <run_address>0x20008538</run_address>
         <size>0x28</size>
         <input_file_ref idref="fl-c6"/>
      </object_component>
      <object_component id="oc-273">
         <name>.text:mremove</name>
         <load_address>0x20008560</load_address>
         <run_address>0x20008560</run_address>
         <size>0x28</size>
         <input_file_ref idref="fl-c8"/>
      </object_component>
      <object_component id="oc-241">
         <name>.text:UARTEnable</name>
         <load_address>0x20008588</load_address>
         <run_address>0x20008588</run_address>
         <size>0x24</size>
         <input_file_ref idref="fl-eb"/>
      </object_component>
      <object_component id="oc-174">
         <name>.text:memmove</name>
         <load_address>0x200085ac</load_address>
         <run_address>0x200085ac</run_address>
         <size>0x24</size>
         <input_file_ref idref="fl-cb"/>
      </object_component>
      <object_component id="oc-1f3">
         <name>.text:GPIOPinWrite</name>
         <load_address>0x200085d0</load_address>
         <run_address>0x200085d0</run_address>
         <size>0x20</size>
         <input_file_ref idref="fl-e6"/>
      </object_component>
      <object_component id="oc-1ff">
         <name>.text:SPIDataGet</name>
         <load_address>0x200085f0</load_address>
         <run_address>0x200085f0</run_address>
         <size>0x20</size>
         <input_file_ref idref="fl-ea"/>
      </object_component>
      <object_component id="oc-1f9">
         <name>.text:SPIDataPut</name>
         <load_address>0x20008610</load_address>
         <run_address>0x20008610</run_address>
         <size>0x1e</size>
         <input_file_ref idref="fl-ea"/>
      </object_component>
      <object_component id="oc-156">
         <name>.text:UARTCharPut</name>
         <load_address>0x2000862e</load_address>
         <run_address>0x2000862e</run_address>
         <size>0x1e</size>
         <input_file_ref idref="fl-eb"/>
      </object_component>
      <object_component id="oc-168">
         <name>.text:UARTCharGetNonBlocking</name>
         <load_address>0x2000864c</load_address>
         <run_address>0x2000864c</run_address>
         <size>0x1c</size>
         <input_file_ref idref="fl-eb"/>
      </object_component>
      <object_component id="oc-30d">
         <name>.text:memccpy</name>
         <load_address>0x20008668</load_address>
         <run_address>0x20008668</run_address>
         <size>0x1c</size>
         <input_file_ref idref="fl-d7"/>
      </object_component>
      <object_component id="oc-1d1">
         <name>.text:PinTypeSPI</name>
         <load_address>0x20008684</load_address>
         <run_address>0x20008684</run_address>
         <size>0x1a</size>
         <input_file_ref idref="fl-e8"/>
      </object_component>
      <object_component id="oc-1dd">
         <name>.text:PinTypeTimer</name>
         <load_address>0x2000869e</load_address>
         <run_address>0x2000869e</run_address>
         <size>0x1a</size>
         <input_file_ref idref="fl-e8"/>
      </object_component>
      <object_component id="oc-1d7">
         <name>.text:PinTypeUART</name>
         <load_address>0x200086b8</load_address>
         <run_address>0x200086b8</run_address>
         <size>0x1a</size>
         <input_file_ref idref="fl-e8"/>
      </object_component>
      <object_component id="oc-205">
         <name>.text:SPICSDisable</name>
         <load_address>0x200086d2</load_address>
         <run_address>0x200086d2</run_address>
         <size>0x18</size>
         <input_file_ref idref="fl-ea"/>
      </object_component>
      <object_component id="oc-1ed">
         <name>.text:SPICSEnable</name>
         <load_address>0x200086ea</load_address>
         <run_address>0x200086ea</run_address>
         <size>0x18</size>
         <input_file_ref idref="fl-ea"/>
      </object_component>
      <object_component id="oc-fe">
         <name>.text:SPIEnable</name>
         <load_address>0x20008702</load_address>
         <run_address>0x20008702</run_address>
         <size>0x18</size>
         <input_file_ref idref="fl-ea"/>
      </object_component>
      <object_component id="oc-162">
         <name>.text:UARTCharsAvail</name>
         <load_address>0x2000871a</load_address>
         <run_address>0x2000871a</run_address>
         <size>0x18</size>
         <input_file_ref idref="fl-eb"/>
      </object_component>
      <object_component id="oc-255">
         <name>.text:_outc</name>
         <load_address>0x20008732</load_address>
         <run_address>0x20008732</run_address>
         <size>0x18</size>
         <input_file_ref idref="fl-cd"/>
      </object_component>
      <object_component id="oc-1b2">
         <name>.text:PRCMHIBRegRead</name>
         <load_address>0x2000874a</load_address>
         <run_address>0x2000874a</run_address>
         <size>0x16</size>
         <input_file_ref idref="fl-e9"/>
      </object_component>
      <object_component id="oc-1b8">
         <name>.text:PRCMHIBRegWrite</name>
         <load_address>0x20008760</load_address>
         <run_address>0x20008760</run_address>
         <size>0x16</size>
         <input_file_ref idref="fl-e9"/>
      </object_component>
      <object_component id="oc-3ad">
         <name>.text:strchr</name>
         <load_address>0x20008776</load_address>
         <run_address>0x20008776</run_address>
         <size>0x16</size>
         <input_file_ref idref="fl-d8"/>
      </object_component>
      <object_component id="oc-19c">
         <name>.text:CPUcpsie</name>
         <load_address>0x2000878c</load_address>
         <run_address>0x2000878c</run_address>
         <size>0x14</size>
         <input_file_ref idref="fl-ed"/>
      </object_component>
      <object_component id="oc-c8">
         <name>.text:IntVTableBaseSet</name>
         <load_address>0x200087a0</load_address>
         <run_address>0x200087a0</run_address>
         <size>0x14</size>
         <input_file_ref idref="fl-e7"/>
      </object_component>
      <object_component id="oc-16e">
         <name>.text:strlen</name>
         <load_address>0x200087b4</load_address>
         <run_address>0x200087b4</run_address>
         <size>0x14</size>
         <input_file_ref idref="fl-cc"/>
      </object_component>
      <object_component id="oc-46">
         <name>.text:decompress:ZI:__TI_zero_init_nomemset:__TI_zero_init_nomemset</name>
         <load_address>0x200087c8</load_address>
         <run_address>0x200087c8</run_address>
         <size>0x12</size>
         <input_file_ref idref="fl-c3"/>
      </object_component>
      <object_component id="oc-313">
         <name>.text:wcslen</name>
         <load_address>0x200087da</load_address>
         <run_address>0x200087da</run_address>
         <size>0x12</size>
         <input_file_ref idref="fl-d9"/>
      </object_component>
      <object_component id="oc-18">
         <name>.text:decompress:none:__TI_decompress_none</name>
         <load_address>0x200087ec</load_address>
         <run_address>0x200087ec</run_address>
         <size>0xe</size>
         <input_file_ref idref="fl-c4"/>
      </object_component>
      <object_component id="oc-26">
         <name>.text</name>
         <load_address>0x200087fa</load_address>
         <run_address>0x200087fa</run_address>
         <size>0xe</size>
         <input_file_ref idref="fl-6"/>
      </object_component>
      <object_component id="oc-ce">
         <name>.text:IntMasterEnable</name>
         <load_address>0x20008808</load_address>
         <run_address>0x20008808</run_address>
         <size>0xa</size>
         <input_file_ref idref="fl-e7"/>
      </object_component>
      <object_component id="oc-319">
         <name>.text:__aeabi_errno_addr</name>
         <load_address>0x20008814</load_address>
         <run_address>0x20008814</run_address>
         <size>0x8</size>
         <input_file_ref idref="fl-e3"/>
      </object_component>
      <object_component id="oc-3ef">
         <name>.text:copysign</name>
         <load_address>0x2000881c</load_address>
         <run_address>0x2000881c</run_address>
         <size>0x8</size>
         <input_file_ref idref="fl-e4"/>
      </object_component>
      <object_component id="oc-293">
         <name>.text:UtilsDelay</name>
         <load_address>0x20008824</load_address>
         <run_address>0x20008824</run_address>
         <size>0x6</size>
         <input_file_ref idref="fl-ec"/>
      </object_component>
      <object_component id="oc-8e">
         <name>.text:_system_pre_init</name>
         <load_address>0x2000882a</load_address>
         <run_address>0x2000882a</run_address>
         <size>0x4</size>
         <input_file_ref idref="fl-d1"/>
      </object_component>
      <object_component id="oc-112">
         <name>.text:abort:abort</name>
         <load_address>0x2000882e</load_address>
         <run_address>0x2000882e</run_address>
         <size>0x4</size>
         <input_file_ref idref="fl-c7"/>
      </object_component>
      <object_component id="oc-2b9">
         <name>.const:.string:font</name>
         <load_address>0x20008834</load_address>
         <run_address>0x20008834</run_address>
         <size>0x4fb</size>
         <input_file_ref idref="fl-2"/>
      </object_component>
      <object_component id="oc-356">
         <name>.const:.string:_ctypes_</name>
         <load_address>0x20008d2f</load_address>
         <run_address>0x20008d2f</run_address>
         <size>0x101</size>
         <input_file_ref idref="fl-d5"/>
      </object_component>
      <object_component id="oc-33a">
         <name>.const:g_ulPinToPadMap</name>
         <load_address>0x20008e30</load_address>
         <run_address>0x20008e30</run_address>
         <size>0x100</size>
         <input_file_ref idref="fl-e8"/>
      </object_component>
      <object_component id="oc-1e4">
         <name>.const:PRCM_PeriphRegsList</name>
         <load_address>0x20008f30</load_address>
         <run_address>0x20008f30</run_address>
         <size>0xa8</size>
         <input_file_ref idref="fl-e9"/>
      </object_component>
      <object_component id="oc-1a8">
         <name>.const</name>
         <load_address>0x20008fd8</load_address>
         <run_address>0x20008fd8</run_address>
         <size>0x80</size>
         <input_file_ref idref="fl-e7"/>
      </object_component>
      <object_component id="oc-447">
         <name>.cinit..data.load</name>
         <load_address>0x20009058</load_address>
         <run_address>0x20009058</run_address>
         <size>0x27</size>
      </object_component>
      <object_component id="oc-445">
         <name>__TI_handler_table</name>
         <load_address>0x20009080</load_address>
         <run_address>0x20009080</run_address>
         <size>0xc</size>
      </object_component>
      <object_component id="oc-448">
         <name>.cinit..bss.load</name>
         <load_address>0x20009090</load_address>
         <run_address>0x20009090</run_address>
         <size>0x8</size>
      </object_component>
      <object_component id="oc-446">
         <name>__TI_cinit_table</name>
         <load_address>0x20009098</load_address>
         <run_address>0x20009098</run_address>
         <size>0x10</size>
      </object_component>
      <object_component id="oc-2bc">
         <name>.data</name>
         <load_address>0x20017800</load_address>
         <run_address>0x20017800</run_address>
         <size>0x19</size>
         <input_file_ref idref="fl-2"/>
      </object_component>
      <object_component id="oc-27f">
         <name>.data:$O1$$</name>
         <load_address>0x2001781c</load_address>
         <run_address>0x2001781c</run_address>
         <size>0xc</size>
         <input_file_ref idref="fl-c8"/>
      </object_component>
      <object_component id="oc-21f">
         <name>.data:$O1$$</name>
         <load_address>0x20017828</load_address>
         <run_address>0x20017828</run_address>
         <size>0x8</size>
         <input_file_ref idref="fl-c9"/>
      </object_component>
      <object_component id="oc-3bd">
         <name>.data</name>
         <load_address>0x20017830</load_address>
         <run_address>0x20017830</run_address>
         <size>0x4</size>
         <input_file_ref idref="fl-e3"/>
      </object_component>
      <object_component id="oc-18c">
         <name>.bss</name>
         <uninitialized>true</uninitialized>
         <run_address>0x20017834</run_address>
         <size>0x4</size>
         <input_file_ref idref="fl-8"/>
      </object_component>
      <object_component id="oc-23">
         <name>.sysmem</name>
         <uninitialized>true</uninitialized>
         <run_address>0x20017000</run_address>
         <size>0x8</size>
         <input_file_ref idref="fl-c8"/>
      </object_component>
      <object_component id="oc-44a">
         <name>.sysmem</name>
         <uninitialized>true</uninitialized>
         <run_address>0x20017000</run_address>
         <size>0x0</size>
      </object_component>
      <object_component id="oc-20">
         <name>.stack</name>
         <uninitialized>true</uninitialized>
         <run_address>0x2002f800</run_address>
         <size>0x4</size>
         <input_file_ref idref="fl-c6"/>
      </object_component>
      <object_component id="oc-449">
         <name>.stack</name>
         <uninitialized>true</uninitialized>
         <run_address>0x2002f800</run_address>
         <size>0x0</size>
      </object_component>
      <object_component id="oc-2c0">
         <name>.debug_info</name>
         <load_address>0x0</load_address>
         <run_address>0x0</run_address>
         <size>0x25d</size>
         <input_file_ref idref="fl-2"/>
      </object_component>
      <object_component id="oc-2ba">
         <name>.debug_info</name>
         <load_address>0x25d</load_address>
         <run_address>0x25d</run_address>
         <size>0xe9</size>
         <input_file_ref idref="fl-2"/>
      </object_component>
      <object_component id="oc-2bd">
         <name>.debug_info</name>
         <load_address>0x346</load_address>
         <run_address>0x346</run_address>
         <size>0x1b2</size>
         <input_file_ref idref="fl-2"/>
      </object_component>
      <object_component id="oc-20f">
         <name>.debug_info</name>
         <load_address>0x4f8</load_address>
         <run_address>0x4f8</run_address>
         <size>0x16ec</size>
         <input_file_ref idref="fl-2"/>
      </object_component>
      <object_component id="oc-35">
         <name>.debug_info</name>
         <load_address>0x1be4</load_address>
         <run_address>0x1be4</run_address>
         <size>0x84</size>
         <input_file_ref idref="fl-2"/>
      </object_component>
      <object_component id="oc-b9">
         <name>.debug_info</name>
         <load_address>0x1c68</load_address>
         <run_address>0x1c68</run_address>
         <size>0x2c</size>
         <input_file_ref idref="fl-2"/>
      </object_component>
      <object_component id="oc-20c">
         <name>.debug_info</name>
         <load_address>0x1c94</load_address>
         <run_address>0x1c94</run_address>
         <size>0x232</size>
         <input_file_ref idref="fl-3"/>
      </object_component>
      <object_component id="oc-107">
         <name>.debug_info</name>
         <load_address>0x1ec6</load_address>
         <run_address>0x1ec6</run_address>
         <size>0xe14</size>
         <input_file_ref idref="fl-3"/>
      </object_component>
      <object_component id="oc-2ac">
         <name>.debug_info</name>
         <load_address>0x2cda</load_address>
         <run_address>0x2cda</run_address>
         <size>0x62</size>
         <input_file_ref idref="fl-3"/>
      </object_component>
      <object_component id="oc-1a3">
         <name>.debug_info</name>
         <load_address>0x2d3c</load_address>
         <run_address>0x2d3c</run_address>
         <size>0x2c</size>
         <input_file_ref idref="fl-3"/>
      </object_component>
      <object_component id="oc-111">
         <name>.debug_info</name>
         <load_address>0x2d68</load_address>
         <run_address>0x2d68</run_address>
         <size>0x527</size>
         <input_file_ref idref="fl-4"/>
      </object_component>
      <object_component id="oc-95">
         <name>.debug_info</name>
         <load_address>0x328f</load_address>
         <run_address>0x328f</run_address>
         <size>0x407</size>
         <input_file_ref idref="fl-4"/>
      </object_component>
      <object_component id="oc-216">
         <name>.debug_info</name>
         <load_address>0x3696</load_address>
         <run_address>0x3696</run_address>
         <size>0x26b</size>
         <input_file_ref idref="fl-4"/>
      </object_component>
      <object_component id="oc-289">
         <name>.debug_info</name>
         <load_address>0x3901</load_address>
         <run_address>0x3901</run_address>
         <size>0x297</size>
         <input_file_ref idref="fl-4"/>
      </object_component>
      <object_component id="oc-e2">
         <name>.debug_info</name>
         <load_address>0x3b98</load_address>
         <run_address>0x3b98</run_address>
         <size>0x2b2</size>
         <input_file_ref idref="fl-5"/>
      </object_component>
      <object_component id="oc-2e">
         <name>.debug_info</name>
         <load_address>0x3e4a</load_address>
         <run_address>0x3e4a</run_address>
         <size>0x1a7</size>
         <input_file_ref idref="fl-6"/>
      </object_component>
      <object_component id="oc-10">
         <name>.debug_info</name>
         <load_address>0x3ff1</load_address>
         <run_address>0x3ff1</run_address>
         <size>0x126</size>
         <input_file_ref idref="fl-6"/>
      </object_component>
      <object_component id="oc-28">
         <name>.debug_info</name>
         <load_address>0x4117</load_address>
         <run_address>0x4117</run_address>
         <size>0x447</size>
         <input_file_ref idref="fl-6"/>
      </object_component>
      <object_component id="oc-10b">
         <name>.debug_info</name>
         <load_address>0x455e</load_address>
         <run_address>0x455e</run_address>
         <size>0xdb3</size>
         <input_file_ref idref="fl-7"/>
      </object_component>
      <object_component id="oc-190">
         <name>.debug_info</name>
         <load_address>0x5311</load_address>
         <run_address>0x5311</run_address>
         <size>0x3ec</size>
         <input_file_ref idref="fl-8"/>
      </object_component>
      <object_component id="oc-18d">
         <name>.debug_info</name>
         <load_address>0x56fd</load_address>
         <run_address>0x56fd</run_address>
         <size>0x11d</size>
         <input_file_ref idref="fl-8"/>
      </object_component>
      <object_component id="oc-c6">
         <name>.debug_info</name>
         <load_address>0x581a</load_address>
         <run_address>0x581a</run_address>
         <size>0x8f9</size>
         <input_file_ref idref="fl-8"/>
      </object_component>
      <object_component id="oc-196">
         <name>.debug_info</name>
         <load_address>0x6113</load_address>
         <run_address>0x6113</run_address>
         <size>0x110</size>
         <input_file_ref idref="fl-8"/>
      </object_component>
      <object_component id="oc-191">
         <name>.debug_info</name>
         <load_address>0x6223</load_address>
         <run_address>0x6223</run_address>
         <size>0x2c</size>
         <input_file_ref idref="fl-8"/>
      </object_component>
      <object_component id="oc-87">
         <name>.debug_info</name>
         <load_address>0x624f</load_address>
         <run_address>0x624f</run_address>
         <size>0x1f0</size>
         <input_file_ref idref="fl-c3"/>
      </object_component>
      <object_component id="oc-47">
         <name>.debug_info</name>
         <load_address>0x643f</load_address>
         <run_address>0x643f</run_address>
         <size>0x1bf</size>
         <input_file_ref idref="fl-c3"/>
      </object_component>
      <object_component id="oc-82">
         <name>.debug_info</name>
         <load_address>0x65fe</load_address>
         <run_address>0x65fe</run_address>
         <size>0x46</size>
         <input_file_ref idref="fl-c3"/>
      </object_component>
      <object_component id="oc-45">
         <name>.debug_info</name>
         <load_address>0x6644</load_address>
         <run_address>0x6644</run_address>
         <size>0x17a</size>
         <input_file_ref idref="fl-c4"/>
      </object_component>
      <object_component id="oc-1a">
         <name>.debug_info</name>
         <load_address>0x67be</load_address>
         <run_address>0x67be</run_address>
         <size>0x1ea</size>
         <input_file_ref idref="fl-c4"/>
      </object_component>
      <object_component id="oc-40">
         <name>.debug_info</name>
         <load_address>0x69a8</load_address>
         <run_address>0x69a8</run_address>
         <size>0x46</size>
         <input_file_ref idref="fl-c4"/>
      </object_component>
      <object_component id="oc-7a">
         <name>.debug_info</name>
         <load_address>0x69ee</load_address>
         <run_address>0x69ee</run_address>
         <size>0x2c</size>
         <input_file_ref idref="fl-c4"/>
      </object_component>
      <object_component id="oc-78">
         <name>.debug_info</name>
         <load_address>0x6a1a</load_address>
         <run_address>0x6a1a</run_address>
         <size>0x170</size>
         <input_file_ref idref="fl-c5"/>
      </object_component>
      <object_component id="oc-13">
         <name>.debug_info</name>
         <load_address>0x6b8a</load_address>
         <run_address>0x6b8a</run_address>
         <size>0x250</size>
         <input_file_ref idref="fl-c5"/>
      </object_component>
      <object_component id="oc-30">
         <name>.debug_info</name>
         <load_address>0x6dda</load_address>
         <run_address>0x6dda</run_address>
         <size>0x60</size>
         <input_file_ref idref="fl-c5"/>
      </object_component>
      <object_component id="oc-b2">
         <name>.debug_info</name>
         <load_address>0x6e3a</load_address>
         <run_address>0x6e3a</run_address>
         <size>0x46</size>
         <input_file_ref idref="fl-c5"/>
      </object_component>
      <object_component id="oc-73">
         <name>.debug_info</name>
         <load_address>0x6e80</load_address>
         <run_address>0x6e80</run_address>
         <size>0x39</size>
         <input_file_ref idref="fl-c5"/>
      </object_component>
      <object_component id="oc-21">
         <name>.debug_info</name>
         <load_address>0x6eb9</load_address>
         <run_address>0x6eb9</run_address>
         <size>0x10b</size>
         <input_file_ref idref="fl-c6"/>
      </object_component>
      <object_component id="oc-5c">
         <name>.debug_info</name>
         <load_address>0x6fc4</load_address>
         <run_address>0x6fc4</run_address>
         <size>0x1af</size>
         <input_file_ref idref="fl-c6"/>
      </object_component>
      <object_component id="oc-114">
         <name>.debug_info</name>
         <load_address>0x7173</load_address>
         <run_address>0x7173</run_address>
         <size>0x122</size>
         <input_file_ref idref="fl-c7"/>
      </object_component>
      <object_component id="oc-6e">
         <name>.debug_info</name>
         <load_address>0x7295</load_address>
         <run_address>0x7295</run_address>
         <size>0x298</size>
         <input_file_ref idref="fl-c8"/>
      </object_component>
      <object_component id="oc-24">
         <name>.debug_info</name>
         <load_address>0x752d</load_address>
         <run_address>0x752d</run_address>
         <size>0x10c</size>
         <input_file_ref idref="fl-c8"/>
      </object_component>
      <object_component id="oc-280">
         <name>.debug_info</name>
         <load_address>0x7639</load_address>
         <run_address>0x7639</run_address>
         <size>0x157</size>
         <input_file_ref idref="fl-c8"/>
      </object_component>
      <object_component id="oc-26e">
         <name>.debug_info</name>
         <load_address>0x7790</load_address>
         <run_address>0x7790</run_address>
         <size>0x144</size>
         <input_file_ref idref="fl-c8"/>
      </object_component>
      <object_component id="oc-274">
         <name>.debug_info</name>
         <load_address>0x78d4</load_address>
         <run_address>0x78d4</run_address>
         <size>0x17f</size>
         <input_file_ref idref="fl-c8"/>
      </object_component>
      <object_component id="oc-27a">
         <name>.debug_info</name>
         <load_address>0x7a53</load_address>
         <run_address>0x7a53</run_address>
         <size>0x17d</size>
         <input_file_ref idref="fl-c8"/>
      </object_component>
      <object_component id="oc-17b">
         <name>.debug_info</name>
         <load_address>0x7bd0</load_address>
         <run_address>0x7bd0</run_address>
         <size>0x1e6</size>
         <input_file_ref idref="fl-c8"/>
      </object_component>
      <object_component id="oc-187">
         <name>.debug_info</name>
         <load_address>0x7db6</load_address>
         <run_address>0x7db6</run_address>
         <size>0x1f1</size>
         <input_file_ref idref="fl-c8"/>
      </object_component>
      <object_component id="oc-181">
         <name>.debug_info</name>
         <load_address>0x7fa7</load_address>
         <run_address>0x7fa7</run_address>
         <size>0x289</size>
         <input_file_ref idref="fl-c8"/>
      </object_component>
      <object_component id="oc-a8">
         <name>.debug_info</name>
         <load_address>0x8230</load_address>
         <run_address>0x8230</run_address>
         <size>0x2c</size>
         <input_file_ref idref="fl-c8"/>
      </object_component>
      <object_component id="oc-ad">
         <name>.debug_info</name>
         <load_address>0x825c</load_address>
         <run_address>0x825c</run_address>
         <size>0x62</size>
         <input_file_ref idref="fl-c8"/>
      </object_component>
      <object_component id="oc-2cb">
         <name>.debug_info</name>
         <load_address>0x82be</load_address>
         <run_address>0x82be</run_address>
         <size>0x19b</size>
         <input_file_ref idref="fl-c9"/>
      </object_component>
      <object_component id="oc-220">
         <name>.debug_info</name>
         <load_address>0x8459</load_address>
         <run_address>0x8459</run_address>
         <size>0x11e</size>
         <input_file_ref idref="fl-c9"/>
      </object_component>
      <object_component id="oc-2c7">
         <name>.debug_info</name>
         <load_address>0x8577</load_address>
         <run_address>0x8577</run_address>
         <size>0x12e</size>
         <input_file_ref idref="fl-c9"/>
      </object_component>
      <object_component id="oc-26c">
         <name>.debug_info</name>
         <load_address>0x86a5</load_address>
         <run_address>0x86a5</run_address>
         <size>0x177</size>
         <input_file_ref idref="fl-cb"/>
      </object_component>
      <object_component id="oc-177">
         <name>.debug_info</name>
         <load_address>0x881c</load_address>
         <run_address>0x881c</run_address>
         <size>0x1b6</size>
         <input_file_ref idref="fl-cb"/>
      </object_component>
      <object_component id="oc-26a">
         <name>.debug_info</name>
         <load_address>0x89d2</load_address>
         <run_address>0x89d2</run_address>
         <size>0x161</size>
         <input_file_ref idref="fl-cc"/>
      </object_component>
      <object_component id="oc-16f">
         <name>.debug_info</name>
         <load_address>0x8b33</load_address>
         <run_address>0x8b33</run_address>
         <size>0x24b</size>
         <input_file_ref idref="fl-cc"/>
      </object_component>
      <object_component id="oc-25c">
         <name>.debug_info</name>
         <load_address>0x8d7e</load_address>
         <run_address>0x8d7e</run_address>
         <size>0x212</size>
         <input_file_ref idref="fl-cd"/>
      </object_component>
      <object_component id="oc-15f">
         <name>.debug_info</name>
         <load_address>0x8f90</load_address>
         <run_address>0x8f90</run_address>
         <size>0x208</size>
         <input_file_ref idref="fl-cd"/>
      </object_component>
      <object_component id="oc-252">
         <name>.debug_info</name>
         <load_address>0x9198</load_address>
         <run_address>0x9198</run_address>
         <size>0x1c6</size>
         <input_file_ref idref="fl-cd"/>
      </object_component>
      <object_component id="oc-256">
         <name>.debug_info</name>
         <load_address>0x935e</load_address>
         <run_address>0x935e</run_address>
         <size>0x179</size>
         <input_file_ref idref="fl-cd"/>
      </object_component>
      <object_component id="oc-25d">
         <name>.debug_info</name>
         <load_address>0x94d7</load_address>
         <run_address>0x94d7</run_address>
         <size>0x2c</size>
         <input_file_ref idref="fl-cd"/>
      </object_component>
      <object_component id="oc-262">
         <name>.debug_info</name>
         <load_address>0x9503</load_address>
         <run_address>0x9503</run_address>
         <size>0x69</size>
         <input_file_ref idref="fl-cd"/>
      </object_component>
      <object_component id="oc-3b">
         <name>.debug_info</name>
         <load_address>0x956c</load_address>
         <run_address>0x956c</run_address>
         <size>0x11c</size>
         <input_file_ref idref="fl-ce"/>
      </object_component>
      <object_component id="oc-89">
         <name>.debug_info</name>
         <load_address>0x9688</load_address>
         <run_address>0x9688</run_address>
         <size>0x14a</size>
         <input_file_ref idref="fl-cf"/>
      </object_component>
      <object_component id="oc-226">
         <name>.debug_info</name>
         <load_address>0x97d2</load_address>
         <run_address>0x97d2</run_address>
         <size>0x424</size>
         <input_file_ref idref="fl-d0"/>
      </object_component>
      <object_component id="oc-11f">
         <name>.debug_info</name>
         <load_address>0x9bf6</load_address>
         <run_address>0x9bf6</run_address>
         <size>0x1a6</size>
         <input_file_ref idref="fl-d0"/>
      </object_component>
      <object_component id="oc-2d1">
         <name>.debug_info</name>
         <load_address>0x9d9c</load_address>
         <run_address>0x9d9c</run_address>
         <size>0x39</size>
         <input_file_ref idref="fl-d0"/>
      </object_component>
      <object_component id="oc-34a">
         <name>.debug_info</name>
         <load_address>0x9dd5</load_address>
         <run_address>0x9dd5</run_address>
         <size>0x39</size>
         <input_file_ref idref="fl-d0"/>
      </object_component>
      <object_component id="oc-2d6">
         <name>.debug_info</name>
         <load_address>0x9e0e</load_address>
         <run_address>0x9e0e</run_address>
         <size>0x39</size>
         <input_file_ref idref="fl-d0"/>
      </object_component>
      <object_component id="oc-2db">
         <name>.debug_info</name>
         <load_address>0x9e47</load_address>
         <run_address>0x9e47</run_address>
         <size>0xcd</size>
         <input_file_ref idref="fl-d0"/>
      </object_component>
      <object_component id="oc-92">
         <name>.debug_info</name>
         <load_address>0x9f14</load_address>
         <run_address>0x9f14</run_address>
         <size>0x153</size>
         <input_file_ref idref="fl-d1"/>
      </object_component>
      <object_component id="oc-320">
         <name>.debug_info</name>
         <load_address>0xa067</load_address>
         <run_address>0xa067</run_address>
         <size>0x783</size>
         <input_file_ref idref="fl-d3"/>
      </object_component>
      <object_component id="oc-2ec">
         <name>.debug_info</name>
         <load_address>0xa7ea</load_address>
         <run_address>0xa7ea</run_address>
         <size>0x21e</size>
         <input_file_ref idref="fl-d3"/>
      </object_component>
      <object_component id="oc-388">
         <name>.debug_info</name>
         <load_address>0xaa08</load_address>
         <run_address>0xaa08</run_address>
         <size>0x1b3</size>
         <input_file_ref idref="fl-d3"/>
      </object_component>
      <object_component id="oc-38e">
         <name>.debug_info</name>
         <load_address>0xabbb</load_address>
         <run_address>0xabbb</run_address>
         <size>0x21b</size>
         <input_file_ref idref="fl-d3"/>
      </object_component>
      <object_component id="oc-2f7">
         <name>.debug_info</name>
         <load_address>0xadd6</load_address>
         <run_address>0xadd6</run_address>
         <size>0x3ba</size>
         <input_file_ref idref="fl-d3"/>
      </object_component>
      <object_component id="oc-395">
         <name>.debug_info</name>
         <load_address>0xb190</load_address>
         <run_address>0xb190</run_address>
         <size>0x306</size>
         <input_file_ref idref="fl-d3"/>
      </object_component>
      <object_component id="oc-39b">
         <name>.debug_info</name>
         <load_address>0xb496</load_address>
         <run_address>0xb496</run_address>
         <size>0x215</size>
         <input_file_ref idref="fl-d3"/>
      </object_component>
      <object_component id="oc-2fd">
         <name>.debug_info</name>
         <load_address>0xb6ab</load_address>
         <run_address>0xb6ab</run_address>
         <size>0x228</size>
         <input_file_ref idref="fl-d3"/>
      </object_component>
      <object_component id="oc-303">
         <name>.debug_info</name>
         <load_address>0xb8d3</load_address>
         <run_address>0xb8d3</run_address>
         <size>0x303</size>
         <input_file_ref idref="fl-d3"/>
      </object_component>
      <object_component id="oc-309">
         <name>.debug_info</name>
         <load_address>0xbbd6</load_address>
         <run_address>0xbbd6</run_address>
         <size>0x4af</size>
         <input_file_ref idref="fl-d3"/>
      </object_component>
      <object_component id="oc-24b">
         <name>.debug_info</name>
         <load_address>0xc085</load_address>
         <run_address>0xc085</run_address>
         <size>0x5d8</size>
         <input_file_ref idref="fl-d3"/>
      </object_component>
      <object_component id="oc-321">
         <name>.debug_info</name>
         <load_address>0xc65d</load_address>
         <run_address>0xc65d</run_address>
         <size>0x86</size>
         <input_file_ref idref="fl-d3"/>
      </object_component>
      <object_component id="oc-3c4">
         <name>.debug_info</name>
         <load_address>0xc6e3</load_address>
         <run_address>0xc6e3</run_address>
         <size>0x39</size>
         <input_file_ref idref="fl-d3"/>
      </object_component>
      <object_component id="oc-406">
         <name>.debug_info</name>
         <load_address>0xc71c</load_address>
         <run_address>0xc71c</run_address>
         <size>0xb6</size>
         <input_file_ref idref="fl-d3"/>
      </object_component>
      <object_component id="oc-3c9">
         <name>.debug_info</name>
         <load_address>0xc7d2</load_address>
         <run_address>0xc7d2</run_address>
         <size>0x46</size>
         <input_file_ref idref="fl-d3"/>
      </object_component>
      <object_component id="oc-326">
         <name>.debug_info</name>
         <load_address>0xc818</load_address>
         <run_address>0xc818</run_address>
         <size>0x46</size>
         <input_file_ref idref="fl-d3"/>
      </object_component>
      <object_component id="oc-35a">
         <name>.debug_info</name>
         <load_address>0xc85e</load_address>
         <run_address>0xc85e</run_address>
         <size>0x18b</size>
         <input_file_ref idref="fl-d4"/>
      </object_component>
      <object_component id="oc-2e5">
         <name>.debug_info</name>
         <load_address>0xc9e9</load_address>
         <run_address>0xc9e9</run_address>
         <size>0x17c</size>
         <input_file_ref idref="fl-d4"/>
      </object_component>
      <object_component id="oc-3d3">
         <name>.debug_info</name>
         <load_address>0xcb65</load_address>
         <run_address>0xcb65</run_address>
         <size>0xf9</size>
         <input_file_ref idref="fl-d5"/>
      </object_component>
      <object_component id="oc-357">
         <name>.debug_info</name>
         <load_address>0xcc5e</load_address>
         <run_address>0xcc5e</run_address>
         <size>0x105</size>
         <input_file_ref idref="fl-d5"/>
      </object_component>
      <object_component id="oc-3e1">
         <name>.debug_info</name>
         <load_address>0xcd63</load_address>
         <run_address>0xcd63</run_address>
         <size>0x16d</size>
         <input_file_ref idref="fl-d6"/>
      </object_component>
      <object_component id="oc-379">
         <name>.debug_info</name>
         <load_address>0xced0</load_address>
         <run_address>0xced0</run_address>
         <size>0x1cd</size>
         <input_file_ref idref="fl-d6"/>
      </object_component>
      <object_component id="oc-3b5">
         <name>.debug_info</name>
         <load_address>0xd09d</load_address>
         <run_address>0xd09d</run_address>
         <size>0x168</size>
         <input_file_ref idref="fl-d7"/>
      </object_component>
      <object_component id="oc-30f">
         <name>.debug_info</name>
         <load_address>0xd205</load_address>
         <run_address>0xd205</run_address>
         <size>0x1b6</size>
         <input_file_ref idref="fl-d7"/>
      </object_component>
      <object_component id="oc-3f8">
         <name>.debug_info</name>
         <load_address>0xd3bb</load_address>
         <run_address>0xd3bb</run_address>
         <size>0x16c</size>
         <input_file_ref idref="fl-d8"/>
      </object_component>
      <object_component id="oc-3ae">
         <name>.debug_info</name>
         <load_address>0xd527</load_address>
         <run_address>0xd527</run_address>
         <size>0x268</size>
         <input_file_ref idref="fl-d8"/>
      </object_component>
      <object_component id="oc-3bc">
         <name>.debug_info</name>
         <load_address>0xd78f</load_address>
         <run_address>0xd78f</run_address>
         <size>0x161</size>
         <input_file_ref idref="fl-d9"/>
      </object_component>
      <object_component id="oc-317">
         <name>.debug_info</name>
         <load_address>0xd8f0</load_address>
         <run_address>0xd8f0</run_address>
         <size>0x15a</size>
         <input_file_ref idref="fl-d9"/>
      </object_component>
      <object_component id="oc-3fb">
         <name>.debug_info</name>
         <load_address>0xda4a</load_address>
         <run_address>0xda4a</run_address>
         <size>0x46</size>
         <input_file_ref idref="fl-d9"/>
      </object_component>
      <object_component id="oc-3b7">
         <name>.debug_info</name>
         <load_address>0xda90</load_address>
         <run_address>0xda90</run_address>
         <size>0x39</size>
         <input_file_ref idref="fl-d9"/>
      </object_component>
      <object_component id="oc-3e9">
         <name>.debug_info</name>
         <load_address>0xdac9</load_address>
         <run_address>0xdac9</run_address>
         <size>0x167</size>
         <input_file_ref idref="fl-da"/>
      </object_component>
      <object_component id="oc-3a3">
         <name>.debug_info</name>
         <load_address>0xdc30</load_address>
         <run_address>0xdc30</run_address>
         <size>0x194</size>
         <input_file_ref idref="fl-da"/>
      </object_component>
      <object_component id="oc-414">
         <name>.debug_info</name>
         <load_address>0xddc4</load_address>
         <run_address>0xddc4</run_address>
         <size>0x39</size>
         <input_file_ref idref="fl-da"/>
      </object_component>
      <object_component id="oc-3ea">
         <name>.debug_info</name>
         <load_address>0xddfd</load_address>
         <run_address>0xddfd</run_address>
         <size>0x2c</size>
         <input_file_ref idref="fl-da"/>
      </object_component>
      <object_component id="oc-3f6">
         <name>.debug_info</name>
         <load_address>0xde29</load_address>
         <run_address>0xde29</run_address>
         <size>0x1ca</size>
         <input_file_ref idref="fl-db"/>
      </object_component>
      <object_component id="oc-3ab">
         <name>.debug_info</name>
         <load_address>0xdff3</load_address>
         <run_address>0xdff3</run_address>
         <size>0x1fb</size>
         <input_file_ref idref="fl-db"/>
      </object_component>
      <object_component id="oc-384">
         <name>.debug_info</name>
         <load_address>0xe1ee</load_address>
         <run_address>0xe1ee</run_address>
         <size>0x14f</size>
         <input_file_ref idref="fl-dc"/>
      </object_component>
      <object_component id="oc-2f2">
         <name>.debug_info</name>
         <load_address>0xe33d</load_address>
         <run_address>0xe33d</run_address>
         <size>0x12b</size>
         <input_file_ref idref="fl-dd"/>
      </object_component>
      <object_component id="oc-36e">
         <name>.debug_info</name>
         <load_address>0xe468</load_address>
         <run_address>0xe468</run_address>
         <size>0x12d</size>
         <input_file_ref idref="fl-dd"/>
      </object_component>
      <object_component id="oc-36a">
         <name>.debug_info</name>
         <load_address>0xe595</load_address>
         <run_address>0xe595</run_address>
         <size>0x13d</size>
         <input_file_ref idref="fl-de"/>
      </object_component>
      <object_component id="oc-364">
         <name>.debug_info</name>
         <load_address>0xe6d2</load_address>
         <run_address>0xe6d2</run_address>
         <size>0x13d</size>
         <input_file_ref idref="fl-df"/>
      </object_component>
      <object_component id="oc-373">
         <name>.debug_info</name>
         <load_address>0xe80f</load_address>
         <run_address>0xe80f</run_address>
         <size>0x131</size>
         <input_file_ref idref="fl-e0"/>
      </object_component>
      <object_component id="oc-37e">
         <name>.debug_info</name>
         <load_address>0xe940</load_address>
         <run_address>0xe940</run_address>
         <size>0x12f</size>
         <input_file_ref idref="fl-e1"/>
      </object_component>
      <object_component id="oc-35c">
         <name>.debug_info</name>
         <load_address>0xea6f</load_address>
         <run_address>0xea6f</run_address>
         <size>0x137</size>
         <input_file_ref idref="fl-e2"/>
      </object_component>
      <object_component id="oc-3c1">
         <name>.debug_info</name>
         <load_address>0xeba6</load_address>
         <run_address>0xeba6</run_address>
         <size>0x15b</size>
         <input_file_ref idref="fl-e3"/>
      </object_component>
      <object_component id="oc-3be">
         <name>.debug_info</name>
         <load_address>0xed01</load_address>
         <run_address>0xed01</run_address>
         <size>0x10e</size>
         <input_file_ref idref="fl-e3"/>
      </object_component>
      <object_component id="oc-31a">
         <name>.debug_info</name>
         <load_address>0xee0f</load_address>
         <run_address>0xee0f</run_address>
         <size>0x14e</size>
         <input_file_ref idref="fl-e3"/>
      </object_component>
      <object_component id="oc-3f0">
         <name>.debug_info</name>
         <load_address>0xef5d</load_address>
         <run_address>0xef5d</run_address>
         <size>0x15f</size>
         <input_file_ref idref="fl-e4"/>
      </object_component>
      <object_component id="oc-3d8">
         <name>.debug_info</name>
         <load_address>0xf0bc</load_address>
         <run_address>0xf0bc</run_address>
         <size>0x118</size>
         <input_file_ref idref="fl-e5"/>
      </object_component>
      <object_component id="oc-1cc">
         <name>.debug_info</name>
         <load_address>0xf1d4</load_address>
         <run_address>0xf1d4</run_address>
         <size>0x1e9</size>
         <input_file_ref idref="fl-e6"/>
      </object_component>
      <object_component id="oc-1f4">
         <name>.debug_info</name>
         <load_address>0xf3bd</load_address>
         <run_address>0xf3bd</run_address>
         <size>0x1e0</size>
         <input_file_ref idref="fl-e6"/>
      </object_component>
      <object_component id="oc-291">
         <name>.debug_info</name>
         <load_address>0xf59d</load_address>
         <run_address>0xf59d</run_address>
         <size>0x19b</size>
         <input_file_ref idref="fl-e7"/>
      </object_component>
      <object_component id="oc-1a9">
         <name>.debug_info</name>
         <load_address>0xf738</load_address>
         <run_address>0xf738</run_address>
         <size>0x19e</size>
         <input_file_ref idref="fl-e7"/>
      </object_component>
      <object_component id="oc-d0">
         <name>.debug_info</name>
         <load_address>0xf8d6</load_address>
         <run_address>0xf8d6</run_address>
         <size>0x188</size>
         <input_file_ref idref="fl-e7"/>
      </object_component>
      <object_component id="oc-ca">
         <name>.debug_info</name>
         <load_address>0xfa5e</load_address>
         <run_address>0xfa5e</run_address>
         <size>0x1ba</size>
         <input_file_ref idref="fl-e7"/>
      </object_component>
      <object_component id="oc-d6">
         <name>.debug_info</name>
         <load_address>0xfc18</load_address>
         <run_address>0xfc18</run_address>
         <size>0x1ab</size>
         <input_file_ref idref="fl-e7"/>
      </object_component>
      <object_component id="oc-3d0">
         <name>.debug_info</name>
         <load_address>0xfdc3</load_address>
         <run_address>0xfdc3</run_address>
         <size>0xe8</size>
         <input_file_ref idref="fl-e8"/>
      </object_component>
      <object_component id="oc-33b">
         <name>.debug_info</name>
         <load_address>0xfeab</load_address>
         <run_address>0xfeab</run_address>
         <size>0xf6</size>
         <input_file_ref idref="fl-e8"/>
      </object_component>
      <object_component id="oc-29f">
         <name>.debug_info</name>
         <load_address>0xffa1</load_address>
         <run_address>0xffa1</run_address>
         <size>0x1cb</size>
         <input_file_ref idref="fl-e8"/>
      </object_component>
      <object_component id="oc-298">
         <name>.debug_info</name>
         <load_address>0x1016c</load_address>
         <run_address>0x1016c</run_address>
         <size>0x219</size>
         <input_file_ref idref="fl-e8"/>
      </object_component>
      <object_component id="oc-1d8">
         <name>.debug_info</name>
         <load_address>0x10385</load_address>
         <run_address>0x10385</run_address>
         <size>0x1e0</size>
         <input_file_ref idref="fl-e8"/>
      </object_component>
      <object_component id="oc-1d2">
         <name>.debug_info</name>
         <load_address>0x10565</load_address>
         <run_address>0x10565</run_address>
         <size>0x1de</size>
         <input_file_ref idref="fl-e8"/>
      </object_component>
      <object_component id="oc-1de">
         <name>.debug_info</name>
         <load_address>0x10743</load_address>
         <run_address>0x10743</run_address>
         <size>0x1e2</size>
         <input_file_ref idref="fl-e8"/>
      </object_component>
      <object_component id="oc-1c6">
         <name>.debug_info</name>
         <load_address>0x10925</load_address>
         <run_address>0x10925</run_address>
         <size>0x22e</size>
         <input_file_ref idref="fl-e8"/>
      </object_component>
      <object_component id="oc-1e9">
         <name>.debug_info</name>
         <load_address>0x10b53</load_address>
         <run_address>0x10b53</run_address>
         <size>0x1f8</size>
         <input_file_ref idref="fl-e9"/>
      </object_component>
      <object_component id="oc-1e5">
         <name>.debug_info</name>
         <load_address>0x10d4b</load_address>
         <run_address>0x10d4b</run_address>
         <size>0xff</size>
         <input_file_ref idref="fl-e9"/>
      </object_component>
      <object_component id="oc-1ae">
         <name>.debug_info</name>
         <load_address>0x10e4a</load_address>
         <run_address>0x10e4a</run_address>
         <size>0x1b2</size>
         <input_file_ref idref="fl-e9"/>
      </object_component>
      <object_component id="oc-e8">
         <name>.debug_info</name>
         <load_address>0x10ffc</load_address>
         <run_address>0x10ffc</run_address>
         <size>0x1f7</size>
         <input_file_ref idref="fl-e9"/>
      </object_component>
      <object_component id="oc-1c0">
         <name>.debug_info</name>
         <load_address>0x111f3</load_address>
         <run_address>0x111f3</run_address>
         <size>0x1f9</size>
         <input_file_ref idref="fl-e9"/>
      </object_component>
      <object_component id="oc-f4">
         <name>.debug_info</name>
         <load_address>0x113ec</load_address>
         <run_address>0x113ec</run_address>
         <size>0x222</size>
         <input_file_ref idref="fl-e9"/>
      </object_component>
      <object_component id="oc-ee">
         <name>.debug_info</name>
         <load_address>0x1160e</load_address>
         <run_address>0x1160e</run_address>
         <size>0x1cc</size>
         <input_file_ref idref="fl-e9"/>
      </object_component>
      <object_component id="oc-dc">
         <name>.debug_info</name>
         <load_address>0x117da</load_address>
         <run_address>0x117da</run_address>
         <size>0x28f</size>
         <input_file_ref idref="fl-e9"/>
      </object_component>
      <object_component id="oc-1b4">
         <name>.debug_info</name>
         <load_address>0x11a69</load_address>
         <run_address>0x11a69</run_address>
         <size>0x1cb</size>
         <input_file_ref idref="fl-e9"/>
      </object_component>
      <object_component id="oc-1ba">
         <name>.debug_info</name>
         <load_address>0x11c34</load_address>
         <run_address>0x11c34</run_address>
         <size>0x1e0</size>
         <input_file_ref idref="fl-e9"/>
      </object_component>
      <object_component id="oc-2b5">
         <name>.debug_info</name>
         <load_address>0x11e14</load_address>
         <run_address>0x11e14</run_address>
         <size>0x1cc</size>
         <input_file_ref idref="fl-ea"/>
      </object_component>
      <object_component id="oc-ff">
[...]
         <object_component_ref idref="oc-104"/>
      </symbol>
      <symbol id="sm-10a">
         <name>invert</name>
         <value>0x20006513</value>
         <object_component_ref idref="oc-104"/>
      </symbol>
      <symbol id="sm-12d">
         <name>DisplayBanner</name>
         <value>0x20006f15</value>
         <object_component_ref idref="oc-94"/>
      </symbol>
      <symbol id="sm-12e">
         <name>BoardInit</name>
         <value>0x20006f3b</value>
         <object_component_ref idref="oc-94"/>
      </symbol>
      <symbol id="sm-12f">
         <name>main</name>
         <value>0x20006f53</value>
         <object_component_ref idref="oc-94"/>
      </symbol>
      <symbol id="sm-13b">
         <name>PinMuxConfig</name>
         <value>0x20007915</value>
         <object_component_ref idref="oc-e0"/>
      </symbol>
      <symbol id="sm-15a">
         <name>ResetISR</name>
         <value>0x200087fb</value>
         <object_component_ref idref="oc-26"/>
      </symbol>
      <symbol id="sm-15b">
         <name>g_pfnVectors</name>
         <value>0x20004000</value>
         <object_component_ref idref="oc-f"/>
      </symbol>
      <symbol id="sm-1ae">
         <name>testroundrects</name>
         <value>0x20005cd5</value>
         <object_component_ref idref="oc-10a"/>
      </symbol>
      <symbol id="sm-1af">
         <name>testdrawcircles</name>
         <value>0x20005bd9</value>
         <object_component_ref idref="oc-10a"/>
      </symbol>
      <symbol id="sm-1b0">
         <name>testlines</name>
         <value>0x20005d47</value>
         <object_component_ref idref="oc-10a"/>
      </symbol>
      <symbol id="sm-1b1">
         <name>testfastlines</name>
         <value>0x200059d7</value>
         <object_component_ref idref="oc-10a"/>
      </symbol>
      <symbol id="sm-1b2">
         <name>lcdTestPattern</name>
         <value>0x20005f15</value>
         <object_component_ref idref="oc-10a"/>
      </symbol>
      <symbol id="sm-1b3">
         <name>delay</name>
         <value>0x200059a3</value>
         <object_component_ref idref="oc-10a"/>
      </symbol>
      <symbol id="sm-1b4">
         <name>lcdTestPattern2</name>
         <value>0x20005fe5</value>
         <object_component_ref idref="oc-10a"/>
      </symbol>
      <symbol id="sm-1b5">
         <name>testtriangles</name>
         <value>0x20005c53</value>
         <object_component_ref idref="oc-10a"/>
      </symbol>
      <symbol id="sm-1b6">
         <name>testfillrects</name>
         <value>0x20005aa9</value>
         <object_component_ref idref="oc-10a"/>
      </symbol>
      <symbol id="sm-1b7">
         <name>testdrawrects</name>
         <value>0x20005a49</value>
         <object_component_ref idref="oc-10a"/>
      </symbol>
      <symbol id="sm-1b8">
         <name>testfillcircles</name>
         <value>0x20005b67</value>
         <object_component_ref idref="oc-10a"/>
      </symbol>
      <symbol id="sm-1ff">
         <name>GetCmd</name>
         <value>0x200065b3</value>
         <object_component_ref idref="oc-c2"/>
      </symbol>
      <symbol id="sm-200">
         <name>Message</name>
         <value>0x2000654f</value>
         <object_component_ref idref="oc-c2"/>
      </symbol>
      <symbol id="sm-201">
         <name>Report</name>
         <value>0x200066f1</value>
         <object_component_ref idref="oc-c2"/>
      </symbol>
      <symbol id="sm-202">
         <name>Error</name>
         <value>0x2000657b</value>
         <object_component_ref idref="oc-c2"/>
      </symbol>
      <symbol id="sm-203">
         <name>InitTerm</name>
         <value>0x20006531</value>
         <object_component_ref idref="oc-c2"/>
      </symbol>
      <symbol id="sm-204">
         <name>ClearTerm</name>
         <value>0x20006571</value>
         <object_component_ref idref="oc-c2"/>
      </symbol>
      <symbol id="sm-205">
         <name>TrimSpace</name>
         <value>0x20006659</value>
         <object_component_ref idref="oc-c2"/>
      </symbol>
      <symbol id="sm-219">
         <name>__TI_zero_init_nomemset</name>
         <value>0x200087c9</value>
         <object_component_ref idref="oc-46"/>
      </symbol>
      <symbol id="sm-230">
         <name>__TI_decompress_none</name>
         <value>0x200087ed</value>
         <object_component_ref idref="oc-18"/>
      </symbol>
      <symbol id="sm-253">
         <name>__TI_decompress_lzss</name>
         <value>0x20007f8d</value>
         <object_component_ref idref="oc-12"/>
      </symbol>
      <symbol id="sm-265">
         <name>__stack</name>
         <value>0x2002f800</value>
         <object_component_ref idref="oc-20"/>
      </symbol>
      <symbol id="sm-266">
         <name>_c_int00_noargs</name>
         <value>0x20008539</value>
         <object_component_ref idref="oc-58"/>
      </symbol>
      <symbol id="sm-271">
         <name>C$$EXIT</name>
         <value>0x2000882f</value>
         <object_component_ref idref="oc-112"/>
      </symbol>
      <symbol id="sm-272">
         <name>abort</name>
         <value>0x2000882f</value>
         <object_component_ref idref="oc-112"/>
      </symbol>
      <symbol id="sm-308">
         <name>_sys_memory</name>
         <value>0x20017000</value>
         <object_component_ref idref="oc-23"/>
      </symbol>
      <symbol id="sm-309">
         <name>free</name>
         <value>0x20007611</value>
         <object_component_ref idref="oc-186"/>
      </symbol>
      <symbol id="sm-30a">
         <name>realloc</name>
         <value>0x20007401</value>
         <object_component_ref idref="oc-180"/>
      </symbol>
      <symbol id="sm-30b">
         <name>malloc</name>
         <value>0x20007e31</value>
         <object_component_ref idref="oc-17a"/>
      </symbol>
      <symbol id="sm-30c">
         <name>minit</name>
         <value>0x200083b5</value>
         <object_component_ref idref="oc-26d"/>
      </symbol>
      <symbol id="sm-321">
         <name>_nop</name>
         <value>0x2000652f</value>
         <object_component_ref idref="oc-2c3"/>
      </symbol>
      <symbol id="sm-322">
         <name>_lock</name>
         <value>0x20017828</value>
         <object_component_ref idref="oc-21f"/>
      </symbol>
      <symbol id="sm-323">
         <name>_unlock</name>
         <value>0x2001782c</value>
         <object_component_ref idref="oc-21f"/>
      </symbol>
      <symbol id="sm-334">
         <name>memmove</name>
         <value>0x200085ad</value>
         <object_component_ref idref="oc-174"/>
      </symbol>
      <symbol id="sm-342">
         <name>strlen</name>
         <value>0x200087b5</value>
         <object_component_ref idref="oc-16e"/>
      </symbol>
      <symbol id="sm-371">
         <name>vsnprintf</name>
         <value>0x200082bd</value>
         <object_component_ref idref="oc-15c"/>
      </symbol>
      <symbol id="sm-38c">
         <name>memcpy</name>
         <value>0x20007a59</value>
         <object_component_ref idref="oc-3a"/>
      </symbol>
      <symbol id="sm-38d">
         <name>__aeabi_memcpy</name>
         <value>0x20007a59</value>
         <object_component_ref idref="oc-3a"/>
      </symbol>
      <symbol id="sm-38e">
         <name>__aeabi_memcpy8</name>
         <value>0x20007a59</value>
         <object_component_ref idref="oc-3a"/>
      </symbol>
      <symbol id="sm-38f">
         <name>__aeabi_memcpy4</name>
         <value>0x20007a59</value>
         <object_component_ref idref="oc-3a"/>
      </symbol>
      <symbol id="sm-39e">
         <name>__aeabi_memset</name>
         <value>0x20007db7</value>
         <object_component_ref idref="oc-88"/>
      </symbol>
      <symbol id="sm-39f">
         <name>memset</name>
         <value>0x20007dbd</value>
         <object_component_ref idref="oc-88"/>
      </symbol>
      <symbol id="sm-3a0">
         <name>__aeabi_memset8</name>
         <value>0x20007db7</value>
         <object_component_ref idref="oc-88"/>
      </symbol>
      <symbol id="sm-3a1">
         <name>__aeabi_memset4</name>
         <value>0x20007db7</value>
         <object_component_ref idref="oc-88"/>
      </symbol>
      <symbol id="sm-3a2">
         <name>__aeabi_memclr8</name>
         <value>0x20007db5</value>
         <object_component_ref idref="oc-88"/>
      </symbol>
      <symbol id="sm-3a3">
         <name>__aeabi_memclr4</name>
         <value>0x20007db5</value>
         <object_component_ref idref="oc-88"/>
      </symbol>
      <symbol id="sm-3a4">
         <name>__aeabi_memclr</name>
         <value>0x20007db5</value>
         <object_component_ref idref="oc-88"/>
      </symbol>
      <symbol id="sm-3cc">
         <name>__TI_auto_init_nobinit_nopinit</name>
         <value>0x20008239</value>
         <object_component_ref idref="oc-11e"/>
      </symbol>
      <symbol id="sm-3d6">
         <name>_system_pre_init</name>
         <value>0x2000882b</value>
         <object_component_ref idref="oc-8e"/>
      </symbol>
      <symbol id="sm-53c">
         <name>__TI_printfi</name>
         <value>0x20004f59</value>
         <object_component_ref idref="oc-249"/>
      </symbol>
      <symbol id="sm-552">
         <name>atoi</name>
         <value>0x200081a5</value>
         <object_component_ref idref="oc-2e4"/>
      </symbol>
      <symbol id="sm-55d">
         <name>_ctypes_</name>
         <value>0x20008d2f</value>
         <object_component_ref idref="oc-356"/>
      </symbol>
      <symbol id="sm-56c">
         <name>ltoa</name>
         <value>0x200080ff</value>
         <object_component_ref idref="oc-376"/>
      </symbol>
      <symbol id="sm-57c">
         <name>memccpy</name>
         <value>0x20008669</value>
         <object_component_ref idref="oc-30d"/>
      </symbol>
      <symbol id="sm-58c">
         <name>strchr</name>
         <value>0x20008777</value>
         <object_component_ref idref="oc-3ad"/>
      </symbol>
      <symbol id="sm-5a5">
         <name>wcslen</name>
         <value>0x200087db</value>
         <object_component_ref idref="oc-313"/>
      </symbol>
      <symbol id="sm-5c5">
         <name>frexpl</name>
         <value>0x20007ff5</value>
         <object_component_ref idref="oc-3a1"/>
      </symbol>
      <symbol id="sm-5c6">
         <name>frexp</name>
         <value>0x20007ff5</value>
         <object_component_ref idref="oc-3a1"/>
      </symbol>
      <symbol id="sm-5e4">
         <name>scalbn</name>
         <value>0x200076e9</value>
         <object_component_ref idref="oc-3a7"/>
      </symbol>
      <symbol id="sm-5e5">
         <name>scalbnl</name>
         <value>0x200076e9</value>
         <object_component_ref idref="oc-3a7"/>
      </symbol>
      <symbol id="sm-5e6">
         <name>ldexpl</name>
         <value>0x200076e9</value>
         <object_component_ref idref="oc-3a7"/>
      </symbol>
      <symbol id="sm-5e7">
         <name>ldexp</name>
         <value>0x200076e9</value>
         <object_component_ref idref="oc-3a7"/>
      </symbol>
      <symbol id="sm-5fe">
         <name>__aeabi_dsub</name>
         <value>0x20006be5</value>
         <object_component_ref idref="oc-381"/>
      </symbol>
      <symbol id="sm-5ff">
         <name>__aeabi_dadd</name>
         <value>0x20006bef</value>
         <object_component_ref idref="oc-381"/>
      </symbol>
      <symbol id="sm-621">
         <name>__aeabi_cdcmpeq</name>
         <value>0x20007ca9</value>
         <object_component_ref idref="oc-2f0"/>
      </symbol>
      <symbol id="sm-622">
         <name>__aeabi_cdcmple</name>
         <value>0x20007ca9</value>
         <object_component_ref idref="oc-2f0"/>
      </symbol>
      <symbol id="sm-623">
         <name>__aeabi_cdrcmple</name>
         <value>0x20007d2f</value>
         <object_component_ref idref="oc-36c"/>
      </symbol>
      <symbol id="sm-637">
         <name>__aeabi_ddiv</name>
         <value>0x200071a9</value>
         <object_component_ref idref="oc-367"/>
      </symbol>
      <symbol id="sm-642">
         <name>__aeabi_dmul</name>
         <value>0x20007515</value>
         <object_component_ref idref="oc-362"/>
      </symbol>
      <symbol id="sm-64c">
         <name>__aeabi_d2iz</name>
         <value>0x200081f1</value>
         <object_component_ref idref="oc-371"/>
      </symbol>
      <symbol id="sm-656">
         <name>__aeabi_i2d</name>
         <value>0x200084b5</value>
         <object_component_ref idref="oc-37c"/>
      </symbol>
      <symbol id="sm-663">
         <name>__aeabi_uldivmod</name>
         <value>0x20007af5</value>
         <object_component_ref idref="oc-35b"/>
      </symbol>
      <symbol id="sm-679">
         <name>__aeabi_errno_addr</name>
         <value>0x20008815</value>
         <object_component_ref idref="oc-319"/>
      </symbol>
      <symbol id="sm-67a">
         <name>errno</name>
         <value>0x20017830</value>
         <object_component_ref idref="oc-3bd"/>
      </symbol>
      <symbol id="sm-684">
         <name>copysign</name>
         <value>0x2000881d</value>
         <object_component_ref idref="oc-3ef"/>
      </symbol>
      <symbol id="sm-685">
         <name>copysignl</name>
         <value>0x2000881d</value>
         <object_component_ref idref="oc-3ef"/>
      </symbol>
      <symbol id="sm-68f">
         <name>__aeabi_idiv0</name>
         <value>0x20006d9b</value>
         <object_component_ref idref="oc-3d6"/>
      </symbol>
      <symbol id="sm-690">
         <name>__aeabi_ldiv0</name>
         <value>0x20006d9b</value>
         <object_component_ref idref="oc-3d6"/>
      </symbol>
      <symbol id="sm-6a4">
         <name>GPIODirModeSet</name>
         <value>0x200083ed</value>
         <object_component_ref idref="oc-1cb"/>
      </symbol>
      <symbol id="sm-6a5">
         <name>GPIOPinWrite</name>
         <value>0x200085d1</value>
         <object_component_ref idref="oc-1f3"/>
      </symbol>
      <symbol id="sm-6dc">
         <name>IntVTableBaseSet</name>
         <value>0x200087a1</value>
         <object_component_ref idref="oc-c8"/>
      </symbol>
      <symbol id="sm-6dd">
         <name>IntEnable</name>
         <value>0x2000786d</value>
         <object_component_ref idref="oc-d4"/>
      </symbol>
      <symbol id="sm-6de">
         <name>IntMasterEnable</name>
         <value>0x20008809</value>
         <object_component_ref idref="oc-ce"/>
      </symbol>
      <symbol id="sm-725">
         <name>PinTypeUART</name>
         <value>0x200086b9</value>
         <object_component_ref idref="oc-1d7"/>
      </symbol>
      <symbol id="sm-726">
         <name>PinTypeTimer</name>
         <value>0x2000869f</value>
         <object_component_ref idref="oc-1dd"/>
      </symbol>
      <symbol id="sm-727">
         <name>PinTypeGPIO</name>
         <value>0x20008423</value>
         <object_component_ref idref="oc-1c5"/>
      </symbol>
      <symbol id="sm-728">
         <name>PinConfigSet</name>
         <value>0x20007c21</value>
         <object_component_ref idref="oc-297"/>
      </symbol>
      <symbol id="sm-729">
         <name>PinTypeSPI</name>
         <value>0x20008685</value>
         <object_component_ref idref="oc-1d1"/>
      </symbol>
      <symbol id="sm-72a">
         <name>PinModeSet</name>
         <value>0x2000827d</value>
         <object_component_ref idref="oc-29d"/>
      </symbol>
      <symbol id="sm-7b0">
         <name>PRCMPeripheralReset</name>
         <value>0x20008051</value>
         <object_component_ref idref="oc-ec"/>
      </symbol>
      <symbol id="sm-7b1">
         <name>PRCMPeripheralClkEnable</name>
         <value>0x2000833d</value>
         <object_component_ref idref="oc-e6"/>
      </symbol>
      <symbol id="sm-7b2">
         <name>PRCMPeripheralClockGet</name>
         <value>0x20007b8d</value>
         <object_component_ref idref="oc-f2"/>
      </symbol>
      <symbol id="sm-7b3">
         <name>PRCMCC3200MCUInit</name>
         <value>0x20006d9d</value>
         <object_component_ref idref="oc-da"/>
      </symbol>
      <symbol id="sm-7b4">
         <name>PRCMHIBRegWrite</name>
         <value>0x20008761</value>
         <object_component_ref idref="oc-1b8"/>
      </symbol>
      <symbol id="sm-7b5">
         <name>PRCMSysResetCauseGet</name>
         <value>0x200084e5</value>
         <object_component_ref idref="oc-1ac"/>
      </symbol>
      <symbol id="sm-7b6">
         <name>PRCMPeripheralClkDisable</name>
         <value>0x20008511</value>
         <object_component_ref idref="oc-1be"/>
      </symbol>
      <symbol id="sm-7b7">
         <name>PRCMHIBRegRead</name>
         <value>0x2000874b</value>
         <object_component_ref idref="oc-1b2"/>
      </symbol>
      <symbol id="sm-7f3">
         <name>SPICSEnable</name>
         <value>0x200086eb</value>
         <object_component_ref idref="oc-1ed"/>
      </symbol>
      <symbol id="sm-7f4">
         <name>SPIDataPut</name>
         <value>0x20008611</value>
         <object_component_ref idref="oc-1f9"/>
      </symbol>
      <symbol id="sm-7f5">
         <name>SPIEnable</name>
         <value>0x20008703</value>
         <object_component_ref idref="oc-fe"/>
      </symbol>
      <symbol id="sm-7f6">
         <name>SPIDataGet</name>
         <value>0x200085f1</value>
         <object_component_ref idref="oc-1ff"/>
      </symbol>
      <symbol id="sm-7f7">
         <name>SPIConfigSetExpClk</name>
         <value>0x200079b9</value>
         <object_component_ref idref="oc-f8"/>
      </symbol>
      <symbol id="sm-7f8">
         <name>SPICSDisable</name>
         <value>0x200086d3</value>
         <object_component_ref idref="oc-205"/>
      </symbol>
      <symbol id="sm-834">
         <name>UARTConfigSetExpClk</name>
         <value>0x20007ea9</value>
         <object_component_ref idref="oc-150"/>
      </symbol>
      <symbol id="sm-835">
         <name>UARTDisable</name>
         <value>0x20008455</value>
         <object_component_ref idref="oc-23b"/>
      </symbol>
      <symbol id="sm-836">
         <name>UARTCharsAvail</name>
         <value>0x2000871b</value>
         <object_component_ref idref="oc-162"/>
      </symbol>
      <symbol id="sm-837">
         <name>UARTCharGetNonBlocking</name>
         <value>0x2000864d</value>
         <object_component_ref idref="oc-168"/>
      </symbol>
      <symbol id="sm-838">
         <name>UARTCharPut</name>
         <value>0x2000862f</value>
         <object_component_ref idref="oc-156"/>
      </symbol>
      <symbol id="sm-839">
         <name>UARTEnable</name>
         <value>0x20008589</value>
         <object_component_ref idref="oc-241"/>
      </symbol>
      <symbol id="sm-83d">
         <name>UtilsDelay</name>
         <value>0x20008825</value>
         <object_component_ref idref="oc-293"/>
      </symbol>
      <symbol id="sm-847">
         <name>CPUcpsie</name>
         <value>0x2000878d</value>
         <object_component_ref idref="oc-19c"/>
      </symbol>
      <symbol id="sm-849">
         <name>__TI_static_base__</name>
         <value>0x20009058</value>
      </symbol>
      <symbol id="sm-84c">
         <name>__mpu_init</name>
         <value>0x0</value>
      </symbol>
      <symbol id="sm-84d">
         <name>_system_post_cinit</name>
         <value>0x0</value>
      </symbol>
   </symbol_table>
   <title>Link successful</title>
</link_info>
