******************************************************************************
                  TI ARM Linker PC v18.1.4                     
******************************************************************************
>> Linked Wed Jan 23 22:35:31 2019

OUTPUT FILE NAME:   <spi_demo.out>
ENTRY POINT SYMBOL: "_c_int00_noargs"  address: 20007e0d


MEMORY CONFIGURATION

         name            origin    length      used     unused   attr    fill
----------------------  --------  ---------  --------  --------  ----  --------
  SRAM_CODE             20004000   00013000  00004962  0000e69e  RW X
  SRAM_DATA             20017000   00019000  00001038  00017fc8  RW X


SEGMENT ALLOCATION MAP

run origin  load origin   length   init length attrs members
----------  ----------- ---------- ----------- ----- -------
20004000    20004000    00004968   00004968    r-x
  20004000    20004000    00000400   00000400    r-- .intvecs
  20004400    20004400    00003cee   00003cee    r-x .text
  200080f0    200080f0    00000824   00000824    r-- .const
  20008918    20008918    00000050   00000050    r-- .cinit
20017000    20017000    00000838   00000000    rw-
  20017000    20017000    00000800   00000000    rw- .sysmem
  20017800    20017800    00000034   00000000    rw- .data
  20017834    20017834    00000004   00000000    rw- .bss
2002f800    2002f800    00000800   00000000    rw-
  2002f800    2002f800    00000800   00000000    rw- .stack


SECTION ALLOCATION MAP

 output                                  attributes/
section   page    origin      length       input sections
--------  ----  ----------  ----------   ----------------
.intvecs   0    20004000    00000400     
                  20004000    00000400     startup_ccs.obj (.intvecs)

.init_array 
*          0    20004000    00000000     UNINITIALIZED

.text      0    20004400    00003cee     
                  20004400    00000b58     Adafruit_GFX.obj (.text)
                  20004f58    00000a4a     rtsv7M4_T_le_eabi.lib : _printfi.c.obj (.text:__TI_printfi)
                  200059a2    00000002                           : _lock.c.obj (.text:_nop)
                  200059a4    00000462     Adafruit_OLED.obj (.text)
                  20005e06    00000002     rtsv7M4_T_le_eabi.lib : div0.asm.obj (.text)
                  20005e08    00000280     uart_if.obj (.text)
                  20006088    00000268     rtsv7M4_T_le_eabi.lib : _printfi.c.obj (.text:_pconv_a)
                  200062f0    000001cc                           : _printfi.c.obj (.text:_pconv_g)
                  200064bc    000001b6                           : fd_add_t2.asm.obj (.text)
                  20006672    00000002     --HOLE-- [fill = 0]
                  20006674    00000178     driverlib.a : prcm.obj (.text:PRCMCC3200MCUInit)
                  200067ec    00000154     main.obj (.text)
                  20006940    0000013c     rtsv7M4_T_le_eabi.lib : _printfi.c.obj (.text:_pconv_e)
                  20006a7c    00000136                           : fd_div_t2.asm.obj (.text)
                  20006bb2    00000002     --HOLE-- [fill = 0]
                  20006bb4    00000120                           : _printfi.c.obj (.text:fcvt)
                  20006cd4    00000114                           : memory.c.obj (.text:realloc)
                  20006de8    000000fc                           : fd_mul_t2.asm.obj (.text)
                  20006ee4    000000d8                           : memory.c.obj (.text:free)
                  20006fbc    000000d0                           : s_scalbn.c.obj (.text:scalbn)
                  2000708c    000000b1                           : _printfi.c.obj (.text:_ltostr)
                  2000713d    00000003     --HOLE-- [fill = 0]
                  20007140    000000a8     driverlib.a : interrupt.obj (.text:IntEnable)
                  200071e8    000000a4     pinmux.obj (.text)
                  2000728c    000000a0     driverlib.a : spi.obj (.text:SPIConfigSetExpClk)
                  2000732c    0000009c     rtsv7M4_T_le_eabi.lib : memcpy_t2.asm.obj (.text)
                  200073c8    00000096                           : ull_div_t2.asm.obj (.text)
                  2000745e    00000002     --HOLE-- [fill = 0]
                  20007460    00000094     driverlib.a : prcm.obj (.text:PRCMPeripheralClockGet)
                  200074f4    00000088                 : pin.obj (.text:PinConfigSet)
                  2000757c    00000086     rtsv7M4_T_le_eabi.lib : fd_cmp_t2.asm.obj (.text:__aeabi_cdcmple)
                  20007602    00000086                           : fd_cmp_t2.asm.obj (.text:__aeabi_cdrcmple)
                  20007688    0000007a                           : memset_t2.asm.obj (.text)
                  20007702    00000002     --HOLE-- [fill = 0]
                  20007704    00000078                           : memory.c.obj (.text:malloc)
                  2000777c    00000076     driverlib.a : uart.obj (.text:UARTConfigSetExpClk)
                  200077f2    0000006e     rtsv7M4_T_le_eabi.lib : _printfi.c.obj (.text:_mcpy)
                  20007860    00000068                           : copy_decompress_lzss.c.obj (.text:decompress:lzss:__TI_decompress_lzss)
                  200078c8    0000005c                           : s_frexp.c.obj (.text:frexp)
                  20007924    00000058     driverlib.a : prcm.obj (.text:PRCMPeripheralReset)
                  2000797c    00000056     rtsv7M4_T_le_eabi.lib : _printfi.c.obj (.text:_pconv_f)
                  200079d2    00000054                           : ltoa.c.obj (.text:ltoa)
                  20007a26    00000052                           : _printfi.c.obj (.text:_ecpy)
                  20007a78    0000004c                           : atoi.c.obj (.text:atoi)
                  20007ac4    00000048                           : fd_toi_t2.asm.obj (.text)
                  20007b0c    00000044                           : autoinit.c.obj (.text:__TI_auto_init_nobinit_nopinit:__TI_auto_init_nobinit_nopinit)
                  20007b50    00000040     driverlib.a : pin.obj (.text:PinModeSet)
                  20007b90    00000040     rtsv7M4_T_le_eabi.lib : vsnprintf.c.obj (.text:vsnprintf)
                  20007bd0    0000003e                           : _printfi.c.obj (.text:_fcpy)
                  20007c0e    00000002     --HOLE-- [fill = 0]
                  20007c10    0000003c     driverlib.a : prcm.obj (.text:PRCMPeripheralClkEnable)
                  20007c4c    0000003c     rtsv7M4_T_le_eabi.lib : memory.c.obj (.text:minsert)
                  20007c88    00000038                           : memory.c.obj (.text:minit)
                  20007cc0    00000036     driverlib.a : gpio.obj (.text:GPIODirModeSet)
                  20007cf6    00000030                 : pin.obj (.text:PinTypeGPIO)
                  20007d26    00000002     --HOLE-- [fill = 0]
                  20007d28    00000030                 : uart.obj (.text:UARTDisable)
                  20007d58    00000030     rtsv7M4_T_le_eabi.lib : vsnprintf.c.obj (.text:_outs)
                  20007d88    0000002e                           : i_tofd_t2.asm.obj (.text)
                  20007db6    00000002     --HOLE-- [fill = 0]
                  20007db8    0000002c     driverlib.a : prcm.obj (.text:PRCMSysResetCauseGet)
                  20007de4    00000028                 : prcm.obj (.text:PRCMPeripheralClkDisable)
                  20007e0c    00000028     rtsv7M4_T_le_eabi.lib : boot_cortex_m.c.obj (.text:_c_int00_noargs:_c_int00_noargs)
                  20007e34    00000028                           : memory.c.obj (.text:mremove)
                  20007e5c    00000024     driverlib.a : uart.obj (.text:UARTEnable)
                  20007e80    00000024     rtsv7M4_T_le_eabi.lib : memmov.c.obj (.text:memmove)
                  20007ea4    00000020     driverlib.a : gpio.obj (.text:GPIOPinWrite)
                  20007ec4    00000020                 : spi.obj (.text:SPIDataGet)
                  20007ee4    0000001e                 : spi.obj (.text:SPIDataPut)
                  20007f02    0000001e                 : uart.obj (.text:UARTCharPut)
                  20007f20    0000001c                 : uart.obj (.text:UARTCharGetNonBlocking)
                  20007f3c    0000001c     rtsv7M4_T_le_eabi.lib : memccpy.c.obj (.text:memccpy)
                  20007f58    0000001a     driverlib.a : pin.obj (.text:PinTypeSPI)
                  20007f72    0000001a                 : pin.obj (.text:PinTypeTimer)
                  20007f8c    0000001a                 : pin.obj (.text:PinTypeUART)
                  20007fa6    00000018                 : spi.obj (.text:SPICSEnable)
                  20007fbe    00000018                 : spi.obj (.text:SPIEnable)
                  20007fd6    00000018                 : uart.obj (.text:UARTCharsAvail)
                  20007fee    00000018     rtsv7M4_T_le_eabi.lib : vsnprintf.c.obj (.text:_outc)
                  20008006    00000016     driverlib.a : prcm.obj (.text:PRCMHIBRegRead)
                  2000801c    00000016                 : prcm.obj (.text:PRCMHIBRegWrite)
                  20008032    00000016     rtsv7M4_T_le_eabi.lib : strchr.c.obj (.text:strchr)
                  20008048    00000014     driverlib.a : cpu.obj (.text:CPUcpsie)
                  2000805c    00000014                 : interrupt.obj (.text:IntVTableBaseSet)
                  20008070    00000014     rtsv7M4_T_le_eabi.lib : strlen.c.obj (.text:strlen)
                  20008084    00000012                           : copy_zero_init.c.obj (.text:decompress:ZI:__TI_zero_init_nomemset:__TI_zero_init_nomemset)
                  20008096    00000012                           : wcslen.c.obj (.text:wcslen)
                  200080a8    0000000e                           : copy_decompress_none.c.obj (.text:decompress:none:__TI_decompress_none)
                  200080b6    0000000e     startup_ccs.obj (.text)
                  200080c4    0000000a     driverlib.a : interrupt.obj (.text:IntMasterEnable)
                  200080ce    00000002     --HOLE-- [fill = 0]
                  200080d0    00000008     rtsv7M4_T_le_eabi.lib : errno.c.obj (.text:__aeabi_errno_addr)
                  200080d8    00000008                           : s_copysign.c.obj (.text:copysign)
                  200080e0    00000006     driverlib.a : utils.obj (.text:UtilsDelay)
                  200080e6    00000004     rtsv7M4_T_le_eabi.lib : pre_init.c.obj (.text:_system_pre_init)
                  200080ea    00000004                           : exit.c.obj (.text:abort:abort)

.const     0    200080f0    00000824     
                  200080f0    000004fb     Adafruit_GFX.obj (.const:.string:font)
                  200085eb    00000101     rtsv7M4_T_le_eabi.lib : ctype.c.obj (.const:.string:_ctypes_)
                  200086ec    00000100     driverlib.a : pin.obj (.const:g_ulPinToPadMap)
                  200087ec    000000a8                 : prcm.obj (.const:PRCM_PeriphRegsList)
                  20008894    00000080                 : interrupt.obj (.const)

.cinit     0    20008918    00000050     
                  20008918    00000027     (.cinit..data.load) [load image, compression = lzss]
                  2000893f    00000001     --HOLE-- [fill = 0]
                  20008940    0000000c     (__TI_handler_table)
                  2000894c    00000004     --HOLE-- [fill = 0]
                  20008950    00000008     (.cinit..bss.load) [load image, compression = zero_init]
                  20008958    00000010     (__TI_cinit_table)

.sysmem    0    20017000    00000800     UNINITIALIZED
                  20017000    00000008     rtsv7M4_T_le_eabi.lib : memory.c.obj (.sysmem)
                  20017008    000007f8     --HOLE--

.data      0    20017800    00000034     UNINITIALIZED
                  20017800    00000019     Adafruit_GFX.obj (.data)
                  20017819    00000003     --HOLE--
                  2001781c    0000000c     rtsv7M4_T_le_eabi.lib : memory.c.obj (.data:$O1$$)
                  20017828    00000008                           : _lock.c.obj (.data:$O1$$)
                  20017830    00000004                           : errno.c.obj (.data)

.bss       0    20017834    00000004     UNINITIALIZED
                  20017834    00000004     uart_if.obj (.bss)

.stack     0    2002f800    00000800     UNINITIALIZED
                  2002f800    00000004     rtsv7M4_T_le_eabi.lib : boot_cortex_m.c.obj (.stack)
                  2002f804    000007fc     --HOLE--

MODULE SUMMARY

       Module                       code    ro data   rw data
       ------                       ----    -------   -------
    .\
       Adafruit_GFX.obj             2904    1275      25     
       Adafruit_OLED.obj            1122    0         0      
       startup_ccs.obj              14      1024      0      
       uart_if.obj                  640     0         4      
       main.obj                     340     0         0      
       pinmux.obj                   164     0         0      
    +--+----------------------------+-------+---------+---------+
       Total:                       5184    2299      29     
                                                             
    C:/TI/CC3200SDK_1.3.0/cc3200-sdk/driverlib/ccs/Release/driverlib.a
       prcm.obj                     800     168       0      
       pin.obj                      326     256       0      
       interrupt.obj                198     128       0      
       uart.obj                     284     0         0      
       spi.obj                      270     0         0      
       gpio.obj                     86      0         0      
       cpu.obj                      20      0         0      
       utils.obj                    6       0         0      
    +--+----------------------------+-------+---------+---------+
       Total:                       1990    552       0      
                                                             
    C:\TI\ccsv8\tools\compiler\ti-cgt-arm_18.1.4.LTS\lib\rtsv7M4_T_le_eabi.lib
       _printfi.c.obj               4831    0         0      
       memory.c.obj                 768     0         12     
       fd_add_t2.asm.obj            438     0         0      
       fd_div_t2.asm.obj            310     0         0      
       fd_cmp_t2.asm.obj            268     0         0      
       ctype.c.obj                  0       257       0      
       fd_mul_t2.asm.obj            252     0         0      
       s_scalbn.c.obj               208     0         0      
       memcpy_t2.asm.obj            156     0         0      
       ull_div_t2.asm.obj           150     0         0      
       vsnprintf.c.obj              136     0         0      
       memset_t2.asm.obj            122     0         0      
       copy_decompress_lzss.c.obj   104     0         0      
       s_frexp.c.obj                92      0         0      
       ltoa.c.obj                   84      0         0      
       atoi.c.obj                   76      0         0      
       fd_toi_t2.asm.obj            72      0         0      
       autoinit.c.obj               68      0         0      
       i_tofd_t2.asm.obj            46      0         0      
       boot_cortex_m.c.obj          40      0         0      
       memmov.c.obj                 36      0         0      
       memccpy.c.obj                28      0         0      
       strchr.c.obj                 22      0         0      
       strlen.c.obj                 20      0         0      
       copy_zero_init.c.obj         18      0         0      
       wcslen.c.obj                 18      0         0      
       copy_decompress_none.c.obj   14      0         0      
       errno.c.obj                  8       0         4      
       _lock.c.obj                  2       0         8      
       s_copysign.c.obj             8       0         0      
       exit.c.obj                   4       0         0      
       pre_init.c.obj               4       0         0      
       div0.asm.obj                 2       0         0      
    +--+----------------------------+-------+---------+---------+
       Total:                       8405    257       24     
                                                             
       Heap:                        0       0         2048   
       Stack:                       0       0         2048   
       Linker Generated:            0       75        0      
    +--+----------------------------+-------+---------+---------+
       Grand Total:                 15579   3183      4149   


LINKER GENERATED COPY TABLES

__TI_cinit_table @ 20008958 records: 2, size/record: 8, table size: 16
	.data: load addr=20008918, load size=00000027 bytes, run addr=20017800, run size=00000034 bytes, compression=lzss
	.bss: load addr=20008950, load size=00000008 bytes, run addr=20017834, run size=00000004 bytes, compression=zero_init


LINKER GENERATED HANDLER TABLE

__TI_handler_table @ 20008940 records: 3, size/record: 4, table size: 12
	index: 0, handler: __TI_decompress_lzss
	index: 1, handler: __TI_decompress_none
	index: 2, handler: __TI_zero_init


GLOBAL SYMBOLS: SORTED ALPHABETICALLY BY Name 

address   name                          
-------   ----                          
200059f3  Adafruit_Init                 
20006813  BoardInit                     
200080eb  C$$EXIT                       
20008049  CPUcpsie                      
20005e49  ClearTerm                     
20005b69  Color565                      
200067ed  DisplayBanner                 
20005e53  Error                         
20007cc1  GPIODirModeSet                
20007ea5  GPIOPinWrite                  
20005e8b  GetCmd                        
20005e09  InitTerm                      
20007141  IntEnable                     
200080c5  IntMasterEnable               
2000805d  IntVTableBaseSet              
20005e27  Message                       
20004dc3  Outstr                        
20004e0f  Outstr2                       
20006675  PRCMCC3200MCUInit             
20008007  PRCMHIBRegRead                
2000801d  PRCMHIBRegWrite               
20007de5  PRCMPeripheralClkDisable      
20007c11  PRCMPeripheralClkEnable       
20007461  PRCMPeripheralClockGet        
20007925  PRCMPeripheralReset           
20007db9  PRCMSysResetCauseGet          
200074f5  PinConfigSet                  
20007b51  PinModeSet                    
200071e9  PinMuxConfig                  
20007cf7  PinTypeGPIO                   
20007f59  PinTypeSPI                    
20007f73  PinTypeTimer                  
20007f8d  PinTypeUART                   
20005fc9  Report                        
200080b7  ResetISR                      
20007fa7  SPICSEnable                   
2000728d  SPIConfigSetExpClk            
20007ec5  SPIDataGet                    
20007ee5  SPIDataPut                    
20007fbf  SPIEnable                     
20005f31  TrimSpace                     
20007f21  UARTCharGetNonBlocking        
20007f03  UARTCharPut                   
20007fd7  UARTCharsAvail                
2000777d  UARTConfigSetExpClk           
20007d29  UARTDisable                   
20007e5d  UARTEnable                    
200080e1  UtilsDelay                    
20030000  __STACK_END                   
00000800  __STACK_SIZE                  
00000800  __SYSMEM_SIZE                 
20008958  __TI_CINIT_Base               
20008968  __TI_CINIT_Limit              
20008940  __TI_Handler_Table_Base       
2000894c  __TI_Handler_Table_Limit      
20007b0d  __TI_auto_init_nobinit_nopinit
20007861  __TI_decompress_lzss          
200080a9  __TI_decompress_none          
ffffffff  __TI_pprof_out_hndl           
20004f59  __TI_printfi                  
ffffffff  __TI_prof_data_size           
ffffffff  __TI_prof_data_start          
20008918  __TI_static_base__            
20008085  __TI_zero_init_nomemset       
2000757d  __aeabi_cdcmpeq               
2000757d  __aeabi_cdcmple               
20007603  __aeabi_cdrcmple              
20007ac5  __aeabi_d2iz                  
200064c7  __aeabi_dadd                  
20006a7d  __aeabi_ddiv                  
20006de9  __aeabi_dmul                  
200064bd  __aeabi_dsub                  
200080d1  __aeabi_errno_addr            
20007d89  __aeabi_i2d                   
20005e07  __aeabi_idiv0                 
20005e07  __aeabi_ldiv0                 
20007689  __aeabi_memclr                
20007689  __aeabi_memclr4               
20007689  __aeabi_memclr8               
2000732d  __aeabi_memcpy                
2000732d  __aeabi_memcpy4               
2000732d  __aeabi_memcpy8               
2000768b  __aeabi_memset                
2000768b  __aeabi_memset4               
2000768b  __aeabi_memset8               
200073c9  __aeabi_uldivmod              
ffffffff  __binit__                     
ffffffff  __c_args__                    
UNDEFED   __mpu_init                    
2002f800  __stack                       
20007e0d  _c_int00_noargs               
200085eb  _ctypes_                      
20017828  _lock                         
200059a3  _nop                          
20017000  _sys_memory                   
UNDEFED   _system_post_cinit            
200080e7  _system_pre_init              
2001782c  _unlock                       
200080eb  abort                         
20007a79  atoi                          
ffffffff  binit                         
200080d9  copysign                      
200080d9  copysignl                     
20017804  cursor_x                      
20017808  cursor_y                      
20004e75  delKey                        
20004c77  drawChar                      
20004419  drawCircle                    
2000454d  drawCircleHelper              
20005d11  drawFastHLine                 
20005c71  drawFastVLine                 
20004793  drawLine                      
20005dad  drawPixel                     
2000487f  drawRect                      
200048cd  drawRoundRect                 
20004a35  drawTriangle                  
20017830  errno                         
2000466b  fillCircle                    
200046a5  fillCircleHelper              
20005bc1  fillRect                      
200049bb  fillRoundRect                 
20005bab  fillScreen                    
20004a77  fillTriangle                  
20006ee5  free                          
200078c9  frexp                         
200078c9  frexpl                        
20004000  g_pfnVectors                  
20005b25  goTo                          
20004f33  height                        
20017800  index                         
20004401  initBall                      
20005deb  invert                        
20006fbd  ldexp                         
20006fbd  ldexpl                        
200079d3  ltoa                          
2000682b  main                          
20007705  malloc                        
20007f3d  memccpy                       
2000732d  memcpy                        
20007e81  memmove                       
20007691  memset                        
20007c89  minit                         
20006cd5  realloc                       
20006fbd  scalbn                        
20006fbd  scalbnl                       
20004ecb  setCursor                     
20004f03  setTextColor                  
20004ee3  setTextSize                   
20004f1b  setTextWrap                   
20008033  strchr                        
20008071  strlen                        
20017814  textbgcolor                   
20017810  textcolor                     
2001780c  textsize                      
20007b91  vsnprintf                     
20008097  wcslen                        
20004f2f  width                         
20017818  wrap                          
200059a5  writeCommand                  
200059cd  writeData                     


GLOBAL SYMBOLS: SORTED BY Symbol Address 

address   name                          
-------   ----                          
00000800  __STACK_SIZE                  
00000800  __SYSMEM_SIZE                 
20004000  g_pfnVectors                  
20004401  initBall                      
20004419  drawCircle                    
2000454d  drawCircleHelper              
2000466b  fillCircle                    
200046a5  fillCircleHelper              
20004793  drawLine                      
2000487f  drawRect                      
200048cd  drawRoundRect                 
200049bb  fillRoundRect                 
20004a35  drawTriangle                  
20004a77  fillTriangle                  
20004c77  drawChar                      
20004dc3  Outstr                        
20004e0f  Outstr2                       
20004e75  delKey                        
20004ecb  setCursor                     
20004ee3  setTextSize                   
20004f03  setTextColor                  
20004f1b  setTextWrap                   
20004f2f  width                         
20004f33  height                        
20004f59  __TI_printfi                  
200059a3  _nop                          
200059a5  writeCommand                  
200059cd  writeData                     
200059f3  Adafruit_Init                 
20005b25  goTo                          
20005b69  Color565                      
20005bab  fillScreen                    
20005bc1  fillRect                      
20005c71  drawFastVLine                 
20005d11  drawFastHLine                 
20005dad  drawPixel                     
20005deb  invert                        
20005e07  __aeabi_idiv0                 
20005e07  __aeabi_ldiv0                 
20005e09  InitTerm                      
20005e27  Message                       
20005e49  ClearTerm                     
20005e53  Error                         
20005e8b  GetCmd                        
20005f31  TrimSpace                     
20005fc9  Report                        
200064bd  __aeabi_dsub                  
200064c7  __aeabi_dadd                  
20006675  PRCMCC3200MCUInit             
200067ed  DisplayBanner                 
20006813  BoardInit                     
2000682b  main                          
20006a7d  __aeabi_ddiv                  
20006cd5  realloc                       
20006de9  __aeabi_dmul                  
20006ee5  free                          
20006fbd  ldexp                         
20006fbd  ldexpl                        
20006fbd  scalbn                        
20006fbd  scalbnl                       
20007141  IntEnable                     
200071e9  PinMuxConfig                  
2000728d  SPIConfigSetExpClk            
2000732d  __aeabi_memcpy                
2000732d  __aeabi_memcpy4               
2000732d  __aeabi_memcpy8               
2000732d  memcpy                        
200073c9  __aeabi_uldivmod              
20007461  PRCMPeripheralClockGet        
200074f5  PinConfigSet                  
2000757d  __aeabi_cdcmpeq               
2000757d  __aeabi_cdcmple               
20007603  __aeabi_cdrcmple              
20007689  __aeabi_memclr                
20007689  __aeabi_memclr4               
20007689  __aeabi_memclr8               
2000768b  __aeabi_memset                
2000768b  __aeabi_memset4               
2000768b  __aeabi_memset8               
20007691  memset                        
20007705  malloc                        
2000777d  UARTConfigSetExpClk           
20007861  __TI_decompress_lzss          
200078c9  frexp                         
200078c9  frexpl                        
20007925  PRCMPeripheralReset           
200079d3  ltoa                          
20007a79  atoi                          
20007ac5  __aeabi_d2iz                  
20007b0d  __TI_auto_init_nobinit_nopinit
20007b51  PinModeSet                    
20007b91  vsnprintf                     
20007c11  PRCMPeripheralClkEnable       
20007c89  minit                         
20007cc1  GPIODirModeSet                
20007cf7  PinTypeGPIO                   
20007d29  UARTDisable                   
20007d89  __aeabi_i2d                   
20007db9  PRCMSysResetCauseGet          
20007de5  PRCMPeripheralClkDisable      
20007e0d  _c_int00_noargs               
20007e5d  UARTEnable                    
20007e81  memmove                       
20007ea5  GPIOPinWrite                  
20007ec5  SPIDataGet                    
20007ee5  SPIDataPut                    
20007f03  UARTCharPut                   
20007f21  UARTCharGetNonBlocking        
20007f3d  memccpy                       
20007f59  PinTypeSPI                    
20007f73  PinTypeTimer                  
20007f8d  PinTypeUART                   
20007fa7  SPICSEnable                   
20007fbf  SPIEnable                     
20007fd7  UARTCharsAvail                
20008007  PRCMHIBRegRead                
2000801d  PRCMHIBRegWrite               
20008033  strchr                        
20008049  CPUcpsie                      
2000805d  IntVTableBaseSet              
20008071  strlen                        
20008085  __TI_zero_init_nomemset       
20008097  wcslen                        
200080a9  __TI_decompress_none          
200080b7  ResetISR                      
200080c5  IntMasterEnable               
200080d1  __aeabi_errno_addr            
200080d9  copysign                      
200080d9  copysignl                     
200080e1  UtilsDelay                    
200080e7  _system_pre_init              
200080eb  C$$EXIT                       
200080eb  abort                         
200085eb  _ctypes_                      
20008918  __TI_static_base__            
20008940  __TI_Handler_Table_Base       
2000894c  __TI_Handler_Table_Limit      
20008958  __TI_CINIT_Base               
20008968  __TI_CINIT_Limit              
20017000  _sys_memory                   
20017800  index                         
20017804  cursor_x                      
20017808  cursor_y                      
2001780c  textsize                      
20017810  textcolor                     
20017814  textbgcolor                   
20017818  wrap                          
20017828  _lock                         
2001782c  _unlock                       
20017830  errno                         
2002f800  __stack                       
20030000  __STACK_END                   
ffffffff  __TI_pprof_out_hndl           
ffffffff  __TI_prof_data_size           
ffffffff  __TI_prof_data_start          
ffffffff  __binit__                     
ffffffff  __c_args__                    
ffffffff  binit                         
UNDEFED   __mpu_init                    
UNDEFED   _system_post_cinit            

[160 symbols]
