******************************************************************************
                  TI ARM Linker PC v16.9.6                     
******************************************************************************
>> Linked Fri Feb 22 13:22:45 2019

OUTPUT FILE NAME:   <Lab4Timer1.out>
ENTRY POINT SYMBOL: "_c_int00"  address: 20009249


MEMORY CONFIGURATION

         name            origin    length      used     unused   attr    fill
----------------------  --------  ---------  --------  --------  ----  --------
  SRAM_CODE             20004000   00013000  0000649a  0000cb66  RW X
  SRAM_DATA             20017000   00019000  00001b4b  000174b5  RW X


SEGMENT ALLOCATION MAP

run origin  load origin   length   init length attrs members
----------  ----------- ---------- ----------- ----- -------
20004000    20004000    000064a0   000064a0    r-x
  20004000    20004000    00000400   00000400    r-- .intvecs
  20004400    20004400    000056ba   000056ba    r-x .text
  20009abc    20009abc    00000908   00000908    r-- .const
  2000a3c8    2000a3c8    000000d8   000000d8    r-- .cinit
20017000    20017000    0000134c   00000000    rw-
  20017000    20017000    000008e7   00000000    rw- .bss
  200178e8    200178e8    00000800   00000000    rw- .sysmem
  200180e8    200180e8    00000264   00000000    rw- .data
2002f800    2002f800    00000800   00000000    rw-
  2002f800    2002f800    00000800   00000000    rw- .stack


SECTION ALLOCATION MAP

 output                                  attributes/
section   page    origin      length       input sections
--------  ----  ----------  ----------   ----------------
.intvecs   0    20004000    00000400     
                  20004000    00000400     startup_ccs.obj (.intvecs)

.init_array 
*          0    20004000    00000000     UNINITIALIZED

.text      0    20004400    000056ba     
                  20004400    0000113e     rtsv7M4_T_le_v4SPD16_eabi.lib : _printfi.obj (.text)
                  2000553e    00000002     driverlib.a : interrupt.obj (.text:IntDefaultHandler)
                  20005540    00000b18     Adafruit_GFX.obj (.text)
                  20006058    00000884     main.obj (.text)
                  200068dc    000004c2     Adafruit_OLED.obj (.text)
                  20006d9e    00000002     rtsv7M4_T_le_v4SPD16_eabi.lib : mpu_init.obj (.text)
                  20006da0    000003d0                                   : memory.obj (.text)
                  20007170    000001f4                                   : ull_div_t2.obj (.text)
                  20007364    000001c4                                   : fopen.obj (.text)
                  20007528    000001b6                                   : fd_add_t2.obj (.text)
                  200076de    00000002                                   : startup.obj (.text)
                  200076e0    00000198     timer_if.obj (.text)
                  20007878    00000178     driverlib.a : prcm.obj (.text:PRCMCC3200MCUInit)
                  200079f0    00000136     rtsv7M4_T_le_v4SPD16_eabi.lib : fd_div_t2.obj (.text)
                  20007b26    00000002     --HOLE-- [fill = 0]
                  20007b28    00000134                                   : fputs.obj (.text)
                  20007c5c    00000100     pinmux.obj (.text)
                  20007d5c    000000fc     rtsv7M4_T_le_v4SPD16_eabi.lib : fd_mul_t2.obj (.text)
                  20007e58    000000fc                                   : s_scalbn.obj (.text)
                  20007f54    000000dc                                   : setvbuf.obj (.text)
                  20008030    000000d0     driverlib.a : spi.obj (.text:SPITransfer32)
                  20008100    000000ce                 : spi.obj (.text:SPITransfer16)
                  200081ce    00000002     --HOLE-- [fill = 0]
                  200081d0    000000c8     rtsv7M4_T_le_v4SPD16_eabi.lib : fflush.obj (.text)
                  20008298    000000bc                                   : open.obj (.text)
                  20008354    000000b8     driverlib.a : spi.obj (.text:SPITransfer8)
                  2000840c    000000ac     rtsv7M4_T_le_v4SPD16_eabi.lib : _io_perm.obj (.text)
                  200084b8    000000a8     driverlib.a : interrupt.obj (.text:IntDisable)
                  20008560    000000a8                 : interrupt.obj (.text:IntEnable)
                  20008608    000000a0                 : spi.obj (.text:SPIConfigSetExpClk)
                  200086a8    0000009c     rtsv7M4_T_le_v4SPD16_eabi.lib : memcpy_t2.obj (.text)
                  20008744    00000098                                   : fclose.obj (.text)
                  200087dc    00000098                                   : fputc.obj (.text)
                  20008874    00000094     driverlib.a : prcm.obj (.text:PRCMPeripheralClockGet)
                  20008908    00000088                 : pin.obj (.text:PinConfigSet)
                  20008990    00000088                 : spi.obj (.text:SPITransfer)
                  20008a18    00000086     rtsv7M4_T_le_v4SPD16_eabi.lib : fd_cmp_t2.obj (.text:__aeabi_cdcmple)
                  20008a9e    00000086                                   : fd_cmp_t2.obj (.text:__aeabi_cdrcmple)
                  20008b24    0000007a                                   : memset_t2.obj (.text)
                  20008b9e    00000002     --HOLE-- [fill = 0]
                  20008ba0    00000070     driverlib.a : timer.obj (.text:TimerIntRegister)
                  20008c10    00000070     rtsv7M4_T_le_v4SPD16_eabi.lib : autoinit.obj (.text)
                  20008c80    00000070                                   : getdevice.obj (.text)
                  20008cf0    00000070                                   : printf.obj (.text)
                  20008d60    00000068     driverlib.a : timer.obj (.text:TimerIntUnregister)
                  20008dc8    00000068     rtsv7M4_T_le_v4SPD16_eabi.lib : copy_decompress_lzss.obj (.text:decompress:lzss)
                  20008e30    00000068                                   : hostlseek.obj (.text)
                  20008e98    00000068                                   : hostrename.obj (.text)
                  20008f00    00000068                                   : trgmsg.obj (.text)
                  20008f68    00000064                                   : fseek.obj (.text)
                  20008fcc    00000064                                   : s_frexp.obj (.text)
                  20009030    00000060                                   : hostopen.obj (.text)
                  20009090    0000005c                                   : close.obj (.text)
                  200090ec    00000058     driverlib.a : prcm.obj (.text:PRCMPeripheralReset)
                  20009144    00000058     rtsv7M4_T_le_v4SPD16_eabi.lib : hostread.obj (.text)
                  2000919c    00000058                                   : hostwrite.obj (.text)
                  200091f4    00000054     driverlib.a : interrupt.obj (.text:IntPrioritySet)
                  20009248    00000054     rtsv7M4_T_le_v4SPD16_eabi.lib : boot.obj (.text)
                  2000929c    00000054                                   : exit.obj (.text)
                  200092f0    00000054                                   : ltoa.obj (.text)
                  20009344    0000004c                                   : atoi.obj (.text)
                  20009390    0000004c                                   : cpy_tbl.obj (.text)
                  200093dc    00000048                                   : fd_toi_t2.obj (.text)
                  20009424    00000044     driverlib.a : timer.obj (.text:TimerConfigure)
                  20009468    00000044     rtsv7M4_T_le_v4SPD16_eabi.lib : hostclose.obj (.text)
                  200094ac    00000044                                   : hostunlink.obj (.text)
                  200094f0    00000040     driverlib.a : pin.obj (.text:PinModeSet)
                  20009530    0000003c                 : prcm.obj (.text:PRCMPeripheralClkEnable)
                  2000956c    00000036                 : gpio.obj (.text:GPIODirModeSet)
                  200095a2    00000036     rtsv7M4_T_le_v4SPD16_eabi.lib : strncpy.obj (.text)
                  200095d8    00000030     driverlib.a : pin.obj (.text:PinTypeGPIO)
                  20009608    0000002e     rtsv7M4_T_le_v4SPD16_eabi.lib : i_tofd_t2.obj (.text)
                  20009636    00000002     --HOLE-- [fill = 0]
                  20009638    0000002c     driverlib.a : prcm.obj (.text:PRCMSysResetCauseGet)
                  20009664    0000002c     rtsv7M4_T_le_v4SPD16_eabi.lib : unlink.obj (.text)
                  20009690    0000002a     driverlib.a : timer.obj (.text:TimerLoadSet)
                  200096ba    0000002a                 : timer.obj (.text:TimerPrescaleSet)
                  200096e4    00000028                 : prcm.obj (.text:PRCMPeripheralClkDisable)
                  2000970c    00000028     rtsv7M4_T_le_v4SPD16_eabi.lib : lseek.obj (.text)
                  20009734    00000028                                   : write.obj (.text)
                  2000975c    00000024     driverlib.a : interrupt.obj (.text:IntUnregister)
                  20009780    00000022                 : spi.obj (.text:SPIReset)
                  200097a2    00000020                 : gpio.obj (.text:GPIOPinWrite)
                  200097c2    00000002     --HOLE-- [fill = 0]
                  200097c4    00000020                 : interrupt.obj (.text:IntRegister)
                  200097e4    00000020                 : spi.obj (.text:SPIDataGet)
                  20009804    00000020     rtsv7M4_T_le_v4SPD16_eabi.lib : memchr.obj (.text)
                  20009824    0000001e     driverlib.a : spi.obj (.text:SPIDataPut)
                  20009842    0000001e                 : timer.obj (.text:TimerDisable)
                  20009860    0000001e                 : timer.obj (.text:TimerEnable)
                  2000987e    0000001e                 : timer.obj (.text:TimerIntStatus)
                  2000989c    0000001c                 : timer.obj (.text:TimerValueGet)
                  200098b8    0000001c     rtsv7M4_T_le_v4SPD16_eabi.lib : memccpy.obj (.text)
                  200098d4    0000001a     driverlib.a : pin.obj (.text:PinTypeSPI)
                  200098ee    0000001a                 : pin.obj (.text:PinTypeUART)
                  20009908    00000018                 : spi.obj (.text:SPICSDisable)
                  20009920    00000018                 : spi.obj (.text:SPICSEnable)
                  20009938    00000018                 : spi.obj (.text:SPIEnable)
                  20009950    00000018                 : timer.obj (.text:TimerIntDisable)
                  20009968    00000018                 : timer.obj (.text:TimerIntEnable)
                  20009980    00000018     rtsv7M4_T_le_v4SPD16_eabi.lib : args_main.obj (.text)
                  20009998    00000018                                   : strcmp.obj (.text)
                  200099b0    00000016     driverlib.a : prcm.obj (.text:PRCMHIBRegRead)
                  200099c6    00000016                 : prcm.obj (.text:PRCMHIBRegWrite)
                  200099dc    00000016     rtsv7M4_T_le_v4SPD16_eabi.lib : strchr.obj (.text)
                  200099f2    00000014     driverlib.a : cpu.obj (.text:CPUcpsie)
                  20009a06    00000002     --HOLE-- [fill = 0]
                  20009a08    00000014                 : interrupt.obj (.text:IntVTableBaseSet)
                  20009a1c    00000014     rtsv7M4_T_le_v4SPD16_eabi.lib : _lock.obj (.text)
                  20009a30    00000014                                   : s_copysign.obj (.text)
                  20009a44    00000014                                   : strcpy.obj (.text)
                  20009a58    00000014                                   : strlen.obj (.text)
                  20009a6c    00000012     driverlib.a : timer.obj (.text:TimerIntClear)
                  20009a7e    0000000e     rtsv7M4_T_le_v4SPD16_eabi.lib : copy_decompress_none.obj (.text:decompress:none)
                  20009a8c    0000000e     startup_ccs.obj (.text)
                  20009a9a    0000000c     rtsv7M4_T_le_v4SPD16_eabi.lib : copy_zero_init.obj (.text:decompress:ZI)
                  20009aa6    0000000a     driverlib.a : interrupt.obj (.text:IntMasterEnable)
                  20009ab0    00000006                 : utils.obj (.text:UtilsDelay)
                  20009ab6    00000004     rtsv7M4_T_le_v4SPD16_eabi.lib : pre_init.obj (.text)

.const     0    20009abc    00000908     
                  20009abc    000004fb     Adafruit_GFX.obj (.const:.string:font)
                  20009fb7    00000101     rtsv7M4_T_le_v4SPD16_eabi.lib : ctype.obj (.const:.string:_ctypes_)
                  2000a0b8    00000100     driverlib.a : pin.obj (.const:g_ulPinToPadMap)
                  2000a1b8    000000d4                 : interrupt.obj (.const:g_pulRegs)
                  2000a28c    000000a8                 : prcm.obj (.const:PRCM_PeriphRegsList)
                  2000a334    00000080                 : interrupt.obj (.const)
                  2000a3b4    00000010     main.obj (.const:$P$T0$1)

.cinit     0    2000a3c8    000000d8     
                  2000a3c8    000000b3     (.cinit..data.load) [load image, compression = lzss]
                  2000a47b    00000001     --HOLE-- [fill = 0]
                  2000a47c    0000000c     (__TI_handler_table)
                  2000a488    00000008     (.cinit..bss.load) [load image, compression = zero_init]
                  2000a490    00000010     (__TI_cinit_table)

.bss       0    20017000    000008e7     UNINITIALIZED
                  20017000    00000668     (.common:rxDataBuff)
                  20017668    00000120     rtsv7M4_T_le_v4SPD16_eabi.lib : trgmsg.obj (.bss:_CIOBUF_)
                  20017788    000000a0     (.common:__TI_tmpnams)
                  20017828    00000030     (.common:counting)
                  20017858    00000020     (.common:fPower)
                  20017878    00000020     (.common:main_coeff)
                  20017898    00000020     (.common:power_all)
                  200178b8    00000008     (.common:parmbuf)
                  200178c0    00000004     main.obj (.bss:g_ucRxBuff)
                  200178c4    00000004     main.obj (.bss:g_ucTxBuff)
                  200178c8    00000004     (.common:bufferLength)
                  200178cc    00000004     (.common:buttom_x)
                  200178d0    00000004     (.common:buttom_y)
                  200178d4    00000004     (.common:diff)
                  200178d8    00000004     (.common:direction)
                  200178dc    00000004     (.common:rxData1)
                  200178e0    00000004     (.common:rxData2)
                  200178e4    00000001     (.common:alpha_pressed)
                  200178e5    00000001     (.common:button_signal)
                  200178e6    00000001     (.common:signalFlag)

.sysmem    0    200178e8    00000800     UNINITIALIZED
                  200178e8    00000008     rtsv7M4_T_le_v4SPD16_eabi.lib : memory.obj (.sysmem)
                  200178f0    000007f8     --HOLE--

.data      0    200180e8    00000264     UNINITIALIZED
                  200180e8    000000f0     rtsv7M4_T_le_v4SPD16_eabi.lib : defs.obj (.data:_ftable)
                  200181d8    00000078                                   : write.obj (.data:_device)
                  20018250    00000050                                   : write.obj (.data:_stream)
                  200182a0    00000034     main.obj (.data)
                  200182d4    00000020     main.obj (.data:f_tone_final)
                  200182f4    00000015     Adafruit_GFX.obj (.data)
                  20018309    00000003     --HOLE--
                  2001830c    00000010     rtsv7M4_T_le_v4SPD16_eabi.lib : defs.obj (.data)
                  2001831c    0000000c                                   : exit.obj (.data:$O1$$)
                  20018328    0000000c                                   : memory.obj (.data:$O1$$)
                  20018334    00000008                                   : _lock.obj (.data:$O1$$)
                  2001833c    00000004                                   : errno.obj (.data)
                  20018340    00000004                                   : fopen.obj (.data)
                  20018344    00000004                                   : open.obj (.data)
                  20018348    00000004                                   : stkdepth_vars.obj (.data)

.stack     0    2002f800    00000800     UNINITIALIZED
                  2002f800    00000800     --HOLE--

MODULE SUMMARY

       Module                     code    ro data   rw data
       ------                     ----    -------   -------
    .\
       Adafruit_GFX.obj           2840    1275      21     
       main.obj                   2180    16        1907   
       Adafruit_OLED.obj          1218    0         0      
       startup_ccs.obj            14      1024      0      
       timer_if.obj               408     0         0      
       pinmux.obj                 256     0         0      
    +--+--------------------------+-------+---------+---------+
       Total:                     6916    2315      1928   
                                                           
    C:/ti/CC3200SDK_1.3.0/cc3200-sdk/driverlib/ccs/Release/driverlib.a
       spi.obj                    1062    0         0      
       prcm.obj                   800     168       0      
       interrupt.obj              520     340       0      
       pin.obj                    300     256       0      
       timer.obj                  552     0         0      
       gpio.obj                   86      0         0      
       cpu.obj                    20      0         0      
       utils.obj                  6       0         0      
    +--+--------------------------+-------+---------+---------+
       Total:                     3346    764       0      
                                                           
    C:\ti\ccsv7\tools\compiler\ti-cgt-arm_16.9.6.LTS\lib\rtsv7M4_T_le_v4SPD16_eabi.lib
       _printfi.obj               4414    0         0      
       memory.obj                 976     0         12     
       ull_div_t2.obj             500     0         0      
       fopen.obj                  452     0         4      
       fd_add_t2.obj              438     0         0      
       defs.obj                   0       0         416    
       trgmsg.obj                 104     0         288    
       fd_div_t2.obj              310     0         0      
       fputs.obj                  308     0         0      
       fd_cmp_t2.obj              268     0         0      
       ctype.obj                  0       257       0      
       fd_mul_t2.obj              252     0         0      
       s_scalbn.obj               252     0         0      
       write.obj                  40      0         200    
       setvbuf.obj                220     0         0      
       fflush.obj                 200     0         0      
       open.obj                   188     0         4      
       _io_perm.obj               172     0         0      
       memcpy_t2.obj              156     0         0      
       fclose.obj                 152     0         0      
       fputc.obj                  152     0         0      
       memset_t2.obj              122     0         0      
       autoinit.obj               112     0         0      
       getdevice.obj              112     0         0      
       printf.obj                 112     0         0      
       copy_decompress_lzss.obj   104     0         0      
       hostlseek.obj              104     0         0      
       hostopen.obj               96      0         8      
       hostrename.obj             104     0         0      
       fseek.obj                  100     0         0      
       s_frexp.obj                100     0         0      
       exit.obj                   84      0         12     
       close.obj                  92      0         0      
       hostread.obj               88      0         0      
       hostwrite.obj              88      0         0      
       boot.obj                   84      0         0      
       ltoa.obj                   84      0         0      
       atoi.obj                   76      0         0      
       cpy_tbl.obj                76      0         0      
       fd_toi_t2.obj              72      0         0      
       hostclose.obj              68      0         0      
       hostunlink.obj             68      0         0      
       strncpy.obj                54      0         0      
       i_tofd_t2.obj              46      0         0      
       unlink.obj                 44      0         0      
       lseek.obj                  40      0         0      
       memchr.obj                 32      0         0      
       _lock.obj                  20      0         8      
       memccpy.obj                28      0         0      
       args_main.obj              24      0         0      
       strcmp.obj                 24      0         0      
       strchr.obj                 22      0         0      
       s_copysign.obj             20      0         0      
       strcpy.obj                 20      0         0      
       strlen.obj                 20      0         0      
       copy_decompress_none.obj   14      0         0      
       copy_zero_init.obj         12      0         0      
       errno.obj                  0       0         4      
       pre_init.obj               4       0         0      
       stkdepth_vars.obj          0       0         4      
       mpu_init.obj               2       0         0      
       startup.obj                2       0         0      
    +--+--------------------------+-------+---------+---------+
       Total:                     11928   257       960    
                                                           
       Heap:                      0       0         2048   
       Stack:                     0       0         2048   
       Linker Generated:          0       215       0      
    +--+--------------------------+-------+---------+---------+
       Grand Total:               22190   3551      6984   


LINKER GENERATED COPY TABLES

__TI_cinit_table @ 2000a490 records: 2, size/record: 8, table size: 16
	.data: load addr=2000a3c8, load size=000000b3 bytes, run addr=200180e8, run size=00000264 bytes, compression=lzss
	.bss: load addr=2000a488, load size=00000008 bytes, run addr=20017000, run size=000008e7 bytes, compression=zero_init


LINKER GENERATED HANDLER TABLE

__TI_handler_table @ 2000a47c records: 3, size/record: 4, table size: 12
	index: 0, handler: __TI_decompress_lzss
	index: 1, handler: __TI_decompress_none
	index: 2, handler: __TI_zero_init


GLOBAL SYMBOLS: SORTED ALPHABETICALLY BY Name 

address   name                           
-------   ----                           
200064a1  ADC                            
20006989  Adafruit_Init                  
2000929d  C$$EXIT                        
20008f2f  C$$IO$$                        
200099f3  CPUcpsie                       
20006b03  Color565                       
2000956d  GPIODirModeSet                 
200097a3  GPIOPinWrite                   
20009469  HOSTclose                      
20008e31  HOSTlseek                      
20009031  HOSTopen                       
20009145  HOSTread                       
20008e99  HOSTrename                     
200094ad  HOSTunlink                     
2000919d  HOSTwrite                      
200084b9  IntDisable                     
20008561  IntEnable                      
20009aa7  IntMasterEnable                
200091f5  IntPrioritySet                 
200097c5  IntRegister                    
2000975d  IntUnregister                  
20009a09  IntVTableBaseSet               
20005eeb  Outstr                         
20007879  PRCMCC3200MCUInit              
200099b1  PRCMHIBRegRead                 
200099c7  PRCMHIBRegWrite                
200096e5  PRCMPeripheralClkDisable       
20009531  PRCMPeripheralClkEnable        
20008875  PRCMPeripheralClockGet         
200090ed  PRCMPeripheralReset            
20009639  PRCMSysResetCauseGet           
20008909  PinConfigSet                   
200094f1  PinModeSet                     
20007c5d  PinMuxConfig                   
200095d9  PinTypeGPIO                    
200098d5  PinTypeSPI                     
200098ef  PinTypeUART                    
20009a8d  ResetISR                       
200182b4  SAMPLE_SPACE                   
UNDEFED   SHT$$INIT_ARRAY$$Base          
UNDEFED   SHT$$INIT_ARRAY$$Limit         
20009909  SPICSDisable                   
20009921  SPICSEnable                    
20008609  SPIConfigSetExpClk             
200097e5  SPIDataGet                     
20009825  SPIDataPut                     
20009939  SPIEnable                      
20009781  SPIReset                       
20008991  SPITransfer                    
200064fd  TimerBaseIntHandler            
20009425  TimerConfigure                 
20009843  TimerDisable                   
20009861  TimerEnable                    
20009a6d  TimerIntClear                  
20009951  TimerIntDisable                
20009969  TimerIntEnable                 
20008ba1  TimerIntRegister               
2000987f  TimerIntStatus                 
20008d61  TimerIntUnregister             
20009691  TimerLoadSet                   
200096bb  TimerPrescaleSet               
20006519  TimerRefIntHandler             
2000989d  TimerValueGet                  
20007827  Timer_IF_DeInit                
20007859  Timer_IF_GetCount              
20007761  Timer_IF_Init                  
20007793  Timer_IF_IntSetup              
200077df  Timer_IF_InterruptClear        
20007841  Timer_IF_ReLoad                
200077f7  Timer_IF_Start                 
20007817  Timer_IF_Stop                  
20009ab1  UtilsDelay                     
20017668  __CIOBUF_                      
20030000  __STACK_END                    
00000800  __STACK_SIZE                   
00000800  __SYSMEM_SIZE                  
2000a490  __TI_CINIT_Base                
2000a4a0  __TI_CINIT_Limit               
2000a47c  __TI_Handler_Table_Base        
2000a488  __TI_Handler_Table_Limit       
20008c11  __TI_auto_init                 
2000742d  __TI_cleanup                   
2001831c  __TI_cleanup_ptr               
20008745  __TI_closefile                 
20008dc9  __TI_decompress_lzss           
20009a7f  __TI_decompress_none           
200081d1  __TI_doflush                   
20018320  __TI_dtors_ptr                 
20018324  __TI_enable_exit_profile_output
2001830c  __TI_ft_end                    
ffffffff  __TI_pprof_out_hndl            
20004c45  __TI_printfi                   
ffffffff  __TI_prof_data_size            
ffffffff  __TI_prof_data_start           
2000846f  __TI_rd_ok                     
20008f33  __TI_readmsg                   
2000a3c8  __TI_static_base__             
20017788  __TI_tmpnams                   
20008f01  __TI_writemsg                  
2000840d  __TI_wrt_ok                    
20009a9b  __TI_zero_init                 
20008a19  __aeabi_cdcmpeq                
20008a19  __aeabi_cdcmple                
20008a9f  __aeabi_cdrcmple               
200093dd  __aeabi_d2iz                   
20007533  __aeabi_dadd                   
200079f1  __aeabi_ddiv                   
20007d5d  __aeabi_dmul                   
20007529  __aeabi_dsub                   
20009609  __aeabi_i2d                    
20008b25  __aeabi_memclr                 
20008b25  __aeabi_memclr4                
20008b25  __aeabi_memclr8                
200086a9  __aeabi_memcpy                 
200086a9  __aeabi_memcpy4                
200086a9  __aeabi_memcpy8                
20008b27  __aeabi_memset                 
20008b27  __aeabi_memset4                
20008b27  __aeabi_memset8                
20018318  __aeabi_stderr                 
20018310  __aeabi_stdin                  
20018314  __aeabi_stdout                 
20007171  __aeabi_uldivmod               
ffffffff  __binit__                      
ffffffff  __c_args__                     
20006d9f  __mpu_init                     
2002f800  __stack                        
20009981  _args_main                     
20009249  _c_int00                       
20009fb7  _ctypes_                       
200181d8  _device                        
200180e8  _ftable                        
20018334  _lock                          
20009a2b  _nop                           
20009a23  _register_lock                 
20009a1d  _register_unlock               
20018250  _stream                        
200178e8  _sys_memory                    
200076df  _system_post_cinit             
20009ab7  _system_pre_init               
20018338  _unlock                        
200182a8  a                              
200092a1  abort                          
200178e4  alpha_pressed                  
20009345  atoi                           
ffffffff  binit                          
200178c8  bufferLength                   
200178cc  buttom_x                       
200178d0  buttom_y                       
20006245  buttonToChar                   
200178e5  button_signal                  
20007141  calloc                         
20009091  close                          
20009391  copy_in                        
20009a31  copysign                       
20009a31  copysignl                      
20017828  counting                       
200182f4  cursor_x                       
200182f8  cursor_y                       
200178d4  diff                           
200178d8  direction                      
20005d9f  drawChar                       
20005541  drawCircle                     
20005675  drawCircleHelper               
20006ca9  drawFastHLine                  
20006c0d  drawFastVLine                  
200058bb  drawLine                       
20006d45  drawPixel                      
200059a7  drawRect                       
200059f5  drawRoundRect                  
20005b5d  drawTriangle                   
2001833c  errno                          
200092a9  exit                           
20017858  fPower                         
200182d4  f_tone_final                   
200087ab  fclose                         
2000821d  fflush                         
20005fa3  fillASCII                      
20005793  fillCircle                     
200057cd  fillCircleHelper               
20006b5b  fillRect                       
20005ae3  fillRoundRect                  
20006b45  fillScreen                     
20005b9f  fillTriangle                   
20008c81  finddevice                     
200182b8  flagSampleInt                  
20007483  fopen                          
200087dd  fputc                          
20007b29  fputs                          
20006e8b  free                           
20007459  freopen                        
20008fcd  frexp                          
20008fcd  frexpl                         
20008f69  fseek                          
20004000  g_pfnVectors                   
20008cab  getdevice                      
20006abf  goTo                           
20006405  goertzel                       
20005f9f  height                         
200182c4  indexi                         
200182cc  indexi2                        
200182c8  indexj                         
200182d0  indexj2                        
20006d83  invert                         
20007e59  ldexp                          
20007e59  ldexpl                         
2000970d  lseek                          
200092f1  ltoa                           
20006621  main                           
20017878  main_coeff                     
20018348  main_func_sp                   
20006e21  malloc                         
200060a1  maxIndex                       
2000658f  maxIndex2                      
20007055  memalign                       
200098b9  memccpy                        
20009805  memchr                         
200086a9  memcpy                         
20008b2d  memset                         
20006da1  minit                          
200182c0  new_dig                        
200182b0  nowCount                       
20008299  open                           
200178b8  parmbuf                        
20006105  post_test                      
20017898  power_all                      
20008cf9  printf                         
200087dd  putc                           
20008861  putchar                        
20007c35  puts                           
20006f4b  realloc                        
20009665  remove                         
20006559  resetArray                     
20006059  resetMatrix                    
200182ac  rxData                         
200178dc  rxData1                        
200178e0  rxData2                        
20017000  rxDataBuff                     
20007e59  scalbn                         
20007e59  scalbnl                        
20005f37  setCursor                      
20005f6f  setTextColor                   
20005f4f  setTextSize                    
20005f87  setTextWrap                    
20007f55  setvbuf                        
200178e6  signalFlag                     
200099dd  strchr                         
20009999  strcmp                         
20009a45  strcpy                         
20009a59  strlen                         
200095a3  strncpy                        
20018304  textbgcolor                    
20018300  textcolor                      
200182fc  textsize                       
20009665  unlink                         
20005f9b  width                          
20018308  wrap                           
20009735  write                          
200068dd  writeCommand                   
20006933  writeData                      
200182bc  x                              


GLOBAL SYMBOLS: SORTED BY Symbol Address 

address   name                           
-------   ----                           
00000800  __STACK_SIZE                   
00000800  __SYSMEM_SIZE                  
20004000  g_pfnVectors                   
20004c45  __TI_printfi                   
20005541  drawCircle                     
20005675  drawCircleHelper               
20005793  fillCircle                     
200057cd  fillCircleHelper               
200058bb  drawLine                       
200059a7  drawRect                       
200059f5  drawRoundRect                  
20005ae3  fillRoundRect                  
20005b5d  drawTriangle                   
20005b9f  fillTriangle                   
20005d9f  drawChar                       
20005eeb  Outstr                         
20005f37  setCursor                      
20005f4f  setTextSize                    
20005f6f  setTextColor                   
20005f87  setTextWrap                    
20005f9b  width                          
20005f9f  height                         
20005fa3  fillASCII                      
20006059  resetMatrix                    
200060a1  maxIndex                       
20006105  post_test                      
20006245  buttonToChar                   
20006405  goertzel                       
200064a1  ADC                            
200064fd  TimerBaseIntHandler            
20006519  TimerRefIntHandler             
20006559  resetArray                     
2000658f  maxIndex2                      
20006621  main                           
200068dd  writeCommand                   
20006933  writeData                      
20006989  Adafruit_Init                  
20006abf  goTo                           
20006b03  Color565                       
20006b45  fillScreen                     
20006b5b  fillRect                       
20006c0d  drawFastVLine                  
20006ca9  drawFastHLine                  
20006d45  drawPixel                      
20006d83  invert                         
20006d9f  __mpu_init                     
20006da1  minit                          
20006e21  malloc                         
20006e8b  free                           
20006f4b  realloc                        
20007055  memalign                       
20007141  calloc                         
20007171  __aeabi_uldivmod               
2000742d  __TI_cleanup                   
20007459  freopen                        
20007483  fopen                          
20007529  __aeabi_dsub                   
20007533  __aeabi_dadd                   
200076df  _system_post_cinit             
20007761  Timer_IF_Init                  
20007793  Timer_IF_IntSetup              
200077df  Timer_IF_InterruptClear        
200077f7  Timer_IF_Start                 
20007817  Timer_IF_Stop                  
20007827  Timer_IF_DeInit                
20007841  Timer_IF_ReLoad                
20007859  Timer_IF_GetCount              
20007879  PRCMCC3200MCUInit              
200079f1  __aeabi_ddiv                   
20007b29  fputs                          
20007c35  puts                           
20007c5d  PinMuxConfig                   
20007d5d  __aeabi_dmul                   
20007e59  ldexp                          
20007e59  ldexpl                         
20007e59  scalbn                         
20007e59  scalbnl                        
20007f55  setvbuf                        
200081d1  __TI_doflush                   
2000821d  fflush                         
20008299  open                           
2000840d  __TI_wrt_ok                    
2000846f  __TI_rd_ok                     
200084b9  IntDisable                     
20008561  IntEnable                      
20008609  SPIConfigSetExpClk             
200086a9  __aeabi_memcpy                 
200086a9  __aeabi_memcpy4                
200086a9  __aeabi_memcpy8                
200086a9  memcpy                         
20008745  __TI_closefile                 
200087ab  fclose                         
200087dd  fputc                          
200087dd  putc                           
20008861  putchar                        
20008875  PRCMPeripheralClockGet         
20008909  PinConfigSet                   
20008991  SPITransfer                    
20008a19  __aeabi_cdcmpeq                
20008a19  __aeabi_cdcmple                
20008a9f  __aeabi_cdrcmple               
20008b25  __aeabi_memclr                 
20008b25  __aeabi_memclr4                
20008b25  __aeabi_memclr8                
20008b27  __aeabi_memset                 
20008b27  __aeabi_memset4                
20008b27  __aeabi_memset8                
20008b2d  memset                         
20008ba1  TimerIntRegister               
20008c11  __TI_auto_init                 
20008c81  finddevice                     
20008cab  getdevice                      
20008cf9  printf                         
20008d61  TimerIntUnregister             
20008dc9  __TI_decompress_lzss           
20008e31  HOSTlseek                      
20008e99  HOSTrename                     
20008f01  __TI_writemsg                  
20008f2f  C$$IO$$                        
20008f33  __TI_readmsg                   
20008f69  fseek                          
20008fcd  frexp                          
20008fcd  frexpl                         
20009031  HOSTopen                       
20009091  close                          
200090ed  PRCMPeripheralReset            
20009145  HOSTread                       
2000919d  HOSTwrite                      
200091f5  IntPrioritySet                 
20009249  _c_int00                       
2000929d  C$$EXIT                        
200092a1  abort                          
200092a9  exit                           
200092f1  ltoa                           
20009345  atoi                           
20009391  copy_in                        
200093dd  __aeabi_d2iz                   
20009425  TimerConfigure                 
20009469  HOSTclose                      
200094ad  HOSTunlink                     
200094f1  PinModeSet                     
20009531  PRCMPeripheralClkEnable        
2000956d  GPIODirModeSet                 
200095a3  strncpy                        
200095d9  PinTypeGPIO                    
20009609  __aeabi_i2d                    
20009639  PRCMSysResetCauseGet           
20009665  remove                         
20009665  unlink                         
20009691  TimerLoadSet                   
200096bb  TimerPrescaleSet               
200096e5  PRCMPeripheralClkDisable       
2000970d  lseek                          
20009735  write                          
2000975d  IntUnregister                  
20009781  SPIReset                       
200097a3  GPIOPinWrite                   
200097c5  IntRegister                    
200097e5  SPIDataGet                     
20009805  memchr                         
20009825  SPIDataPut                     
20009843  TimerDisable                   
20009861  TimerEnable                    
2000987f  TimerIntStatus                 
2000989d  TimerValueGet                  
200098b9  memccpy                        
200098d5  PinTypeSPI                     
200098ef  PinTypeUART                    
20009909  SPICSDisable                   
20009921  SPICSEnable                    
20009939  SPIEnable                      
20009951  TimerIntDisable                
20009969  TimerIntEnable                 
20009981  _args_main                     
20009999  strcmp                         
200099b1  PRCMHIBRegRead                 
200099c7  PRCMHIBRegWrite                
200099dd  strchr                         
200099f3  CPUcpsie                       
20009a09  IntVTableBaseSet               
20009a1d  _register_unlock               
20009a23  _register_lock                 
20009a2b  _nop                           
20009a31  copysign                       
20009a31  copysignl                      
20009a45  strcpy                         
20009a59  strlen                         
20009a6d  TimerIntClear                  
20009a7f  __TI_decompress_none           
20009a8d  ResetISR                       
20009a9b  __TI_zero_init                 
20009aa7  IntMasterEnable                
20009ab1  UtilsDelay                     
20009ab7  _system_pre_init               
20009fb7  _ctypes_                       
2000a3c8  __TI_static_base__             
2000a47c  __TI_Handler_Table_Base        
2000a488  __TI_Handler_Table_Limit       
2000a490  __TI_CINIT_Base                
2000a4a0  __TI_CINIT_Limit               
20017000  rxDataBuff                     
20017668  __CIOBUF_                      
20017788  __TI_tmpnams                   
20017828  counting                       
20017858  fPower                         
20017878  main_coeff                     
20017898  power_all                      
200178b8  parmbuf                        
200178c8  bufferLength                   
200178cc  buttom_x                       
200178d0  buttom_y                       
200178d4  diff                           
200178d8  direction                      
200178dc  rxData1                        
200178e0  rxData2                        
200178e4  alpha_pressed                  
200178e5  button_signal                  
200178e6  signalFlag                     
200178e8  _sys_memory                    
200180e8  _ftable                        
200181d8  _device                        
20018250  _stream                        
200182a8  a                              
200182ac  rxData                         
200182b0  nowCount                       
200182b4  SAMPLE_SPACE                   
200182b8  flagSampleInt                  
200182bc  x                              
200182c0  new_dig                        
200182c4  indexi                         
200182c8  indexj                         
200182cc  indexi2                        
200182d0  indexj2                        
200182d4  f_tone_final                   
200182f4  cursor_x                       
200182f8  cursor_y                       
200182fc  textsize                       
20018300  textcolor                      
20018304  textbgcolor                    
20018308  wrap                           
2001830c  __TI_ft_end                    
20018310  __aeabi_stdin                  
20018314  __aeabi_stdout                 
20018318  __aeabi_stderr                 
2001831c  __TI_cleanup_ptr               
20018320  __TI_dtors_ptr                 
20018324  __TI_enable_exit_profile_output
20018334  _lock                          
20018338  _unlock                        
2001833c  errno                          
20018348  main_func_sp                   
2002f800  __stack                        
20030000  __STACK_END                    
ffffffff  __TI_pprof_out_hndl            
ffffffff  __TI_prof_data_size            
ffffffff  __TI_prof_data_start           
ffffffff  __binit__                      
ffffffff  __c_args__                     
ffffffff  binit                          
UNDEFED   SHT$$INIT_ARRAY$$Base          
UNDEFED   SHT$$INIT_ARRAY$$Limit         

[261 symbols]
