******************************************************************************
                  TI ARM Linker PC v18.1.4                     
******************************************************************************
>> Linked Mon Mar  4 09:35:04 2019

OUTPUT FILE NAME:   <SSLandTimer.out>
ENTRY POINT SYMBOL: "_c_int00_noargs"  address: 2000f511


MEMORY CONFIGURATION

         name            origin    length      used     unused   attr    fill
----------------------  --------  ---------  --------  --------  ----  --------
  SRAM_CODE             20004000   00013000  0000c9ac  00006654  RW X
  SRAM_DATA             20017000   00019000  00009e2e  0000f1d2  RW X


SEGMENT ALLOCATION MAP

run origin  load origin   length   init length attrs members
----------  ----------- ---------- ----------- ----- -------
20004000    20004000    0000c9b0   0000c9b0    r-x
  20004000    20004000    00000400   00000400    r-- .intvecs
  20004400    20004400    0000b93a   0000b93a    r-x .text
  2000fd3c    2000fd3c    00000b6a   00000b6a    r-- .const
  200108a8    200108a8    00000108   00000108    r-- .cinit
20017000    20017000    00008e30   00000000    rw-
  20017000    20017000    00008000   00000000    rw- .sysmem
  2001f000    2001f000    00000b0e   00000000    rw- .bss
  2001fb10    2001fb10    00000320   00000000    rw- .data
2002f000    2002f000    00001000   00000000    rw-
  2002f000    2002f000    00001000   00000000    rw- .stack


SECTION ALLOCATION MAP

 output                                  attributes/
section   page    origin      length       input sections
--------  ----  ----------  ----------   ----------------
.intvecs   0    20004000    00000400     
                  20004000    00000400     startup_ccs.obj (.intvecs)

.init_array 
*          0    20004000    00000000     UNINITIALIZED

.text      0    20004400    0000b93a     
                  20004400    000021a0     main.obj (.text)
                  200065a0    00000b18     Adafruit_GFX.obj (.text)
                  200070b8    00000a4a     rtsv7M4_T_le_eabi.lib : _printfi.c.obj (.text:__TI_printfi)
                  20007b02    00000002     driverlib.a : interrupt.obj (.text:IntDefaultHandler)
                  20007b04    00000590     simplelink.a : driver.obj (.text:_SlDrvMsgRead)
                  20008094    000004c2     Adafruit_OLED.obj (.text)
                  20008556    00000002     rtsv7M4_T_le_eabi.lib : _lock.c.obj (.text:_nop)
                  20008558    00000398     gpio_if.obj (.text)
                  200088f0    00000280     uart_if.obj (.text)
                  20008b70    0000027c     simplelink.a : wlan.obj (.text:sl_WlanConnect)
                  20008dec    00000268     rtsv7M4_T_le_eabi.lib : _printfi.c.obj (.text:_pconv_a)
                  20009054    0000024c     simplelink.a : driver.obj (.text:_SlDrvRxHdrRead)
                  200092a0    000001e4                  : driver.obj (.text:_SlDrvDataReadOp)
                  20009484    000001d0                  : driver.obj (.text:_SlDrvReleasePoolObj)
                  20009654    000001cc     rtsv7M4_T_le_eabi.lib : _printfi.c.obj (.text:_pconv_g)
                  20009820    000001b6                           : fd_add_t2.asm.obj (.text)
                  200099d6    00000002                           : div0.asm.obj (.text)
                  200099d8    000001b4     simplelink.a : driver.obj (.text:_SlDrvDriverCBInit)
                  20009b8c    0000019c                  : driver.obj (.text:_SlDrvMsgWrite)
                  20009d28    00000198     timer_if.obj (.text)
                  20009ec0    00000190     simplelink.a : driver.obj (.text:_SlDrvWaitForPoolObj)
                  2000a050    0000018c                  : socket.obj (.text:sl_Connect)
                  2000a1dc    00000178     driverlib.a : prcm.obj (.text:PRCMCC3200MCUInit)
                  2000a354    00000170     simplelink.a : driver.obj (.text:_SlFindAndSetActiveObj)
                  2000a4c4    00000150                  : driver.obj (.text:_SlDrvDataWriteOp)
                  2000a614    00000148                  : cc_pal.obj (.text:spi_Open)
                  2000a75c    00000144                  : driver.obj (.text:_SlDrvMsgReadCmdCtx)
                  2000a8a0    00000144                  : netapp.obj (.text:sl_NetAppDnsGetHostByName)
                  2000a9e4    0000013c     rtsv7M4_T_le_eabi.lib : _printfi.c.obj (.text:_pconv_e)
                  2000ab20    00000136                           : fd_div_t2.asm.obj (.text)
                  2000ac56    00000002     --HOLE-- [fill = 0]
                  2000ac58    00000134     simplelink.a : socket.obj (.text:sl_Send)
                  2000ad8c    00000130                  : driver.obj (.text:_SlDrvDriverCBDeinit)
                  2000aebc    00000128     pinmux.obj (.text)
                  2000afe4    00000120     rtsv7M4_T_le_eabi.lib : _printfi.c.obj (.text:fcvt)
                  2000b104    00000114                           : fputs.c.obj (.text:fputs)
                  2000b218    00000114                           : memory.c.obj (.text:realloc)
                  2000b32c    00000104     simplelink.a : netapp.obj (.text:_SlDrvNetAppEventHandler)
                  2000b430    000000fc     rtsv7M4_T_le_eabi.lib : fd_mul_t2.asm.obj (.text)
                  2000b52c    000000f0     simplelink.a : device.obj (.text:sl_Stop)
                  2000b61c    000000f0                  : cc_pal.obj (.text:spi_Read)
                  2000b70c    000000f0     driverlib.a : udma.obj (.text:uDMAChannelTransferSet)
                  2000b7fc    000000ec     simplelink.a : device.obj (.text:sl_Start)
                  2000b8e8    000000e8                  : driver.obj (.text:_SlAsyncEventGenericHandler)
                  2000b9d0    000000e8                  : driver.obj (.text:_SlDrvMsgReadSpawnCtx)
                  2000bab8    000000e4                  : netapp.obj (.text:sl_NetAppMDNSRegisterUnregisterService)
                  2000bb9c    000000dc                  : driver.obj (.text:_SlDrvClassifyRxMsg)
                  2000bc78    000000dc     rtsv7M4_T_le_eabi.lib : setvbuf.c.obj (.text:setvbuf)
                  2000bd54    000000d8                           : memory.c.obj (.text:free)
                  2000be2c    000000d0     driverlib.a : spi.obj (.text:SPITransfer32)
                  2000befc    000000d0     rtsv7M4_T_le_eabi.lib : s_scalbn.c.obj (.text:scalbn)
                  2000bfcc    000000ce     driverlib.a : spi.obj (.text:SPITransfer16)
                  2000c09a    00000002     --HOLE-- [fill = 0]
                  2000c09c    000000cc     simplelink.a : netapp.obj (.text:_sl_HandleAsync_DnsGetHostByService)
                  2000c168    000000cc                  : device.obj (.text:sl_DevGet)
                  2000c234    000000c4                  : driver.obj (.text:_SlRemoveFromList)
                  2000c2f8    000000c0                  : driver.obj (.text:_SlDrvCmdOp)
                  2000c3b8    000000b8     driverlib.a : spi.obj (.text:SPITransfer8)
                  2000c470    000000b1     rtsv7M4_T_le_eabi.lib : _printfi.c.obj (.text:_ltostr)
                  2000c521    00000003     --HOLE-- [fill = 0]
                  2000c524    000000b0     simplelink.a : nonos.obj (.text:_SlNonOsSemGet)
                  2000c5d4    000000a8     driverlib.a : interrupt.obj (.text:IntDisable)
                  2000c67c    000000a8                 : interrupt.obj (.text:IntEnable)
                  2000c724    000000a4     simplelink.a : driver.obj (.text:_SlDriverHandleError)
                  2000c7c8    000000a0     driverlib.a : spi.obj (.text:SPIConfigSetExpClk)
                  2000c868    000000a0     simplelink.a : socket.obj (.text:sl_Recv)
                  2000c908    0000009c     rtsv7M4_T_le_eabi.lib : memcpy_t2.asm.obj (.text)
                  2000c9a4    0000009a     simplelink.a : device.obj (.text:_SlDrvDeviceEventHandler)
                  2000ca3e    00000002     --HOLE-- [fill = 0]
                  2000ca40    00000098                  : device.obj (.text:sl_DevSet)
                  2000cad8    00000098                  : netcfg.obj (.text:sl_NetCfgSet)
                  2000cb70    00000098                  : socket.obj (.text:sl_SetSockOpt)
                  2000cc08    00000098                  : wlan.obj (.text:sl_WlanSet)
                  2000cca0    00000098                  : cc_pal.obj (.text:spi_Write)
                  2000cd38    00000096     rtsv7M4_T_le_eabi.lib : ull_div_t2.asm.obj (.text)
                  2000cdce    00000002     --HOLE-- [fill = 0]
                  2000cdd0    00000094     driverlib.a : prcm.obj (.text:PRCMPeripheralClockGet)
                  2000ce64    00000090     simplelink.a : netapp.obj (.text:_sl_HandleAsync_DnsGetHostByName)
                  2000cef4    00000090                  : netapp.obj (.text:_sl_HandleAsync_PingResponse)
                  2000cf84    00000090                  : wlan.obj (.text:sl_WlanPolicySet)
                  2000d014    0000008c                  : cc_pal.obj (.text:SetupDMAReceive)
                  2000d0a0    0000008c                  : cc_pal.obj (.text:SetupDMASend)
                  2000d12c    0000008c                  : driver.obj (.text:_SlDrvIsTimeoutExpired)
                  2000d1b8    0000008c                  : device.obj (.text:_sl_HandleAsync_InitComplete)
                  2000d244    0000008c     rtsv7M4_T_le_eabi.lib : fputc.c.obj (.text:fputc)
                  2000d2d0    0000008c     simplelink.a : socket.obj (.text:sl_Socket)
                  2000d35c    00000088     driverlib.a : pin.obj (.text:PinConfigSet)
                  2000d3e4    00000088                 : spi.obj (.text:SPITransfer)
                  2000d46c    00000086     rtsv7M4_T_le_eabi.lib : fd_cmp_t2.asm.obj (.text:__aeabi_cdcmple)
                  2000d4f2    00000086                           : fd_cmp_t2.asm.obj (.text:__aeabi_cdrcmple)
                  2000d578    00000084     simplelink.a : wlan.obj (.text:sl_WlanRxFilterSet)
                  2000d5fc    00000082     driverlib.a : gpio.obj (.text:GPIOIntTypeSet)
                  2000d67e    00000002     --HOLE-- [fill = 0]
                  2000d680    00000080     simplelink.a : socket.obj (.text:_sl_HandleAsync_Connect)
                  2000d700    00000080                  : cc_pal.obj (.text:spi_Read_CPU)
                  2000d780    00000080                  : cc_pal.obj (.text:spi_Write_CPU)
                  2000d800    0000007a     rtsv7M4_T_le_eabi.lib : memset_t2.asm.obj (.text)
                  2000d87a    00000002     --HOLE-- [fill = 0]
                  2000d87c    00000078                           : memory.c.obj (.text:malloc)
                  2000d8f4    00000078     simplelink.a : cc_pal.obj (.text:spi_Close)
                  2000d96c    00000076     driverlib.a : uart.obj (.text:UARTConfigSetExpClk)
                  2000d9e2    00000002     --HOLE-- [fill = 0]
                  2000d9e4    00000074     simplelink.a : nonos.obj (.text:_SlNonOsMainLoopTask)
                  2000da58    00000074     rtsv7M4_T_le_eabi.lib : fclose.c.obj (.text:__TI_closefile)
                  2000dacc    00000070     driverlib.a : timer.obj (.text:TimerIntRegister)
                  2000db3c    0000006e     rtsv7M4_T_le_eabi.lib : _printfi.c.obj (.text:_mcpy)
                  2000dbaa    00000002     --HOLE-- [fill = 0]
                  2000dbac    0000006c     simplelink.a : driver.obj (.text:_SlDrvCmdSend)
                  2000dc18    0000006c                  : netapp.obj (.text:_sl_NetAppSendTokenValue)
                  2000dc84    00000068     rtsv7M4_T_le_eabi.lib : hostlseek.c.obj (.text:HOSTlseek)
                  2000dcec    00000068                           : hostrename.c.obj (.text:HOSTrename)
                  2000dd54    00000068     driverlib.a : timer.obj (.text:TimerIntUnregister)
                  2000ddbc    00000068     rtsv7M4_T_le_eabi.lib : copy_decompress_lzss.c.obj (.text:decompress:lzss:__TI_decompress_lzss)
                  2000de24    00000068                           : printf.c.obj (.text:printf)
                  2000de8c    00000064     simplelink.a : nonos.obj (.text:_SlNonOsSpawn)
                  2000def0    00000064                  : socket.obj (.text:_sl_HandleAsync_Accept)
                  2000df54    00000064     rtsv7M4_T_le_eabi.lib : fseek.c.obj (.text:fseek)
                  2000dfb8    00000064     simplelink.a : netapp.obj (.text:sl_NetAppMDNSUnRegisterService)
                  2000e01c    00000064     driverlib.a : udma.obj (.text:uDMAChannelAttributeDisable)
                  2000e080    00000064                 : udma.obj (.text:uDMAChannelAttributeEnable)
                  2000e0e4    00000062     rtsv7M4_T_le_eabi.lib : _io_perm.c.obj (.text:__TI_wrt_ok)
                  2000e146    00000002     --HOLE-- [fill = 0]
                  2000e148    00000060                           : hostopen.c.obj (.text:HOSTopen)
                  2000e1a8    00000060     simplelink.a : socket.obj (.text:sl_Close)
                  2000e208    00000060                  : wlan.obj (.text:sl_WlanProfileDel)
                  2000e268    00000060                  : wlan.obj (.text:sl_WlanSetMode)
                  2000e2c8    0000005c     rtsv7M4_T_le_eabi.lib : close.c.obj (.text:close)
                  2000e324    0000005c                           : s_frexp.c.obj (.text:frexp)
                  2000e380    00000058                           : hostread.c.obj (.text:HOSTread)
                  2000e3d8    00000058                           : hostwrite.c.obj (.text:HOSTwrite)
                  2000e430    00000058     driverlib.a : interrupt.obj (.text:IntPendClear)
                  2000e488    00000058                 : prcm.obj (.text:PRCMPeripheralReset)
                  2000e4e0    00000056     rtsv7M4_T_le_eabi.lib : _printfi.c.obj (.text:_pconv_f)
                  2000e536    00000002     --HOLE-- [fill = 0]
                  2000e538    00000054     driverlib.a : interrupt.obj (.text:IntPrioritySet)
                  2000e58c    00000054     simplelink.a : driver.obj (.text:_SlDrvRxIrqHandler)
                  2000e5e0    00000054                  : socket.obj (.text:_sl_HandleAsync_Select)
                  2000e634    00000054     rtsv7M4_T_le_eabi.lib : ltoa.c.obj (.text:ltoa)
                  2000e688    00000052                           : _printfi.c.obj (.text:_ecpy)
                  2000e6da    00000002     --HOLE-- [fill = 0]
                  2000e6dc    00000050     simplelink.a : device.obj (.text:_sl_HandleAsync_Stop)
                  2000e72c    0000004c     driverlib.a : spi.obj (.text:SPIIntEnable)
                  2000e778    0000004c                 : spi.obj (.text:SPIIntNumberGet)
                  2000e7c4    0000004c     simplelink.a : driver.obj (.text:_SlDrvProtectAsyncRespSetting)
                  2000e810    0000004c     rtsv7M4_T_le_eabi.lib : fflush.c.obj (.text:__TI_doflush)
                  2000e85c    0000004c     simplelink.a : socket.obj (.text:_sl_BuildAddress)
                  2000e8a8    0000004c     rtsv7M4_T_le_eabi.lib : atoi.c.obj (.text:atoi)
                  2000e8f4    0000004c     driverlib.a : udma.obj (.text:uDMAChannelAssign)
                  2000e940    00000048                 : gpio.obj (.text:GPIOGetIntNumber)
                  2000e988    00000048                 : spi.obj (.text:SPIIntClear)
                  2000e9d0    00000048     simplelink.a : driver.obj (.text:_SlDrvBasicCmd)
                  2000ea18    00000048     rtsv7M4_T_le_eabi.lib : exit.c.obj (.text:exit)
                  2000ea60    00000048                           : fd_toi_t2.asm.obj (.text)
                  2000eaa8    00000044                           : hostclose.c.obj (.text:HOSTclose)
                  2000eaec    00000044                           : hostunlink.c.obj (.text:HOSTunlink)
                  2000eb30    00000044     driverlib.a : spi.obj (.text:SPIDmaMaskGet)
                  2000eb74    00000044                 : timer.obj (.text:TimerConfigure)
                  2000ebb8    00000044                 : uart.obj (.text:UARTIntNumberGet)
                  2000ebfc    00000044     simplelink.a : driver.obj (.text:_SlDrvSyncObjWaitTimeout)
                  2000ec40    00000044     rtsv7M4_T_le_eabi.lib : autoinit.c.obj (.text:__TI_auto_init_nobinit_nopinit:__TI_auto_init_nobinit_nopinit)
                  2000ec84    00000044     simplelink.a : cc_pal.obj (.text:cc_SetupTransfer)
                  2000ecc8    00000044     rtsv7M4_T_le_eabi.lib : getdevice.c.obj (.text:getdevice)
                  2000ed0c    00000042     simplelink.a : socket.obj (.text:sl_Htonl)
                  2000ed4e    00000002     --HOLE-- [fill = 0]
                  2000ed50    00000040     driverlib.a : pin.obj (.text:PinModeSet)
                  2000ed90    00000040     simplelink.a : socket.obj (.text:_sl_TruncatePayloadByProtocol)
                  2000edd0    00000040     rtsv7M4_T_le_eabi.lib : sprintf.c.obj (.text:sprintf)
                  2000ee10    00000040                           : vsnprintf.c.obj (.text:vsnprintf)
                  2000ee50    0000003e     simplelink.a : cc_pal.obj (.text:NwpRegisterInterruptHandler)
                  2000ee8e    0000003e     rtsv7M4_T_le_eabi.lib : _printfi.c.obj (.text:_fcpy)
                  2000eecc    0000003c     simplelink.a : netapp.obj (.text:CopyPingResultsToReport)
                  2000ef08    0000003c     driverlib.a : prcm.obj (.text:PRCMPeripheralClkEnable)
                  2000ef44    0000003c     rtsv7M4_T_le_eabi.lib : memory.c.obj (.text:minsert)
                  2000ef80    0000003c     simplelink.a : cc_pal.obj (.text:simplelink_timerA2_start)
                  2000efbc    0000003c                  : socket.obj (.text:sl_Htons)
                  2000eff8    0000003c     driverlib.a : udma.obj (.text:uDMAChannelControlSet)
                  2000f034    00000038     simplelink.a : cc_pal.obj (.text:NwpPowerOff)
                  2000f06c    00000038     rtsv7M4_T_le_eabi.lib : trgmsg.c.obj (.text:__TI_writemsg)
                  2000f0a4    00000038                           : memory.c.obj (.text:minit)
                  2000f0dc    00000038     simplelink.a : wlan.obj (.text:sl_WlanDisconnect)
                  2000f114    00000036     driverlib.a : gpio.obj (.text:GPIODirModeSet)
                  2000f14a    00000036     rtsv7M4_T_le_eabi.lib : strncpy.c.obj (.text:strncpy)
                  2000f180    00000034     driverlib.a : prcm.obj (.text:PRCMPeripheralStatusGet)
                  2000f1b4    00000034                 : spi.obj (.text:SPIFIFOLevelSet)
                  2000f1e8    00000034     rtsv7M4_T_le_eabi.lib : fopen.c.obj (.text:__TI_cleanup)
                  2000f21c    00000034                           : trgmsg.c.obj (.text:__TI_readmsg)
                  2000f250    00000030     driverlib.a : pin.obj (.text:PinTypeGPIO)
                  2000f280    00000030                 : uart.obj (.text:UARTDisable)
                  2000f2b0    00000030     rtsv7M4_T_le_eabi.lib : vsnprintf.c.obj (.text:_outs)
                  2000f2e0    00000030                           : getdevice.c.obj (.text:finddevice)
                  2000f310    0000002e                           : i_tofd_t2.asm.obj (.text)
                  2000f33e    00000002     --HOLE-- [fill = 0]
                  2000f340    0000002c     simplelink.a : cc_pal.obj (.text:NwpPowerOn)
                  2000f36c    0000002c     driverlib.a : prcm.obj (.text:PRCMSysResetCauseGet)
                  2000f398    0000002c     simplelink.a : driver.obj (.text:_SlDrvObjGlobalLockWaitForever)
                  2000f3c4    0000002c                  : driver.obj (.text:_SlDrvProtectionObjLockWaitForever)
                  2000f3f0    0000002c     rtsv7M4_T_le_eabi.lib : unlink.c.obj (.text:unlink)
                  2000f41c    0000002a     driverlib.a : timer.obj (.text:TimerLoadSet)
                  2000f446    0000002a                 : timer.obj (.text:TimerPrescaleSet)
                  2000f470    00000028                 : prcm.obj (.text:PRCMPeripheralClkDisable)
                  2000f498    00000028     simplelink.a : driver.obj (.text:_SlDrvGlobalObjUnLock)
                  2000f4c0    00000028                  : driver.obj (.text:_SlDrvProtectionObjUnLock)
                  2000f4e8    00000028                  : driver.obj (.text:_SlDrvSyncObjWaitForever)
                  2000f510    00000028     rtsv7M4_T_le_eabi.lib : boot_cortex_m.c.obj (.text:_c_int00_noargs:_c_int00_noargs)
                  2000f538    00000028                           : lseek.c.obj (.text:lseek)
                  2000f560    00000028                           : memory.c.obj (.text:mremove)
                  2000f588    00000028                           : write.c.obj (.text:write)
                  2000f5b0    00000026     simplelink.a : driver.obj (.text:_SlDrvObjLockWaitForever)
                  2000f5d6    00000002     --HOLE-- [fill = 0]
                  2000f5d8    00000024                  : cc_pal.obj (.text:DmaSpiSwIntHandler)
                  2000f5fc    00000024     driverlib.a : interrupt.obj (.text:IntUnregister)
                  2000f620    00000024                 : uart.obj (.text:UARTEnable)
                  2000f644    00000024     rtsv7M4_T_le_eabi.lib : memmov.c.obj (.text:memmove)
                  2000f668    00000022     driverlib.a : spi.obj (.text:SPIReset)
                  2000f68a    00000022                 : spi.obj (.text:SPIWordCountSet)
                  2000f6ac    00000020                 : gpio.obj (.text:GPIOPinWrite)
                  2000f6cc    00000020                 : interrupt.obj (.text:IntRegister)
                  2000f6ec    00000020     simplelink.a : cc_pal.obj (.text:NwpPrePowerOffTimout0)
                  2000f70c    00000020     driverlib.a : spi.obj (.text:SPIDataGet)
                  2000f72c    00000020     simplelink.a : cc_pal.obj (.text:TimerGetCurrentTimestamp)
                  2000f74c    00000020                  : driver.obj (.text:_SlDrvObjUnLock)
                  2000f76c    00000020                  : driver.obj (.text:_SlDrvSyncObjSignal)
                  2000f78c    00000020     rtsv7M4_T_le_eabi.lib : memchr.c.obj (.text:memchr)
                  2000f7ac    0000001e     driverlib.a : gpio.obj (.text:GPIOIntRegister)
                  2000f7ca    0000001e                 : spi.obj (.text:SPIDataPut)
                  2000f7e8    0000001e                 : timer.obj (.text:TimerDisable)
                  2000f806    0000001e                 : timer.obj (.text:TimerEnable)
                  2000f824    0000001e                 : timer.obj (.text:TimerIntStatus)
                  2000f842    0000001e                 : uart.obj (.text:UARTCharPut)
                  2000f860    0000001e                 : uart.obj (.text:UARTIntRegister)
                  2000f87e    0000001e     simplelink.a : cc_pal.obj (.text:cc_UDMAChannelSelect)
                  2000f89c    0000001e     rtsv7M4_T_le_eabi.lib : strcat.c.obj (.text:strcat)
                  2000f8ba    0000001c     driverlib.a : timer.obj (.text:TimerValueGet)
                  2000f8d6    0000001c                 : uart.obj (.text:UARTCharGetNonBlocking)
                  2000f8f2    0000001c     simplelink.a : driver.obj (.text:_SlDrvStartMeasureTimeout)
                  2000f90e    0000001c     rtsv7M4_T_le_eabi.lib : memccpy.c.obj (.text:memccpy)
                  2000f92a    00000002     --HOLE-- [fill = 0]
                  2000f92c    0000001c     driverlib.a : udma.obj (.text:uDMAChannelEnable)
                  2000f948    0000001a                 : gpio.obj (.text:GPIOIntEnable)
                  2000f962    0000001a                 : pin.obj (.text:PinTypeSPI)
                  2000f97c    0000001a                 : pin.obj (.text:PinTypeUART)
                  2000f996    0000001a                 : spi.obj (.text:SPIDmaDisable)
                  2000f9b0    0000001a                 : spi.obj (.text:SPIDmaEnable)
                  2000f9ca    0000001a                 : spi.obj (.text:SPIFIFODisable)
                  2000f9e4    0000001a                 : spi.obj (.text:SPIFIFOEnable)
                  2000f9fe    0000001a                 : spi.obj (.text:SPIIntUnregister)
                  2000fa18    00000018                 : gpio.obj (.text:GPIOPinRead)
                  2000fa30    00000018                 : spi.obj (.text:SPICSDisable)
                  2000fa48    00000018                 : spi.obj (.text:SPICSEnable)
                  2000fa60    00000018                 : spi.obj (.text:SPIDisable)
                  2000fa78    00000018                 : spi.obj (.text:SPIEnable)
                  2000fa90    00000018                 : timer.obj (.text:TimerIntDisable)
                  2000faa8    00000018                 : timer.obj (.text:TimerIntEnable)
                  2000fac0    00000018                 : uart.obj (.text:UARTCharsAvail)
                  2000fad8    00000018                 : uart.obj (.text:UARTDMADisable)
                  2000faf0    00000018                 : uart.obj (.text:UARTDMAEnable)
                  2000fb08    00000018                 : uart.obj (.text:UARTIntEnable)
                  2000fb20    00000018     simplelink.a : nonos.obj (.text:_SlNonOsSemSet)
                  2000fb38    00000018     rtsv7M4_T_le_eabi.lib : vsnprintf.c.obj (.text:_outc)
                  2000fb50    00000018                           : sprintf.c.obj (.text:_outs)
                  2000fb68    00000018     simplelink.a : device.obj (.text:_sl_GetStartResponseConvert)
                  2000fb80    00000018     rtsv7M4_T_le_eabi.lib : strcmp.c.obj (.text:strcmp)
                  2000fb98    00000016     driverlib.a : prcm.obj (.text:PRCMHIBRegRead)
                  2000fbae    00000016                 : prcm.obj (.text:PRCMHIBRegWrite)
                  2000fbc4    00000016                 : uart.obj (.text:UARTCharGet)
                  2000fbda    00000016     simplelink.a : driver.obj (.text:_SlDrvMemZero)
                  2000fbf0    00000016     rtsv7M4_T_le_eabi.lib : strchr.c.obj (.text:strchr)
                  2000fc06    00000014     driverlib.a : cpu.obj (.text:CPUcpsie)
                  2000fc1a    00000014                 : gpio.obj (.text:GPIOIntClear)
                  2000fc2e    00000002     --HOLE-- [fill = 0]
                  2000fc30    00000014                 : interrupt.obj (.text:IntVTableBaseSet)
                  2000fc44    00000014     rtsv7M4_T_le_eabi.lib : strcpy.c.obj (.text:strcpy)
                  2000fc58    00000014                           : strlen.c.obj (.text:strlen)
                  2000fc6c    00000012     driverlib.a : timer.obj (.text:TimerIntClear)
                  2000fc7e    00000012                 : uart.obj (.text:UARTIntClear)
                  2000fc90    00000012     rtsv7M4_T_le_eabi.lib : wcslen.c.obj (.text:wcslen)
                  2000fca2    00000010     simplelink.a : driver.obj (.text:_SlDrvDispatchHttpServerEvents)
                  2000fcb2    0000000e                  : driver.obj (.text:_SlDrvResetCmdExt)
                  2000fcc0    0000000e     rtsv7M4_T_le_eabi.lib : copy_decompress_none.c.obj (.text:decompress:none:__TI_decompress_none)
                  2000fcce    0000000e     startup_ccs.obj (.text)
                  2000fcdc    0000000c     simplelink.a : cc_pal.obj (.text:NwpMaskInterrupt)
                  2000fce8    0000000c                  : cc_pal.obj (.text:NwpUnMaskInterrupt)
                  2000fcf4    0000000c     rtsv7M4_T_le_eabi.lib : copy_zero_init.c.obj (.text:decompress:ZI:__TI_zero_init)
                  2000fd00    0000000a     driverlib.a : interrupt.obj (.text:IntMasterEnable)
                  2000fd0a    0000000a     rtsv7M4_T_le_eabi.lib : sprintf.c.obj (.text:_outc)
                  2000fd14    00000008                           : errno.c.obj (.text:__aeabi_errno_addr)
                  2000fd1c    00000008                           : s_copysign.c.obj (.text:copysign)
                  2000fd24    00000006     driverlib.a : utils.obj (.text:UtilsDelay)
                  2000fd2a    00000004     rtsv7M4_T_le_eabi.lib : printf.c.obj (.text:_outc)
                  2000fd2e    00000004                           : printf.c.obj (.text:_outs)
                  2000fd32    00000004                           : pre_init.c.obj (.text:_system_pre_init)
                  2000fd36    00000004                           : exit.c.obj (.text:abort:abort)

.const     0    2000fd3c    00000b6a     
                  2000fd3c    000004fb     Adafruit_GFX.obj (.const:.string:font)
                  20010237    00000101     rtsv7M4_T_le_eabi.lib : ctype.c.obj (.const:.string:_ctypes_)
                  20010338    00000100     driverlib.a : pin.obj (.const:g_ulPinToPadMap)
                  20010438    000000d4                 : interrupt.obj (.const:g_pulRegs)
                  2001050c    000000a8                 : prcm.obj (.const:PRCM_PeriphRegsList)
                  200105b4    00000080                 : interrupt.obj (.const)
                  20010634    0000003c     simplelink.a : driver.obj (.const:OpcodeTranslateTable)
                  20010670    00000038                  : driver.obj (.const:_SlActionLookupTable)
                  200106a8    00000036     main.obj (.const:.string)
                  200106de    00000002     --HOLE-- [fill = 0]
                  200106e0    0000002c     main.obj (.const:$P$T1$2)
                  2001070c    00000024     driverlib.a : spi.obj (.const:g_ppulSPIIntMap)
                  20010730    00000022     main.obj (.const:.string:$P$T0$1)
                  20010752    00000002     --HOLE-- [fill = 0]
                  20010754    00000020     simplelink.a : driver.obj (.const:RxMsgClassLUT)
                  20010774    00000018     driverlib.a : spi.obj (.const)
                  2001078c    00000015     main.obj (.const:.string:$P$T6$7)
                  200107a1    00000003     --HOLE-- [fill = 0]
                  200107a4    00000014     simplelink.a : driver.obj (.const:$P$T0$1)
                  200107b8    00000014                  : nonos.obj (.const:$P$T0$1)
                  200107cc    00000014     main.obj (.const:$P$T2$3)
                  200107e0    00000010     main.obj (.const:$P$T9$10)
                  200107f0    00000010     simplelink.a : socket.obj (.const:.string:_SlPayloadByProtocolLUT)
                  20010800    00000010     driverlib.a : uart.obj (.const)
                  20010810    0000000c     main.obj (.const:$P$T4$5)
                  2001081c    0000000c     main.obj (.const:.string:$P$T3$4)
                  20010828    0000000a     main.obj (.const:.string:$P$T8$9)
                  20010832    00000009     main.obj (.const:.string:$P$T5$6)
                  2001083b    00000008     simplelink.a : device.obj (.const:StartResponseLUT)
                  20010843    00000001     --HOLE-- [fill = 0]
                  20010844    00000008                  : driver.obj (.const:g_H2NCnysPattern)
                  2001084c    00000008                  : driver.obj (.const:g_H2NSyncPattern)
                  20010854    00000005     main.obj (.const:.string:$P$T7$8)
                  20010859    00000001     --HOLE-- [fill = 0]
                  2001085a    00000004     simplelink.a : wlan.obj (.const:$P$T0$1)
                  2001085e    00000004                  : socket.obj (.const:$P$T2$3)
                  20010862    00000004                  : device.obj (.const:_SlDeviceGetCmdCtrl)
                  20010866    00000004                  : device.obj (.const:_SlDeviceSetCmdCtrl)
                  2001086a    00000004                  : netapp.obj (.const:_SlGetHostByNameCtrl)
                  2001086e    00000004                  : netapp.obj (.const:_SlNetAppSendTokenValueCmdCtrl)
                  20010872    00000004                  : netcfg.obj (.const:_SlNetCfgSetCmdCtrl)
                  20010876    00000004                  : wlan.obj (.const:_SlPolicySetCmdCtrl)
                  2001087a    00000004                  : wlan.obj (.const:_SlProfileDelCmdCtrl)
                  2001087e    00000004                  : socket.obj (.const:_SlRecvCmdCtrl)
                  20010882    00000004                  : netapp.obj (.const:_SlRegisterServiceCtrl)
                  20010886    00000004                  : wlan.obj (.const:_SlRxFilterSetCmdCtrl)
                  2001088a    00000004                  : socket.obj (.const:_SlSendCmdCtrl)
                  2001088e    00000004                  : socket.obj (.const:_SlSetSockOptCmdCtrl)
                  20010892    00000004                  : socket.obj (.const:_SlSockCloseCmdCtrl)
                  20010896    00000004                  : socket.obj (.const:_SlSockSocketCmdCtrl)
                  2001089a    00000004                  : device.obj (.const:_SlStopCmdCtrl)
                  2001089e    00000004                  : wlan.obj (.const:_SlWlanCfgSetCmdCtrl)
                  200108a2    00000004                  : wlan.obj (.const:_SlWlanSetModeCmdCtrl)

.cinit     0    200108a8    00000108     
                  200108a8    000000e1     (.cinit..data.load) [load image, compression = lzss]
                  20010989    00000003     --HOLE-- [fill = 0]
                  2001098c    0000000c     (__TI_handler_table)
                  20010998    00000008     (.cinit..bss.load) [load image, compression = zero_init]
                  200109a0    00000010     (__TI_cinit_table)

.sysmem    0    20017000    00008000     UNINITIALIZED
                  20017000    00000008     rtsv7M4_T_le_eabi.lib : memory.c.obj (.sysmem)
                  20017008    00007ff8     --HOLE--

.bss       0    2001f000    00000b0e     UNINITIALIZED
                  2001f000    00000668     (.common:rxDataBuff)
                  2001f668    00000168     simplelink.a : driver.obj (.bss:g_StatMem)
                  2001f7d0    00000120     rtsv7M4_T_le_eabi.lib : trgmsg.c.obj (.bss:_CIOBUF_)
                  2001f8f0    000000a0     (.common:__TI_tmpnams)
                  2001f990    00000050     (.common:g_ucDinDout)
                  2001f9e0    00000030     (.common:counting)
                  2001fa10    0000002c     (.common:g_time)
                  2001fa3c    00000024     (.common:g_ucConnectionSSID)
                  2001fa60    00000020     (.common:fPower)
                  2001fa80    00000020     (.common:main_coeff)
                  2001faa0    00000020     (.common:power_all)
                  2001fac0    00000008     (.common:g_ucConnectionBSSID)
                  2001fac8    00000008     (.common:parmbuf)
                  2001fad0    00000004     main.obj (.bss:g_ucRxBuff)
                  2001fad4    00000004     main.obj (.bss:g_ucTxBuff)
                  2001fad8    00000004     main.obj (.bss)
                  2001fadc    00000004     uart_if.obj (.bss)
                  2001fae0    00000004     (.common:alpha)
                  2001fae4    00000004     (.common:buff)
                  2001fae8    00000004     (.common:bufferLength)
                  2001faec    00000004     (.common:buttom_x)
                  2001faf0    00000004     (.common:buttom_y)
                  2001faf4    00000004     (.common:diff)
                  2001faf8    00000004     (.common:direction)
                  2001fafc    00000004     (.common:rxData1)
                  2001fb00    00000004     (.common:rxData2)
                  2001fb04    00000001     (.common:RxIrqCnt)
                  2001fb05    00000001     (.common:alpha_pressed)
                  2001fb06    00000001     (.common:button_signal)
                  2001fb07    00000001     (.common:button_signal2)
                  2001fb08    00000001     (.common:g_bDeviceRestartIsRequired)
                  2001fb09    00000001     (.common:g_cDummy)
                  2001fb0a    00000001     (.common:g_ucLED1Pin)
                  2001fb0b    00000001     (.common:g_ucLED2Pin)
                  2001fb0c    00000001     (.common:g_ucLED3Pin)
                  2001fb0d    00000001     (.common:signalFlag)

.data      0    2001fb10    00000320     UNINITIALIZED
                  2001fb10    000000f0     rtsv7M4_T_le_eabi.lib : defs.c.obj (.data:_ftable)
                  2001fc00    00000078                           : write.c.obj (.data:_device)
                  2001fc78    00000070     main.obj (.data)
                  2001fce8    00000050     rtsv7M4_T_le_eabi.lib : write.c.obj (.data:_stream)
                  2001fd38    0000003c     simplelink.a : nonos.obj (.data:g__SlNonOsCB)
                  2001fd74    00000020     main.obj (.data:f_tone_final)
                  2001fd94    00000015     Adafruit_GFX.obj (.data)
                  2001fda9    00000014     main.obj (.data:buffer)
                  2001fdbd    00000003     --HOLE--
                  2001fdc0    00000014     gpio_if.obj (.data:ulReg)
                  2001fdd4    00000010     rtsv7M4_T_le_eabi.lib : defs.c.obj (.data)
                  2001fde4    0000000d     simplelink.a : driver.obj (.data)
                  2001fdf1    00000003     --HOLE--
                  2001fdf4    0000000c     rtsv7M4_T_le_eabi.lib : exit.c.obj (.data:$O1$$)
                  2001fe00    0000000c                           : memory.c.obj (.data:$O1$$)
                  2001fe0c    0000000c     gpio_if.obj (.data)
                  2001fe18    00000009     simplelink.a : cc_pal.obj (.data)
                  2001fe21    00000003     --HOLE--
                  2001fe24    00000008     rtsv7M4_T_le_eabi.lib : _lock.c.obj (.data:$O1$$)
                  2001fe2c    00000004                           : errno.c.obj (.data)

.stack     0    2002f000    00001000     UNINITIALIZED
                  2002f000    00000004     rtsv7M4_T_le_eabi.lib : boot_cortex_m.c.obj (.stack)
                  2002f004    00000ffc     --HOLE--

MODULE SUMMARY

       Module                       code    ro data   rw data
       ------                       ----    -------   -------
    .\
       main.obj                     8608    237       2088   
       Adafruit_GFX.obj             2840    1275      21     
       Adafruit_OLED.obj            1218    0         0      
       startup_ccs.obj              14      1024      0      
       gpio_if.obj                  920     0         35     
       uart_if.obj                  640     0         4      
       timer_if.obj                 408     0         0      
       pinmux.obj                   296     0         0      
    +--+----------------------------+-------+---------+---------+
       Total:                       14944   2536      2148   
                                                             
    C:/ti/CC3200SDK_1.3.0/cc3200-sdk/driverlib/ccs/Release/driverlib.a
       spi.obj                      1594    60        0      
       prcm.obj                     852     168       0      
       interrupt.obj                608     340       0      
       udma.obj                     604     0         0      
       pin.obj                      300     256       0      
       timer.obj                    552     0         0      
       uart.obj                     494     16        0      
       gpio.obj                     388     0         0      
       cpu.obj                      20      0         0      
       utils.obj                    6       0         0      
    +--+----------------------------+-------+---------+---------+
       Total:                       5418    840       0      
                                                             
    C:/ti/CC3200SDK_1.3.0/cc3200-sdk/simplelink/ccs/NON_OS/simplelink.a
       driver.obj                   7714    184       375    
       cc_pal.obj                   1820    0         90     
       socket.obj                   1830    40        0      
       netapp.obj                   1572    12        0      
       wlan.obj                     1312    24        0      
       device.obj                   1230    20        0      
       nonos.obj                    416     20        60     
       netcfg.obj                   152     4         0      
    +--+----------------------------+-------+---------+---------+
       Total:                       16046   304       525    
                                                             
    C:\ti\ccsv8\tools\compiler\ti-cgt-arm_18.1.4.LTS\lib\rtsv7M4_T_le_eabi.lib
       _printfi.c.obj               4831    0         0      
       memory.c.obj                 768     0         12     
       fd_add_t2.asm.obj            438     0         0      
       defs.c.obj                   0       0         416    
       trgmsg.c.obj                 108     0         288    
       fd_div_t2.asm.obj            310     0         0      
       fputs.c.obj                  276     0         0      
       fd_cmp_t2.asm.obj            268     0         0      
       ctype.c.obj                  0       257       0      
       fd_mul_t2.asm.obj            252     0         0      
       write.c.obj                  40      0         200    
       setvbuf.c.obj                220     0         0      
       s_scalbn.c.obj               208     0         0      
       memcpy_t2.asm.obj            156     0         0      
       ull_div_t2.asm.obj           150     0         0      
       fputc.c.obj                  140     0         0      
       vsnprintf.c.obj              136     0         0      
       memset_t2.asm.obj            122     0         0      
       fclose.c.obj                 116     0         0      
       getdevice.c.obj              116     0         0      
       printf.c.obj                 112     0         0      
       copy_decompress_lzss.c.obj   104     0         0      
       hostlseek.c.obj              104     0         0      
       hostopen.c.obj               96      0         8      
       hostrename.c.obj             104     0         0      
       fseek.c.obj                  100     0         0      
       _io_perm.c.obj               98      0         0      
       sprintf.c.obj                98      0         0      
       close.c.obj                  92      0         0      
       s_frexp.c.obj                92      0         0      
       exit.c.obj                   76      0         12     
       hostread.c.obj               88      0         0      
       hostwrite.c.obj              88      0         0      
       ltoa.c.obj                   84      0         0      
       atoi.c.obj                   76      0         0      
       fflush.c.obj                 76      0         0      
       fd_toi_t2.asm.obj            72      0         0      
       autoinit.c.obj               68      0         0      
       hostclose.c.obj              68      0         0      
       hostunlink.c.obj             68      0         0      
       strncpy.c.obj                54      0         0      
       fopen.c.obj                  52      0         0      
       i_tofd_t2.asm.obj            46      0         0      
       unlink.c.obj                 44      0         0      
       boot_cortex_m.c.obj          40      0         0      
       lseek.c.obj                  40      0         0      
       memmov.c.obj                 36      0         0      
       memchr.c.obj                 32      0         0      
       strcat.c.obj                 30      0         0      
       memccpy.c.obj                28      0         0      
       strcmp.c.obj                 24      0         0      
       strchr.c.obj                 22      0         0      
       strcpy.c.obj                 20      0         0      
       strlen.c.obj                 20      0         0      
       wcslen.c.obj                 18      0         0      
       copy_decompress_none.c.obj   14      0         0      
       copy_zero_init.c.obj         12      0         0      
       errno.c.obj                  8       0         4      
       _lock.c.obj                  2       0         8      
       s_copysign.c.obj             8       0         0      
       pre_init.c.obj               4       0         0      
       div0.asm.obj                 2       0         0      
    +--+----------------------------+-------+---------+---------+
       Total:                       10975   257       948    
                                                             
       Heap:                        0       0         32768  
       Stack:                       0       0         4096   
       Linker Generated:            0       261       0      
    +--+----------------------------+-------+---------+---------+
       Grand Total:                 47383   4198      40485  


LINKER GENERATED COPY TABLES

__TI_cinit_table @ 200109a0 records: 2, size/record: 8, table size: 16
	.data: load addr=200108a8, load size=000000e1 bytes, run addr=2001fb10, run size=00000320 bytes, compression=lzss
	.bss: load addr=20010998, load size=00000008 bytes, run addr=2001f000, run size=00000b0e bytes, compression=zero_init


LINKER GENERATED HANDLER TABLE

__TI_handler_table @ 2001098c records: 3, size/record: 4, table size: 12
	index: 0, handler: __TI_decompress_lzss
	index: 1, handler: __TI_decompress_none
	index: 2, handler: __TI_zero_init


GLOBAL SYMBOLS: SORTED ALPHABETICALLY BY Name 

address   name                                  
-------   ----                                  
20006323  ADC                                   
20008141  Adafruit_Init                         
2000fd37  C$$EXIT                               
2000f09b  C$$IO$$                               
2000fc07  CPUcpsie                              
20008931  ClearTerm                             
200082b7  Color565                              
2000f5d9  DmaSpiSwIntHandler                    
2000893b  Error                                 
2000f115  GPIODirModeSet                        
2000fc1b  GPIOIntClear                          
2000f949  GPIOIntEnable                         
2000f7ad  GPIOIntRegister                       
2000d5fd  GPIOIntTypeSet                        
2000fa19  GPIOPinRead                           
2000f6ad  GPIOPinWrite                          
20008819  GPIO_IF_ConfigureNIntEnable           
200088a5  GPIO_IF_Get                           
200087d3  GPIO_IF_GetPortNPin                   
20008595  GPIO_IF_LedConfigure                  
20008687  GPIO_IF_LedOff                        
200085d3  GPIO_IF_LedOn                         
2000873b  GPIO_IF_LedStatus                     
200087a5  GPIO_IF_LedToggle                     
20008861  GPIO_IF_Set                           
20008973  GetCmd                                
2000eaa9  HOSTclose                             
2000dc85  HOSTlseek                             
2000e149  HOSTopen                              
2000e381  HOSTread                              
2000dced  HOSTrename                            
2000eaed  HOSTunlink                            
2000e3d9  HOSTwrite                             
200088f1  InitTerm                              
2000c5d5  IntDisable                            
2000c67d  IntEnable                             
2000fd01  IntMasterEnable                       
2000e431  IntPendClear                          
2000e539  IntPrioritySet                        
2000f6cd  IntRegister                           
2000f5fd  IntUnregister                         
2000fc31  IntVTableBaseSet                      
2000890f  Message                               
2000fcdd  NwpMaskInterrupt                      
2000f035  NwpPowerOff                           
2000f341  NwpPowerOn                            
2000f6ed  NwpPrePowerOffTimout0                 
2000ee51  NwpRegisterInterruptHandler           
2000fce9  NwpUnMaskInterrupt                    
20010634  OpcodeTranslateTable                  
20006f4b  Outstr                                
2000a1dd  PRCMCC3200MCUInit                     
2000fb99  PRCMHIBRegRead                        
2000fbaf  PRCMHIBRegWrite                       
2000f471  PRCMPeripheralClkDisable              
2000ef09  PRCMPeripheralClkEnable               
2000cdd1  PRCMPeripheralClockGet                
2000e489  PRCMPeripheralReset                   
2000f181  PRCMPeripheralStatusGet               
2000f36d  PRCMSysResetCauseGet                  
2000d35d  PinConfigSet                          
2000ed51  PinModeSet                            
2000aebd  PinMuxConfig                          
2000f251  PinTypeGPIO                           
2000f963  PinTypeSPI                            
2000f97d  PinTypeUART                           
20008ab1  Report                                
2000fccf  ResetISR                              
2001fb04  RxIrqCnt                              
2001fcbc  SAMPLE_SPACE                          
2000fa31  SPICSDisable                          
2000fa49  SPICSEnable                           
2000c7c9  SPIConfigSetExpClk                    
2000f70d  SPIDataGet                            
2000f7cb  SPIDataPut                            
2000fa61  SPIDisable                            
2000f997  SPIDmaDisable                         
2000f9b1  SPIDmaEnable                          
2000fa79  SPIEnable                             
2000f9cb  SPIFIFODisable                        
2000f9e5  SPIFIFOEnable                         
2000f1b5  SPIFIFOLevelSet                       
2000e989  SPIIntClear                           
2000e72d  SPIIntEnable                          
2000f9ff  SPIIntUnregister                      
2000f669  SPIReset                              
2000d3e5  SPITransfer                           
2000f68b  SPIWordCountSet                       
200045d5  SimpleLinkGeneralEventHandler         
200045b1  SimpleLinkHttpServerCallback          
2000450f  SimpleLinkNetAppEventHandler          
200045f5  SimpleLinkSockEventHandler            
20004401  SimpleLinkWlanEventHandler            
20006383  TimerBaseIntHandler                   
2000eb75  TimerConfigure                        
2000f7e9  TimerDisable                          
2000f807  TimerEnable                           
2000f72d  TimerGetCurrentTimestamp              
2000fc6d  TimerIntClear                         
2000fa91  TimerIntDisable                       
2000faa9  TimerIntEnable                        
2000dacd  TimerIntRegister                      
2000f825  TimerIntStatus                        
2000dd55  TimerIntUnregister                    
2000f41d  TimerLoadSet                          
2000f447  TimerPrescaleSet                      
2000639b  TimerRefIntHandler                    
2000f8bb  TimerValueGet                         
20009e6f  Timer_IF_DeInit                       
20009ea1  Timer_IF_GetCount                     
20009da9  Timer_IF_Init                         
20009ddb  Timer_IF_IntSetup                     
20009e27  Timer_IF_InterruptClear               
20009e89  Timer_IF_ReLoad                       
20009e3f  Timer_IF_Start                        
20009e5f  Timer_IF_Stop                         
20008a19  TrimSpace                             
2000fbc5  UARTCharGet                           
2000f8d7  UARTCharGetNonBlocking                
2000f843  UARTCharPut                           
2000fac1  UARTCharsAvail                        
2000d96d  UARTConfigSetExpClk                   
2000fad9  UARTDMADisable                        
2000faf1  UARTDMAEnable                         
2000f281  UARTDisable                           
2000f621  UARTEnable                            
2000fc7f  UARTIntClear                          
2000fb09  UARTIntEnable                         
2000f861  UARTIntRegister                       
2000fd25  UtilsDelay                            
20010670  _SlActionLookupTable                  
2000c725  _SlDriverHandleError                  
2000e9d1  _SlDrvBasicCmd                        
2000c2f9  _SlDrvCmdOp                           
2000dbad  _SlDrvCmdSend                         
200092a1  _SlDrvDataReadOp                      
2000a4c5  _SlDrvDataWriteOp                     
2000c9a5  _SlDrvDeviceEventHandler              
2000fca3  _SlDrvDispatchHttpServerEvents        
2000ad8d  _SlDrvDriverCBDeinit                  
200099d9  _SlDrvDriverCBInit                    
2000f499  _SlDrvGlobalObjUnLock                 
2000d12d  _SlDrvIsTimeoutExpired                
2000fbdb  _SlDrvMemZero                         
2000b9d1  _SlDrvMsgReadSpawnCtx                 
2000b32d  _SlDrvNetAppEventHandler              
2000f5b1  _SlDrvObjLockWaitForever              
2000f74d  _SlDrvObjUnLock                       
2000e7c5  _SlDrvProtectAsyncRespSetting         
2000f3c5  _SlDrvProtectionObjLockWaitForever    
2000f4c1  _SlDrvProtectionObjUnLock             
20009485  _SlDrvReleasePoolObj                  
2000fcb3  _SlDrvResetCmdExt                     
2000e58d  _SlDrvRxIrqHandler                    
2000f8f3  _SlDrvStartMeasureTimeout             
2000f76d  _SlDrvSyncObjSignal                   
2000f4e9  _SlDrvSyncObjWaitForever              
2000ebfd  _SlDrvSyncObjWaitTimeout              
20009ec1  _SlDrvWaitForPoolObj                  
2001086e  _SlNetAppSendTokenValueCmdCtrl        
2000d9e5  _SlNonOsMainLoopTask                  
2000c525  _SlNonOsSemGet                        
2000fb21  _SlNonOsSemSet                        
2000de8d  _SlNonOsSpawn                         
2001f7d0  __CIOBUF_                             
20030000  __STACK_END                           
00001000  __STACK_SIZE                          
00008000  __SYSMEM_SIZE                         
200109a0  __TI_CINIT_Base                       
200109b0  __TI_CINIT_Limit                      
2001098c  __TI_Handler_Table_Base               
20010998  __TI_Handler_Table_Limit              
2000ec41  __TI_auto_init_nobinit_nopinit        
2000f1e9  __TI_cleanup                          
2001fdf4  __TI_cleanup_ptr                      
2000da59  __TI_closefile                        
2000ddbd  __TI_decompress_lzss                  
2000fcc1  __TI_decompress_none                  
2000e811  __TI_doflush                          
2001fdf8  __TI_dtors_ptr                        
2001fdfc  __TI_enable_exit_profile_output       
2001fdd4  __TI_ft_end                           
ffffffff  __TI_pprof_out_hndl                   
200070b9  __TI_printfi                          
ffffffff  __TI_prof_data_size                   
ffffffff  __TI_prof_data_start                  
2000f21d  __TI_readmsg                          
200108a8  __TI_static_base__                    
2001f8f0  __TI_tmpnams                          
2000f06d  __TI_writemsg                         
2000e0e5  __TI_wrt_ok                           
2000fcf5  __TI_zero_init                        
2000d46d  __aeabi_cdcmpeq                       
2000d46d  __aeabi_cdcmple                       
2000d4f3  __aeabi_cdrcmple                      
2000ea61  __aeabi_d2iz                          
2000982b  __aeabi_dadd                          
2000ab21  __aeabi_ddiv                          
2000b431  __aeabi_dmul                          
20009821  __aeabi_dsub                          
2000fd15  __aeabi_errno_addr                    
2000f311  __aeabi_i2d                           
200099d7  __aeabi_idiv0                         
200099d7  __aeabi_ldiv0                         
2000d801  __aeabi_memclr                        
2000d801  __aeabi_memclr4                       
2000d801  __aeabi_memclr8                       
2000c909  __aeabi_memcpy                        
2000c909  __aeabi_memcpy4                       
2000c909  __aeabi_memcpy8                       
2000d803  __aeabi_memset                        
2000d803  __aeabi_memset4                       
2000d803  __aeabi_memset8                       
2001fde0  __aeabi_stderr                        
2001fdd8  __aeabi_stdin                         
2001fddc  __aeabi_stdout                        
2000cd39  __aeabi_uldivmod                      
ffffffff  __binit__                             
ffffffff  __c_args__                            
UNDEFED   __mpu_init                            
2002f000  __stack                               
2000f511  _c_int00_noargs                       
20010237  _ctypes_                              
2001fc00  _device                               
2001fb10  _ftable                               
2001fe24  _lock                                 
20008557  _nop                                  
2000def1  _sl_HandleAsync_Accept                
2000d681  _sl_HandleAsync_Connect               
2000ce65  _sl_HandleAsync_DnsGetHostByName      
2000c09d  _sl_HandleAsync_DnsGetHostByService   
2000d1b9  _sl_HandleAsync_InitComplete          
2000cef5  _sl_HandleAsync_PingResponse          
2000e5e1  _sl_HandleAsync_Select                
2000e6dd  _sl_HandleAsync_Stop                  
2000dc19  _sl_NetAppSendTokenValue              
2001fce8  _stream                               
20017000  _sys_memory                           
UNDEFED   _system_post_cinit                    
2000fd33  _system_pre_init                      
2001fe28  _unlock                               
2001fc98  a                                     
2000fd37  abort                                 
2001fae0  alpha                                 
2001fb05  alpha_pressed                         
2000e8a9  atoi                                  
ffffffff  binit                                 
2001fae4  buff                                  
2001fcac  buff2                                 
2001fca4  buff_index                            
2001fda9  buffer                                
2001fae8  bufferLength                          
2001fca8  buffold                               
2001faec  buttom_x                              
2001faf0  buttom_y                              
20005e71  buttonToChar                          
20006055  buttonToChar2                         
2001fb06  button_signal                         
2001fb07  button_signal2                        
2000e2c9  close                                 
2000fd1d  copysign                              
2000fd1d  copysignl                             
2001f9e0  counting                              
2001fd94  cursor_x                              
2001fd98  cursor_y                              
2001fc88  cx                                    
2001fc8c  cy                                    
2001fce4  deleteflag                            
2001faf4  diff                                  
2001faf8  direction                             
2001fcdc  direction2                            
20006dff  drawChar                              
200065a1  drawCircle                            
200066d5  drawCircleHelper                      
20008461  drawFastHLine                         
200083c1  drawFastVLine                         
2000691b  drawLine                              
200084fd  drawPixel                             
20006a07  drawRect                              
20006a55  drawRoundRect                         
20006bbd  drawTriangle                          
2001fe2c  errno                                 
2000ea19  exit                                  
2001fa60  fPower                                
2001fd74  f_tone_final                          
20007003  fillASCII                             
200067f3  fillCircle                            
2000682d  fillCircleHelper                      
2000830f  fillRect                              
20006b43  fillRoundRect                         
200082f9  fillScreen                            
20006bff  fillTriangle                          
2000f2e1  finddevice                            
2001fcc0  flagSampleInt                         
2001fcb0  flag_to_send                          
2000d245  fputc                                 
2000b105  fputs                                 
2000bd55  free                                  
2000e325  frexp                                 
2000e325  frexpl                                
2000df55  fseek                                 
2001fc84  g_Host                                
2001fde4  g_SlDeviceStatus                      
2001fe18  g_SpiFd                               
2001fd38  g__SlNonOsCB                          
2001fb08  g_bDeviceRestartIsRequired            
2001fb09  g_cDummy                              
2001fde8  g_pCB                                 
2001fe1c  g_pHostIntHdl                         
20004000  g_pfnVectors                          
2001fa10  g_time                                
2001fac0  g_ucConnectionBSSID                   
2001fa3c  g_ucConnectionSSID                    
2001fe20  g_ucDMAEnabled                        
2001f990  g_ucDinDout                           
2001fb0a  g_ucLED1Pin                           
2001fb0b  g_ucLED2Pin                           
2001fb0c  g_ucLED3Pin                           
2001fe0c  g_uiLED1Port                          
2001fe10  g_uiLED2Port                          
2001fe14  g_uiLED3Port                          
2001fc80  g_ulGatewayIP                         
2001fc7c  g_ulPingPacketsRecv                   
2001fc78  g_ulStatus                            
2000ecc9  getdevice                             
20008273  goTo                                  
2000628b  goertzel                              
20006fff  height                                
2001fccc  indexi                                
2001fcd4  indexi2                               
2001fcd0  indexj                                
2001fcd8  indexj2                               
2000853b  invert                                
2001fce0  lRetVal                               
2000befd  ldexp                                 
2000befd  ldexpl                                
2000f539  lseek                                 
2000e635  ltoa                                  
200050e9  main                                  
20005749  main2                                 
2001fa80  main_coeff                            
2000d87d  malloc                                
20005b9d  maxIndex                              
200064f3  maxIndex2                             
2000f90f  memccpy                               
2000f78d  memchr                                
2000c909  memcpy                                
2000f645  memmove                               
2000d809  memset                                
2000f0a5  minit                                 
2001fcc8  new_dig                               
2001fca0  nowCount                              
2001fdec  pPingCallBackFunc                     
2001fac8  parmbuf                               
20005cd1  post_test                             
2001faa0  power_all                             
200063eb  printChar                             
20004d49  printErrConvenience                   
2000de25  printf                                
2000d245  putc                                  
2000b219  realloc                               
2000f3f1  remove                                
200064ab  resetArray                            
20005b39  resetMatrix                           
2001fc9c  rxData                                
2001fafc  rxData1                               
2001fb00  rxData2                               
2001f000  rxDataBuff                            
2000befd  scalbn                                
2000befd  scalbnl                               
20006f97  setCursor                             
20006fcf  setTextColor                          
20006faf  setTextSize                           
20006fe7  setTextWrap                           
2000bc79  setvbuf                               
2001fb0d  signalFlag                            
2000ef81  simplelink_timerA2_start              
2000e1a9  sl_Close                              
2000a051  sl_Connect                            
2000c169  sl_DevGet                             
2000ca41  sl_DevSet                             
2000ed0d  sl_Htonl                              
2000efbd  sl_Htons                              
2000a8a1  sl_NetAppDnsGetHostByName             
2000bab9  sl_NetAppMDNSRegisterUnregisterService
2000dfb9  sl_NetAppMDNSUnRegisterService        
2000cad9  sl_NetCfgSet                          
2000c869  sl_Recv                               
2000ac59  sl_Send                               
2000cb71  sl_SetSockOpt                         
2000d2d1  sl_Socket                             
2000b7fd  sl_Start                              
2000b52d  sl_Stop                               
20008b71  sl_WlanConnect                        
2000f0dd  sl_WlanDisconnect                     
2000cf85  sl_WlanPolicySet                      
2000e209  sl_WlanProfileDel                     
2000d579  sl_WlanRxFilterSet                    
2000cc09  sl_WlanSet                            
2000e269  sl_WlanSetMode                        
2000d8f5  spi_Close                             
2000a615  spi_Open                              
2000b61d  spi_Read                              
2000cca1  spi_Write                             
2000edd1  sprintf                               
2000f89d  strcat                                
2000fbf1  strchr                                
2000fb81  strcmp                                
2000fc45  strcpy                                
2000fc59  strlen                                
2000f14b  strncpy                               
2001fda4  textbgcolor                           
2001fda0  textcolor                             
2001fd9c  textsize                              
2001fcb4  top_x                                 
2001fcb8  top_y                                 
2000e8f5  uDMAChannelAssign                     
2000e01d  uDMAChannelAttributeDisable           
2000e081  uDMAChannelAttributeEnable            
2000eff9  uDMAChannelControlSet                 
2000f92d  uDMAChannelEnable                     
2000b70d  uDMAChannelTransferSet                
2000f3f1  unlink                                
2000ee11  vsnprintf                             
2000fc91  wcslen                                
20006ffb  width                                 
2001fda8  wrap                                  
2000f589  write                                 
20008095  writeCommand                          
200080eb  writeData                             
2001fcc4  x                                     


GLOBAL SYMBOLS: SORTED BY Symbol Address 

address   name                                  
-------   ----                                  
00001000  __STACK_SIZE                          
00008000  __SYSMEM_SIZE                         
20004000  g_pfnVectors                          
20004401  SimpleLinkWlanEventHandler            
2000450f  SimpleLinkNetAppEventHandler          
200045b1  SimpleLinkHttpServerCallback          
200045d5  SimpleLinkGeneralEventHandler         
200045f5  SimpleLinkSockEventHandler            
20004d49  printErrConvenience                   
200050e9  main                                  
20005749  main2                                 
20005b39  resetMatrix                           
20005b9d  maxIndex                              
20005cd1  post_test                             
20005e71  buttonToChar                          
20006055  buttonToChar2                         
2000628b  goertzel                              
20006323  ADC                                   
20006383  TimerBaseIntHandler                   
2000639b  TimerRefIntHandler                    
200063eb  printChar                             
200064ab  resetArray                            
200064f3  maxIndex2                             
200065a1  drawCircle                            
200066d5  drawCircleHelper                      
200067f3  fillCircle                            
2000682d  fillCircleHelper                      
2000691b  drawLine                              
20006a07  drawRect                              
20006a55  drawRoundRect                         
20006b43  fillRoundRect                         
20006bbd  drawTriangle                          
20006bff  fillTriangle                          
20006dff  drawChar                              
20006f4b  Outstr                                
20006f97  setCursor                             
20006faf  setTextSize                           
20006fcf  setTextColor                          
20006fe7  setTextWrap                           
20006ffb  width                                 
20006fff  height                                
20007003  fillASCII                             
200070b9  __TI_printfi                          
20008095  writeCommand                          
200080eb  writeData                             
20008141  Adafruit_Init                         
20008273  goTo                                  
200082b7  Color565                              
200082f9  fillScreen                            
2000830f  fillRect                              
200083c1  drawFastVLine                         
20008461  drawFastHLine                         
200084fd  drawPixel                             
2000853b  invert                                
20008557  _nop                                  
20008595  GPIO_IF_LedConfigure                  
200085d3  GPIO_IF_LedOn                         
20008687  GPIO_IF_LedOff                        
2000873b  GPIO_IF_LedStatus                     
200087a5  GPIO_IF_LedToggle                     
200087d3  GPIO_IF_GetPortNPin                   
20008819  GPIO_IF_ConfigureNIntEnable           
20008861  GPIO_IF_Set                           
200088a5  GPIO_IF_Get                           
200088f1  InitTerm                              
2000890f  Message                               
20008931  ClearTerm                             
2000893b  Error                                 
20008973  GetCmd                                
20008a19  TrimSpace                             
20008ab1  Report                                
20008b71  sl_WlanConnect                        
200092a1  _SlDrvDataReadOp                      
20009485  _SlDrvReleasePoolObj                  
20009821  __aeabi_dsub                          
2000982b  __aeabi_dadd                          
200099d7  __aeabi_idiv0                         
200099d7  __aeabi_ldiv0                         
200099d9  _SlDrvDriverCBInit                    
20009da9  Timer_IF_Init                         
20009ddb  Timer_IF_IntSetup                     
20009e27  Timer_IF_InterruptClear               
20009e3f  Timer_IF_Start                        
20009e5f  Timer_IF_Stop                         
20009e6f  Timer_IF_DeInit                       
20009e89  Timer_IF_ReLoad                       
20009ea1  Timer_IF_GetCount                     
20009ec1  _SlDrvWaitForPoolObj                  
2000a051  sl_Connect                            
2000a1dd  PRCMCC3200MCUInit                     
2000a4c5  _SlDrvDataWriteOp                     
2000a615  spi_Open                              
2000a8a1  sl_NetAppDnsGetHostByName             
2000ab21  __aeabi_ddiv                          
2000ac59  sl_Send                               
2000ad8d  _SlDrvDriverCBDeinit                  
2000aebd  PinMuxConfig                          
2000b105  fputs                                 
2000b219  realloc                               
2000b32d  _SlDrvNetAppEventHandler              
2000b431  __aeabi_dmul                          
2000b52d  sl_Stop                               
2000b61d  spi_Read                              
2000b70d  uDMAChannelTransferSet                
2000b7fd  sl_Start                              
2000b9d1  _SlDrvMsgReadSpawnCtx                 
2000bab9  sl_NetAppMDNSRegisterUnregisterService
2000bc79  setvbuf                               
2000bd55  free                                  
2000befd  ldexp                                 
2000befd  ldexpl                                
2000befd  scalbn                                
2000befd  scalbnl                               
2000c09d  _sl_HandleAsync_DnsGetHostByService   
2000c169  sl_DevGet                             
2000c2f9  _SlDrvCmdOp                           
2000c525  _SlNonOsSemGet                        
2000c5d5  IntDisable                            
2000c67d  IntEnable                             
2000c725  _SlDriverHandleError                  
2000c7c9  SPIConfigSetExpClk                    
2000c869  sl_Recv                               
2000c909  __aeabi_memcpy                        
2000c909  __aeabi_memcpy4                       
2000c909  __aeabi_memcpy8                       
2000c909  memcpy                                
2000c9a5  _SlDrvDeviceEventHandler              
2000ca41  sl_DevSet                             
2000cad9  sl_NetCfgSet                          
2000cb71  sl_SetSockOpt                         
2000cc09  sl_WlanSet                            
2000cca1  spi_Write                             
2000cd39  __aeabi_uldivmod                      
2000cdd1  PRCMPeripheralClockGet                
2000ce65  _sl_HandleAsync_DnsGetHostByName      
2000cef5  _sl_HandleAsync_PingResponse          
2000cf85  sl_WlanPolicySet                      
2000d12d  _SlDrvIsTimeoutExpired                
2000d1b9  _sl_HandleAsync_InitComplete          
2000d245  fputc                                 
2000d245  putc                                  
2000d2d1  sl_Socket                             
2000d35d  PinConfigSet                          
2000d3e5  SPITransfer                           
2000d46d  __aeabi_cdcmpeq                       
2000d46d  __aeabi_cdcmple                       
2000d4f3  __aeabi_cdrcmple                      
2000d579  sl_WlanRxFilterSet                    
2000d5fd  GPIOIntTypeSet                        
2000d681  _sl_HandleAsync_Connect               
2000d801  __aeabi_memclr                        
2000d801  __aeabi_memclr4                       
2000d801  __aeabi_memclr8                       
2000d803  __aeabi_memset                        
2000d803  __aeabi_memset4                       
2000d803  __aeabi_memset8                       
2000d809  memset                                
2000d87d  malloc                                
2000d8f5  spi_Close                             
2000d96d  UARTConfigSetExpClk                   
2000d9e5  _SlNonOsMainLoopTask                  
2000da59  __TI_closefile                        
2000dacd  TimerIntRegister                      
2000dbad  _SlDrvCmdSend                         
2000dc19  _sl_NetAppSendTokenValue              
2000dc85  HOSTlseek                             
2000dced  HOSTrename                            
2000dd55  TimerIntUnregister                    
2000ddbd  __TI_decompress_lzss                  
2000de25  printf                                
2000de8d  _SlNonOsSpawn                         
2000def1  _sl_HandleAsync_Accept                
2000df55  fseek                                 
2000dfb9  sl_NetAppMDNSUnRegisterService        
2000e01d  uDMAChannelAttributeDisable           
2000e081  uDMAChannelAttributeEnable            
2000e0e5  __TI_wrt_ok                           
2000e149  HOSTopen                              
2000e1a9  sl_Close                              
2000e209  sl_WlanProfileDel                     
2000e269  sl_WlanSetMode                        
2000e2c9  close                                 
2000e325  frexp                                 
2000e325  frexpl                                
2000e381  HOSTread                              
2000e3d9  HOSTwrite                             
2000e431  IntPendClear                          
2000e489  PRCMPeripheralReset                   
2000e539  IntPrioritySet                        
2000e58d  _SlDrvRxIrqHandler                    
2000e5e1  _sl_HandleAsync_Select                
2000e635  ltoa                                  
2000e6dd  _sl_HandleAsync_Stop                  
2000e72d  SPIIntEnable                          
2000e7c5  _SlDrvProtectAsyncRespSetting         
2000e811  __TI_doflush                          
2000e8a9  atoi                                  
2000e8f5  uDMAChannelAssign                     
2000e989  SPIIntClear                           
2000e9d1  _SlDrvBasicCmd                        
2000ea19  exit                                  
2000ea61  __aeabi_d2iz                          
2000eaa9  HOSTclose                             
2000eaed  HOSTunlink                            
2000eb75  TimerConfigure                        
2000ebfd  _SlDrvSyncObjWaitTimeout              
2000ec41  __TI_auto_init_nobinit_nopinit        
2000ecc9  getdevice                             
2000ed0d  sl_Htonl                              
2000ed51  PinModeSet                            
2000edd1  sprintf                               
2000ee11  vsnprintf                             
2000ee51  NwpRegisterInterruptHandler           
2000ef09  PRCMPeripheralClkEnable               
2000ef81  simplelink_timerA2_start              
2000efbd  sl_Htons                              
2000eff9  uDMAChannelControlSet                 
2000f035  NwpPowerOff                           
2000f06d  __TI_writemsg                         
2000f09b  C$$IO$$                               
2000f0a5  minit                                 
2000f0dd  sl_WlanDisconnect                     
2000f115  GPIODirModeSet                        
2000f14b  strncpy                               
2000f181  PRCMPeripheralStatusGet               
2000f1b5  SPIFIFOLevelSet                       
2000f1e9  __TI_cleanup                          
2000f21d  __TI_readmsg                          
2000f251  PinTypeGPIO                           
2000f281  UARTDisable                           
2000f2e1  finddevice                            
2000f311  __aeabi_i2d                           
2000f341  NwpPowerOn                            
2000f36d  PRCMSysResetCauseGet                  
2000f3c5  _SlDrvProtectionObjLockWaitForever    
2000f3f1  remove                                
2000f3f1  unlink                                
2000f41d  TimerLoadSet                          
2000f447  TimerPrescaleSet                      
2000f471  PRCMPeripheralClkDisable              
2000f499  _SlDrvGlobalObjUnLock                 
2000f4c1  _SlDrvProtectionObjUnLock             
2000f4e9  _SlDrvSyncObjWaitForever              
2000f511  _c_int00_noargs                       
2000f539  lseek                                 
2000f589  write                                 
2000f5b1  _SlDrvObjLockWaitForever              
2000f5d9  DmaSpiSwIntHandler                    
2000f5fd  IntUnregister                         
2000f621  UARTEnable                            
2000f645  memmove                               
2000f669  SPIReset                              
2000f68b  SPIWordCountSet                       
2000f6ad  GPIOPinWrite                          
2000f6cd  IntRegister                           
2000f6ed  NwpPrePowerOffTimout0                 
2000f70d  SPIDataGet                            
2000f72d  TimerGetCurrentTimestamp              
2000f74d  _SlDrvObjUnLock                       
2000f76d  _SlDrvSyncObjSignal                   
2000f78d  memchr                                
2000f7ad  GPIOIntRegister                       
2000f7cb  SPIDataPut                            
2000f7e9  TimerDisable                          
2000f807  TimerEnable                           
2000f825  TimerIntStatus                        
2000f843  UARTCharPut                           
2000f861  UARTIntRegister                       
2000f89d  strcat                                
2000f8bb  TimerValueGet                         
2000f8d7  UARTCharGetNonBlocking                
2000f8f3  _SlDrvStartMeasureTimeout             
2000f90f  memccpy                               
2000f92d  uDMAChannelEnable                     
2000f949  GPIOIntEnable                         
2000f963  PinTypeSPI                            
2000f97d  PinTypeUART                           
2000f997  SPIDmaDisable                         
2000f9b1  SPIDmaEnable                          
2000f9cb  SPIFIFODisable                        
2000f9e5  SPIFIFOEnable                         
2000f9ff  SPIIntUnregister                      
2000fa19  GPIOPinRead                           
2000fa31  SPICSDisable                          
2000fa49  SPICSEnable                           
2000fa61  SPIDisable                            
2000fa79  SPIEnable                             
2000fa91  TimerIntDisable                       
2000faa9  TimerIntEnable                        
2000fac1  UARTCharsAvail                        
2000fad9  UARTDMADisable                        
2000faf1  UARTDMAEnable                         
2000fb09  UARTIntEnable                         
2000fb21  _SlNonOsSemSet                        
2000fb81  strcmp                                
2000fb99  PRCMHIBRegRead                        
2000fbaf  PRCMHIBRegWrite                       
2000fbc5  UARTCharGet                           
2000fbdb  _SlDrvMemZero                         
2000fbf1  strchr                                
2000fc07  CPUcpsie                              
2000fc1b  GPIOIntClear                          
2000fc31  IntVTableBaseSet                      
2000fc45  strcpy                                
2000fc59  strlen                                
2000fc6d  TimerIntClear                         
2000fc7f  UARTIntClear                          
2000fc91  wcslen                                
2000fca3  _SlDrvDispatchHttpServerEvents        
2000fcb3  _SlDrvResetCmdExt                     
2000fcc1  __TI_decompress_none                  
2000fccf  ResetISR                              
2000fcdd  NwpMaskInterrupt                      
2000fce9  NwpUnMaskInterrupt                    
2000fcf5  __TI_zero_init                        
2000fd01  IntMasterEnable                       
2000fd15  __aeabi_errno_addr                    
2000fd1d  copysign                              
2000fd1d  copysignl                             
2000fd25  UtilsDelay                            
2000fd33  _system_pre_init                      
2000fd37  C$$EXIT                               
2000fd37  abort                                 
20010237  _ctypes_                              
20010634  OpcodeTranslateTable                  
20010670  _SlActionLookupTable                  
2001086e  _SlNetAppSendTokenValueCmdCtrl        
200108a8  __TI_static_base__                    
2001098c  __TI_Handler_Table_Base               
20010998  __TI_Handler_Table_Limit              
200109a0  __TI_CINIT_Base                       
200109b0  __TI_CINIT_Limit                      
20017000  _sys_memory                           
2001f000  rxDataBuff                            
2001f7d0  __CIOBUF_                             
2001f8f0  __TI_tmpnams                          
2001f990  g_ucDinDout                           
2001f9e0  counting                              
2001fa10  g_time                                
2001fa3c  g_ucConnectionSSID                    
2001fa60  fPower                                
2001fa80  main_coeff                            
2001faa0  power_all                             
2001fac0  g_ucConnectionBSSID                   
2001fac8  parmbuf                               
2001fae0  alpha                                 
2001fae4  buff                                  
2001fae8  bufferLength                          
2001faec  buttom_x                              
2001faf0  buttom_y                              
2001faf4  diff                                  
2001faf8  direction                             
2001fafc  rxData1                               
2001fb00  rxData2                               
2001fb04  RxIrqCnt                              
2001fb05  alpha_pressed                         
2001fb06  button_signal                         
2001fb07  button_signal2                        
2001fb08  g_bDeviceRestartIsRequired            
2001fb09  g_cDummy                              
2001fb0a  g_ucLED1Pin                           
2001fb0b  g_ucLED2Pin                           
2001fb0c  g_ucLED3Pin                           
2001fb0d  signalFlag                            
2001fb10  _ftable                               
2001fc00  _device                               
2001fc78  g_ulStatus                            
2001fc7c  g_ulPingPacketsRecv                   
2001fc80  g_ulGatewayIP                         
2001fc84  g_Host                                
2001fc88  cx                                    
2001fc8c  cy                                    
2001fc98  a                                     
2001fc9c  rxData                                
2001fca0  nowCount                              
2001fca4  buff_index                            
2001fca8  buffold                               
2001fcac  buff2                                 
2001fcb0  flag_to_send                          
2001fcb4  top_x                                 
2001fcb8  top_y                                 
2001fcbc  SAMPLE_SPACE                          
2001fcc0  flagSampleInt                         
2001fcc4  x                                     
2001fcc8  new_dig                               
2001fccc  indexi                                
2001fcd0  indexj                                
2001fcd4  indexi2                               
2001fcd8  indexj2                               
2001fcdc  direction2                            
2001fce0  lRetVal                               
2001fce4  deleteflag                            
2001fce8  _stream                               
2001fd38  g__SlNonOsCB                          
2001fd74  f_tone_final                          
2001fd94  cursor_x                              
2001fd98  cursor_y                              
2001fd9c  textsize                              
2001fda0  textcolor                             
2001fda4  textbgcolor                           
2001fda8  wrap                                  
2001fda9  buffer                                
2001fdd4  __TI_ft_end                           
2001fdd8  __aeabi_stdin                         
2001fddc  __aeabi_stdout                        
2001fde0  __aeabi_stderr                        
2001fde4  g_SlDeviceStatus                      
2001fde8  g_pCB                                 
2001fdec  pPingCallBackFunc                     
2001fdf4  __TI_cleanup_ptr                      
2001fdf8  __TI_dtors_ptr                        
2001fdfc  __TI_enable_exit_profile_output       
2001fe0c  g_uiLED1Port                          
2001fe10  g_uiLED2Port                          
2001fe14  g_uiLED3Port                          
2001fe18  g_SpiFd                               
2001fe1c  g_pHostIntHdl                         
2001fe20  g_ucDMAEnabled                        
2001fe24  _lock                                 
2001fe28  _unlock                               
2001fe2c  errno                                 
2002f000  __stack                               
20030000  __STACK_END                           
ffffffff  __TI_pprof_out_hndl                   
ffffffff  __TI_prof_data_size                   
ffffffff  __TI_prof_data_start                  
ffffffff  __binit__                             
ffffffff  __c_args__                            
ffffffff  binit                                 
UNDEFED   __mpu_init                            
UNDEFED   _system_post_cinit                    

[431 symbols]
