<?xml version="1.0" encoding="ISO-8859-1" ?>
<link_info>
   <banner>TI ARM Linker PC v18.1.4.LTS</banner>
   <copyright>Copyright (c) 1996-2018 Texas Instruments Incorporated</copyright>
   <link_time>0x5c5b303a</link_time>
   <link_errors>0x0</link_errors>
   <output_file>timer.out</output_file>
   <entry_point>
      <name>_c_int00_noargs</name>
      <address>0x20009dc9</address>
   </entry_point>
   <input_file_list>
      <input_file id="fl-2">
         <path>.\</path>
         <kind>object</kind>
         <file>Adafruit_GFX.obj</file>
         <name>Adafruit_GFX.obj</name>
      </input_file>
      <input_file id="fl-3">
         <path>.\</path>
         <kind>object</kind>
         <file>Adafruit_OLED.obj</file>
         <name>Adafruit_OLED.obj</name>
      </input_file>
      <input_file id="fl-4">
         <path>.\</path>
         <kind>object</kind>
         <file>gpio_if.obj</file>
         <name>gpio_if.obj</name>
      </input_file>
      <input_file id="fl-5">
         <path>.\</path>
         <kind>object</kind>
         <file>main.obj</file>
         <name>main.obj</name>
      </input_file>
      <input_file id="fl-6">
         <path>.\</path>
         <kind>object</kind>
         <file>pinmux.obj</file>
         <name>pinmux.obj</name>
      </input_file>
      <input_file id="fl-7">
         <path>.\</path>
         <kind>object</kind>
         <file>startup_ccs.obj</file>
         <name>startup_ccs.obj</name>
      </input_file>
      <input_file id="fl-8">
         <path>.\</path>
         <kind>object</kind>
         <file>timer_if.obj</file>
         <name>timer_if.obj</name>
      </input_file>
      <input_file id="fl-9">
         <path>.\</path>
         <kind>object</kind>
         <file>uart_if.obj</file>
         <name>uart_if.obj</name>
      </input_file>
      <input_file id="fl-e">
         <kind>object</kind>
         <file>&lt;internal&gt;</file>
         <name>&lt;internal&gt;</name>
      </input_file>
      <input_file id="fl-c4">
         <path>C:\TI\ccsv8\tools\compiler\ti-cgt-arm_18.1.4.LTS\lib\</path>
         <kind>archive</kind>
         <file>rtsv7M4_T_le_eabi.lib</file>
         <name>copy_zero_init.c.obj</name>
      </input_file>
      <input_file id="fl-c5">
         <path>C:\TI\ccsv8\tools\compiler\ti-cgt-arm_18.1.4.LTS\lib\</path>
         <kind>archive</kind>
         <file>rtsv7M4_T_le_eabi.lib</file>
         <name>copy_decompress_none.c.obj</name>
      </input_file>
      <input_file id="fl-c6">
         <path>C:\TI\ccsv8\tools\compiler\ti-cgt-arm_18.1.4.LTS\lib\</path>
         <kind>archive</kind>
         <file>rtsv7M4_T_le_eabi.lib</file>
         <name>copy_decompress_lzss.c.obj</name>
      </input_file>
      <input_file id="fl-c7">
         <path>C:\TI\ccsv8\tools\compiler\ti-cgt-arm_18.1.4.LTS\lib\</path>
         <kind>archive</kind>
         <file>rtsv7M4_T_le_eabi.lib</file>
         <name>boot_cortex_m.c.obj</name>
      </input_file>
      <input_file id="fl-c8">
         <path>C:\TI\ccsv8\tools\compiler\ti-cgt-arm_18.1.4.LTS\lib\</path>
         <kind>archive</kind>
         <file>rtsv7M4_T_le_eabi.lib</file>
         <name>exit.c.obj</name>
      </input_file>
      <input_file id="fl-c9">
         <path>C:\TI\ccsv8\tools\compiler\ti-cgt-arm_18.1.4.LTS\lib\</path>
         <kind>archive</kind>
         <file>rtsv7M4_T_le_eabi.lib</file>
         <name>memory.c.obj</name>
      </input_file>
      <input_file id="fl-ca">
         <path>C:\TI\ccsv8\tools\compiler\ti-cgt-arm_18.1.4.LTS\lib\</path>
         <kind>archive</kind>
         <file>rtsv7M4_T_le_eabi.lib</file>
         <name>_lock.c.obj</name>
      </input_file>
      <input_file id="fl-cb">
         <path>C:\TI\ccsv8\tools\compiler\ti-cgt-arm_18.1.4.LTS\lib\</path>
         <kind>archive</kind>
         <file>rtsv7M4_T_le_eabi.lib</file>
         <name>args_main.c.obj</name>
      </input_file>
      <input_file id="fl-cc">
         <path>C:\TI\ccsv8\tools\compiler\ti-cgt-arm_18.1.4.LTS\lib\</path>
         <kind>archive</kind>
         <file>rtsv7M4_T_le_eabi.lib</file>
         <name>fputs.c.obj</name>
      </input_file>
      <input_file id="fl-cd">
         <path>C:\TI\ccsv8\tools\compiler\ti-cgt-arm_18.1.4.LTS\lib\</path>
         <kind>archive</kind>
         <file>rtsv7M4_T_le_eabi.lib</file>
         <name>memchr.c.obj</name>
      </input_file>
      <input_file id="fl-ce">
         <path>C:\TI\ccsv8\tools\compiler\ti-cgt-arm_18.1.4.LTS\lib\</path>
         <kind>archive</kind>
         <file>rtsv7M4_T_le_eabi.lib</file>
         <name>memmov.c.obj</name>
      </input_file>
      <input_file id="fl-cf">
         <path>C:\TI\ccsv8\tools\compiler\ti-cgt-arm_18.1.4.LTS\lib\</path>
         <kind>archive</kind>
         <file>rtsv7M4_T_le_eabi.lib</file>
         <name>printf.c.obj</name>
      </input_file>
      <input_file id="fl-d0">
         <path>C:\TI\ccsv8\tools\compiler\ti-cgt-arm_18.1.4.LTS\lib\</path>
         <kind>archive</kind>
         <file>rtsv7M4_T_le_eabi.lib</file>
         <name>strcat.c.obj</name>
      </input_file>
      <input_file id="fl-d1">
         <path>C:\TI\ccsv8\tools\compiler\ti-cgt-arm_18.1.4.LTS\lib\</path>
         <kind>archive</kind>
         <file>rtsv7M4_T_le_eabi.lib</file>
         <name>strlen.c.obj</name>
      </input_file>
      <input_file id="fl-d2">
         <path>C:\TI\ccsv8\tools\compiler\ti-cgt-arm_18.1.4.LTS\lib\</path>
         <kind>archive</kind>
         <file>rtsv7M4_T_le_eabi.lib</file>
         <name>vsnprintf.c.obj</name>
      </input_file>
      <input_file id="fl-d3">
         <path>C:\TI\ccsv8\tools\compiler\ti-cgt-arm_18.1.4.LTS\lib\</path>
         <kind>archive</kind>
         <file>rtsv7M4_T_le_eabi.lib</file>
         <name>write.c.obj</name>
      </input_file>
      <input_file id="fl-d4">
         <path>C:\TI\ccsv8\tools\compiler\ti-cgt-arm_18.1.4.LTS\lib\</path>
         <kind>archive</kind>
         <file>rtsv7M4_T_le_eabi.lib</file>
         <name>memcpy_t2.asm.obj</name>
      </input_file>
      <input_file id="fl-d5">
         <path>C:\TI\ccsv8\tools\compiler\ti-cgt-arm_18.1.4.LTS\lib\</path>
         <kind>archive</kind>
         <file>rtsv7M4_T_le_eabi.lib</file>
         <name>memset_t2.asm.obj</name>
      </input_file>
      <input_file id="fl-d6">
         <path>C:\TI\ccsv8\tools\compiler\ti-cgt-arm_18.1.4.LTS\lib\</path>
         <kind>archive</kind>
         <file>rtsv7M4_T_le_eabi.lib</file>
         <name>autoinit.c.obj</name>
      </input_file>
      <input_file id="fl-d7">
         <path>C:\TI\ccsv8\tools\compiler\ti-cgt-arm_18.1.4.LTS\lib\</path>
         <kind>archive</kind>
         <file>rtsv7M4_T_le_eabi.lib</file>
         <name>pre_init.c.obj</name>
      </input_file>
      <input_file id="fl-d8">
         <path>C:\TI\ccsv8\tools\compiler\ti-cgt-arm_18.1.4.LTS\lib\</path>
         <kind>archive</kind>
         <file>rtsv7M4_T_le_eabi.lib</file>
         <name>cpy_tbl.c.obj</name>
      </input_file>
      <input_file id="fl-d9">
         <path>C:\TI\ccsv8\tools\compiler\ti-cgt-arm_18.1.4.LTS\lib\</path>
         <kind>archive</kind>
         <file>rtsv7M4_T_le_eabi.lib</file>
         <name>_io_perm.c.obj</name>
      </input_file>
      <input_file id="fl-da">
         <path>C:\TI\ccsv8\tools\compiler\ti-cgt-arm_18.1.4.LTS\lib\</path>
         <kind>archive</kind>
         <file>rtsv7M4_T_le_eabi.lib</file>
         <name>_printfi.c.obj</name>
      </input_file>
      <input_file id="fl-db">
         <path>C:\TI\ccsv8\tools\compiler\ti-cgt-arm_18.1.4.LTS\lib\</path>
         <kind>archive</kind>
         <file>rtsv7M4_T_le_eabi.lib</file>
         <name>atoi.c.obj</name>
      </input_file>
      <input_file id="fl-dc">
         <path>C:\TI\ccsv8\tools\compiler\ti-cgt-arm_18.1.4.LTS\lib\</path>
         <kind>archive</kind>
         <file>rtsv7M4_T_le_eabi.lib</file>
         <name>ctype.c.obj</name>
      </input_file>
      <input_file id="fl-dd">
         <path>C:\TI\ccsv8\tools\compiler\ti-cgt-arm_18.1.4.LTS\lib\</path>
         <kind>archive</kind>
         <file>rtsv7M4_T_le_eabi.lib</file>
         <name>defs.c.obj</name>
      </input_file>
      <input_file id="fl-de">
         <path>C:\TI\ccsv8\tools\compiler\ti-cgt-arm_18.1.4.LTS\lib\</path>
         <kind>archive</kind>
         <file>rtsv7M4_T_le_eabi.lib</file>
         <name>fflush.c.obj</name>
      </input_file>
      <input_file id="fl-df">
         <path>C:\TI\ccsv8\tools\compiler\ti-cgt-arm_18.1.4.LTS\lib\</path>
         <kind>archive</kind>
         <file>rtsv7M4_T_le_eabi.lib</file>
         <name>fputc.c.obj</name>
      </input_file>
      <input_file id="fl-e0">
         <path>C:\TI\ccsv8\tools\compiler\ti-cgt-arm_18.1.4.LTS\lib\</path>
         <kind>archive</kind>
         <file>rtsv7M4_T_le_eabi.lib</file>
         <name>fseek.c.obj</name>
      </input_file>
      <input_file id="fl-e1">
         <path>C:\TI\ccsv8\tools\compiler\ti-cgt-arm_18.1.4.LTS\lib\</path>
         <kind>archive</kind>
         <file>rtsv7M4_T_le_eabi.lib</file>
         <name>lseek.c.obj</name>
      </input_file>
      <input_file id="fl-e2">
         <path>C:\TI\ccsv8\tools\compiler\ti-cgt-arm_18.1.4.LTS\lib\</path>
         <kind>archive</kind>
         <file>rtsv7M4_T_le_eabi.lib</file>
         <name>ltoa.c.obj</name>
      </input_file>
      <input_file id="fl-e3">
         <path>C:\TI\ccsv8\tools\compiler\ti-cgt-arm_18.1.4.LTS\lib\</path>
         <kind>archive</kind>
         <file>rtsv7M4_T_le_eabi.lib</file>
         <name>memccpy.c.obj</name>
      </input_file>
      <input_file id="fl-e4">
         <path>C:\TI\ccsv8\tools\compiler\ti-cgt-arm_18.1.4.LTS\lib\</path>
         <kind>archive</kind>
         <file>rtsv7M4_T_le_eabi.lib</file>
         <name>setvbuf.c.obj</name>
      </input_file>
      <input_file id="fl-e5">
         <path>C:\TI\ccsv8\tools\compiler\ti-cgt-arm_18.1.4.LTS\lib\</path>
         <kind>archive</kind>
         <file>rtsv7M4_T_le_eabi.lib</file>
         <name>strchr.c.obj</name>
      </input_file>
      <input_file id="fl-e6">
         <path>C:\TI\ccsv8\tools\compiler\ti-cgt-arm_18.1.4.LTS\lib\</path>
         <kind>archive</kind>
         <file>rtsv7M4_T_le_eabi.lib</file>
         <name>hostclose.c.obj</name>
      </input_file>
      <input_file id="fl-e7">
         <path>C:\TI\ccsv8\tools\compiler\ti-cgt-arm_18.1.4.LTS\lib\</path>
         <kind>archive</kind>
         <file>rtsv7M4_T_le_eabi.lib</file>
         <name>hostlseek.c.obj</name>
      </input_file>
      <input_file id="fl-e8">
         <path>C:\TI\ccsv8\tools\compiler\ti-cgt-arm_18.1.4.LTS\lib\</path>
         <kind>archive</kind>
         <file>rtsv7M4_T_le_eabi.lib</file>
         <name>hostopen.c.obj</name>
      </input_file>
      <input_file id="fl-e9">
         <path>C:\TI\ccsv8\tools\compiler\ti-cgt-arm_18.1.4.LTS\lib\</path>
         <kind>archive</kind>
         <file>rtsv7M4_T_le_eabi.lib</file>
         <name>hostread.c.obj</name>
      </input_file>
      <input_file id="fl-ea">
         <path>C:\TI\ccsv8\tools\compiler\ti-cgt-arm_18.1.4.LTS\lib\</path>
         <kind>archive</kind>
         <file>rtsv7M4_T_le_eabi.lib</file>
         <name>hostrename.c.obj</name>
      </input_file>
      <input_file id="fl-eb">
         <path>C:\TI\ccsv8\tools\compiler\ti-cgt-arm_18.1.4.LTS\lib\</path>
         <kind>archive</kind>
         <file>rtsv7M4_T_le_eabi.lib</file>
         <name>hostunlink.c.obj</name>
      </input_file>
      <input_file id="fl-ec">
         <path>C:\TI\ccsv8\tools\compiler\ti-cgt-arm_18.1.4.LTS\lib\</path>
         <kind>archive</kind>
         <file>rtsv7M4_T_le_eabi.lib</file>
         <name>hostwrite.c.obj</name>
      </input_file>
      <input_file id="fl-ed">
         <path>C:\TI\ccsv8\tools\compiler\ti-cgt-arm_18.1.4.LTS\lib\</path>
         <kind>archive</kind>
         <file>rtsv7M4_T_le_eabi.lib</file>
         <name>trgmsg.c.obj</name>
      </input_file>
      <input_file id="fl-ee">
         <path>C:\TI\ccsv8\tools\compiler\ti-cgt-arm_18.1.4.LTS\lib\</path>
         <kind>archive</kind>
         <file>rtsv7M4_T_le_eabi.lib</file>
         <name>wcslen.c.obj</name>
      </input_file>
      <input_file id="fl-ef">
         <path>C:\TI\ccsv8\tools\compiler\ti-cgt-arm_18.1.4.LTS\lib\</path>
         <kind>archive</kind>
         <file>rtsv7M4_T_le_eabi.lib</file>
         <name>s_frexp.c.obj</name>
      </input_file>
      <input_file id="fl-f0">
         <path>C:\TI\ccsv8\tools\compiler\ti-cgt-arm_18.1.4.LTS\lib\</path>
         <kind>archive</kind>
         <file>rtsv7M4_T_le_eabi.lib</file>
         <name>s_scalbn.c.obj</name>
      </input_file>
      <input_file id="fl-f1">
         <path>C:\TI\ccsv8\tools\compiler\ti-cgt-arm_18.1.4.LTS\lib\</path>
         <kind>archive</kind>
         <file>rtsv7M4_T_le_eabi.lib</file>
         <name>fd_add_t2.asm.obj</name>
      </input_file>
      <input_file id="fl-f2">
         <path>C:\TI\ccsv8\tools\compiler\ti-cgt-arm_18.1.4.LTS\lib\</path>
         <kind>archive</kind>
         <file>rtsv7M4_T_le_eabi.lib</file>
         <name>fd_cmp_t2.asm.obj</name>
      </input_file>
      <input_file id="fl-f3">
         <path>C:\TI\ccsv8\tools\compiler\ti-cgt-arm_18.1.4.LTS\lib\</path>
         <kind>archive</kind>
         <file>rtsv7M4_T_le_eabi.lib</file>
         <name>fd_div_t2.asm.obj</name>
      </input_file>
      <input_file id="fl-f4">
         <path>C:\TI\ccsv8\tools\compiler\ti-cgt-arm_18.1.4.LTS\lib\</path>
         <kind>archive</kind>
         <file>rtsv7M4_T_le_eabi.lib</file>
         <name>fd_mul_t2.asm.obj</name>
      </input_file>
      <input_file id="fl-f5">
         <path>C:\TI\ccsv8\tools\compiler\ti-cgt-arm_18.1.4.LTS\lib\</path>
         <kind>archive</kind>
         <file>rtsv7M4_T_le_eabi.lib</file>
         <name>fd_toi_t2.asm.obj</name>
      </input_file>
      <input_file id="fl-f6">
         <path>C:\TI\ccsv8\tools\compiler\ti-cgt-arm_18.1.4.LTS\lib\</path>
         <kind>archive</kind>
         <file>rtsv7M4_T_le_eabi.lib</file>
         <name>i_tofd_t2.asm.obj</name>
      </input_file>
      <input_file id="fl-f7">
         <path>C:\TI\ccsv8\tools\compiler\ti-cgt-arm_18.1.4.LTS\lib\</path>
         <kind>archive</kind>
         <file>rtsv7M4_T_le_eabi.lib</file>
         <name>ull_div_t2.asm.obj</name>
      </input_file>
      <input_file id="fl-f8">
         <path>C:\TI\ccsv8\tools\compiler\ti-cgt-arm_18.1.4.LTS\lib\</path>
         <kind>archive</kind>
         <file>rtsv7M4_T_le_eabi.lib</file>
         <name>errno.c.obj</name>
      </input_file>
      <input_file id="fl-f9">
         <path>C:\TI\ccsv8\tools\compiler\ti-cgt-arm_18.1.4.LTS\lib\</path>
         <kind>archive</kind>
         <file>rtsv7M4_T_le_eabi.lib</file>
         <name>fopen.c.obj</name>
      </input_file>
      <input_file id="fl-fa">
         <path>C:\TI\ccsv8\tools\compiler\ti-cgt-arm_18.1.4.LTS\lib\</path>
         <kind>archive</kind>
         <file>rtsv7M4_T_le_eabi.lib</file>
         <name>open.c.obj</name>
      </input_file>
      <input_file id="fl-fb">
         <path>C:\TI\ccsv8\tools\compiler\ti-cgt-arm_18.1.4.LTS\lib\</path>
         <kind>archive</kind>
         <file>rtsv7M4_T_le_eabi.lib</file>
         <name>strcpy.c.obj</name>
      </input_file>
      <input_file id="fl-fc">
         <path>C:\TI\ccsv8\tools\compiler\ti-cgt-arm_18.1.4.LTS\lib\</path>
         <kind>archive</kind>
         <file>rtsv7M4_T_le_eabi.lib</file>
         <name>s_copysign.c.obj</name>
      </input_file>
      <input_file id="fl-fd">
         <path>C:\TI\ccsv8\tools\compiler\ti-cgt-arm_18.1.4.LTS\lib\</path>
         <kind>archive</kind>
         <file>rtsv7M4_T_le_eabi.lib</file>
         <name>div0.asm.obj</name>
      </input_file>
      <input_file id="fl-fe">
         <path>C:\TI\ccsv8\tools\compiler\ti-cgt-arm_18.1.4.LTS\lib\</path>
         <kind>archive</kind>
         <file>rtsv7M4_T_le_eabi.lib</file>
         <name>fclose.c.obj</name>
      </input_file>
      <input_file id="fl-ff">
         <path>C:\TI\ccsv8\tools\compiler\ti-cgt-arm_18.1.4.LTS\lib\</path>
         <kind>archive</kind>
         <file>rtsv7M4_T_le_eabi.lib</file>
         <name>getdevice.c.obj</name>
      </input_file>
      <input_file id="fl-100">
         <path>C:\TI\ccsv8\tools\compiler\ti-cgt-arm_18.1.4.LTS\lib\</path>
         <kind>archive</kind>
         <file>rtsv7M4_T_le_eabi.lib</file>
         <name>remove.c.obj</name>
      </input_file>
      <input_file id="fl-101">
         <path>C:\TI\ccsv8\tools\compiler\ti-cgt-arm_18.1.4.LTS\lib\</path>
         <kind>archive</kind>
         <file>rtsv7M4_T_le_eabi.lib</file>
         <name>strcmp.c.obj</name>
      </input_file>
      <input_file id="fl-102">
         <path>C:\TI\ccsv8\tools\compiler\ti-cgt-arm_18.1.4.LTS\lib\</path>
         <kind>archive</kind>
         <file>rtsv7M4_T_le_eabi.lib</file>
         <name>strncpy.c.obj</name>
      </input_file>
      <input_file id="fl-103">
         <path>C:\TI\ccsv8\tools\compiler\ti-cgt-arm_18.1.4.LTS\lib\</path>
         <kind>archive</kind>
         <file>rtsv7M4_T_le_eabi.lib</file>
         <name>unlink.c.obj</name>
      </input_file>
      <input_file id="fl-104">
         <path>C:\TI\ccsv8\tools\compiler\ti-cgt-arm_18.1.4.LTS\lib\</path>
         <kind>archive</kind>
         <file>rtsv7M4_T_le_eabi.lib</file>
         <name>close.c.obj</name>
      </input_file>
      <input_file id="fl-105">
         <path>C:\TI\CC3200SDK_1.3.0\cc3200-sdk\driverlib\ccs\Release\</path>
         <kind>archive</kind>
         <file>driverlib.a</file>
         <name>gpio.obj</name>
      </input_file>
      <input_file id="fl-106">
         <path>C:\TI\CC3200SDK_1.3.0\cc3200-sdk\driverlib\ccs\Release\</path>
         <kind>archive</kind>
         <file>driverlib.a</file>
         <name>interrupt.obj</name>
      </input_file>
      <input_file id="fl-107">
         <path>C:\TI\CC3200SDK_1.3.0\cc3200-sdk\driverlib\ccs\Release\</path>
         <kind>archive</kind>
         <file>driverlib.a</file>
         <name>pin.obj</name>
      </input_file>
      <input_file id="fl-108">
         <path>C:\TI\CC3200SDK_1.3.0\cc3200-sdk\driverlib\ccs\Release\</path>
         <kind>archive</kind>
         <file>driverlib.a</file>
         <name>prcm.obj</name>
      </input_file>
      <input_file id="fl-109">
         <path>C:\TI\CC3200SDK_1.3.0\cc3200-sdk\driverlib\ccs\Release\</path>
         <kind>archive</kind>
         <file>driverlib.a</file>
         <name>spi.obj</name>
      </input_file>
      <input_file id="fl-10a">
         <path>C:\TI\CC3200SDK_1.3.0\cc3200-sdk\driverlib\ccs\Release\</path>
         <kind>archive</kind>
         <file>driverlib.a</file>
         <name>timer.obj</name>
      </input_file>
      <input_file id="fl-10b">
         <path>C:\TI\CC3200SDK_1.3.0\cc3200-sdk\driverlib\ccs\Release\</path>
         <kind>archive</kind>
         <file>driverlib.a</file>
         <name>uart.obj</name>
      </input_file>
      <input_file id="fl-10c">
         <path>C:\TI\CC3200SDK_1.3.0\cc3200-sdk\driverlib\ccs\Release\</path>
         <kind>archive</kind>
         <file>driverlib.a</file>
         <name>utils.obj</name>
      </input_file>
      <input_file id="fl-10d">
         <path>C:\TI\CC3200SDK_1.3.0\cc3200-sdk\driverlib\ccs\Release\</path>
         <kind>archive</kind>
         <file>driverlib.a</file>
         <name>cpu.obj</name>
      </input_file>
      <input_file id="fl-10e">
         <path>C:\TI\CC3200SDK_1.3.0\cc3200-sdk\driverlib\ccs\Release\</path>
         <kind>archive</kind>
         <file>driverlib.a</file>
         <name>flash.obj</name>
      </input_file>
   </input_file_list>
   <object_component_list>
      <object_component id="oc-f">
         <name>.intvecs</name>
         <load_address>0x20004000</load_address>
         <run_address>0x20004000</run_address>
         <size>0x400</size>
         <input_file_ref idref="fl-7"/>
      </object_component>
      <object_component id="oc-94">
         <name>.text</name>
         <load_address>0x20004400</load_address>
         <run_address>0x20004400</run_address>
         <size>0x129c</size>
         <input_file_ref idref="fl-5"/>
      </object_component>
      <object_component id="oc-c8">
         <name>.text</name>
         <load_address>0x2000569c</load_address>
         <run_address>0x2000569c</run_address>
         <size>0xb18</size>
         <input_file_ref idref="fl-2"/>
      </object_component>
      <object_component id="oc-2de">
         <name>.text:__TI_printfi</name>
         <load_address>0x200061b4</load_address>
         <run_address>0x200061b4</run_address>
         <size>0xa4a</size>
         <input_file_ref idref="fl-da"/>
      </object_component>
      <object_component id="oc-45c">
         <name>.text:IntDefaultHandler</name>
         <load_address>0x20006bfe</load_address>
         <run_address>0x20006bfe</run_address>
         <size>0x2</size>
         <input_file_ref idref="fl-106"/>
      </object_component>
      <object_component id="oc-c2">
         <name>.text</name>
         <load_address>0x20006c00</load_address>
         <run_address>0x20006c00</run_address>
         <size>0x4c2</size>
         <input_file_ref idref="fl-3"/>
      </object_component>
      <object_component id="oc-426">
         <name>.text:_nop</name>
         <load_address>0x200070c2</load_address>
         <run_address>0x200070c2</run_address>
         <size>0x2</size>
         <input_file_ref idref="fl-ca"/>
      </object_component>
      <object_component id="oc-116">
         <name>.text</name>
         <load_address>0x200070c4</load_address>
         <run_address>0x200070c4</run_address>
         <size>0x280</size>
         <input_file_ref idref="fl-9"/>
      </object_component>
      <object_component id="oc-402">
         <name>.text:_pconv_a</name>
         <load_address>0x20007344</load_address>
         <run_address>0x20007344</run_address>
         <size>0x268</size>
         <input_file_ref idref="fl-da"/>
      </object_component>
      <object_component id="oc-3f0">
         <name>.text:_pconv_g</name>
         <load_address>0x200075ac</load_address>
         <run_address>0x200075ac</run_address>
         <size>0x1cc</size>
         <input_file_ref idref="fl-da"/>
      </object_component>
      <object_component id="oc-4bc">
         <name>.text</name>
         <load_address>0x20007778</load_address>
         <run_address>0x20007778</run_address>
         <size>0x1b6</size>
         <input_file_ref idref="fl-f1"/>
      </object_component>
      <object_component id="oc-54e">
         <name>.text</name>
         <load_address>0x2000792e</load_address>
         <run_address>0x2000792e</run_address>
         <size>0x2</size>
         <input_file_ref idref="fl-fd"/>
      </object_component>
      <object_component id="oc-ce">
         <name>.text</name>
         <load_address>0x20007930</load_address>
         <run_address>0x20007930</run_address>
         <size>0x198</size>
         <input_file_ref idref="fl-8"/>
      </object_component>
      <object_component id="oc-10a">
         <name>.text:PRCMCC3200MCUInit</name>
         <load_address>0x20007ac8</load_address>
         <run_address>0x20007ac8</run_address>
         <size>0x178</size>
         <input_file_ref idref="fl-108"/>
      </object_component>
      <object_component id="oc-3fc">
         <name>.text:_pconv_e</name>
         <load_address>0x20007c40</load_address>
         <run_address>0x20007c40</run_address>
         <size>0x13c</size>
         <input_file_ref idref="fl-da"/>
      </object_component>
      <object_component id="oc-133">
         <name>.text</name>
         <load_address>0x20007d7c</load_address>
         <run_address>0x20007d7c</run_address>
         <size>0x138</size>
         <input_file_ref idref="fl-6"/>
      </object_component>
      <object_component id="oc-4a2">
         <name>.text</name>
         <load_address>0x20007eb4</load_address>
         <run_address>0x20007eb4</run_address>
         <size>0x136</size>
         <input_file_ref idref="fl-f3"/>
      </object_component>
      <object_component id="oc-4ce">
         <name>.text:fcvt</name>
         <load_address>0x20007fec</load_address>
         <run_address>0x20007fec</run_address>
         <size>0x120</size>
         <input_file_ref idref="fl-da"/>
      </object_component>
      <object_component id="oc-24f">
         <name>.text:fputs</name>
         <load_address>0x2000810c</load_address>
         <run_address>0x2000810c</run_address>
         <size>0x114</size>
         <input_file_ref idref="fl-cc"/>
      </object_component>
      <object_component id="oc-284">
         <name>.text:realloc</name>
         <load_address>0x20008220</load_address>
         <run_address>0x20008220</run_address>
         <size>0x114</size>
         <input_file_ref idref="fl-c9"/>
      </object_component>
      <object_component id="oc-49d">
         <name>.text</name>
         <load_address>0x20008334</load_address>
         <run_address>0x20008334</run_address>
         <size>0xfc</size>
         <input_file_ref idref="fl-f4"/>
      </object_component>
      <object_component id="oc-46b">
         <name>.text:setvbuf</name>
         <load_address>0x20008430</load_address>
         <run_address>0x20008430</run_address>
         <size>0xdc</size>
         <input_file_ref idref="fl-e4"/>
      </object_component>
      <object_component id="oc-28a">
         <name>.text:free</name>
         <load_address>0x2000850c</load_address>
         <run_address>0x2000850c</run_address>
         <size>0xd8</size>
         <input_file_ref idref="fl-c9"/>
      </object_component>
      <object_component id="oc-4e2">
         <name>.text:scalbn</name>
         <load_address>0x200085e4</load_address>
         <run_address>0x200085e4</run_address>
         <size>0xd0</size>
         <input_file_ref idref="fl-f0"/>
      </object_component>
      <object_component id="oc-3e5">
         <name>.text:_ltostr</name>
         <load_address>0x200086b4</load_address>
         <run_address>0x200086b4</run_address>
         <size>0xb1</size>
         <input_file_ref idref="fl-da"/>
      </object_component>
      <object_component id="oc-33a">
         <name>.text:IntDisable</name>
         <load_address>0x20008768</load_address>
         <run_address>0x20008768</run_address>
         <size>0xa8</size>
         <input_file_ref idref="fl-106"/>
      </object_component>
      <object_component id="oc-104">
         <name>.text:IntEnable</name>
         <load_address>0x20008810</load_address>
         <run_address>0x20008810</run_address>
         <size>0xa8</size>
         <input_file_ref idref="fl-106"/>
      </object_component>
      <object_component id="oc-151">
         <name>.text:SPIConfigSetExpClk</name>
         <load_address>0x200088b8</load_address>
         <run_address>0x200088b8</run_address>
         <size>0xa0</size>
         <input_file_ref idref="fl-109"/>
      </object_component>
      <object_component id="oc-3a">
         <name>.text</name>
         <load_address>0x20008958</load_address>
         <run_address>0x20008958</run_address>
         <size>0x9c</size>
         <input_file_ref idref="fl-d4"/>
      </object_component>
      <object_component id="oc-496">
         <name>.text</name>
         <load_address>0x200089f4</load_address>
         <run_address>0x200089f4</run_address>
         <size>0x96</size>
         <input_file_ref idref="fl-f7"/>
      </object_component>
      <object_component id="oc-14b">
         <name>.text:PRCMPeripheralClockGet</name>
         <load_address>0x20008a8c</load_address>
         <run_address>0x20008a8c</run_address>
         <size>0x94</size>
         <input_file_ref idref="fl-108"/>
      </object_component>
      <object_component id="oc-431">
         <name>.text:fputc</name>
         <load_address>0x20008b20</load_address>
         <run_address>0x20008b20</run_address>
         <size>0x8c</size>
         <input_file_ref idref="fl-df"/>
      </object_component>
      <object_component id="oc-3cc">
         <name>.text:PinConfigSet</name>
         <load_address>0x20008bac</load_address>
         <run_address>0x20008bac</run_address>
         <size>0x88</size>
         <input_file_ref idref="fl-107"/>
      </object_component>
      <object_component id="oc-3eb">
         <name>.text:__aeabi_cdcmple</name>
         <load_address>0x20008c34</load_address>
         <run_address>0x20008c34</run_address>
         <size>0x86</size>
         <input_file_ref idref="fl-f2"/>
      </object_component>
      <object_component id="oc-4a7">
         <name>.text:__aeabi_cdrcmple</name>
         <load_address>0x20008cba</load_address>
         <run_address>0x20008cba</run_address>
         <size>0x86</size>
         <input_file_ref idref="fl-f2"/>
      </object_component>
      <object_component id="oc-17b">
         <name>.text:GPIOIntTypeSet</name>
         <load_address>0x20008d40</load_address>
         <run_address>0x20008d40</run_address>
         <size>0x82</size>
         <input_file_ref idref="fl-105"/>
      </object_component>
      <object_component id="oc-88">
         <name>.text</name>
         <load_address>0x20008dc2</load_address>
         <run_address>0x20008dc2</run_address>
         <size>0x7a</size>
         <input_file_ref idref="fl-d5"/>
      </object_component>
      <object_component id="oc-27e">
         <name>.text:malloc</name>
         <load_address>0x20008e3c</load_address>
         <run_address>0x20008e3c</run_address>
         <size>0x78</size>
         <input_file_ref idref="fl-c9"/>
      </object_component>
      <object_component id="oc-25a">
         <name>.text:UARTConfigSetExpClk</name>
         <load_address>0x20008eb4</load_address>
         <run_address>0x20008eb4</run_address>
         <size>0x76</size>
         <input_file_ref idref="fl-10b"/>
      </object_component>
      <object_component id="oc-589">
         <name>.text:__TI_closefile</name>
         <load_address>0x20008f2c</load_address>
         <run_address>0x20008f2c</run_address>
         <size>0x74</size>
         <input_file_ref idref="fl-fe"/>
      </object_component>
      <object_component id="oc-1f2">
         <name>.text:TimerIntRegister</name>
         <load_address>0x20008fa0</load_address>
         <run_address>0x20008fa0</run_address>
         <size>0x70</size>
         <input_file_ref idref="fl-10a"/>
      </object_component>
      <object_component id="oc-4c7">
         <name>.text:_mcpy</name>
         <load_address>0x20009010</load_address>
         <run_address>0x20009010</run_address>
         <size>0x6e</size>
         <input_file_ref idref="fl-da"/>
      </object_component>
      <object_component id="oc-5ad">
         <name>.text:HOSTlseek</name>
         <load_address>0x20009080</load_address>
         <run_address>0x20009080</run_address>
         <size>0x68</size>
         <input_file_ref idref="fl-e7"/>
      </object_component>
      <object_component id="oc-5b9">
         <name>.text:HOSTrename</name>
         <load_address>0x200090e8</load_address>
         <run_address>0x200090e8</run_address>
         <size>0x68</size>
         <input_file_ref idref="fl-ea"/>
      </object_component>
      <object_component id="oc-210">
         <name>.text:TimerIntUnregister</name>
         <load_address>0x20009150</load_address>
         <run_address>0x20009150</run_address>
         <size>0x68</size>
         <input_file_ref idref="fl-10a"/>
      </object_component>
      <object_component id="oc-12">
         <name>.text:decompress:lzss:__TI_decompress_lzss</name>
         <load_address>0x200091b8</load_address>
         <run_address>0x200091b8</run_address>
         <size>0x68</size>
         <input_file_ref idref="fl-c6"/>
      </object_component>
      <object_component id="oc-169">
         <name>.text:printf</name>
         <load_address>0x20009220</load_address>
         <run_address>0x20009220</run_address>
         <size>0x68</size>
         <input_file_ref idref="fl-cf"/>
      </object_component>
      <object_component id="oc-465">
         <name>.text:fseek</name>
         <load_address>0x20009288</load_address>
         <run_address>0x20009288</run_address>
         <size>0x64</size>
         <input_file_ref idref="fl-e0"/>
      </object_component>
      <object_component id="oc-355">
         <name>.text:__TI_wrt_ok</name>
         <load_address>0x200092ec</load_address>
         <run_address>0x200092ec</run_address>
         <size>0x62</size>
         <input_file_ref idref="fl-d9"/>
      </object_component>
      <object_component id="oc-595">
         <name>.text:HOSTopen</name>
         <load_address>0x20009350</load_address>
         <run_address>0x20009350</run_address>
         <size>0x60</size>
         <input_file_ref idref="fl-e8"/>
      </object_component>
      <object_component id="oc-5d4">
         <name>.text:close</name>
         <load_address>0x200093b0</load_address>
         <run_address>0x200093b0</run_address>
         <size>0x5c</size>
         <input_file_ref idref="fl-104"/>
      </object_component>
      <object_component id="oc-4dc">
         <name>.text:frexp</name>
         <load_address>0x2000940c</load_address>
         <run_address>0x2000940c</run_address>
         <size>0x5c</size>
         <input_file_ref idref="fl-ef"/>
      </object_component>
      <object_component id="oc-5a1">
         <name>.text:HOSTread</name>
         <load_address>0x20009468</load_address>
         <run_address>0x20009468</run_address>
         <size>0x58</size>
         <input_file_ref idref="fl-e9"/>
      </object_component>
      <object_component id="oc-5a7">
         <name>.text:HOSTwrite</name>
         <load_address>0x200094c0</load_address>
         <run_address>0x200094c0</run_address>
         <size>0x58</size>
         <input_file_ref idref="fl-ec"/>
      </object_component>
      <object_component id="oc-13f">
         <name>.text:PRCMPeripheralReset</name>
         <load_address>0x20009518</load_address>
         <run_address>0x20009518</run_address>
         <size>0x58</size>
         <input_file_ref idref="fl-108"/>
      </object_component>
      <object_component id="oc-3f6">
         <name>.text:_pconv_f</name>
         <load_address>0x20009570</load_address>
         <run_address>0x20009570</run_address>
         <size>0x56</size>
         <input_file_ref idref="fl-da"/>
      </object_component>
      <object_component id="oc-1ec">
         <name>.text:IntPrioritySet</name>
         <load_address>0x200095c8</load_address>
         <run_address>0x200095c8</run_address>
         <size>0x54</size>
         <input_file_ref idref="fl-106"/>
      </object_component>
      <object_component id="oc-4b1">
         <name>.text:ltoa</name>
         <load_address>0x2000961c</load_address>
         <run_address>0x2000961c</run_address>
         <size>0x54</size>
         <input_file_ref idref="fl-e2"/>
      </object_component>
      <object_component id="oc-4c1">
         <name>.text:_ecpy</name>
         <load_address>0x20009670</load_address>
         <run_address>0x20009670</run_address>
         <size>0x52</size>
         <input_file_ref idref="fl-da"/>
      </object_component>
      <object_component id="oc-361">
         <name>.text:__TI_doflush</name>
         <load_address>0x200096c2</load_address>
         <run_address>0x200096c2</run_address>
         <size>0x4c</size>
         <input_file_ref idref="fl-de"/>
      </object_component>
      <object_component id="oc-3df">
         <name>.text:atoi</name>
         <load_address>0x20009710</load_address>
         <run_address>0x20009710</run_address>
         <size>0x4c</size>
         <input_file_ref idref="fl-db"/>
      </object_component>
      <object_component id="oc-2f6">
         <name>.text:GPIOGetIntNumber</name>
         <load_address>0x2000975c</load_address>
         <run_address>0x2000975c</run_address>
         <size>0x48</size>
         <input_file_ref idref="fl-105"/>
      </object_component>
      <object_component id="oc-18f">
         <name>.text:exit</name>
         <load_address>0x200097a4</load_address>
         <run_address>0x200097a4</run_address>
         <size>0x48</size>
         <input_file_ref idref="fl-c8"/>
      </object_component>
      <object_component id="oc-4ac">
         <name>.text</name>
         <load_address>0x200097ec</load_address>
         <run_address>0x200097ec</run_address>
         <size>0x48</size>
         <input_file_ref idref="fl-f5"/>
      </object_component>
      <object_component id="oc-59b">
         <name>.text:HOSTclose</name>
         <load_address>0x20009834</load_address>
         <run_address>0x20009834</run_address>
         <size>0x44</size>
         <input_file_ref idref="fl-e6"/>
      </object_component>
      <object_component id="oc-5b3">
         <name>.text:HOSTunlink</name>
         <load_address>0x20009878</load_address>
         <run_address>0x20009878</run_address>
         <size>0x44</size>
         <input_file_ref idref="fl-eb"/>
      </object_component>
      <object_component id="oc-1e0">
         <name>.text:TimerConfigure</name>
         <load_address>0x200098bc</load_address>
         <run_address>0x200098bc</run_address>
         <size>0x44</size>
         <input_file_ref idref="fl-10a"/>
      </object_component>
      <object_component id="oc-195">
         <name>.text:__TI_auto_init_nobinit_nopinit:__TI_auto_init_nobinit_nopinit</name>
         <load_address>0x20009900</load_address>
         <run_address>0x20009900</run_address>
         <size>0x44</size>
         <input_file_ref idref="fl-d6"/>
      </object_component>
      <object_component id="oc-609">
         <name>.text:getdevice</name>
         <load_address>0x20009944</load_address>
         <run_address>0x20009944</run_address>
         <size>0x44</size>
         <input_file_ref idref="fl-ff"/>
      </object_component>
      <object_component id="oc-2b3">
         <name>.text:PinModeSet</name>
         <load_address>0x20009988</load_address>
         <run_address>0x20009988</run_address>
         <size>0x40</size>
         <input_file_ref idref="fl-107"/>
      </object_component>
      <object_component id="oc-266">
         <name>.text:vsnprintf</name>
         <load_address>0x200099c8</load_address>
         <run_address>0x200099c8</run_address>
         <size>0x40</size>
         <input_file_ref idref="fl-d2"/>
      </object_component>
      <object_component id="oc-4d4">
         <name>.text:_fcpy</name>
         <load_address>0x20009a08</load_address>
         <run_address>0x20009a08</run_address>
         <size>0x3e</size>
         <input_file_ref idref="fl-da"/>
      </object_component>
      <object_component id="oc-139">
         <name>.text:PRCMPeripheralClkEnable</name>
         <load_address>0x20009a48</load_address>
         <run_address>0x20009a48</run_address>
         <size>0x3c</size>
         <input_file_ref idref="fl-108"/>
      </object_component>
      <object_component id="oc-3af">
         <name>.text:minsert</name>
         <load_address>0x20009a84</load_address>
         <run_address>0x20009a84</run_address>
         <size>0x3c</size>
         <input_file_ref idref="fl-c9"/>
      </object_component>
      <object_component id="oc-5e5">
         <name>.text:__TI_writemsg</name>
         <load_address>0x20009ac0</load_address>
         <run_address>0x20009ac0</run_address>
         <size>0x38</size>
         <input_file_ref idref="fl-ed"/>
      </object_component>
      <object_component id="oc-3a3">
         <name>.text:minit</name>
         <load_address>0x20009af8</load_address>
         <run_address>0x20009af8</run_address>
         <size>0x38</size>
         <input_file_ref idref="fl-c9"/>
      </object_component>
      <object_component id="oc-2bf">
         <name>.text:GPIODirModeSet</name>
         <load_address>0x20009b30</load_address>
         <run_address>0x20009b30</run_address>
         <size>0x36</size>
         <input_file_ref idref="fl-105"/>
      </object_component>
      <object_component id="oc-62b">
         <name>.text:strncpy</name>
         <load_address>0x20009b66</load_address>
         <run_address>0x20009b66</run_address>
         <size>0x36</size>
         <input_file_ref idref="fl-102"/>
      </object_component>
      <object_component id="oc-523">
         <name>.text:__TI_cleanup</name>
         <load_address>0x20009b9c</load_address>
         <run_address>0x20009b9c</run_address>
         <size>0x34</size>
         <input_file_ref idref="fl-f9"/>
      </object_component>
      <object_component id="oc-5eb">
         <name>.text:__TI_readmsg</name>
         <load_address>0x20009bd0</load_address>
         <run_address>0x20009bd0</run_address>
         <size>0x34</size>
         <input_file_ref idref="fl-ed"/>
      </object_component>
      <object_component id="oc-2b9">
         <name>.text:PinTypeGPIO</name>
         <load_address>0x20009c04</load_address>
         <run_address>0x20009c04</run_address>
         <size>0x30</size>
         <input_file_ref idref="fl-107"/>
      </object_component>
      <object_component id="oc-379">
         <name>.text:UARTDisable</name>
         <load_address>0x20009c34</load_address>
         <run_address>0x20009c34</run_address>
         <size>0x30</size>
         <input_file_ref idref="fl-10b"/>
      </object_component>
      <object_component id="oc-387">
         <name>.text:_outs</name>
         <load_address>0x20009c64</load_address>
         <run_address>0x20009c64</run_address>
         <size>0x30</size>
         <input_file_ref idref="fl-d2"/>
      </object_component>
      <object_component id="oc-631">
         <name>.text:finddevice</name>
         <load_address>0x20009c94</load_address>
         <run_address>0x20009c94</run_address>
         <size>0x30</size>
         <input_file_ref idref="fl-ff"/>
      </object_component>
      <object_component id="oc-4b7">
         <name>.text</name>
         <load_address>0x20009cc4</load_address>
         <run_address>0x20009cc4</run_address>
         <size>0x2e</size>
         <input_file_ref idref="fl-f6"/>
      </object_component>
      <object_component id="oc-236">
         <name>.text:PRCMSysResetCauseGet</name>
         <load_address>0x20009cf4</load_address>
         <run_address>0x20009cf4</run_address>
         <size>0x2c</size>
         <input_file_ref idref="fl-108"/>
      </object_component>
      <object_component id="oc-5da">
         <name>.text:unlink</name>
         <load_address>0x20009d20</load_address>
         <run_address>0x20009d20</run_address>
         <size>0x2c</size>
         <input_file_ref idref="fl-103"/>
      </object_component>
      <object_component id="oc-16f">
         <name>.text:TimerLoadSet</name>
         <load_address>0x20009d4c</load_address>
         <run_address>0x20009d4c</run_address>
         <size>0x2a</size>
         <input_file_ref idref="fl-10a"/>
      </object_component>
      <object_component id="oc-1e6">
         <name>.text:TimerPrescaleSet</name>
         <load_address>0x20009d76</load_address>
         <run_address>0x20009d76</run_address>
         <size>0x2a</size>
         <input_file_ref idref="fl-10a"/>
      </object_component>
      <object_component id="oc-248">
         <name>.text:PRCMPeripheralClkDisable</name>
         <load_address>0x20009da0</load_address>
         <run_address>0x20009da0</run_address>
         <size>0x28</size>
         <input_file_ref idref="fl-108"/>
      </object_component>
      <object_component id="oc-58">
         <name>.text:_c_int00_noargs:_c_int00_noargs</name>
         <load_address>0x20009dc8</load_address>
         <run_address>0x20009dc8</run_address>
         <size>0x28</size>
         <input_file_ref idref="fl-c7"/>
      </object_component>
      <object_component id="oc-51b">
         <name>.text:lseek</name>
         <load_address>0x20009df0</load_address>
         <run_address>0x20009df0</run_address>
         <size>0x28</size>
         <input_file_ref idref="fl-e1"/>
      </object_component>
      <object_component id="oc-3a9">
         <name>.text:mremove</name>
         <load_address>0x20009e18</load_address>
         <run_address>0x20009e18</run_address>
         <size>0x28</size>
         <input_file_ref idref="fl-c9"/>
      </object_component>
      <object_component id="oc-367">
         <name>.text:write</name>
         <load_address>0x20009e40</load_address>
         <run_address>0x20009e40</run_address>
         <size>0x28</size>
         <input_file_ref idref="fl-d3"/>
      </object_component>
      <object_component id="oc-340">
         <name>.text:IntUnregister</name>
         <load_address>0x20009e68</load_address>
         <run_address>0x20009e68</run_address>
         <size>0x24</size>
         <input_file_ref idref="fl-106"/>
      </object_component>
      <object_component id="oc-37f">
         <name>.text:UARTEnable</name>
         <load_address>0x20009e8c</load_address>
         <run_address>0x20009e8c</run_address>
         <size>0x24</size>
         <input_file_ref idref="fl-10b"/>
      </object_component>
      <object_component id="oc-278">
         <name>.text:memmove</name>
         <load_address>0x20009eb0</load_address>
         <run_address>0x20009eb0</run_address>
         <size>0x24</size>
         <input_file_ref idref="fl-ce"/>
      </object_component>
      <object_component id="oc-e6">
         <name>.text:GPIOIntStatus</name>
         <load_address>0x20009ed4</load_address>
         <run_address>0x20009ed4</run_address>
         <size>0x22</size>
         <input_file_ref idref="fl-105"/>
      </object_component>
      <object_component id="oc-145">
         <name>.text:SPIReset</name>
         <load_address>0x20009ef6</load_address>
         <run_address>0x20009ef6</run_address>
         <size>0x22</size>
         <input_file_ref idref="fl-109"/>
      </object_component>
      <object_component id="oc-163">
         <name>.text:GPIOPinWrite</name>
         <load_address>0x20009f18</load_address>
         <run_address>0x20009f18</run_address>
         <size>0x20</size>
         <input_file_ref idref="fl-105"/>
      </object_component>
      <object_component id="oc-2fc">
         <name>.text:IntRegister</name>
         <load_address>0x20009f38</load_address>
         <run_address>0x20009f38</run_address>
         <size>0x20</size>
         <input_file_ref idref="fl-106"/>
      </object_component>
      <object_component id="oc-1cd">
         <name>.text:SPIDataGet</name>
         <load_address>0x20009f58</load_address>
         <run_address>0x20009f58</run_address>
         <size>0x20</size>
         <input_file_ref idref="fl-109"/>
      </object_component>
      <object_component id="oc-35b">
         <name>.text:memchr</name>
         <load_address>0x20009f78</load_address>
         <run_address>0x20009f78</run_address>
         <size>0x20</size>
         <input_file_ref idref="fl-cd"/>
      </object_component>
      <object_component id="oc-110">
         <name>.text:puts</name>
         <load_address>0x20009f98</load_address>
         <run_address>0x20009f98</run_address>
         <size>0x20</size>
         <input_file_ref idref="fl-cc"/>
      </object_component>
      <object_component id="oc-175">
         <name>.text:GPIOIntRegister</name>
         <load_address>0x20009fb8</load_address>
         <run_address>0x20009fb8</run_address>
         <size>0x1e</size>
         <input_file_ref idref="fl-105"/>
      </object_component>
      <object_component id="oc-1c7">
         <name>.text:SPIDataPut</name>
         <load_address>0x20009fd6</load_address>
         <run_address>0x20009fd6</run_address>
         <size>0x1e</size>
         <input_file_ref idref="fl-109"/>
      </object_component>
      <object_component id="oc-e0">
         <name>.text:TimerDisable</name>
         <load_address>0x20009ff4</load_address>
         <run_address>0x20009ff4</run_address>
         <size>0x1e</size>
         <input_file_ref idref="fl-10a"/>
      </object_component>
      <object_component id="oc-da">
         <name>.text:TimerEnable</name>
         <load_address>0x2000a012</load_address>
         <run_address>0x2000a012</run_address>
         <size>0x1e</size>
         <input_file_ref idref="fl-10a"/>
      </object_component>
      <object_component id="oc-1fe">
         <name>.text:TimerIntStatus</name>
         <load_address>0x2000a030</load_address>
         <run_address>0x2000a030</run_address>
         <size>0x1e</size>
         <input_file_ref idref="fl-10a"/>
      </object_component>
      <object_component id="oc-260">
         <name>.text:UARTCharPut</name>
         <load_address>0x2000a04e</load_address>
         <run_address>0x2000a04e</run_address>
         <size>0x1e</size>
         <input_file_ref idref="fl-10b"/>
      </object_component>
      <object_component id="oc-f2">
         <name>.text:strcat</name>
         <load_address>0x2000a06c</load_address>
         <run_address>0x2000a06c</run_address>
         <size>0x1e</size>
         <input_file_ref idref="fl-d0"/>
      </object_component>
      <object_component id="oc-216">
         <name>.text:TimerValueGet</name>
         <load_address>0x2000a08a</load_address>
         <run_address>0x2000a08a</run_address>
         <size>0x1c</size>
         <input_file_ref idref="fl-10a"/>
      </object_component>
      <object_component id="oc-272">
         <name>.text:UARTCharGetNonBlocking</name>
         <load_address>0x2000a0a6</load_address>
         <run_address>0x2000a0a6</run_address>
         <size>0x1c</size>
         <input_file_ref idref="fl-10b"/>
      </object_component>
      <object_component id="oc-408">
         <name>.text:memccpy</name>
         <load_address>0x2000a0c2</load_address>
         <run_address>0x2000a0c2</run_address>
         <size>0x1c</size>
         <input_file_ref idref="fl-e3"/>
      </object_component>
      <object_component id="oc-d4">
         <name>.text:GPIOIntEnable</name>
         <load_address>0x2000a0de</load_address>
         <run_address>0x2000a0de</run_address>
         <size>0x1a</size>
         <input_file_ref idref="fl-105"/>
      </object_component>
      <object_component id="oc-2c5">
         <name>.text:PinTypeSPI</name>
         <load_address>0x2000a0f8</load_address>
         <run_address>0x2000a0f8</run_address>
         <size>0x1a</size>
         <input_file_ref idref="fl-107"/>
      </object_component>
      <object_component id="oc-2cb">
         <name>.text:PinTypeUART</name>
         <load_address>0x2000a112</load_address>
         <run_address>0x2000a112</run_address>
         <size>0x1a</size>
         <input_file_ref idref="fl-107"/>
      </object_component>
      <object_component id="oc-1d3">
         <name>.text:SPICSDisable</name>
         <load_address>0x2000a12c</load_address>
         <run_address>0x2000a12c</run_address>
         <size>0x18</size>
         <input_file_ref idref="fl-109"/>
      </object_component>
      <object_component id="oc-157">
         <name>.text:SPICSEnable</name>
         <load_address>0x2000a144</load_address>
         <run_address>0x2000a144</run_address>
         <size>0x18</size>
         <input_file_ref idref="fl-109"/>
      </object_component>
      <object_component id="oc-15d">
         <name>.text:SPIEnable</name>
         <load_address>0x2000a15c</load_address>
         <run_address>0x2000a15c</run_address>
         <size>0x18</size>
         <input_file_ref idref="fl-109"/>
      </object_component>
      <object_component id="oc-20a">
         <name>.text:TimerIntDisable</name>
         <load_address>0x2000a174</load_address>
         <run_address>0x2000a174</run_address>
         <size>0x18</size>
         <input_file_ref idref="fl-10a"/>
      </object_component>
      <object_component id="oc-1f8">
         <name>.text:TimerIntEnable</name>
         <load_address>0x2000a18c</load_address>
         <run_address>0x2000a18c</run_address>
         <size>0x18</size>
         <input_file_ref idref="fl-10a"/>
      </object_component>
      <object_component id="oc-26c">
         <name>.text:UARTCharsAvail</name>
         <load_address>0x2000a1a4</load_address>
         <run_address>0x2000a1a4</run_address>
         <size>0x18</size>
         <input_file_ref idref="fl-10b"/>
      </object_component>
      <object_component id="oc-38d">
         <name>.text:_outc</name>
         <load_address>0x2000a1bc</load_address>
         <run_address>0x2000a1bc</run_address>
         <size>0x18</size>
         <input_file_ref idref="fl-d2"/>
      </object_component>
      <object_component id="oc-648">
         <name>.text:strcmp</name>
         <load_address>0x2000a1d4</load_address>
         <run_address>0x2000a1d4</run_address>
         <size>0x18</size>
         <input_file_ref idref="fl-101"/>
      </object_component>
      <object_component id="oc-23c">
         <name>.text:PRCMHIBRegRead</name>
         <load_address>0x2000a1ec</load_address>
         <run_address>0x2000a1ec</run_address>
         <size>0x16</size>
         <input_file_ref idref="fl-108"/>
      </object_component>
      <object_component id="oc-242">
         <name>.text:PRCMHIBRegWrite</name>
         <load_address>0x2000a202</load_address>
         <run_address>0x2000a202</run_address>
         <size>0x16</size>
         <input_file_ref idref="fl-108"/>
      </object_component>
      <object_component id="oc-4e8">
         <name>.text:strchr</name>
         <load_address>0x2000a218</load_address>
         <run_address>0x2000a218</run_address>
         <size>0x16</size>
         <input_file_ref idref="fl-e5"/>
      </object_component>
      <object_component id="oc-22b">
         <name>.text:CPUcpsie</name>
         <load_address>0x2000a22e</load_address>
         <run_address>0x2000a22e</run_address>
         <size>0x14</size>
         <input_file_ref idref="fl-10d"/>
      </object_component>
      <object_component id="oc-ec">
         <name>.text:GPIOIntClear</name>
         <load_address>0x2000a242</load_address>
         <run_address>0x2000a242</run_address>
         <size>0x14</size>
         <input_file_ref idref="fl-105"/>
      </object_component>
      <object_component id="oc-f8">
         <name>.text:IntVTableBaseSet</name>
         <load_address>0x2000a258</load_address>
         <run_address>0x2000a258</run_address>
         <size>0x14</size>
         <input_file_ref idref="fl-106"/>
      </object_component>
      <object_component id="oc-5ff">
         <name>.text:strcpy</name>
         <load_address>0x2000a26c</load_address>
         <run_address>0x2000a26c</run_address>
         <size>0x14</size>
         <input_file_ref idref="fl-fb"/>
      </object_component>
      <object_component id="oc-12a">
         <name>.text:strlen</name>
         <load_address>0x2000a280</load_address>
         <run_address>0x2000a280</run_address>
         <size>0x14</size>
         <input_file_ref idref="fl-d1"/>
      </object_component>
      <object_component id="oc-204">
         <name>.text:TimerIntClear</name>
         <load_address>0x2000a294</load_address>
         <run_address>0x2000a294</run_address>
         <size>0x12</size>
         <input_file_ref idref="fl-10a"/>
      </object_component>
      <object_component id="oc-46">
         <name>.text:decompress:ZI:__TI_zero_init_nomemset:__TI_zero_init_nomemset</name>
         <load_address>0x2000a2a6</load_address>
         <run_address>0x2000a2a6</run_address>
         <size>0x12</size>
         <input_file_ref idref="fl-c4"/>
      </object_component>
      <object_component id="oc-40e">
         <name>.text:wcslen</name>
         <load_address>0x2000a2b8</load_address>
         <run_address>0x2000a2b8</run_address>
         <size>0x12</size>
         <input_file_ref idref="fl-ee"/>
      </object_component>
      <object_component id="oc-18">
         <name>.text:decompress:none:__TI_decompress_none</name>
         <load_address>0x2000a2ca</load_address>
         <run_address>0x2000a2ca</run_address>
         <size>0xe</size>
         <input_file_ref idref="fl-c5"/>
      </object_component>
      <object_component id="oc-26">
         <name>.text</name>
         <load_address>0x2000a2d8</load_address>
         <run_address>0x2000a2d8</run_address>
         <size>0xe</size>
         <input_file_ref idref="fl-7"/>
      </object_component>
      <object_component id="oc-fe">
         <name>.text:IntMasterEnable</name>
         <load_address>0x2000a2e6</load_address>
         <run_address>0x2000a2e6</run_address>
         <size>0xa</size>
         <input_file_ref idref="fl-106"/>
      </object_component>
      <object_component id="oc-414">
         <name>.text:__aeabi_errno_addr</name>
         <load_address>0x2000a2f0</load_address>
         <run_address>0x2000a2f0</run_address>
         <size>0x8</size>
         <input_file_ref idref="fl-f8"/>
      </object_component>
      <object_component id="oc-567">
         <name>.text:copysign</name>
         <load_address>0x2000a2f8</load_address>
         <run_address>0x2000a2f8</run_address>
         <size>0x8</size>
         <input_file_ref idref="fl-fc"/>
      </object_component>
      <object_component id="oc-351">
         <name>.text:UtilsDelay</name>
         <load_address>0x2000a300</load_address>
         <run_address>0x2000a300</run_address>
         <size>0x6</size>
         <input_file_ref idref="fl-10c"/>
      </object_component>
      <object_component id="oc-2ed">
         <name>.text:_outc</name>
         <load_address>0x2000a306</load_address>
         <run_address>0x2000a306</run_address>
         <size>0x4</size>
         <input_file_ref idref="fl-cf"/>
      </object_component>
      <object_component id="oc-2e7">
         <name>.text:_outs</name>
         <load_address>0x2000a30a</load_address>
         <run_address>0x2000a30a</run_address>
         <size>0x4</size>
         <input_file_ref idref="fl-cf"/>
      </object_component>
      <object_component id="oc-8e">
         <name>.text:_system_pre_init</name>
         <load_address>0x2000a30e</load_address>
         <run_address>0x2000a30e</run_address>
         <size>0x4</size>
         <input_file_ref idref="fl-d7"/>
      </object_component>
      <object_component id="oc-189">
         <name>.text:abort:abort</name>
         <load_address>0x2000a312</load_address>
         <run_address>0x2000a312</run_address>
         <size>0x4</size>
         <input_file_ref idref="fl-c8"/>
      </object_component>
      <object_component id="oc-1db">
         <name>.const:.string:font</name>
         <load_address>0x2000a318</load_address>
         <run_address>0x2000a318</run_address>
         <size>0x4fb</size>
         <input_file_ref idref="fl-2"/>
      </object_component>
      <object_component id="oc-491">
         <name>.const:.string:_ctypes_</name>
         <load_address>0x2000a813</load_address>
         <run_address>0x2000a813</run_address>
         <size>0x101</size>
         <input_file_ref idref="fl-dc"/>
      </object_component>
      <object_component id="oc-3c8">
         <name>.const:g_ulPinToPadMap</name>
         <load_address>0x2000a914</load_address>
         <run_address>0x2000a914</run_address>
         <size>0x100</size>
         <input_file_ref idref="fl-107"/>
      </object_component>
      <object_component id="oc-330">
         <name>.const:g_pulRegs</name>
         <load_address>0x2000aa14</load_address>
         <run_address>0x2000aa14</run_address>
         <size>0xd4</size>
         <input_file_ref idref="fl-106"/>
      </object_component>
      <object_component id="oc-2d2">
         <name>.const:PRCM_PeriphRegsList</name>
         <load_address>0x2000aae8</load_address>
         <run_address>0x2000aae8</run_address>
         <size>0xa8</size>
         <input_file_ref idref="fl-108"/>
      </object_component>
      <object_component id="oc-232">
         <name>.const</name>
         <load_address>0x2000ab90</load_address>
         <run_address>0x2000ab90</run_address>
         <size>0x80</size>
         <input_file_ref idref="fl-106"/>
      </object_component>
      <object_component id="oc-680">
         <name>.cinit..data.load</name>
         <load_address>0x2000ac10</load_address>
         <run_address>0x2000ac10</run_address>
         <size>0x92</size>
      </object_component>
      <object_component id="oc-67e">
         <name>__TI_handler_table</name>
         <load_address>0x2000aca4</load_address>
         <run_address>0x2000aca4</run_address>
         <size>0xc</size>
      </object_component>
      <object_component id="oc-681">
         <name>.cinit..bss.load</name>
         <load_address>0x2000acb0</load_address>
         <run_address>0x2000acb0</run_address>
         <size>0x8</size>
      </object_component>
      <object_component id="oc-67f">
         <name>__TI_cinit_table</name>
         <load_address>0x2000acb8</load_address>
         <run_address>0x2000acb8</run_address>
         <size>0x10</size>
      </object_component>
      <object_component id="oc-130">
         <name>.data</name>
         <load_address>0x200179b8</load_address>
         <run_address>0x200179b8</run_address>
         <size>0x15</size>
         <input_file_ref idref="fl-2"/>
      </object_component>
      <object_component id="oc-11c">
         <name>.data</name>
         <load_address>0x200179d0</load_address>
         <run_address>0x200179d0</run_address>
         <size>0x13</size>
         <input_file_ref idref="fl-5"/>
      </object_component>
      <object_component id="oc-124">
         <name>.data:buffer</name>
         <load_address>0x20017a14</load_address>
         <run_address>0x20017a14</run_address>
         <size>0x8</size>
         <input_file_ref idref="fl-5"/>
      </object_component>
      <object_component id="oc-308">
         <name>.data:$O1$$</name>
         <load_address>0x200179f4</load_address>
         <run_address>0x200179f4</run_address>
         <size>0xc</size>
         <input_file_ref idref="fl-c8"/>
      </object_component>
      <object_component id="oc-3b5">
         <name>.data:$O1$$</name>
         <load_address>0x20017a00</load_address>
         <run_address>0x20017a00</run_address>
         <size>0xc</size>
         <input_file_ref idref="fl-c9"/>
      </object_component>
      <object_component id="oc-2e4">
         <name>.data:$O1$$</name>
         <load_address>0x20017a0c</load_address>
         <run_address>0x20017a0c</run_address>
         <size>0x8</size>
         <input_file_ref idref="fl-ca"/>
      </object_component>
      <object_component id="oc-536">
         <name>.data:_device</name>
         <load_address>0x200178f0</load_address>
         <run_address>0x200178f0</run_address>
         <size>0x78</size>
         <input_file_ref idref="fl-d3"/>
      </object_component>
      <object_component id="oc-477">
         <name>.data:_stream</name>
         <load_address>0x20017968</load_address>
         <run_address>0x20017968</run_address>
         <size>0x50</size>
         <input_file_ref idref="fl-d3"/>
      </object_component>
      <object_component id="oc-255">
         <name>.data:_ftable</name>
         <load_address>0x20017800</load_address>
         <run_address>0x20017800</run_address>
         <size>0xf0</size>
         <input_file_ref idref="fl-dd"/>
      </object_component>
      <object_component id="oc-58f">
         <name>.data</name>
         <load_address>0x200179e4</load_address>
         <run_address>0x200179e4</run_address>
         <size>0x10</size>
         <input_file_ref idref="fl-dd"/>
      </object_component>
      <object_component id="oc-4f8">
         <name>.data</name>
         <load_address>0x20017a1c</load_address>
         <run_address>0x20017a1c</run_address>
         <size>0x4</size>
         <input_file_ref idref="fl-f8"/>
      </object_component>
      <object_component id="oc-183">
         <name>.bss</name>
         <uninitialized>true</uninitialized>
         <run_address>0x20017c0c</run_address>
         <size>0x1</size>
         <input_file_ref idref="fl-5"/>
      </object_component>
      <object_component id="oc-290">
         <name>.bss</name>
         <uninitialized>true</uninitialized>
         <run_address>0x20017be8</run_address>
         <size>0x4</size>
         <input_file_ref idref="fl-9"/>
      </object_component>
      <object_component id="oc-613">
         <name>.bss:_CIOBUF_</name>
         <uninitialized>true</uninitialized>
         <run_address>0x20017a20</run_address>
         <size>0x120</size>
         <input_file_ref idref="fl-ed"/>
      </object_component>
      <object_component id="oc-123">
         <name>.common:value</name>
         <uninitialized>true</uninitialized>
         <run_address>0x20017c04</run_address>
         <size>0x4</size>
      </object_component>
      <object_component id="oc-11f">
         <name>.common:timer_Count</name>
         <uninitialized>true</uninitialized>
         <run_address>0x20017c00</run_address>
         <size>0x4</size>
      </object_component>
      <object_component id="oc-122">
         <name>.common:duration</name>
         <uninitialized>true</uninitialized>
         <run_address>0x20017bfc</run_address>
         <size>0x4</size>
      </object_component>
      <object_component id="oc-127">
         <name>.common:bufferLength</name>
         <uninitialized>true</uninitialized>
         <run_address>0x20017bec</run_address>
         <size>0x4</size>
      </object_component>
      <object_component id="oc-128">
         <name>.common:direction</name>
         <uninitialized>true</uninitialized>
         <run_address>0x20017bf8</run_address>
         <size>0x4</size>
      </object_component>
      <object_component id="oc-181">
         <name>.common:buttom_x</name>
         <uninitialized>true</uninitialized>
         <run_address>0x20017bf0</run_address>
         <size>0x4</size>
      </object_component>
      <object_component id="oc-182">
         <name>.common:buttom_y</name>
         <uninitialized>true</uninitialized>
         <run_address>0x20017bf4</run_address>
         <size>0x4</size>
      </object_component>
      <object_component id="oc-129">
         <name>.common:old</name>
         <uninitialized>true</uninitialized>
         <run_address>0x20017c0a</run_address>
         <size>0x2</size>
      </object_component>
      <object_component id="oc-186">
         <name>.common:new</name>
         <uninitialized>true</uninitialized>
         <run_address>0x20017c08</run_address>
         <size>0x2</size>
      </object_component>
      <object_component id="oc-187">
         <name>.common:newChar</name>
         <uninitialized>true</uninitialized>
         <run_address>0x20017c0d</run_address>
         <size>0x1</size>
      </object_component>
      <object_component id="oc-5e0">
         <name>.common:__TI_tmpnams</name>
         <uninitialized>true</uninitialized>
         <run_address>0x20017b40</run_address>
         <size>0xa0</size>
      </object_component>
      <object_component id="oc-5f1">
         <name>.common:parmbuf</name>
         <uninitialized>true</uninitialized>
         <run_address>0x20017be0</run_address>
         <size>0x8</size>
      </object_component>
      <object_component id="oc-23">
         <name>.sysmem</name>
         <uninitialized>true</uninitialized>
         <run_address>0x20017000</run_address>
         <size>0x8</size>
         <input_file_ref idref="fl-c9"/>
      </object_component>
      <object_component id="oc-683">
         <name>.sysmem</name>
         <uninitialized>true</uninitialized>
         <run_address>0x20017000</run_address>
         <size>0x0</size>
      </object_component>
      <object_component id="oc-20">
         <name>.stack</name>
         <uninitialized>true</uninitialized>
         <run_address>0x2002f800</run_address>
         <size>0x4</size>
         <input_file_ref idref="fl-c7"/>
      </object_component>
      <object_component id="oc-682">
         <name>.stack</name>
         <uninitialized>true</uninitialized>
         <run_address>0x2002f800</run_address>
         <size>0x0</size>
      </object_component>
      <object_component id="oc-1df">
         <name>.debug_info</name>
         <load_address>0x0</load_address>
         <run_address>0x0</run_address>
         <size>0x22a</size>
         <input_file_ref idref="fl-2"/>
      </object_component>
      <object_component id="oc-1dc">
         <name>.debug_info</name>
         <load_address>0x22a</load_address>
         <run_address>0x22a</run_address>
         <size>0xe1</size>
         <input_file_ref idref="fl-2"/>
      </object_component>
      <object_component id="oc-131">
         <name>.debug_info</name>
         <load_address>0x30b</load_address>
         <run_address>0x30b</run_address>
         <size>0x18f</size>
         <input_file_ref idref="fl-2"/>
      </object_component>
      <object_component id="oc-ca">
         <name>.debug_info</name>
         <load_address>0x49a</load_address>
         <run_address>0x49a</run_address>
         <size>0x15da</size>
         <input_file_ref idref="fl-2"/>
      </object_component>
      <object_component id="oc-35">
         <name>.debug_info</name>
         <load_address>0x1a74</load_address>
         <run_address>0x1a74</run_address>
         <size>0x84</size>
         <input_file_ref idref="fl-2"/>
      </object_component>
      <object_component id="oc-1da">
         <name>.debug_info</name>
         <load_address>0x1af8</load_address>
         <run_address>0x1af8</run_address>
         <size>0x225</size>
         <input_file_ref idref="fl-3"/>
      </object_component>
      <object_component id="oc-c3">
         <name>.debug_info</name>
         <load_address>0x1d1d</load_address>
         <run_address>0x1d1d</run_address>
         <size>0xe90</size>
         <input_file_ref idref="fl-3"/>
      </object_component>
      <object_component id="oc-3da">
         <name>.debug_info</name>
         <load_address>0x2bad</load_address>
         <run_address>0x2bad</run_address>
         <size>0x62</size>
         <input_file_ref idref="fl-3"/>
      </object_component>
      <object_component id="oc-222">
         <name>.debug_info</name>
         <load_address>0x2c0f</load_address>
         <run_address>0x2c0f</run_address>
         <size>0x2c</size>
         <input_file_ref idref="fl-3"/>
      </object_component>
      <object_component id="oc-b9">
         <name>.debug_info</name>
         <load_address>0x2c3b</load_address>
         <run_address>0x2c3b</run_address>
         <size>0x2c</size>
         <input_file_ref idref="fl-3"/>
      </object_component>
      <object_component id="oc-3c4">
         <name>.debug_info</name>
         <load_address>0x2c67</load_address>
         <run_address>0x2c67</run_address>
         <size>0x36b</size>
         <input_file_ref idref="fl-4"/>
      </object_component>
      <object_component id="oc-2a3">
         <name>.debug_info</name>
         <load_address>0x2fd2</load_address>
         <run_address>0x2fd2</run_address>
         <size>0x26b</size>
         <input_file_ref idref="fl-4"/>
      </object_component>
      <object_component id="oc-3bf">
         <name>.debug_info</name>
         <load_address>0x323d</load_address>
         <run_address>0x323d</run_address>
         <size>0x297</size>
         <input_file_ref idref="fl-4"/>
      </object_component>
      <object_component id="oc-2a8">
         <name>.debug_info</name>
         <load_address>0x34d4</load_address>
         <run_address>0x34d4</run_address>
         <size>0xcc</size>
         <input_file_ref idref="fl-4"/>
      </object_component>
      <object_component id="oc-295">
         <name>.debug_info</name>
         <load_address>0x35a0</load_address>
         <run_address>0x35a0</run_address>
         <size>0x2c</size>
         <input_file_ref idref="fl-4"/>
      </object_component>
      <object_component id="oc-120">
         <name>.debug_info</name>
         <load_address>0x35cc</load_address>
         <run_address>0x35cc</run_address>
         <size>0xc3b</size>
         <input_file_ref idref="fl-5"/>
      </object_component>
      <object_component id="oc-11d">
         <name>.debug_info</name>
         <load_address>0x4207</load_address>
         <run_address>0x4207</run_address>
         <size>0x17a</size>
         <input_file_ref idref="fl-5"/>
      </object_component>
      <object_component id="oc-184">
         <name>.debug_info</name>
         <load_address>0x4381</load_address>
         <run_address>0x4381</run_address>
         <size>0xdf</size>
         <input_file_ref idref="fl-5"/>
      </object_component>
      <object_component id="oc-125">
         <name>.debug_info</name>
         <load_address>0x4460</load_address>
         <run_address>0x4460</run_address>
         <size>0xde</size>
         <input_file_ref idref="fl-5"/>
      </object_component>
      <object_component id="oc-97">
         <name>.debug_info</name>
         <load_address>0x453e</load_address>
         <run_address>0x453e</run_address>
         <size>0x1dbe</size>
         <input_file_ref idref="fl-5"/>
      </object_component>
      <object_component id="oc-134">
         <name>.debug_info</name>
         <load_address>0x62fc</load_address>
         <run_address>0x62fc</run_address>
         <size>0x3ba</size>
         <input_file_ref idref="fl-6"/>
      </object_component>
      <object_component id="oc-2e">
         <name>.debug_info</name>
         <load_address>0x66b6</load_address>
         <run_address>0x66b6</run_address>
         <size>0x19f</size>
         <input_file_ref idref="fl-7"/>
      </object_component>
      <object_component id="oc-10">
         <name>.debug_info</name>
         <load_address>0x6855</load_address>
         <run_address>0x6855</run_address>
         <size>0x11e</size>
         <input_file_ref idref="fl-7"/>
      </object_component>
      <object_component id="oc-29">
         <name>.debug_info</name>
         <load_address>0x6973</load_address>
         <run_address>0x6973</run_address>
         <size>0x43f</size>
         <input_file_ref idref="fl-7"/>
      </object_component>
      <object_component id="oc-21d">
         <name>.debug_info</name>
         <load_address>0x6db2</load_address>
         <run_address>0x6db2</run_address>
         <size>0x491</size>
         <input_file_ref idref="fl-8"/>
      </object_component>
      <object_component id="oc-d1">
         <name>.debug_info</name>
         <load_address>0x7243</load_address>
         <run_address>0x7243</run_address>
         <size>0xd6b</size>
         <input_file_ref idref="fl-8"/>
      </object_component>
      <object_component id="oc-294">
         <name>.debug_info</name>
         <load_address>0x7fae</load_address>
         <run_address>0x7fae</run_address>
         <size>0x3b7</size>
         <input_file_ref idref="fl-9"/>
      </object_component>
      <object_component id="oc-291">
         <name>.debug_info</name>
         <load_address>0x8365</load_address>
         <run_address>0x8365</run_address>
         <size>0xe8</size>
         <input_file_ref idref="fl-9"/>
      </object_component>
      <object_component id="oc-118">
         <name>.debug_info</name>
         <load_address>0x844d</load_address>
         <run_address>0x844d</run_address>
         <size>0x64e</size>
         <input_file_ref idref="fl-9"/>
      </object_component>
      <object_component id="oc-29a">
         <name>.debug_info</name>
         <load_address>0x8a9b</load_address>
         <run_address>0x8a9b</run_address>
         <size>0x110</size>
         <input_file_ref idref="fl-9"/>
      </object_component>
      <object_component id="oc-87">
         <name>.debug_info</name>
         <load_address>0x8bab</load_address>
         <run_address>0x8bab</run_address>
         <size>0x1f0</size>
         <input_file_ref idref="fl-c4"/>
      </object_component>
      <object_component id="oc-47">
         <name>.debug_info</name>
         <load_address>0x8d9b</load_address>
         <run_address>0x8d9b</run_address>
         <size>0x1bf</size>
         <input_file_ref idref="fl-c4"/>
      </object_component>
      <object_component id="oc-82">
         <name>.debug_info</name>
         <load_address>0x8f5a</load_address>
         <run_address>0x8f5a</run_address>
         <size>0x46</size>
         <input_file_ref idref="fl-c4"/>
      </object_component>
      <object_component id="oc-45">
         <name>.debug_info</name>
         <load_address>0x8fa0</load_address>
         <run_address>0x8fa0</run_address>
         <size>0x17a</size>
         <input_file_ref idref="fl-c5"/>
      </object_component>
      <object_component id="oc-1a">
         <name>.debug_info</name>
         <load_address>0x911a</load_address>
         <run_address>0x911a</run_address>
         <size>0x1ea</size>
         <input_file_ref idref="fl-c5"/>
      </object_component>
      <object_component id="oc-40">
         <name>.debug_info</name>
         <load_address>0x9304</load_address>
         <run_address>0x9304</run_address>
         <size>0x46</size>
         <input_file_ref idref="fl-c5"/>
      </object_component>
      <object_component id="oc-7a">
         <name>.debug_info</name>
         <load_address>0x934a</load_address>
         <run_address>0x934a</run_address>
         <size>0x2c</size>
         <input_file_ref idref="fl-c5"/>
      </object_component>
      <object_component id="oc-78">
         <name>.debug_info</name>
         <load_address>0x9376</load_address>
         <run_address>0x9376</run_address>
         <size>0x170</size>
         <input_file_ref idref="fl-c6"/>
      </object_component>
      <object_component id="oc-16">
         <name>.debug_info</name>
[...]
      </symbol>
      <symbol id="sm-57f">
         <name>_system_pre_init</name>
         <value>0x2000a30f</value>
         <object_component_ref idref="oc-8e"/>
      </symbol>
      <symbol id="sm-598">
         <name>__TI_wrt_ok</name>
         <value>0x200092ed</value>
         <object_component_ref idref="oc-355"/>
      </symbol>
      <symbol id="sm-6fd">
         <name>__TI_printfi</name>
         <value>0x200061b5</value>
         <object_component_ref idref="oc-2de"/>
      </symbol>
      <symbol id="sm-713">
         <name>atoi</name>
         <value>0x20009711</value>
         <object_component_ref idref="oc-3df"/>
      </symbol>
      <symbol id="sm-71e">
         <name>_ctypes_</name>
         <value>0x2000a813</value>
         <object_component_ref idref="oc-491"/>
      </symbol>
      <symbol id="sm-733">
         <name>__TI_tmpnams</name>
         <value>0x20017b40</value>
      </symbol>
      <symbol id="sm-734">
         <name>__aeabi_stdout</name>
         <value>0x200179ec</value>
         <object_component_ref idref="oc-58f"/>
      </symbol>
      <symbol id="sm-735">
         <name>__aeabi_stderr</name>
         <value>0x200179f0</value>
         <object_component_ref idref="oc-58f"/>
      </symbol>
      <symbol id="sm-736">
         <name>__aeabi_stdin</name>
         <value>0x200179e8</value>
         <object_component_ref idref="oc-58f"/>
      </symbol>
      <symbol id="sm-737">
         <name>_ftable</name>
         <value>0x20017800</value>
         <object_component_ref idref="oc-255"/>
      </symbol>
      <symbol id="sm-738">
         <name>__TI_ft_end</name>
         <value>0x200179e4</value>
         <object_component_ref idref="oc-58f"/>
      </symbol>
      <symbol id="sm-748">
         <name>__TI_doflush</name>
         <value>0x200096c3</value>
         <object_component_ref idref="oc-361"/>
      </symbol>
      <symbol id="sm-75d">
         <name>putc</name>
         <value>0x20008b21</value>
         <object_component_ref idref="oc-431"/>
      </symbol>
      <symbol id="sm-75e">
         <name>fputc</name>
         <value>0x20008b21</value>
         <object_component_ref idref="oc-431"/>
      </symbol>
      <symbol id="sm-770">
         <name>fseek</name>
         <value>0x20009289</value>
         <object_component_ref idref="oc-465"/>
      </symbol>
      <symbol id="sm-780">
         <name>lseek</name>
         <value>0x20009df1</value>
         <object_component_ref idref="oc-51b"/>
      </symbol>
      <symbol id="sm-78f">
         <name>ltoa</name>
         <value>0x2000961d</value>
         <object_component_ref idref="oc-4b1"/>
      </symbol>
      <symbol id="sm-79f">
         <name>memccpy</name>
         <value>0x2000a0c3</value>
         <object_component_ref idref="oc-408"/>
      </symbol>
      <symbol id="sm-7bb">
         <name>setvbuf</name>
         <value>0x20008431</value>
         <object_component_ref idref="oc-46b"/>
      </symbol>
      <symbol id="sm-7cb">
         <name>strchr</name>
         <value>0x2000a219</value>
         <object_component_ref idref="oc-4e8"/>
      </symbol>
      <symbol id="sm-7dc">
         <name>HOSTclose</name>
         <value>0x20009835</value>
         <object_component_ref idref="oc-59b"/>
      </symbol>
      <symbol id="sm-7ed">
         <name>HOSTlseek</name>
         <value>0x20009081</value>
         <object_component_ref idref="oc-5ad"/>
      </symbol>
      <symbol id="sm-7ff">
         <name>parmbuf</name>
         <value>0x20017be0</value>
      </symbol>
      <symbol id="sm-800">
         <name>HOSTopen</name>
         <value>0x20009351</value>
         <object_component_ref idref="oc-595"/>
      </symbol>
      <symbol id="sm-811">
         <name>HOSTread</name>
         <value>0x20009469</value>
         <object_component_ref idref="oc-5a1"/>
      </symbol>
      <symbol id="sm-822">
         <name>HOSTrename</name>
         <value>0x200090e9</value>
         <object_component_ref idref="oc-5b9"/>
      </symbol>
      <symbol id="sm-833">
         <name>HOSTunlink</name>
         <value>0x20009879</value>
         <object_component_ref idref="oc-5b3"/>
      </symbol>
      <symbol id="sm-844">
         <name>HOSTwrite</name>
         <value>0x200094c1</value>
         <object_component_ref idref="oc-5a7"/>
      </symbol>
      <symbol id="sm-868">
         <name>__TI_readmsg</name>
         <value>0x20009bd1</value>
         <object_component_ref idref="oc-5eb"/>
      </symbol>
      <symbol id="sm-869">
         <name>C$$IO$$</name>
         <value>0x20009aef</value>
         <object_component_ref idref="oc-5e5"/>
      </symbol>
      <symbol id="sm-86a">
         <name>__CIOBUF_</name>
         <value>0x20017a20</value>
         <object_component_ref idref="oc-613"/>
      </symbol>
      <symbol id="sm-86b">
         <name>__TI_writemsg</name>
         <value>0x20009ac1</value>
         <object_component_ref idref="oc-5e5"/>
      </symbol>
      <symbol id="sm-884">
         <name>wcslen</name>
         <value>0x2000a2b9</value>
         <object_component_ref idref="oc-40e"/>
      </symbol>
      <symbol id="sm-8a4">
         <name>frexpl</name>
         <value>0x2000940d</value>
         <object_component_ref idref="oc-4dc"/>
      </symbol>
      <symbol id="sm-8a5">
         <name>frexp</name>
         <value>0x2000940d</value>
         <object_component_ref idref="oc-4dc"/>
      </symbol>
      <symbol id="sm-8c3">
         <name>scalbn</name>
         <value>0x200085e5</value>
         <object_component_ref idref="oc-4e2"/>
      </symbol>
      <symbol id="sm-8c4">
         <name>scalbnl</name>
         <value>0x200085e5</value>
         <object_component_ref idref="oc-4e2"/>
      </symbol>
      <symbol id="sm-8c5">
         <name>ldexpl</name>
         <value>0x200085e5</value>
         <object_component_ref idref="oc-4e2"/>
      </symbol>
      <symbol id="sm-8c6">
         <name>ldexp</name>
         <value>0x200085e5</value>
         <object_component_ref idref="oc-4e2"/>
      </symbol>
      <symbol id="sm-8dd">
         <name>__aeabi_dsub</name>
         <value>0x20007779</value>
         <object_component_ref idref="oc-4bc"/>
      </symbol>
      <symbol id="sm-8de">
         <name>__aeabi_dadd</name>
         <value>0x20007783</value>
         <object_component_ref idref="oc-4bc"/>
      </symbol>
      <symbol id="sm-900">
         <name>__aeabi_cdcmpeq</name>
         <value>0x20008c35</value>
         <object_component_ref idref="oc-3eb"/>
      </symbol>
      <symbol id="sm-901">
         <name>__aeabi_cdcmple</name>
         <value>0x20008c35</value>
         <object_component_ref idref="oc-3eb"/>
      </symbol>
      <symbol id="sm-902">
         <name>__aeabi_cdrcmple</name>
         <value>0x20008cbb</value>
         <object_component_ref idref="oc-4a7"/>
      </symbol>
      <symbol id="sm-916">
         <name>__aeabi_ddiv</name>
         <value>0x20007eb5</value>
         <object_component_ref idref="oc-4a2"/>
      </symbol>
      <symbol id="sm-921">
         <name>__aeabi_dmul</name>
         <value>0x20008335</value>
         <object_component_ref idref="oc-49d"/>
      </symbol>
      <symbol id="sm-92b">
         <name>__aeabi_d2iz</name>
         <value>0x200097ed</value>
         <object_component_ref idref="oc-4ac"/>
      </symbol>
      <symbol id="sm-935">
         <name>__aeabi_i2d</name>
         <value>0x20009cc5</value>
         <object_component_ref idref="oc-4b7"/>
      </symbol>
      <symbol id="sm-942">
         <name>__aeabi_uldivmod</name>
         <value>0x200089f5</value>
         <object_component_ref idref="oc-496"/>
      </symbol>
      <symbol id="sm-958">
         <name>__aeabi_errno_addr</name>
         <value>0x2000a2f1</value>
         <object_component_ref idref="oc-414"/>
      </symbol>
      <symbol id="sm-959">
         <name>errno</name>
         <value>0x20017a1c</value>
         <object_component_ref idref="oc-4f8"/>
      </symbol>
      <symbol id="sm-969">
         <name>__TI_cleanup</name>
         <value>0x20009b9d</value>
         <object_component_ref idref="oc-523"/>
      </symbol>
      <symbol id="sm-978">
         <name>strcpy</name>
         <value>0x2000a26d</value>
         <object_component_ref idref="oc-5ff"/>
      </symbol>
      <symbol id="sm-982">
         <name>copysign</name>
         <value>0x2000a2f9</value>
         <object_component_ref idref="oc-567"/>
      </symbol>
      <symbol id="sm-983">
         <name>copysignl</name>
         <value>0x2000a2f9</value>
         <object_component_ref idref="oc-567"/>
      </symbol>
      <symbol id="sm-98d">
         <name>__aeabi_idiv0</name>
         <value>0x2000792f</value>
         <object_component_ref idref="oc-54e"/>
      </symbol>
      <symbol id="sm-98e">
         <name>__aeabi_ldiv0</name>
         <value>0x2000792f</value>
         <object_component_ref idref="oc-54e"/>
      </symbol>
      <symbol id="sm-9a3">
         <name>__TI_closefile</name>
         <value>0x20008f2d</value>
         <object_component_ref idref="oc-589"/>
      </symbol>
      <symbol id="sm-9c6">
         <name>finddevice</name>
         <value>0x20009c95</value>
         <object_component_ref idref="oc-631"/>
      </symbol>
      <symbol id="sm-9c7">
         <name>getdevice</name>
         <value>0x20009945</value>
         <object_component_ref idref="oc-609"/>
      </symbol>
      <symbol id="sm-9d7">
         <name>strcmp</name>
         <value>0x2000a1d5</value>
         <object_component_ref idref="oc-648"/>
      </symbol>
      <symbol id="sm-9e7">
         <name>strncpy</name>
         <value>0x20009b67</value>
         <object_component_ref idref="oc-62b"/>
      </symbol>
      <symbol id="sm-9f7">
         <name>unlink</name>
         <value>0x20009d21</value>
         <object_component_ref idref="oc-5da"/>
      </symbol>
      <symbol id="sm-a0b">
         <name>close</name>
         <value>0x200093b1</value>
         <object_component_ref idref="oc-5d4"/>
      </symbol>
      <symbol id="sm-a63">
         <name>GPIOIntRegister</name>
         <value>0x20009fb9</value>
         <object_component_ref idref="oc-175"/>
      </symbol>
      <symbol id="sm-a64">
         <name>GPIOIntEnable</name>
         <value>0x2000a0df</value>
         <object_component_ref idref="oc-d4"/>
      </symbol>
      <symbol id="sm-a65">
         <name>GPIOIntTypeSet</name>
         <value>0x20008d41</value>
         <object_component_ref idref="oc-17b"/>
      </symbol>
      <symbol id="sm-a66">
         <name>GPIOIntClear</name>
         <value>0x2000a243</value>
         <object_component_ref idref="oc-ec"/>
      </symbol>
      <symbol id="sm-a67">
         <name>GPIOIntStatus</name>
         <value>0x20009ed5</value>
         <object_component_ref idref="oc-e6"/>
      </symbol>
      <symbol id="sm-a68">
         <name>GPIODirModeSet</name>
         <value>0x20009b31</value>
         <object_component_ref idref="oc-2bf"/>
      </symbol>
      <symbol id="sm-a69">
         <name>GPIOPinWrite</name>
         <value>0x20009f19</value>
         <object_component_ref idref="oc-163"/>
      </symbol>
      <symbol id="sm-ae1">
         <name>IntPrioritySet</name>
         <value>0x200095c9</value>
         <object_component_ref idref="oc-1ec"/>
      </symbol>
      <symbol id="sm-ae2">
         <name>IntVTableBaseSet</name>
         <value>0x2000a259</value>
         <object_component_ref idref="oc-f8"/>
      </symbol>
      <symbol id="sm-ae3">
         <name>IntEnable</name>
         <value>0x20008811</value>
         <object_component_ref idref="oc-104"/>
      </symbol>
      <symbol id="sm-ae4">
         <name>IntDisable</name>
         <value>0x20008769</value>
         <object_component_ref idref="oc-33a"/>
      </symbol>
      <symbol id="sm-ae5">
         <name>IntRegister</name>
         <value>0x20009f39</value>
         <object_component_ref idref="oc-2fc"/>
      </symbol>
      <symbol id="sm-ae6">
         <name>IntUnregister</name>
         <value>0x20009e69</value>
         <object_component_ref idref="oc-340"/>
      </symbol>
      <symbol id="sm-ae7">
         <name>IntMasterEnable</name>
         <value>0x2000a2e7</value>
         <object_component_ref idref="oc-fe"/>
      </symbol>
      <symbol id="sm-b26">
         <name>PinTypeUART</name>
         <value>0x2000a113</value>
         <object_component_ref idref="oc-2cb"/>
      </symbol>
      <symbol id="sm-b27">
         <name>PinTypeGPIO</name>
         <value>0x20009c05</value>
         <object_component_ref idref="oc-2b9"/>
      </symbol>
      <symbol id="sm-b28">
         <name>PinConfigSet</name>
         <value>0x20008bad</value>
         <object_component_ref idref="oc-3cc"/>
      </symbol>
      <symbol id="sm-b29">
         <name>PinTypeSPI</name>
         <value>0x2000a0f9</value>
         <object_component_ref idref="oc-2c5"/>
      </symbol>
      <symbol id="sm-b2a">
         <name>PinModeSet</name>
         <value>0x20009989</value>
         <object_component_ref idref="oc-2b3"/>
      </symbol>
      <symbol id="sm-bb0">
         <name>PRCMPeripheralReset</name>
         <value>0x20009519</value>
         <object_component_ref idref="oc-13f"/>
      </symbol>
      <symbol id="sm-bb1">
         <name>PRCMPeripheralClkEnable</name>
         <value>0x20009a49</value>
         <object_component_ref idref="oc-139"/>
      </symbol>
      <symbol id="sm-bb2">
         <name>PRCMPeripheralClockGet</name>
         <value>0x20008a8d</value>
         <object_component_ref idref="oc-14b"/>
      </symbol>
      <symbol id="sm-bb3">
         <name>PRCMCC3200MCUInit</name>
         <value>0x20007ac9</value>
         <object_component_ref idref="oc-10a"/>
      </symbol>
      <symbol id="sm-bb4">
         <name>PRCMHIBRegWrite</name>
         <value>0x2000a203</value>
         <object_component_ref idref="oc-242"/>
      </symbol>
      <symbol id="sm-bb5">
         <name>PRCMSysResetCauseGet</name>
         <value>0x20009cf5</value>
         <object_component_ref idref="oc-236"/>
      </symbol>
      <symbol id="sm-bb6">
         <name>PRCMPeripheralClkDisable</name>
         <value>0x20009da1</value>
         <object_component_ref idref="oc-248"/>
      </symbol>
      <symbol id="sm-bb7">
         <name>PRCMHIBRegRead</name>
         <value>0x2000a1ed</value>
         <object_component_ref idref="oc-23c"/>
      </symbol>
      <symbol id="sm-bfc">
         <name>SPICSEnable</name>
         <value>0x2000a145</value>
         <object_component_ref idref="oc-157"/>
      </symbol>
      <symbol id="sm-bfd">
         <name>SPIDataPut</name>
         <value>0x20009fd7</value>
         <object_component_ref idref="oc-1c7"/>
      </symbol>
      <symbol id="sm-bfe">
         <name>SPIEnable</name>
         <value>0x2000a15d</value>
         <object_component_ref idref="oc-15d"/>
      </symbol>
      <symbol id="sm-bff">
         <name>SPIDataGet</name>
         <value>0x20009f59</value>
         <object_component_ref idref="oc-1cd"/>
      </symbol>
      <symbol id="sm-c00">
         <name>SPIConfigSetExpClk</name>
         <value>0x200088b9</value>
         <object_component_ref idref="oc-151"/>
      </symbol>
      <symbol id="sm-c01">
         <name>SPIReset</name>
         <value>0x20009ef7</value>
         <object_component_ref idref="oc-145"/>
      </symbol>
      <symbol id="sm-c02">
         <name>SPICSDisable</name>
         <value>0x2000a12d</value>
         <object_component_ref idref="oc-1d3"/>
      </symbol>
      <symbol id="sm-c86">
         <name>TimerLoadSet</name>
         <value>0x20009d4d</value>
         <object_component_ref idref="oc-16f"/>
      </symbol>
      <symbol id="sm-c87">
         <name>TimerDisable</name>
         <value>0x20009ff5</value>
         <object_component_ref idref="oc-e0"/>
      </symbol>
      <symbol id="sm-c88">
         <name>TimerIntRegister</name>
         <value>0x20008fa1</value>
         <object_component_ref idref="oc-1f2"/>
      </symbol>
      <symbol id="sm-c89">
         <name>TimerEnable</name>
         <value>0x2000a013</value>
         <object_component_ref idref="oc-da"/>
      </symbol>
      <symbol id="sm-c8a">
         <name>TimerIntUnregister</name>
         <value>0x20009151</value>
         <object_component_ref idref="oc-210"/>
      </symbol>
      <symbol id="sm-c8b">
         <name>TimerIntStatus</name>
         <value>0x2000a031</value>
         <object_component_ref idref="oc-1fe"/>
      </symbol>
      <symbol id="sm-c8c">
         <name>TimerIntDisable</name>
         <value>0x2000a175</value>
         <object_component_ref idref="oc-20a"/>
      </symbol>
      <symbol id="sm-c8d">
         <name>TimerValueGet</name>
         <value>0x2000a08b</value>
         <object_component_ref idref="oc-216"/>
      </symbol>
      <symbol id="sm-c8e">
         <name>TimerPrescaleSet</name>
         <value>0x20009d77</value>
         <object_component_ref idref="oc-1e6"/>
      </symbol>
      <symbol id="sm-c8f">
         <name>TimerIntEnable</name>
         <value>0x2000a18d</value>
         <object_component_ref idref="oc-1f8"/>
      </symbol>
      <symbol id="sm-c90">
         <name>TimerConfigure</name>
         <value>0x200098bd</value>
         <object_component_ref idref="oc-1e0"/>
      </symbol>
      <symbol id="sm-c91">
         <name>TimerIntClear</name>
         <value>0x2000a295</value>
         <object_component_ref idref="oc-204"/>
      </symbol>
      <symbol id="sm-ccd">
         <name>UARTConfigSetExpClk</name>
         <value>0x20008eb5</value>
         <object_component_ref idref="oc-25a"/>
      </symbol>
      <symbol id="sm-cce">
         <name>UARTDisable</name>
         <value>0x20009c35</value>
         <object_component_ref idref="oc-379"/>
      </symbol>
      <symbol id="sm-ccf">
         <name>UARTCharsAvail</name>
         <value>0x2000a1a5</value>
         <object_component_ref idref="oc-26c"/>
      </symbol>
      <symbol id="sm-cd0">
         <name>UARTCharGetNonBlocking</name>
         <value>0x2000a0a7</value>
         <object_component_ref idref="oc-272"/>
      </symbol>
      <symbol id="sm-cd1">
         <name>UARTCharPut</name>
         <value>0x2000a04f</value>
         <object_component_ref idref="oc-260"/>
      </symbol>
      <symbol id="sm-cd2">
         <name>UARTEnable</name>
         <value>0x20009e8d</value>
         <object_component_ref idref="oc-37f"/>
      </symbol>
      <symbol id="sm-cd6">
         <name>UtilsDelay</name>
         <value>0x2000a301</value>
         <object_component_ref idref="oc-351"/>
      </symbol>
      <symbol id="sm-ce0">
         <name>CPUcpsie</name>
         <value>0x2000a22f</value>
         <object_component_ref idref="oc-22b"/>
      </symbol>
      <symbol id="sm-ce2">
         <name>__TI_static_base__</name>
         <value>0x2000ac10</value>
      </symbol>
      <symbol id="sm-ce5">
         <name>__mpu_init</name>
         <value>0x0</value>
      </symbol>
      <symbol id="sm-ce6">
         <name>_system_post_cinit</name>
         <value>0x0</value>
      </symbol>
      <symbol id="sm-ce7">
         <name>remove</name>
         <value>0x20009d21</value>
      </symbol>
   </symbol_table>
   <title>Link successful</title>
</link_info>
