******************************************************************************
                  TI ARM Linker PC v18.1.4                     
******************************************************************************
>> Linked Tue Mar 12 20:29:32 2019

OUTPUT FILE NAME:   <FINAL_PROJECT.out>
ENTRY POINT SYMBOL: "_c_int00_noargs"  address: 2000d491


MEMORY CONFIGURATION

         name            origin    length      used     unused   attr    fill
----------------------  --------  ---------  --------  --------  ----  --------
  SRAM_CODE             20004000   00013000  0000ab22  000084de  RW X
  SRAM_DATA             20017000   00019000  00009566  0000fa9a  RW X


SEGMENT ALLOCATION MAP

run origin  load origin   length   init length attrs members
----------  ----------- ---------- ----------- ----- -------
20004000    20004000    0000ab28   0000ab28    r-x
  20004000    20004000    00000400   00000400    r-- .intvecs
  20004400    20004400    00009b4e   00009b4e    r-x .text
  2000df50    2000df50    00000b4c   00000b4c    r-- .const
  2000eaa0    2000eaa0    00000088   00000088    r-- .cinit
20017000    20017000    00008568   00000000    rw-
  20017000    20017000    00008000   00000000    rw- .sysmem
  2001f000    2001f000    0000042e   00000000    rw- .bss
  2001f430    2001f430    00000138   00000000    rw- .data
2002f000    2002f000    00001000   00000000    rw-
  2002f000    2002f000    00001000   00000000    rw- .stack


SECTION ALLOCATION MAP

 output                                  attributes/
section   page    origin      length       input sections
--------  ----  ----------  ----------   ----------------
.intvecs   0    20004000    00000400     
                  20004000    00000400     startup_ccs.obj (.intvecs)

.init_array 
*          0    20004000    00000000     UNINITIALIZED

.text      0    20004400    00009b4e     
                  20004400    000012f8     main.obj (.text)
                  200056f8    00000b18     Adafruit_GFX.obj (.text)
                  20006210    00000a5e     rtsv7M4_T_le_v4SPD16_eabi.lib : _printfi.c.obj (.text:__TI_printfi)
                  20006c6e    00000002     driverlib.a : interrupt.obj (.text:IntDefaultHandler)
                  20006c70    00000590     simplelink.a : driver.obj (.text:_SlDrvMsgRead)
                  20007200    000004c2     Adafruit_OLED.obj (.text)
                  200076c2    00000002     rtsv7M4_T_le_v4SPD16_eabi.lib : _lock.c.obj (.text:_nop)
                  200076c4    00000398     gpio_if.obj (.text)
                  20007a5c    00000280     uart_if.obj (.text)
                  20007cdc    0000027c     simplelink.a : wlan.obj (.text:sl_WlanConnect)
                  20007f58    00000270     rtsv7M4_T_le_v4SPD16_eabi.lib : _printfi.c.obj (.text:_pconv_a)
                  200081c8    0000024c     simplelink.a : driver.obj (.text:_SlDrvRxHdrRead)
                  20008414    000001d0                  : driver.obj (.text:_SlDrvReleasePoolObj)
                  200085e4    000001d0     rtsv7M4_T_le_v4SPD16_eabi.lib : _printfi.c.obj (.text:_pconv_g)
                  200087b4    000001b6                                   : fd_add_t2.asm.obj (.text)
                  2000896a    00000002                                   : div0.asm.obj (.text)
                  2000896c    000001b4     simplelink.a : driver.obj (.text:_SlDrvDriverCBInit)
                  20008b20    0000019c                  : driver.obj (.text:_SlDrvMsgWrite)
                  20008cbc    00000198     timer_if.obj (.text)
                  20008e54    00000190     simplelink.a : driver.obj (.text:_SlDrvWaitForPoolObj)
                  20008fe4    0000018c                  : socket.obj (.text:sl_Connect)
                  20009170    00000178     driverlib.a : prcm.obj (.text:PRCMCC3200MCUInit)
                  200092e8    00000170     simplelink.a : driver.obj (.text:_SlFindAndSetActiveObj)
                  20009458    00000150                  : driver.obj (.text:_SlDrvDataWriteOp)
                  200095a8    0000014c     pinmux.obj (.text)
                  200096f4    00000148     simplelink.a : cc_pal.obj (.text:spi_Open)
                  2000983c    00000144                  : driver.obj (.text:_SlDrvMsgReadCmdCtx)
                  20009980    00000144                  : netapp.obj (.text:sl_NetAppDnsGetHostByName)
                  20009ac4    0000013c     rtsv7M4_T_le_v4SPD16_eabi.lib : _printfi.c.obj (.text:_pconv_e)
                  20009c00    00000136                                   : fd_div_t2.asm.obj (.text)
                  20009d36    00000002     --HOLE-- [fill = 0]
                  20009d38    00000134     simplelink.a : socket.obj (.text:sl_Send)
                  20009e6c    00000130                  : driver.obj (.text:_SlDrvDriverCBDeinit)
                  20009f9c    00000124     rtsv7M4_T_le_v4SPD16_eabi.lib : _printfi.c.obj (.text:fcvt)
                  2000a0c0    00000114                                   : memory.c.obj (.text:realloc)
                  2000a1d4    00000110                                   : s_scalbn.c.obj (.text:scalbn)
                  2000a2e4    00000104     simplelink.a : netapp.obj (.text:_SlDrvNetAppEventHandler)
                  2000a3e8    000000fc     rtsv7M4_T_le_v4SPD16_eabi.lib : fd_mul_t2.asm.obj (.text)
                  2000a4e4    000000f0     simplelink.a : device.obj (.text:sl_Stop)
                  2000a5d4    000000f0                  : cc_pal.obj (.text:spi_Read)
                  2000a6c4    000000f0     driverlib.a : udma.obj (.text:uDMAChannelTransferSet)
                  2000a7b4    000000ec     simplelink.a : device.obj (.text:sl_Start)
                  2000a8a0    000000e8                  : driver.obj (.text:_SlAsyncEventGenericHandler)
                  2000a988    000000e8                  : driver.obj (.text:_SlDrvMsgReadSpawnCtx)
                  2000aa70    000000e4                  : netapp.obj (.text:sl_NetAppMDNSRegisterUnregisterService)
                  2000ab54    000000dc                  : driver.obj (.text:_SlDrvClassifyRxMsg)
                  2000ac30    000000d8     rtsv7M4_T_le_v4SPD16_eabi.lib : memory.c.obj (.text:free)
                  2000ad08    000000cc     simplelink.a : netapp.obj (.text:_sl_HandleAsync_DnsGetHostByService)
                  2000add4    000000cc                  : device.obj (.text:sl_DevGet)
                  2000aea0    000000c4                  : driver.obj (.text:_SlRemoveFromList)
                  2000af64    000000c0                  : driver.obj (.text:_SlDrvCmdOp)
                  2000b024    000000b1     rtsv7M4_T_le_v4SPD16_eabi.lib : _printfi.c.obj (.text:_ltostr)
                  2000b0d5    00000003     --HOLE-- [fill = 0]
                  2000b0d8    000000b0     simplelink.a : nonos.obj (.text:_SlNonOsSemGet)
                  2000b188    000000a8     driverlib.a : interrupt.obj (.text:IntDisable)
                  2000b230    000000a8                 : interrupt.obj (.text:IntEnable)
                  2000b2d8    000000a4     simplelink.a : driver.obj (.text:_SlDriverHandleError)
                  2000b37c    000000a0     driverlib.a : spi.obj (.text:SPIConfigSetExpClk)
                  2000b41c    0000009c     rtsv7M4_T_le_v4SPD16_eabi.lib : memcpy_t2.asm.obj (.text)
                  2000b4b8    0000009a     simplelink.a : device.obj (.text:_SlDrvDeviceEventHandler)
                  2000b552    00000002     --HOLE-- [fill = 0]
                  2000b554    00000098                  : device.obj (.text:sl_DevSet)
                  2000b5ec    00000098                  : netcfg.obj (.text:sl_NetCfgSet)
                  2000b684    00000098                  : socket.obj (.text:sl_SetSockOpt)
                  2000b71c    00000098                  : wlan.obj (.text:sl_WlanSet)
                  2000b7b4    00000098                  : cc_pal.obj (.text:spi_Write)
                  2000b84c    00000096     rtsv7M4_T_le_v4SPD16_eabi.lib : ull_div_t2.asm.obj (.text)
                  2000b8e2    00000002     --HOLE-- [fill = 0]
                  2000b8e4    00000094     driverlib.a : prcm.obj (.text:PRCMPeripheralClockGet)
                  2000b978    00000090     simplelink.a : netapp.obj (.text:_sl_HandleAsync_DnsGetHostByName)
                  2000ba08    00000090                  : netapp.obj (.text:_sl_HandleAsync_PingResponse)
                  2000ba98    00000090                  : wlan.obj (.text:sl_WlanPolicySet)
                  2000bb28    0000008c                  : cc_pal.obj (.text:SetupDMAReceive)
                  2000bbb4    0000008c                  : cc_pal.obj (.text:SetupDMASend)
                  2000bc40    0000008c                  : driver.obj (.text:_SlDrvIsTimeoutExpired)
                  2000bccc    0000008c                  : device.obj (.text:_sl_HandleAsync_InitComplete)
                  2000bd58    0000008c                  : socket.obj (.text:sl_Socket)
                  2000bde4    00000088     driverlib.a : pin.obj (.text:PinConfigSet)
                  2000be6c    00000086     rtsv7M4_T_le_v4SPD16_eabi.lib : fd_cmp_t2.asm.obj (.text:__aeabi_cdcmple)
                  2000bef2    00000086                                   : fd_cmp_t2.asm.obj (.text:__aeabi_cdrcmple)
                  2000bf78    00000084     simplelink.a : wlan.obj (.text:sl_WlanRxFilterSet)
                  2000bffc    00000082     driverlib.a : gpio.obj (.text:GPIOIntTypeSet)
                  2000c07e    00000002     --HOLE-- [fill = 0]
                  2000c080    00000080     simplelink.a : socket.obj (.text:_sl_HandleAsync_Connect)
                  2000c100    00000080                  : cc_pal.obj (.text:spi_Read_CPU)
                  2000c180    00000080                  : cc_pal.obj (.text:spi_Write_CPU)
                  2000c200    0000007a     rtsv7M4_T_le_v4SPD16_eabi.lib : memset_t2.asm.obj (.text)
                  2000c27a    00000002     --HOLE-- [fill = 0]
                  2000c27c    00000078                                   : memory.c.obj (.text:malloc)
                  2000c2f4    00000078     simplelink.a : cc_pal.obj (.text:spi_Close)
                  2000c36c    00000076     driverlib.a : uart.obj (.text:UARTConfigSetExpClk)
                  2000c3e2    00000002     --HOLE-- [fill = 0]
                  2000c3e4    00000074     simplelink.a : nonos.obj (.text:_SlNonOsMainLoopTask)
                  2000c458    00000070     driverlib.a : timer.obj (.text:TimerIntRegister)
                  2000c4c8    0000006e     rtsv7M4_T_le_v4SPD16_eabi.lib : _printfi.c.obj (.text:_mcpy)
                  2000c536    00000002     --HOLE-- [fill = 0]
                  2000c538    0000006c     simplelink.a : driver.obj (.text:_SlDrvCmdSend)
                  2000c5a4    0000006c                  : netapp.obj (.text:_sl_NetAppSendTokenValue)
                  2000c610    00000068     driverlib.a : timer.obj (.text:TimerIntUnregister)
                  2000c678    00000068     rtsv7M4_T_le_v4SPD16_eabi.lib : copy_decompress_lzss.c.obj (.text:decompress:lzss:__TI_decompress_lzss)
                  2000c6e0    00000064     simplelink.a : nonos.obj (.text:_SlNonOsSpawn)
                  2000c744    00000064                  : socket.obj (.text:_sl_HandleAsync_Accept)
                  2000c7a8    00000064     rtsv7M4_T_le_v4SPD16_eabi.lib : s_frexp.c.obj (.text:frexp)
                  2000c80c    00000064     simplelink.a : netapp.obj (.text:sl_NetAppMDNSUnRegisterService)
                  2000c870    00000064     driverlib.a : udma.obj (.text:uDMAChannelAttributeDisable)
                  2000c8d4    00000064                 : udma.obj (.text:uDMAChannelAttributeEnable)
                  2000c938    00000060     simplelink.a : wlan.obj (.text:sl_WlanProfileDel)
                  2000c998    00000060                  : wlan.obj (.text:sl_WlanSetMode)
                  2000c9f8    00000058     driverlib.a : interrupt.obj (.text:IntPendClear)
                  2000ca50    00000058                 : prcm.obj (.text:PRCMPeripheralReset)
                  2000caa8    00000056     rtsv7M4_T_le_v4SPD16_eabi.lib : _printfi.c.obj (.text:_pconv_f)
                  2000cafe    00000002     --HOLE-- [fill = 0]
                  2000cb00    00000054     driverlib.a : interrupt.obj (.text:IntPrioritySet)
                  2000cb54    00000054     simplelink.a : driver.obj (.text:_SlDrvRxIrqHandler)
                  2000cba8    00000054                  : socket.obj (.text:_sl_HandleAsync_Select)
                  2000cbfc    00000054     rtsv7M4_T_le_v4SPD16_eabi.lib : ltoa.c.obj (.text:ltoa)
                  2000cc50    00000052                                   : _printfi.c.obj (.text:_ecpy)
                  2000cca2    00000002     --HOLE-- [fill = 0]
                  2000cca4    00000050     simplelink.a : device.obj (.text:_sl_HandleAsync_Stop)
                  2000ccf4    0000004c     driverlib.a : spi.obj (.text:SPIIntEnable)
                  2000cd40    0000004c                 : spi.obj (.text:SPIIntNumberGet)
                  2000cd8c    0000004c     simplelink.a : driver.obj (.text:_SlDrvProtectAsyncRespSetting)
                  2000cdd8    0000004c                  : socket.obj (.text:_sl_BuildAddress)
                  2000ce24    0000004c     rtsv7M4_T_le_v4SPD16_eabi.lib : atoi.c.obj (.text:atoi)
                  2000ce70    0000004c     driverlib.a : udma.obj (.text:uDMAChannelAssign)
                  2000cebc    00000048                 : gpio.obj (.text:GPIOGetIntNumber)
                  2000cf04    00000048                 : spi.obj (.text:SPIIntClear)
                  2000cf4c    00000048     simplelink.a : driver.obj (.text:_SlDrvBasicCmd)
                  2000cf94    00000048     rtsv7M4_T_le_v4SPD16_eabi.lib : fd_toi_t2.asm.obj (.text)
                  2000cfdc    00000044     driverlib.a : spi.obj (.text:SPIDmaMaskGet)
                  2000d020    00000044                 : timer.obj (.text:TimerConfigure)
                  2000d064    00000044     simplelink.a : driver.obj (.text:_SlDrvSyncObjWaitTimeout)
                  2000d0a8    00000044     rtsv7M4_T_le_v4SPD16_eabi.lib : autoinit.c.obj (.text:__TI_auto_init_nobinit_nopinit:__TI_auto_init_nobinit_nopinit)
                  2000d0ec    00000044     simplelink.a : cc_pal.obj (.text:cc_SetupTransfer)
                  2000d130    00000042                  : socket.obj (.text:sl_Htonl)
                  2000d172    00000002     --HOLE-- [fill = 0]
                  2000d174    00000040     driverlib.a : pin.obj (.text:PinModeSet)
                  2000d1b4    00000040     simplelink.a : socket.obj (.text:_sl_TruncatePayloadByProtocol)
                  2000d1f4    00000040     rtsv7M4_T_le_v4SPD16_eabi.lib : sprintf.c.obj (.text:sprintf)
                  2000d234    00000040                                   : vsnprintf.c.obj (.text:vsnprintf)
                  2000d274    0000003e     simplelink.a : cc_pal.obj (.text:NwpRegisterInterruptHandler)
                  2000d2b2    0000003e     rtsv7M4_T_le_v4SPD16_eabi.lib : _printfi.c.obj (.text:_fcpy)
                  2000d2f0    0000003c     simplelink.a : netapp.obj (.text:CopyPingResultsToReport)
                  2000d32c    0000003c     driverlib.a : prcm.obj (.text:PRCMPeripheralClkEnable)
                  2000d368    0000003c     rtsv7M4_T_le_v4SPD16_eabi.lib : memory.c.obj (.text:minsert)
                  2000d3a4    0000003c     simplelink.a : cc_pal.obj (.text:simplelink_timerA2_start)
                  2000d3e0    0000003c                  : socket.obj (.text:sl_Htons)
                  2000d41c    0000003c     driverlib.a : udma.obj (.text:uDMAChannelControlSet)
                  2000d458    00000038     simplelink.a : cc_pal.obj (.text:NwpPowerOff)
                  2000d490    00000038     rtsv7M4_T_le_v4SPD16_eabi.lib : boot_cortex_m.c.obj (.text:_c_int00_noargs:_c_int00_noargs)
                  2000d4c8    00000038                                   : memory.c.obj (.text:minit)
                  2000d500    00000038     simplelink.a : wlan.obj (.text:sl_WlanDisconnect)
                  2000d538    00000036     driverlib.a : gpio.obj (.text:GPIODirModeSet)
                  2000d56e    00000002     --HOLE-- [fill = 0]
                  2000d570    00000034                 : prcm.obj (.text:PRCMPeripheralStatusGet)
                  2000d5a4    00000034                 : spi.obj (.text:SPIFIFOLevelSet)
                  2000d5d8    00000030                 : pin.obj (.text:PinTypeGPIO)
                  2000d608    00000030                 : uart.obj (.text:UARTDisable)
                  2000d638    00000030     rtsv7M4_T_le_v4SPD16_eabi.lib : vsnprintf.c.obj (.text:_outs)
                  2000d668    0000002e                                   : i_tofd_t2.asm.obj (.text)
                  2000d696    00000002     --HOLE-- [fill = 0]
                  2000d698    0000002c     simplelink.a : cc_pal.obj (.text:NwpPowerOn)
                  2000d6c4    0000002c     driverlib.a : prcm.obj (.text:PRCMSysResetCauseGet)
                  2000d6f0    0000002c     simplelink.a : driver.obj (.text:_SlDrvObjGlobalLockWaitForever)
                  2000d71c    0000002c                  : driver.obj (.text:_SlDrvProtectionObjLockWaitForever)
                  2000d748    0000002a     driverlib.a : timer.obj (.text:TimerLoadSet)
                  2000d772    0000002a                 : timer.obj (.text:TimerPrescaleSet)
                  2000d79c    00000028                 : prcm.obj (.text:PRCMPeripheralClkDisable)
                  2000d7c4    00000028     simplelink.a : driver.obj (.text:_SlDrvGlobalObjUnLock)
                  2000d7ec    00000028                  : driver.obj (.text:_SlDrvProtectionObjUnLock)
                  2000d814    00000028                  : driver.obj (.text:_SlDrvSyncObjWaitForever)
                  2000d83c    00000028     rtsv7M4_T_le_v4SPD16_eabi.lib : memory.c.obj (.text:mremove)
                  2000d864    00000026     simplelink.a : driver.obj (.text:_SlDrvObjLockWaitForever)
                  2000d88a    00000002     --HOLE-- [fill = 0]
                  2000d88c    00000024                  : cc_pal.obj (.text:DmaSpiSwIntHandler)
                  2000d8b0    00000024     driverlib.a : interrupt.obj (.text:IntUnregister)
                  2000d8d4    00000024                 : uart.obj (.text:UARTEnable)
                  2000d8f8    00000024     rtsv7M4_T_le_v4SPD16_eabi.lib : memmov.c.obj (.text:memmove)
                  2000d91c    00000022     driverlib.a : gpio.obj (.text:GPIOIntStatus)
                  2000d93e    00000022                 : spi.obj (.text:SPIReset)
                  2000d960    00000022                 : spi.obj (.text:SPIWordCountSet)
                  2000d982    00000020                 : gpio.obj (.text:GPIOPinWrite)
                  2000d9a2    00000002     --HOLE-- [fill = 0]
                  2000d9a4    00000020                 : interrupt.obj (.text:IntRegister)
                  2000d9c4    00000020     simplelink.a : cc_pal.obj (.text:NwpPrePowerOffTimout0)
                  2000d9e4    00000020     driverlib.a : spi.obj (.text:SPIDataGet)
                  2000da04    00000020     simplelink.a : cc_pal.obj (.text:TimerGetCurrentTimestamp)
                  2000da24    00000020                  : driver.obj (.text:_SlDrvObjUnLock)
                  2000da44    00000020                  : driver.obj (.text:_SlDrvSyncObjSignal)
                  2000da64    0000001e     driverlib.a : gpio.obj (.text:GPIOIntRegister)
                  2000da82    0000001e                 : spi.obj (.text:SPIDataPut)
                  2000daa0    0000001e                 : timer.obj (.text:TimerDisable)
                  2000dabe    0000001e                 : timer.obj (.text:TimerEnable)
                  2000dadc    0000001e                 : timer.obj (.text:TimerIntStatus)
                  2000dafa    0000001e                 : uart.obj (.text:UARTCharPut)
                  2000db18    0000001e     simplelink.a : cc_pal.obj (.text:cc_UDMAChannelSelect)
                  2000db36    0000001e     rtsv7M4_T_le_v4SPD16_eabi.lib : strcat.c.obj (.text:strcat)
                  2000db54    0000001c     driverlib.a : timer.obj (.text:TimerValueGet)
                  2000db70    0000001c                 : uart.obj (.text:UARTCharGetNonBlocking)
                  2000db8c    0000001c     simplelink.a : driver.obj (.text:_SlDrvStartMeasureTimeout)
                  2000dba8    0000001c     rtsv7M4_T_le_v4SPD16_eabi.lib : memccpy.c.obj (.text:memccpy)
                  2000dbc4    0000001c     driverlib.a : udma.obj (.text:uDMAChannelEnable)
                  2000dbe0    0000001a                 : gpio.obj (.text:GPIOIntEnable)
                  2000dbfa    0000001a                 : pin.obj (.text:PinTypeSPI)
                  2000dc14    0000001a                 : pin.obj (.text:PinTypeUART)
                  2000dc2e    0000001a                 : spi.obj (.text:SPIDmaDisable)
                  2000dc48    0000001a                 : spi.obj (.text:SPIDmaEnable)
                  2000dc62    0000001a                 : spi.obj (.text:SPIFIFODisable)
                  2000dc7c    0000001a                 : spi.obj (.text:SPIFIFOEnable)
                  2000dc96    0000001a                 : spi.obj (.text:SPIIntUnregister)
                  2000dcb0    00000018                 : gpio.obj (.text:GPIOPinRead)
                  2000dcc8    00000018                 : spi.obj (.text:SPICSDisable)
                  2000dce0    00000018                 : spi.obj (.text:SPICSEnable)
                  2000dcf8    00000018                 : spi.obj (.text:SPIDisable)
                  2000dd10    00000018                 : spi.obj (.text:SPIEnable)
                  2000dd28    00000018                 : timer.obj (.text:TimerIntDisable)
                  2000dd40    00000018                 : timer.obj (.text:TimerIntEnable)
                  2000dd58    00000018                 : uart.obj (.text:UARTCharsAvail)
                  2000dd70    00000018     simplelink.a : nonos.obj (.text:_SlNonOsSemSet)
                  2000dd88    00000018     rtsv7M4_T_le_v4SPD16_eabi.lib : vsnprintf.c.obj (.text:_outc)
                  2000dda0    00000018                                   : sprintf.c.obj (.text:_outs)
                  2000ddb8    00000018     simplelink.a : device.obj (.text:_sl_GetStartResponseConvert)
                  2000ddd0    00000016     driverlib.a : prcm.obj (.text:PRCMHIBRegRead)
                  2000dde6    00000016                 : prcm.obj (.text:PRCMHIBRegWrite)
                  2000ddfc    00000016     simplelink.a : driver.obj (.text:_SlDrvMemZero)
                  2000de12    00000016     rtsv7M4_T_le_v4SPD16_eabi.lib : strchr.c.obj (.text:strchr)
                  2000de28    00000014     driverlib.a : cpu.obj (.text:CPUcpsie)
                  2000de3c    00000014                 : gpio.obj (.text:GPIOIntClear)
                  2000de50    00000014                 : interrupt.obj (.text:IntVTableBaseSet)
                  2000de64    00000014     rtsv7M4_T_le_v4SPD16_eabi.lib : s_copysign.c.obj (.text:copysign)
                  2000de78    00000014                                   : strcpy.c.obj (.text:strcpy)
                  2000de8c    00000014                                   : strlen.c.obj (.text:strlen)
                  2000dea0    00000012     driverlib.a : timer.obj (.text:TimerIntClear)
                  2000deb2    00000012     rtsv7M4_T_le_v4SPD16_eabi.lib : wcslen.c.obj (.text:wcslen)
                  2000dec4    00000010     simplelink.a : driver.obj (.text:_SlDrvDispatchHttpServerEvents)
                  2000ded4    0000000e                  : driver.obj (.text:_SlDrvResetCmdExt)
                  2000dee2    0000000e     rtsv7M4_T_le_v4SPD16_eabi.lib : copy_decompress_none.c.obj (.text:decompress:none:__TI_decompress_none)
                  2000def0    0000000e     startup_ccs.obj (.text)
                  2000defe    00000002     --HOLE-- [fill = 0]
                  2000df00    0000000c     simplelink.a : cc_pal.obj (.text:NwpMaskInterrupt)
                  2000df0c    0000000c                  : cc_pal.obj (.text:NwpUnMaskInterrupt)
                  2000df18    0000000c     rtsv7M4_T_le_v4SPD16_eabi.lib : copy_zero_init.c.obj (.text:decompress:ZI:__TI_zero_init)
                  2000df24    0000000a     driverlib.a : interrupt.obj (.text:IntMasterEnable)
                  2000df2e    0000000a     rtsv7M4_T_le_v4SPD16_eabi.lib : sprintf.c.obj (.text:_outc)
                  2000df38    00000008                                   : errno.c.obj (.text:__aeabi_errno_addr)
                  2000df40    00000006     driverlib.a : utils.obj (.text:UtilsDelay)
                  2000df46    00000004     rtsv7M4_T_le_v4SPD16_eabi.lib : pre_init.c.obj (.text:_system_pre_init)
                  2000df4a    00000004                                   : exit.c.obj (.text:abort:abort)

.const     0    2000df50    00000b4c     
                  2000df50    000004fb     Adafruit_GFX.obj (.const:.string:font)
                  2000e44b    00000101     rtsv7M4_T_le_v4SPD16_eabi.lib : ctype.c.obj (.const:.string:_ctypes_)
                  2000e54c    00000100     driverlib.a : pin.obj (.const:g_ulPinToPadMap)
                  2000e64c    000000d4                 : interrupt.obj (.const:g_pulRegs)
                  2000e720    000000a8                 : prcm.obj (.const:PRCM_PeriphRegsList)
                  2000e7c8    00000080                 : interrupt.obj (.const)
                  2000e848    0000003c     main.obj (.const:.string)
                  2000e884    0000003c     simplelink.a : driver.obj (.const:OpcodeTranslateTable)
                  2000e8c0    00000038                  : driver.obj (.const:_SlActionLookupTable)
                  2000e8f8    0000002c     main.obj (.const:$P$T1$2)
                  2000e924    00000024     driverlib.a : spi.obj (.const:g_ppulSPIIntMap)
                  2000e948    00000022     main.obj (.const:.string:$P$T0$1)
                  2000e96a    00000002     --HOLE-- [fill = 0]
                  2000e96c    00000020     simplelink.a : driver.obj (.const:RxMsgClassLUT)
                  2000e98c    00000018     driverlib.a : spi.obj (.const)
                  2000e9a4    00000015     main.obj (.const:.string:$P$T6$7)
                  2000e9b9    00000003     --HOLE-- [fill = 0]
                  2000e9bc    00000014     simplelink.a : driver.obj (.const:$P$T0$1)
                  2000e9d0    00000014                  : nonos.obj (.const:$P$T0$1)
                  2000e9e4    00000014     main.obj (.const:$P$T2$3)
                  2000e9f8    00000010     simplelink.a : socket.obj (.const:.string:_SlPayloadByProtocolLUT)
                  2000ea08    0000000c     main.obj (.const:$P$T4$5)
                  2000ea14    0000000c     main.obj (.const:.string:$P$T3$4)
                  2000ea20    0000000b     main.obj (.const:.string:$P$T8$9)
                  2000ea2b    0000000a     main.obj (.const:.string:$P$T7$8)
                  2000ea35    00000009     main.obj (.const:.string:$P$T5$6)
                  2000ea3e    00000008     simplelink.a : device.obj (.const:StartResponseLUT)
                  2000ea46    00000002     --HOLE-- [fill = 0]
                  2000ea48    00000008                  : driver.obj (.const:g_H2NCnysPattern)
                  2000ea50    00000008                  : driver.obj (.const:g_H2NSyncPattern)
                  2000ea58    00000004                  : wlan.obj (.const:$P$T0$1)
                  2000ea5c    00000004                  : socket.obj (.const:$P$T2$3)
                  2000ea60    00000004                  : device.obj (.const:_SlDeviceGetCmdCtrl)
                  2000ea64    00000004                  : device.obj (.const:_SlDeviceSetCmdCtrl)
                  2000ea68    00000004                  : netapp.obj (.const:_SlGetHostByNameCtrl)
                  2000ea6c    00000004                  : netapp.obj (.const:_SlNetAppSendTokenValueCmdCtrl)
                  2000ea70    00000004                  : netcfg.obj (.const:_SlNetCfgSetCmdCtrl)
                  2000ea74    00000004                  : wlan.obj (.const:_SlPolicySetCmdCtrl)
                  2000ea78    00000004                  : wlan.obj (.const:_SlProfileDelCmdCtrl)
                  2000ea7c    00000004                  : netapp.obj (.const:_SlRegisterServiceCtrl)
                  2000ea80    00000004                  : wlan.obj (.const:_SlRxFilterSetCmdCtrl)
                  2000ea84    00000004                  : socket.obj (.const:_SlSendCmdCtrl)
                  2000ea88    00000004                  : socket.obj (.const:_SlSetSockOptCmdCtrl)
                  2000ea8c    00000004                  : socket.obj (.const:_SlSockSocketCmdCtrl)
                  2000ea90    00000004                  : device.obj (.const:_SlStopCmdCtrl)
                  2000ea94    00000004                  : wlan.obj (.const:_SlWlanCfgSetCmdCtrl)
                  2000ea98    00000004                  : wlan.obj (.const:_SlWlanSetModeCmdCtrl)

.cinit     0    2000eaa0    00000088     
                  2000eaa0    00000062     (.cinit..data.load) [load image, compression = lzss]
                  2000eb02    00000002     --HOLE-- [fill = 0]
                  2000eb04    0000000c     (__TI_handler_table)
                  2000eb10    00000008     (.cinit..bss.load) [load image, compression = zero_init]
                  2000eb18    00000010     (__TI_cinit_table)

.sysmem    0    20017000    00008000     UNINITIALIZED
                  20017000    00000008     rtsv7M4_T_le_v4SPD16_eabi.lib : memory.c.obj (.sysmem)
                  20017008    00007ff8     --HOLE--

.bss       0    2001f000    0000042e     UNINITIALIZED
                  2001f000    00000200     (.common:acSendBuff)
                  2001f200    00000168     simplelink.a : driver.obj (.bss:g_StatMem)
                  2001f368    00000050     (.common:g_ucDinDout)
                  2001f3b8    0000002c     (.common:g_time)
                  2001f3e4    00000024     (.common:g_ucConnectionSSID)
                  2001f408    00000010     main.obj (.bss)
                  2001f418    00000008     (.common:g_ucConnectionBSSID)
                  2001f420    00000004     uart_if.obj (.bss)
                  2001f424    00000004     (.common:g_ulTimerInts)
                  2001f428    00000001     (.common:RxIrqCnt)
                  2001f429    00000001     (.common:g_bDeviceRestartIsRequired)
                  2001f42a    00000001     (.common:g_cDummy)
                  2001f42b    00000001     (.common:g_ucLED1Pin)
                  2001f42c    00000001     (.common:g_ucLED2Pin)
                  2001f42d    00000001     (.common:g_ucLED3Pin)

.data      0    2001f430    00000138     UNINITIALIZED
                  2001f430    0000007c     main.obj (.data)
                  2001f4ac    0000003c     simplelink.a : nonos.obj (.data:g__SlNonOsCB)
                  2001f4e8    00000015     Adafruit_GFX.obj (.data)
                  2001f4fd    00000014     main.obj (.data:buffer)
                  2001f511    00000003     --HOLE--
                  2001f514    00000014     gpio_if.obj (.data:ulReg)
                  2001f528    0000000d     simplelink.a : driver.obj (.data)
                  2001f535    00000003     --HOLE--
                  2001f538    0000000c     rtsv7M4_T_le_v4SPD16_eabi.lib : memory.c.obj (.data:$O1$$)
                  2001f544    0000000c     gpio_if.obj (.data)
                  2001f550    00000009     simplelink.a : cc_pal.obj (.data)
                  2001f559    00000003     --HOLE--
                  2001f55c    00000008     rtsv7M4_T_le_v4SPD16_eabi.lib : _lock.c.obj (.data:$O1$$)
                  2001f564    00000004                                   : errno.c.obj (.data)

.stack     0    2002f000    00001000     UNINITIALIZED
                  2002f000    00000004     rtsv7M4_T_le_v4SPD16_eabi.lib : boot_cortex_m.c.obj (.stack)
                  2002f004    00000ffc     --HOLE--

MODULE SUMMARY

       Module                       code    ro data   rw data
       ------                       ----    -------   -------
    .\
       main.obj                     4856    233       764    
       Adafruit_GFX.obj             2840    1275      21     
       Adafruit_OLED.obj            1218    0         0      
       startup_ccs.obj              14      1024      0      
       gpio_if.obj                  920     0         35     
       uart_if.obj                  640     0         4      
       timer_if.obj                 408     0         0      
       pinmux.obj                   332     0         0      
    +--+----------------------------+-------+---------+---------+
       Total:                       11228   2532      824    
                                                             
    C:/ti/CC3200SDK_1.3.0/cc3200-sdk/driverlib/ccs/Release/driverlib.a
       prcm.obj                     852     168       0      
       interrupt.obj                608     340       0      
       spi.obj                      860     60        0      
       udma.obj                     604     0         0      
       pin.obj                      300     256       0      
       timer.obj                    552     0         0      
       gpio.obj                     422     0         0      
       uart.obj                     284     0         0      
       cpu.obj                      20      0         0      
       utils.obj                    6       0         0      
    +--+----------------------------+-------+---------+---------+
       Total:                       4508    824       0      
                                                             
    C:/ti/CC3200SDK_1.3.0/cc3200-sdk/simplelink/ccs/NON_OS/simplelink.a
       driver.obj                   7230    184       375    
       cc_pal.obj                   1820    0         90     
       socket.obj                   1574    32        0      
       netapp.obj                   1572    12        0      
       wlan.obj                     1312    24        0      
       device.obj                   1230    20        0      
       nonos.obj                    416     20        60     
       netcfg.obj                   152     4         0      
    +--+----------------------------+-------+---------+---------+
       Total:                       15306   296       525    
                                                             
    C:\ti\ccsv8\tools\compiler\ti-cgt-arm_18.1.4.LTS\lib\rtsv7M4_T_le_v4SPD16_eabi.lib
       _printfi.c.obj               4867    0         0      
       memory.c.obj                 768     0         12     
       fd_add_t2.asm.obj            438     0         0      
       fd_div_t2.asm.obj            310     0         0      
       s_scalbn.c.obj               272     0         0      
       fd_cmp_t2.asm.obj            268     0         0      
       ctype.c.obj                  0       257       0      
       fd_mul_t2.asm.obj            252     0         0      
       memcpy_t2.asm.obj            156     0         0      
       ull_div_t2.asm.obj           150     0         0      
       vsnprintf.c.obj              136     0         0      
       memset_t2.asm.obj            122     0         0      
       copy_decompress_lzss.c.obj   104     0         0      
       s_frexp.c.obj                100     0         0      
       sprintf.c.obj                98      0         0      
       ltoa.c.obj                   84      0         0      
       atoi.c.obj                   76      0         0      
       fd_toi_t2.asm.obj            72      0         0      
       autoinit.c.obj               68      0         0      
       boot_cortex_m.c.obj          56      0         0      
       i_tofd_t2.asm.obj            46      0         0      
       memmov.c.obj                 36      0         0      
       strcat.c.obj                 30      0         0      
       memccpy.c.obj                28      0         0      
       strchr.c.obj                 22      0         0      
       s_copysign.c.obj             20      0         0      
       strcpy.c.obj                 20      0         0      
       strlen.c.obj                 20      0         0      
       wcslen.c.obj                 18      0         0      
       copy_decompress_none.c.obj   14      0         0      
       copy_zero_init.c.obj         12      0         0      
       errno.c.obj                  8       0         4      
       _lock.c.obj                  2       0         8      
       exit.c.obj                   4       0         0      
       pre_init.c.obj               4       0         0      
       div0.asm.obj                 2       0         0      
    +--+----------------------------+-------+---------+---------+
       Total:                       8683    257       24     
                                                             
       Heap:                        0       0         32768  
       Stack:                       0       0         4096   
       Linker Generated:            0       134       0      
    +--+----------------------------+-------+---------+---------+
       Grand Total:                 39725   4043      38237  


LINKER GENERATED COPY TABLES

__TI_cinit_table @ 2000eb18 records: 2, size/record: 8, table size: 16
	.data: load addr=2000eaa0, load size=00000062 bytes, run addr=2001f430, run size=00000138 bytes, compression=lzss
	.bss: load addr=2000eb10, load size=00000008 bytes, run addr=2001f000, run size=0000042e bytes, compression=zero_init


LINKER GENERATED HANDLER TABLE

__TI_handler_table @ 2000eb04 records: 3, size/record: 4, table size: 12
	index: 0, handler: __TI_decompress_lzss
	index: 1, handler: __TI_decompress_none
	index: 2, handler: __TI_zero_init


GLOBAL SYMBOLS: SORTED ALPHABETICALLY BY Name 

address   name                                  
-------   ----                                  
200072ad  Adafruit_Init                         
2000df4b  C$$EXIT                               
2000de29  CPUcpsie                              
20007a9d  ClearTerm                             
20007423  Color565                              
2001f49c  Distance1                             
2001f4a0  Distance2                             
2000d88d  DmaSpiSwIntHandler                    
20007aa7  Error                                 
2000d539  GPIODirModeSet                        
2000de3d  GPIOIntClear                          
2000dbe1  GPIOIntEnable                         
2000da65  GPIOIntRegister                       
2000d91d  GPIOIntStatus                         
2000bffd  GPIOIntTypeSet                        
2001f4a4  GPIOInterupt_Count1                   
2001f4a8  GPIOInterupt_Count2                   
2000dcb1  GPIOPinRead                           
2000d983  GPIOPinWrite                          
20007985  GPIO_IF_ConfigureNIntEnable           
20007a11  GPIO_IF_Get                           
2000793f  GPIO_IF_GetPortNPin                   
20007701  GPIO_IF_LedConfigure                  
200077f3  GPIO_IF_LedOff                        
2000773f  GPIO_IF_LedOn                         
200078a7  GPIO_IF_LedStatus                     
20007911  GPIO_IF_LedToggle                     
200079cd  GPIO_IF_Set                           
20007adf  GetCmd                                
20007a5d  InitTerm                              
2000b189  IntDisable                            
2000b231  IntEnable                             
2000df25  IntMasterEnable                       
2000c9f9  IntPendClear                          
2000cb01  IntPrioritySet                        
2000d9a5  IntRegister                           
2000d8b1  IntUnregister                         
2000de51  IntVTableBaseSet                      
20007a7b  Message                               
2000df01  NwpMaskInterrupt                      
2000d459  NwpPowerOff                           
2000d699  NwpPowerOn                            
2000d9c5  NwpPrePowerOffTimout0                 
2000d275  NwpRegisterInterruptHandler           
2000df0d  NwpUnMaskInterrupt                    
2000e884  OpcodeTranslateTable                  
200060a3  Outstr                                
20009171  PRCMCC3200MCUInit                     
2000ddd1  PRCMHIBRegRead                        
2000dde7  PRCMHIBRegWrite                       
2000d79d  PRCMPeripheralClkDisable              
2000d32d  PRCMPeripheralClkEnable               
2000b8e5  PRCMPeripheralClockGet                
2000ca51  PRCMPeripheralReset                   
2000d571  PRCMPeripheralStatusGet               
2000d6c5  PRCMSysResetCauseGet                  
2000bde5  PinConfigSet                          
2000d175  PinModeSet                            
200095a9  PinMuxConfig                          
2000d5d9  PinTypeGPIO                           
2000dbfb  PinTypeSPI                            
2000dc15  PinTypeUART                           
20007c1d  Report                                
2000def1  ResetISR                              
2001f428  RxIrqCnt                              
2000dcc9  SPICSDisable                          
2000dce1  SPICSEnable                           
2000b37d  SPIConfigSetExpClk                    
2000d9e5  SPIDataGet                            
2000da83  SPIDataPut                            
2000dcf9  SPIDisable                            
2000dc2f  SPIDmaDisable                         
2000dc49  SPIDmaEnable                          
2000dd11  SPIEnable                             
2000dc63  SPIFIFODisable                        
2000dc7d  SPIFIFOEnable                         
2000d5a5  SPIFIFOLevelSet                       
2000cf05  SPIIntClear                           
2000ccf5  SPIIntEnable                          
2000dc97  SPIIntUnregister                      
2000d93f  SPIReset                              
2000d961  SPIWordCountSet                       
200044c7  SimpleLinkGeneralEventHandler         
200044bb  SimpleLinkHttpServerCallback          
20004483  SimpleLinkNetAppEventHandler          
200044d7  SimpleLinkSockEventHandler            
20004401  SimpleLinkWlanEventHandler            
20004eed  Sonic_SamplingIntHandler              
20004ea1  Sonic_TriggeringIntHandler            
2000d021  TimerConfigure                        
2000daa1  TimerDisable                          
2000dabf  TimerEnable                           
2000da05  TimerGetCurrentTimestamp              
2000dea1  TimerIntClear                         
2000dd29  TimerIntDisable                       
2000dd41  TimerIntEnable                        
2000c459  TimerIntRegister                      
2000dadd  TimerIntStatus                        
2000c611  TimerIntUnregister                    
2000d749  TimerLoadSet                          
2000d773  TimerPrescaleSet                      
2000db55  TimerValueGet                         
20008e03  Timer_IF_DeInit                       
20008e35  Timer_IF_GetCount                     
20008d3d  Timer_IF_Init                         
20008d6f  Timer_IF_IntSetup                     
20008dbb  Timer_IF_InterruptClear               
20008e1d  Timer_IF_ReLoad                       
20008dd3  Timer_IF_Start                        
20008df3  Timer_IF_Stop                         
20007b85  TrimSpace                             
2000db71  UARTCharGetNonBlocking                
2000dafb  UARTCharPut                           
2000dd59  UARTCharsAvail                        
2000c36d  UARTConfigSetExpClk                   
2000d609  UARTDisable                           
2000d8d5  UARTEnable                            
2000df41  UtilsDelay                            
2000e8c0  _SlActionLookupTable                  
2000b2d9  _SlDriverHandleError                  
2000cf4d  _SlDrvBasicCmd                        
2000af65  _SlDrvCmdOp                           
2000c539  _SlDrvCmdSend                         
20009459  _SlDrvDataWriteOp                     
2000b4b9  _SlDrvDeviceEventHandler              
2000dec5  _SlDrvDispatchHttpServerEvents        
20009e6d  _SlDrvDriverCBDeinit                  
2000896d  _SlDrvDriverCBInit                    
2000d7c5  _SlDrvGlobalObjUnLock                 
2000bc41  _SlDrvIsTimeoutExpired                
2000ddfd  _SlDrvMemZero                         
2000a989  _SlDrvMsgReadSpawnCtx                 
2000a2e5  _SlDrvNetAppEventHandler              
2000d865  _SlDrvObjLockWaitForever              
2000da25  _SlDrvObjUnLock                       
2000cd8d  _SlDrvProtectAsyncRespSetting         
2000d71d  _SlDrvProtectionObjLockWaitForever    
2000d7ed  _SlDrvProtectionObjUnLock             
20008415  _SlDrvReleasePoolObj                  
2000ded5  _SlDrvResetCmdExt                     
2000cb55  _SlDrvRxIrqHandler                    
2000db8d  _SlDrvStartMeasureTimeout             
2000da45  _SlDrvSyncObjSignal                   
2000d815  _SlDrvSyncObjWaitForever              
2000d065  _SlDrvSyncObjWaitTimeout              
20008e55  _SlDrvWaitForPoolObj                  
2000ea6c  _SlNetAppSendTokenValueCmdCtrl        
2000c3e5  _SlNonOsMainLoopTask                  
2000b0d9  _SlNonOsSemGet                        
2000dd71  _SlNonOsSemSet                        
2000c6e1  _SlNonOsSpawn                         
20030000  __STACK_END                           
00001000  __STACK_SIZE                          
00008000  __SYSMEM_SIZE                         
2000eb18  __TI_CINIT_Base                       
2000eb28  __TI_CINIT_Limit                      
2000eb04  __TI_Handler_Table_Base               
2000eb10  __TI_Handler_Table_Limit              
2000d0a9  __TI_auto_init_nobinit_nopinit        
2000c679  __TI_decompress_lzss                  
2000dee3  __TI_decompress_none                  
ffffffff  __TI_pprof_out_hndl                   
20006211  __TI_printfi                          
ffffffff  __TI_prof_data_size                   
ffffffff  __TI_prof_data_start                  
2000eaa0  __TI_static_base__                    
2000df19  __TI_zero_init                        
2000be6d  __aeabi_cdcmpeq                       
2000be6d  __aeabi_cdcmple                       
2000bef3  __aeabi_cdrcmple                      
2000cf95  __aeabi_d2iz                          
200087bf  __aeabi_dadd                          
20009c01  __aeabi_ddiv                          
2000a3e9  __aeabi_dmul                          
200087b5  __aeabi_dsub                          
2000df39  __aeabi_errno_addr                    
2000d669  __aeabi_i2d                           
2000896b  __aeabi_idiv0                         
2000896b  __aeabi_ldiv0                         
2000c201  __aeabi_memclr                        
2000c201  __aeabi_memclr4                       
2000c201  __aeabi_memclr8                       
2000b41d  __aeabi_memcpy                        
2000b41d  __aeabi_memcpy4                       
2000b41d  __aeabi_memcpy8                       
2000c203  __aeabi_memset                        
2000c203  __aeabi_memset4                       
2000c203  __aeabi_memset8                       
2000b84d  __aeabi_uldivmod                      
ffffffff  __binit__                             
ffffffff  __c_args__                            
UNDEFED   __mpu_init                            
2002f000  __stack                               
2000d491  _c_int00_noargs                       
2000e44b  _ctypes_                              
2001f55c  _lock                                 
200076c3  _nop                                  
2000c745  _sl_HandleAsync_Accept                
2000c081  _sl_HandleAsync_Connect               
2000b979  _sl_HandleAsync_DnsGetHostByName      
2000ad09  _sl_HandleAsync_DnsGetHostByService   
2000bccd  _sl_HandleAsync_InitComplete          
2000ba09  _sl_HandleAsync_PingResponse          
2000cba9  _sl_HandleAsync_Select                
2000cca5  _sl_HandleAsync_Stop                  
2000c5a5  _sl_NetAppSendTokenValue              
20017000  _sys_memory                           
UNDEFED   _system_post_cinit                    
2000df47  _system_pre_init                      
2001f560  _unlock                               
2001f44c  a                                     
2000df4b  abort                                 
2001f000  acSendBuff                            
2000ce25  atoi                                  
ffffffff  binit                                 
2001f460  buff2                                 
2001f458  buff_index                            
2001f4fd  buffer                                
2001f45c  buffold                               
2000de65  copysign                              
2000de65  copysignl                             
2001f4e8  cursor_x                              
2001f4ec  cursor_y                              
2001f440  cx                                    
2001f444  cy                                    
2001f490  deleteflag                            
2001f488  direction2                            
20005f57  drawChar                              
200056f9  drawCircle                            
2000582d  drawCircleHelper                      
200075cd  drawFastHLine                         
2000752d  drawFastVLine                         
20005a73  drawLine                              
20007669  drawPixel                             
20005b5f  drawRect                              
20005bad  drawRoundRect                         
20005d15  drawTriangle                          
2001f494  duration_Count1                       
2001f498  duration_Count2                       
2000569d  eec172init                            
2001f564  errno                                 
2000615b  fillASCII                             
2000594b  fillCircle                            
20005985  fillCircleHelper                      
2000747b  fillRect                              
20005c9b  fillRoundRect                         
20007465  fillScreen                            
20005d57  fillTriangle                          
2001f468  flag_to_send                          
2000ac31  free                                  
2000c7a9  frexp                                 
2000c7a9  frexpl                                
2001f43c  g_Host                                
2001f528  g_SlDeviceStatus                      
2001f550  g_SpiFd                               
2001f4ac  g__SlNonOsCB                          
2001f429  g_bDeviceRestartIsRequired            
2001f42a  g_cDummy                              
2001f52c  g_pCB                                 
2001f554  g_pHostIntHdl                         
20004000  g_pfnVectors                          
2001f3b8  g_time                                
2001f418  g_ucConnectionBSSID                   
2001f3e4  g_ucConnectionSSID                    
2001f558  g_ucDMAEnabled                        
2001f368  g_ucDinDout                           
2001f42b  g_ucLED1Pin                           
2001f42c  g_ucLED2Pin                           
2001f42d  g_ucLED3Pin                           
2001f544  g_uiLED1Port                          
2001f548  g_uiLED2Port                          
2001f54c  g_uiLED3Port                          
2001f438  g_ulGatewayIP                         
2001f434  g_ulPingPacketsRecv                   
2001f430  g_ulStatus                            
2001f424  g_ulTimerInts                         
200073df  goTo                                  
20006157  height                                
2001f478  indexi                                
2001f480  indexi2                               
2001f47c  indexj                                
2001f484  indexj2                               
200076a7  invert                                
2001f48c  lRetVal                               
2000a1d5  ldexp                                 
2000a1d5  ldexpl                                
2000cbfd  ltoa                                  
2000506d  main                                  
2000c27d  malloc                                
2000dba9  memccpy                               
2000b41d  memcpy                                
2000d8f9  memmove                               
2000c209  memset                                
2000d4c9  minit                                 
2001f474  new_dig                               
2001f454  nowCount                              
2001f530  pPingCallBackFunc                     
200055e9  printChar                             
200048f7  printErrConvenience                   
2000a0c1  realloc                               
2001f450  rxData                                
2000a1d5  scalbn                                
2000a1d5  scalbnl                               
200060ef  setCursor                             
20006127  setTextColor                          
20006107  setTextSize                           
2000613f  setTextWrap                           
20005525  setupOLED                             
2000d3a5  simplelink_timerA2_start              
20008fe5  sl_Connect                            
2000add5  sl_DevGet                             
2000b555  sl_DevSet                             
2000d131  sl_Htonl                              
2000d3e1  sl_Htons                              
20009981  sl_NetAppDnsGetHostByName             
2000aa71  sl_NetAppMDNSRegisterUnregisterService
2000c80d  sl_NetAppMDNSUnRegisterService        
2000b5ed  sl_NetCfgSet                          
20009d39  sl_Send                               
2000b685  sl_SetSockOpt                         
2000bd59  sl_Socket                             
2000a7b5  sl_Start                              
2000a4e5  sl_Stop                               
20007cdd  sl_WlanConnect                        
2000d501  sl_WlanDisconnect                     
2000ba99  sl_WlanPolicySet                      
2000c939  sl_WlanProfileDel                     
2000bf79  sl_WlanRxFilterSet                    
2000b71d  sl_WlanSet                            
2000c999  sl_WlanSetMode                        
20004e73  sonic_timing1IntHandler1              
20004e8d  sonic_timing2IntHandler2              
2000c2f5  spi_Close                             
200096f5  spi_Open                              
2000a5d5  spi_Read                              
2000b7b5  spi_Write                             
2000d1f5  sprintf                               
2000db37  strcat                                
2000de13  strchr                                
2000de79  strcpy                                
2000de8d  strlen                                
2001f464  text_buffer                           
2001f4f8  textbgcolor                           
2001f4f4  textcolor                             
2001f4f0  textsize                              
2001f46c  top_x                                 
2001f470  top_y                                 
2000ce71  uDMAChannelAssign                     
2000c871  uDMAChannelAttributeDisable           
2000c8d5  uDMAChannelAttributeEnable            
2000d41d  uDMAChannelControlSet                 
2000dbc5  uDMAChannelEnable                     
2000a6c5  uDMAChannelTransferSet                
2000d235  vsnprintf                             
2000deb3  wcslen                                
20006153  width                                 
2001f4fc  wrap                                  
20007201  writeCommand                          
20007257  writeData                             


GLOBAL SYMBOLS: SORTED BY Symbol Address 

address   name                                  
-------   ----                                  
00001000  __STACK_SIZE                          
00008000  __SYSMEM_SIZE                         
20004000  g_pfnVectors                          
20004401  SimpleLinkWlanEventHandler            
20004483  SimpleLinkNetAppEventHandler          
200044bb  SimpleLinkHttpServerCallback          
200044c7  SimpleLinkGeneralEventHandler         
200044d7  SimpleLinkSockEventHandler            
200048f7  printErrConvenience                   
20004e73  sonic_timing1IntHandler1              
20004e8d  sonic_timing2IntHandler2              
20004ea1  Sonic_TriggeringIntHandler            
20004eed  Sonic_SamplingIntHandler              
2000506d  main                                  
20005525  setupOLED                             
200055e9  printChar                             
2000569d  eec172init                            
200056f9  drawCircle                            
2000582d  drawCircleHelper                      
2000594b  fillCircle                            
20005985  fillCircleHelper                      
20005a73  drawLine                              
20005b5f  drawRect                              
20005bad  drawRoundRect                         
20005c9b  fillRoundRect                         
20005d15  drawTriangle                          
20005d57  fillTriangle                          
20005f57  drawChar                              
200060a3  Outstr                                
200060ef  setCursor                             
20006107  setTextSize                           
20006127  setTextColor                          
2000613f  setTextWrap                           
20006153  width                                 
20006157  height                                
2000615b  fillASCII                             
20006211  __TI_printfi                          
20007201  writeCommand                          
20007257  writeData                             
200072ad  Adafruit_Init                         
200073df  goTo                                  
20007423  Color565                              
20007465  fillScreen                            
2000747b  fillRect                              
2000752d  drawFastVLine                         
200075cd  drawFastHLine                         
20007669  drawPixel                             
200076a7  invert                                
200076c3  _nop                                  
20007701  GPIO_IF_LedConfigure                  
2000773f  GPIO_IF_LedOn                         
200077f3  GPIO_IF_LedOff                        
200078a7  GPIO_IF_LedStatus                     
20007911  GPIO_IF_LedToggle                     
2000793f  GPIO_IF_GetPortNPin                   
20007985  GPIO_IF_ConfigureNIntEnable           
200079cd  GPIO_IF_Set                           
20007a11  GPIO_IF_Get                           
20007a5d  InitTerm                              
20007a7b  Message                               
20007a9d  ClearTerm                             
20007aa7  Error                                 
20007adf  GetCmd                                
20007b85  TrimSpace                             
20007c1d  Report                                
20007cdd  sl_WlanConnect                        
20008415  _SlDrvReleasePoolObj                  
200087b5  __aeabi_dsub                          
200087bf  __aeabi_dadd                          
2000896b  __aeabi_idiv0                         
2000896b  __aeabi_ldiv0                         
2000896d  _SlDrvDriverCBInit                    
20008d3d  Timer_IF_Init                         
20008d6f  Timer_IF_IntSetup                     
20008dbb  Timer_IF_InterruptClear               
20008dd3  Timer_IF_Start                        
20008df3  Timer_IF_Stop                         
20008e03  Timer_IF_DeInit                       
20008e1d  Timer_IF_ReLoad                       
20008e35  Timer_IF_GetCount                     
20008e55  _SlDrvWaitForPoolObj                  
20008fe5  sl_Connect                            
20009171  PRCMCC3200MCUInit                     
20009459  _SlDrvDataWriteOp                     
200095a9  PinMuxConfig                          
200096f5  spi_Open                              
20009981  sl_NetAppDnsGetHostByName             
20009c01  __aeabi_ddiv                          
20009d39  sl_Send                               
20009e6d  _SlDrvDriverCBDeinit                  
2000a0c1  realloc                               
2000a1d5  ldexp                                 
2000a1d5  ldexpl                                
2000a1d5  scalbn                                
2000a1d5  scalbnl                               
2000a2e5  _SlDrvNetAppEventHandler              
2000a3e9  __aeabi_dmul                          
2000a4e5  sl_Stop                               
2000a5d5  spi_Read                              
2000a6c5  uDMAChannelTransferSet                
2000a7b5  sl_Start                              
2000a989  _SlDrvMsgReadSpawnCtx                 
2000aa71  sl_NetAppMDNSRegisterUnregisterService
2000ac31  free                                  
2000ad09  _sl_HandleAsync_DnsGetHostByService   
2000add5  sl_DevGet                             
2000af65  _SlDrvCmdOp                           
2000b0d9  _SlNonOsSemGet                        
2000b189  IntDisable                            
2000b231  IntEnable                             
2000b2d9  _SlDriverHandleError                  
2000b37d  SPIConfigSetExpClk                    
2000b41d  __aeabi_memcpy                        
2000b41d  __aeabi_memcpy4                       
2000b41d  __aeabi_memcpy8                       
2000b41d  memcpy                                
2000b4b9  _SlDrvDeviceEventHandler              
2000b555  sl_DevSet                             
2000b5ed  sl_NetCfgSet                          
2000b685  sl_SetSockOpt                         
2000b71d  sl_WlanSet                            
2000b7b5  spi_Write                             
2000b84d  __aeabi_uldivmod                      
2000b8e5  PRCMPeripheralClockGet                
2000b979  _sl_HandleAsync_DnsGetHostByName      
2000ba09  _sl_HandleAsync_PingResponse          
2000ba99  sl_WlanPolicySet                      
2000bc41  _SlDrvIsTimeoutExpired                
2000bccd  _sl_HandleAsync_InitComplete          
2000bd59  sl_Socket                             
2000bde5  PinConfigSet                          
2000be6d  __aeabi_cdcmpeq                       
2000be6d  __aeabi_cdcmple                       
2000bef3  __aeabi_cdrcmple                      
2000bf79  sl_WlanRxFilterSet                    
2000bffd  GPIOIntTypeSet                        
2000c081  _sl_HandleAsync_Connect               
2000c201  __aeabi_memclr                        
2000c201  __aeabi_memclr4                       
2000c201  __aeabi_memclr8                       
2000c203  __aeabi_memset                        
2000c203  __aeabi_memset4                       
2000c203  __aeabi_memset8                       
2000c209  memset                                
2000c27d  malloc                                
2000c2f5  spi_Close                             
2000c36d  UARTConfigSetExpClk                   
2000c3e5  _SlNonOsMainLoopTask                  
2000c459  TimerIntRegister                      
2000c539  _SlDrvCmdSend                         
2000c5a5  _sl_NetAppSendTokenValue              
2000c611  TimerIntUnregister                    
2000c679  __TI_decompress_lzss                  
2000c6e1  _SlNonOsSpawn                         
2000c745  _sl_HandleAsync_Accept                
2000c7a9  frexp                                 
2000c7a9  frexpl                                
2000c80d  sl_NetAppMDNSUnRegisterService        
2000c871  uDMAChannelAttributeDisable           
2000c8d5  uDMAChannelAttributeEnable            
2000c939  sl_WlanProfileDel                     
2000c999  sl_WlanSetMode                        
2000c9f9  IntPendClear                          
2000ca51  PRCMPeripheralReset                   
2000cb01  IntPrioritySet                        
2000cb55  _SlDrvRxIrqHandler                    
2000cba9  _sl_HandleAsync_Select                
2000cbfd  ltoa                                  
2000cca5  _sl_HandleAsync_Stop                  
2000ccf5  SPIIntEnable                          
2000cd8d  _SlDrvProtectAsyncRespSetting         
2000ce25  atoi                                  
2000ce71  uDMAChannelAssign                     
2000cf05  SPIIntClear                           
2000cf4d  _SlDrvBasicCmd                        
2000cf95  __aeabi_d2iz                          
2000d021  TimerConfigure                        
2000d065  _SlDrvSyncObjWaitTimeout              
2000d0a9  __TI_auto_init_nobinit_nopinit        
2000d131  sl_Htonl                              
2000d175  PinModeSet                            
2000d1f5  sprintf                               
2000d235  vsnprintf                             
2000d275  NwpRegisterInterruptHandler           
2000d32d  PRCMPeripheralClkEnable               
2000d3a5  simplelink_timerA2_start              
2000d3e1  sl_Htons                              
2000d41d  uDMAChannelControlSet                 
2000d459  NwpPowerOff                           
2000d491  _c_int00_noargs                       
2000d4c9  minit                                 
2000d501  sl_WlanDisconnect                     
2000d539  GPIODirModeSet                        
2000d571  PRCMPeripheralStatusGet               
2000d5a5  SPIFIFOLevelSet                       
2000d5d9  PinTypeGPIO                           
2000d609  UARTDisable                           
2000d669  __aeabi_i2d                           
2000d699  NwpPowerOn                            
2000d6c5  PRCMSysResetCauseGet                  
2000d71d  _SlDrvProtectionObjLockWaitForever    
2000d749  TimerLoadSet                          
2000d773  TimerPrescaleSet                      
2000d79d  PRCMPeripheralClkDisable              
2000d7c5  _SlDrvGlobalObjUnLock                 
2000d7ed  _SlDrvProtectionObjUnLock             
2000d815  _SlDrvSyncObjWaitForever              
2000d865  _SlDrvObjLockWaitForever              
2000d88d  DmaSpiSwIntHandler                    
2000d8b1  IntUnregister                         
2000d8d5  UARTEnable                            
2000d8f9  memmove                               
2000d91d  GPIOIntStatus                         
2000d93f  SPIReset                              
2000d961  SPIWordCountSet                       
2000d983  GPIOPinWrite                          
2000d9a5  IntRegister                           
2000d9c5  NwpPrePowerOffTimout0                 
2000d9e5  SPIDataGet                            
2000da05  TimerGetCurrentTimestamp              
2000da25  _SlDrvObjUnLock                       
2000da45  _SlDrvSyncObjSignal                   
2000da65  GPIOIntRegister                       
2000da83  SPIDataPut                            
2000daa1  TimerDisable                          
2000dabf  TimerEnable                           
2000dadd  TimerIntStatus                        
2000dafb  UARTCharPut                           
2000db37  strcat                                
2000db55  TimerValueGet                         
2000db71  UARTCharGetNonBlocking                
2000db8d  _SlDrvStartMeasureTimeout             
2000dba9  memccpy                               
2000dbc5  uDMAChannelEnable                     
2000dbe1  GPIOIntEnable                         
2000dbfb  PinTypeSPI                            
2000dc15  PinTypeUART                           
2000dc2f  SPIDmaDisable                         
2000dc49  SPIDmaEnable                          
2000dc63  SPIFIFODisable                        
2000dc7d  SPIFIFOEnable                         
2000dc97  SPIIntUnregister                      
2000dcb1  GPIOPinRead                           
2000dcc9  SPICSDisable                          
2000dce1  SPICSEnable                           
2000dcf9  SPIDisable                            
2000dd11  SPIEnable                             
2000dd29  TimerIntDisable                       
2000dd41  TimerIntEnable                        
2000dd59  UARTCharsAvail                        
2000dd71  _SlNonOsSemSet                        
2000ddd1  PRCMHIBRegRead                        
2000dde7  PRCMHIBRegWrite                       
2000ddfd  _SlDrvMemZero                         
2000de13  strchr                                
2000de29  CPUcpsie                              
2000de3d  GPIOIntClear                          
2000de51  IntVTableBaseSet                      
2000de65  copysign                              
2000de65  copysignl                             
2000de79  strcpy                                
2000de8d  strlen                                
2000dea1  TimerIntClear                         
2000deb3  wcslen                                
2000dec5  _SlDrvDispatchHttpServerEvents        
2000ded5  _SlDrvResetCmdExt                     
2000dee3  __TI_decompress_none                  
2000def1  ResetISR                              
2000df01  NwpMaskInterrupt                      
2000df0d  NwpUnMaskInterrupt                    
2000df19  __TI_zero_init                        
2000df25  IntMasterEnable                       
2000df39  __aeabi_errno_addr                    
2000df41  UtilsDelay                            
2000df47  _system_pre_init                      
2000df4b  C$$EXIT                               
2000df4b  abort                                 
2000e44b  _ctypes_                              
2000e884  OpcodeTranslateTable                  
2000e8c0  _SlActionLookupTable                  
2000ea6c  _SlNetAppSendTokenValueCmdCtrl        
2000eaa0  __TI_static_base__                    
2000eb04  __TI_Handler_Table_Base               
2000eb10  __TI_Handler_Table_Limit              
2000eb18  __TI_CINIT_Base                       
2000eb28  __TI_CINIT_Limit                      
20017000  _sys_memory                           
2001f000  acSendBuff                            
2001f368  g_ucDinDout                           
2001f3b8  g_time                                
2001f3e4  g_ucConnectionSSID                    
2001f418  g_ucConnectionBSSID                   
2001f424  g_ulTimerInts                         
2001f428  RxIrqCnt                              
2001f429  g_bDeviceRestartIsRequired            
2001f42a  g_cDummy                              
2001f42b  g_ucLED1Pin                           
2001f42c  g_ucLED2Pin                           
2001f42d  g_ucLED3Pin                           
2001f430  g_ulStatus                            
2001f434  g_ulPingPacketsRecv                   
2001f438  g_ulGatewayIP                         
2001f43c  g_Host                                
2001f440  cx                                    
2001f444  cy                                    
2001f44c  a                                     
2001f450  rxData                                
2001f454  nowCount                              
2001f458  buff_index                            
2001f45c  buffold                               
2001f460  buff2                                 
2001f464  text_buffer                           
2001f468  flag_to_send                          
2001f46c  top_x                                 
2001f470  top_y                                 
2001f474  new_dig                               
2001f478  indexi                                
2001f47c  indexj                                
2001f480  indexi2                               
2001f484  indexj2                               
2001f488  direction2                            
2001f48c  lRetVal                               
2001f490  deleteflag                            
2001f494  duration_Count1                       
2001f498  duration_Count2                       
2001f49c  Distance1                             
2001f4a0  Distance2                             
2001f4a4  GPIOInterupt_Count1                   
2001f4a8  GPIOInterupt_Count2                   
2001f4ac  g__SlNonOsCB                          
2001f4e8  cursor_x                              
2001f4ec  cursor_y                              
2001f4f0  textsize                              
2001f4f4  textcolor                             
2001f4f8  textbgcolor                           
2001f4fc  wrap                                  
2001f4fd  buffer                                
2001f528  g_SlDeviceStatus                      
2001f52c  g_pCB                                 
2001f530  pPingCallBackFunc                     
2001f544  g_uiLED1Port                          
2001f548  g_uiLED2Port                          
2001f54c  g_uiLED3Port                          
2001f550  g_SpiFd                               
2001f554  g_pHostIntHdl                         
2001f558  g_ucDMAEnabled                        
2001f55c  _lock                                 
2001f560  _unlock                               
2001f564  errno                                 
2002f000  __stack                               
20030000  __STACK_END                           
ffffffff  __TI_pprof_out_hndl                   
ffffffff  __TI_prof_data_size                   
ffffffff  __TI_prof_data_start                  
ffffffff  __binit__                             
ffffffff  __c_args__                            
ffffffff  binit                                 
UNDEFED   __mpu_init                            
UNDEFED   _system_post_cinit                    

[359 symbols]
