******************************************************************************
                  TI ARM Linker PC v18.1.4                     
******************************************************************************
>> Linked Tue Mar 12 12:58:28 2019

OUTPUT FILE NAME:   <FINAL_PROJECT_V1.out>
ENTRY POINT SYMBOL: "_c_int00_noargs"  address: 2000e759


MEMORY CONFIGURATION

         name            origin    length      used     unused   attr    fill
----------------------  --------  ---------  --------  --------  ----  --------
  SRAM_CODE             20004000   00013000  0000bfd4  0000702c  RW X
  SRAM_DATA             20017000   00019000  00009702  0000f8fe  RW X


SEGMENT ALLOCATION MAP

run origin  load origin   length   init length attrs members
----------  ----------- ---------- ----------- ----- -------
20004000    20004000    0000bfd8   0000bfd8    r-x
  20004000    20004000    00000400   00000400    r-- .intvecs
  20004400    20004400    0000af9e   0000af9e    r-x .text
  2000f3a0    2000f3a0    00000b4e   00000b4e    r-- .const
  2000fef0    2000fef0    000000e8   000000e8    r-- .cinit
20017000    20017000    00008704   00000000    rw-
  20017000    20017000    00008000   00000000    rw- .sysmem
  2001f000    2001f000    000003f6   00000000    rw- .bss
  2001f3f8    2001f3f8    0000030c   00000000    rw- .data
2002f000    2002f000    00001000   00000000    rw-
  2002f000    2002f000    00001000   00000000    rw- .stack


SECTION ALLOCATION MAP

 output                                  attributes/
section   page    origin      length       input sections
--------  ----  ----------  ----------   ----------------
.intvecs   0    20004000    00000400     
                  20004000    00000400     startup_ccs.obj (.intvecs)

.init_array 
*          0    20004000    00000000     UNINITIALIZED

.text      0    20004400    0000af9e     
                  20004400    00001ae8     main.obj (.text)
                  20005ee8    00000b18     Adafruit_GFX.obj (.text)
                  20006a00    00000a5e     rtsv7M4_T_le_v4SPD16_eabi.lib : _printfi.c.obj (.text:__TI_printfi)
                  2000745e    00000002     driverlib.a : interrupt.obj (.text:IntDefaultHandler)
                  20007460    00000590     simplelink.a : driver.obj (.text:_SlDrvMsgRead)
                  200079f0    000004c2     Adafruit_OLED.obj (.text)
                  20007eb2    00000002     rtsv7M4_T_le_v4SPD16_eabi.lib : _lock.c.obj (.text:_nop)
                  20007eb4    00000398     gpio_if.obj (.text)
                  2000824c    00000280     uart_if.obj (.text)
                  200084cc    0000027c     simplelink.a : wlan.obj (.text:sl_WlanConnect)
                  20008748    00000270     rtsv7M4_T_le_v4SPD16_eabi.lib : _printfi.c.obj (.text:_pconv_a)
                  200089b8    0000024c     simplelink.a : driver.obj (.text:_SlDrvRxHdrRead)
                  20008c04    000001e4                  : driver.obj (.text:_SlDrvDataReadOp)
                  20008de8    000001d0                  : driver.obj (.text:_SlDrvReleasePoolObj)
                  20008fb8    000001d0     rtsv7M4_T_le_v4SPD16_eabi.lib : _printfi.c.obj (.text:_pconv_g)
                  20009188    000001b6                                   : fd_add_t2.asm.obj (.text)
                  2000933e    00000002                                   : div0.asm.obj (.text)
                  20009340    000001b4     simplelink.a : driver.obj (.text:_SlDrvDriverCBInit)
                  200094f4    0000019c                  : driver.obj (.text:_SlDrvMsgWrite)
                  20009690    00000198     timer_if.obj (.text)
                  20009828    00000190     simplelink.a : driver.obj (.text:_SlDrvWaitForPoolObj)
                  200099b8    0000018c                  : socket.obj (.text:sl_Connect)
                  20009b44    00000178     driverlib.a : prcm.obj (.text:PRCMCC3200MCUInit)
                  20009cbc    00000170     simplelink.a : driver.obj (.text:_SlFindAndSetActiveObj)
                  20009e2c    00000150                  : driver.obj (.text:_SlDrvDataWriteOp)
                  20009f7c    0000014c     pinmux.obj (.text)
                  2000a0c8    00000148     simplelink.a : cc_pal.obj (.text:spi_Open)
                  2000a210    00000144                  : driver.obj (.text:_SlDrvMsgReadCmdCtx)
                  2000a354    00000144                  : netapp.obj (.text:sl_NetAppDnsGetHostByName)
                  2000a498    0000013c     rtsv7M4_T_le_v4SPD16_eabi.lib : _printfi.c.obj (.text:_pconv_e)
                  2000a5d4    00000136                                   : fd_div_t2.asm.obj (.text)
                  2000a70a    00000002     --HOLE-- [fill = 0]
                  2000a70c    00000134     simplelink.a : socket.obj (.text:sl_Send)
                  2000a840    00000130                  : driver.obj (.text:_SlDrvDriverCBDeinit)
                  2000a970    00000124     rtsv7M4_T_le_v4SPD16_eabi.lib : _printfi.c.obj (.text:fcvt)
                  2000aa94    00000114                                   : fputs.c.obj (.text:fputs)
                  2000aba8    00000114                                   : memory.c.obj (.text:realloc)
                  2000acbc    00000110                                   : s_scalbn.c.obj (.text:scalbn)
                  2000adcc    00000104     simplelink.a : netapp.obj (.text:_SlDrvNetAppEventHandler)
                  2000aed0    000000fc     rtsv7M4_T_le_v4SPD16_eabi.lib : fd_mul_t2.asm.obj (.text)
                  2000afcc    000000f0     simplelink.a : device.obj (.text:sl_Stop)
                  2000b0bc    000000f0                  : cc_pal.obj (.text:spi_Read)
                  2000b1ac    000000f0     driverlib.a : udma.obj (.text:uDMAChannelTransferSet)
                  2000b29c    000000ec     simplelink.a : device.obj (.text:sl_Start)
                  2000b388    000000e8                  : driver.obj (.text:_SlAsyncEventGenericHandler)
                  2000b470    000000e8                  : driver.obj (.text:_SlDrvMsgReadSpawnCtx)
                  2000b558    000000e4                  : netapp.obj (.text:sl_NetAppMDNSRegisterUnregisterService)
                  2000b63c    000000dc                  : driver.obj (.text:_SlDrvClassifyRxMsg)
                  2000b718    000000dc     rtsv7M4_T_le_v4SPD16_eabi.lib : setvbuf.c.obj (.text:setvbuf)
                  2000b7f4    000000d8                                   : memory.c.obj (.text:free)
                  2000b8cc    000000cc     simplelink.a : netapp.obj (.text:_sl_HandleAsync_DnsGetHostByService)
                  2000b998    000000cc                  : device.obj (.text:sl_DevGet)
                  2000ba64    000000c4                  : driver.obj (.text:_SlRemoveFromList)
                  2000bb28    000000c0                  : driver.obj (.text:_SlDrvCmdOp)
                  2000bbe8    000000b1     rtsv7M4_T_le_v4SPD16_eabi.lib : _printfi.c.obj (.text:_ltostr)
                  2000bc99    00000003     --HOLE-- [fill = 0]
                  2000bc9c    000000b0     simplelink.a : nonos.obj (.text:_SlNonOsSemGet)
                  2000bd4c    000000a8     driverlib.a : interrupt.obj (.text:IntDisable)
                  2000bdf4    000000a8                 : interrupt.obj (.text:IntEnable)
                  2000be9c    000000a4     simplelink.a : driver.obj (.text:_SlDriverHandleError)
                  2000bf40    000000a0     driverlib.a : spi.obj (.text:SPIConfigSetExpClk)
                  2000bfe0    000000a0     simplelink.a : socket.obj (.text:sl_Recv)
                  2000c080    0000009c     rtsv7M4_T_le_v4SPD16_eabi.lib : memcpy_t2.asm.obj (.text)
                  2000c11c    0000009a     simplelink.a : device.obj (.text:_SlDrvDeviceEventHandler)
                  2000c1b6    00000002     --HOLE-- [fill = 0]
                  2000c1b8    00000098                  : device.obj (.text:sl_DevSet)
                  2000c250    00000098                  : netcfg.obj (.text:sl_NetCfgSet)
                  2000c2e8    00000098                  : socket.obj (.text:sl_SetSockOpt)
                  2000c380    00000098                  : wlan.obj (.text:sl_WlanSet)
                  2000c418    00000098                  : cc_pal.obj (.text:spi_Write)
                  2000c4b0    00000096     rtsv7M4_T_le_v4SPD16_eabi.lib : ull_div_t2.asm.obj (.text)
                  2000c546    00000002     --HOLE-- [fill = 0]
                  2000c548    00000094     driverlib.a : prcm.obj (.text:PRCMPeripheralClockGet)
                  2000c5dc    00000090     simplelink.a : netapp.obj (.text:_sl_HandleAsync_DnsGetHostByName)
                  2000c66c    00000090                  : netapp.obj (.text:_sl_HandleAsync_PingResponse)
                  2000c6fc    00000090                  : wlan.obj (.text:sl_WlanPolicySet)
                  2000c78c    0000008c                  : cc_pal.obj (.text:SetupDMAReceive)
                  2000c818    0000008c                  : cc_pal.obj (.text:SetupDMASend)
                  2000c8a4    0000008c                  : driver.obj (.text:_SlDrvIsTimeoutExpired)
                  2000c930    0000008c                  : device.obj (.text:_sl_HandleAsync_InitComplete)
                  2000c9bc    0000008c     rtsv7M4_T_le_v4SPD16_eabi.lib : fputc.c.obj (.text:fputc)
                  2000ca48    0000008c     simplelink.a : socket.obj (.text:sl_Socket)
                  2000cad4    00000088     driverlib.a : pin.obj (.text:PinConfigSet)
                  2000cb5c    00000086     rtsv7M4_T_le_v4SPD16_eabi.lib : fd_cmp_t2.asm.obj (.text:__aeabi_cdcmple)
                  2000cbe2    00000086                                   : fd_cmp_t2.asm.obj (.text:__aeabi_cdrcmple)
                  2000cc68    00000084     simplelink.a : wlan.obj (.text:sl_WlanRxFilterSet)
                  2000ccec    00000082     driverlib.a : gpio.obj (.text:GPIOIntTypeSet)
                  2000cd6e    00000002     --HOLE-- [fill = 0]
                  2000cd70    00000080     simplelink.a : socket.obj (.text:_sl_HandleAsync_Connect)
                  2000cdf0    00000080                  : cc_pal.obj (.text:spi_Read_CPU)
                  2000ce70    00000080                  : cc_pal.obj (.text:spi_Write_CPU)
                  2000cef0    0000007a     rtsv7M4_T_le_v4SPD16_eabi.lib : memset_t2.asm.obj (.text)
                  2000cf6a    00000002     --HOLE-- [fill = 0]
                  2000cf6c    00000078                                   : memory.c.obj (.text:malloc)
                  2000cfe4    00000078     simplelink.a : cc_pal.obj (.text:spi_Close)
                  2000d05c    00000076     driverlib.a : uart.obj (.text:UARTConfigSetExpClk)
                  2000d0d2    00000002     --HOLE-- [fill = 0]
                  2000d0d4    00000074     simplelink.a : nonos.obj (.text:_SlNonOsMainLoopTask)
                  2000d148    00000074     rtsv7M4_T_le_v4SPD16_eabi.lib : fclose.c.obj (.text:__TI_closefile)
                  2000d1bc    00000070     driverlib.a : timer.obj (.text:TimerIntRegister)
                  2000d22c    0000006e     rtsv7M4_T_le_v4SPD16_eabi.lib : _printfi.c.obj (.text:_mcpy)
                  2000d29a    00000002     --HOLE-- [fill = 0]
                  2000d29c    0000006c     simplelink.a : driver.obj (.text:_SlDrvCmdSend)
                  2000d308    0000006c                  : netapp.obj (.text:_sl_NetAppSendTokenValue)
                  2000d374    00000068     rtsv7M4_T_le_v4SPD16_eabi.lib : hostlseek.c.obj (.text:HOSTlseek)
                  2000d3dc    00000068                                   : hostrename.c.obj (.text:HOSTrename)
                  2000d444    00000068     driverlib.a : timer.obj (.text:TimerIntUnregister)
                  2000d4ac    00000068     rtsv7M4_T_le_v4SPD16_eabi.lib : copy_decompress_lzss.c.obj (.text:decompress:lzss:__TI_decompress_lzss)
                  2000d514    00000068                                   : printf.c.obj (.text:printf)
                  2000d57c    00000064     simplelink.a : nonos.obj (.text:_SlNonOsSpawn)
                  2000d5e0    00000064                  : socket.obj (.text:_sl_HandleAsync_Accept)
                  2000d644    00000064     rtsv7M4_T_le_v4SPD16_eabi.lib : s_frexp.c.obj (.text:frexp)
                  2000d6a8    00000064                                   : fseek.c.obj (.text:fseek)
                  2000d70c    00000064     simplelink.a : netapp.obj (.text:sl_NetAppMDNSUnRegisterService)
                  2000d770    00000064     driverlib.a : udma.obj (.text:uDMAChannelAttributeDisable)
                  2000d7d4    00000064                 : udma.obj (.text:uDMAChannelAttributeEnable)
                  2000d838    00000062     rtsv7M4_T_le_v4SPD16_eabi.lib : _io_perm.c.obj (.text:__TI_wrt_ok)
                  2000d89a    00000002     --HOLE-- [fill = 0]
                  2000d89c    00000060                                   : hostopen.c.obj (.text:HOSTopen)
                  2000d8fc    00000060     simplelink.a : socket.obj (.text:sl_Close)
                  2000d95c    00000060                  : wlan.obj (.text:sl_WlanProfileDel)
                  2000d9bc    00000060                  : wlan.obj (.text:sl_WlanSetMode)
                  2000da1c    0000005c     rtsv7M4_T_le_v4SPD16_eabi.lib : close.c.obj (.text:close)
                  2000da78    00000058                                   : hostread.c.obj (.text:HOSTread)
                  2000dad0    00000058                                   : hostwrite.c.obj (.text:HOSTwrite)
                  2000db28    00000058     driverlib.a : interrupt.obj (.text:IntPendClear)
                  2000db80    00000058                 : prcm.obj (.text:PRCMPeripheralReset)
                  2000dbd8    00000056     rtsv7M4_T_le_v4SPD16_eabi.lib : _printfi.c.obj (.text:_pconv_f)
                  2000dc2e    00000002     --HOLE-- [fill = 0]
                  2000dc30    00000054     driverlib.a : interrupt.obj (.text:IntPrioritySet)
                  2000dc84    00000054     simplelink.a : driver.obj (.text:_SlDrvRxIrqHandler)
                  2000dcd8    00000054                  : socket.obj (.text:_sl_HandleAsync_Select)
                  2000dd2c    00000054     rtsv7M4_T_le_v4SPD16_eabi.lib : ltoa.c.obj (.text:ltoa)
                  2000dd80    00000052                                   : _printfi.c.obj (.text:_ecpy)
                  2000ddd2    00000002     --HOLE-- [fill = 0]
                  2000ddd4    00000050     simplelink.a : device.obj (.text:_sl_HandleAsync_Stop)
                  2000de24    0000004c     driverlib.a : spi.obj (.text:SPIIntEnable)
                  2000de70    0000004c                 : spi.obj (.text:SPIIntNumberGet)
                  2000debc    0000004c     simplelink.a : driver.obj (.text:_SlDrvProtectAsyncRespSetting)
                  2000df08    0000004c     rtsv7M4_T_le_v4SPD16_eabi.lib : fflush.c.obj (.text:__TI_doflush)
                  2000df54    0000004c     simplelink.a : socket.obj (.text:_sl_BuildAddress)
                  2000dfa0    0000004c     rtsv7M4_T_le_v4SPD16_eabi.lib : atoi.c.obj (.text:atoi)
                  2000dfec    0000004c     driverlib.a : udma.obj (.text:uDMAChannelAssign)
                  2000e038    00000048                 : gpio.obj (.text:GPIOGetIntNumber)
                  2000e080    00000048                 : spi.obj (.text:SPIIntClear)
                  2000e0c8    00000048     simplelink.a : driver.obj (.text:_SlDrvBasicCmd)
                  2000e110    00000048     rtsv7M4_T_le_v4SPD16_eabi.lib : exit.c.obj (.text:exit)
                  2000e158    00000048                                   : fd_toi_t2.asm.obj (.text)
                  2000e1a0    00000044                                   : hostclose.c.obj (.text:HOSTclose)
                  2000e1e4    00000044                                   : hostunlink.c.obj (.text:HOSTunlink)
                  2000e228    00000044     driverlib.a : spi.obj (.text:SPIDmaMaskGet)
                  2000e26c    00000044                 : timer.obj (.text:TimerConfigure)
                  2000e2b0    00000044     simplelink.a : driver.obj (.text:_SlDrvSyncObjWaitTimeout)
                  2000e2f4    00000044     rtsv7M4_T_le_v4SPD16_eabi.lib : autoinit.c.obj (.text:__TI_auto_init_nobinit_nopinit:__TI_auto_init_nobinit_nopinit)
                  2000e338    00000044     simplelink.a : cc_pal.obj (.text:cc_SetupTransfer)
                  2000e37c    00000044     rtsv7M4_T_le_v4SPD16_eabi.lib : getdevice.c.obj (.text:getdevice)
                  2000e3c0    00000042     simplelink.a : socket.obj (.text:sl_Htonl)
                  2000e402    00000002     --HOLE-- [fill = 0]
                  2000e404    00000040     driverlib.a : pin.obj (.text:PinModeSet)
                  2000e444    00000040     simplelink.a : socket.obj (.text:_sl_TruncatePayloadByProtocol)
                  2000e484    00000040     rtsv7M4_T_le_v4SPD16_eabi.lib : sprintf.c.obj (.text:sprintf)
                  2000e4c4    00000040                                   : vsnprintf.c.obj (.text:vsnprintf)
                  2000e504    0000003e     simplelink.a : cc_pal.obj (.text:NwpRegisterInterruptHandler)
                  2000e542    0000003e     rtsv7M4_T_le_v4SPD16_eabi.lib : _printfi.c.obj (.text:_fcpy)
                  2000e580    0000003c     simplelink.a : netapp.obj (.text:CopyPingResultsToReport)
                  2000e5bc    0000003c     driverlib.a : prcm.obj (.text:PRCMPeripheralClkEnable)
                  2000e5f8    0000003c     rtsv7M4_T_le_v4SPD16_eabi.lib : memory.c.obj (.text:minsert)
                  2000e634    0000003c     simplelink.a : cc_pal.obj (.text:simplelink_timerA2_start)
                  2000e670    0000003c                  : socket.obj (.text:sl_Htons)
                  2000e6ac    0000003c     driverlib.a : udma.obj (.text:uDMAChannelControlSet)
                  2000e6e8    00000038     simplelink.a : cc_pal.obj (.text:NwpPowerOff)
                  2000e720    00000038     rtsv7M4_T_le_v4SPD16_eabi.lib : trgmsg.c.obj (.text:__TI_writemsg)
                  2000e758    00000038                                   : boot_cortex_m.c.obj (.text:_c_int00_noargs:_c_int00_noargs)
                  2000e790    00000038                                   : memory.c.obj (.text:minit)
                  2000e7c8    00000038     simplelink.a : wlan.obj (.text:sl_WlanDisconnect)
                  2000e800    00000036     driverlib.a : gpio.obj (.text:GPIODirModeSet)
                  2000e836    00000036     rtsv7M4_T_le_v4SPD16_eabi.lib : strncpy.c.obj (.text:strncpy)
                  2000e86c    00000034     driverlib.a : prcm.obj (.text:PRCMPeripheralStatusGet)
                  2000e8a0    00000034                 : spi.obj (.text:SPIFIFOLevelSet)
                  2000e8d4    00000034     rtsv7M4_T_le_v4SPD16_eabi.lib : fopen.c.obj (.text:__TI_cleanup)
                  2000e908    00000034                                   : trgmsg.c.obj (.text:__TI_readmsg)
                  2000e93c    00000030     driverlib.a : pin.obj (.text:PinTypeGPIO)
                  2000e96c    00000030                 : uart.obj (.text:UARTDisable)
                  2000e99c    00000030     rtsv7M4_T_le_v4SPD16_eabi.lib : vsnprintf.c.obj (.text:_outs)
                  2000e9cc    00000030                                   : getdevice.c.obj (.text:finddevice)
                  2000e9fc    0000002e                                   : i_tofd_t2.asm.obj (.text)
                  2000ea2a    00000002     --HOLE-- [fill = 0]
                  2000ea2c    0000002c     simplelink.a : cc_pal.obj (.text:NwpPowerOn)
                  2000ea58    0000002c     driverlib.a : prcm.obj (.text:PRCMSysResetCauseGet)
                  2000ea84    0000002c     simplelink.a : driver.obj (.text:_SlDrvObjGlobalLockWaitForever)
                  2000eab0    0000002c                  : driver.obj (.text:_SlDrvProtectionObjLockWaitForever)
                  2000eadc    0000002c     rtsv7M4_T_le_v4SPD16_eabi.lib : unlink.c.obj (.text:unlink)
                  2000eb08    0000002a     driverlib.a : timer.obj (.text:TimerLoadSet)
                  2000eb32    0000002a                 : timer.obj (.text:TimerPrescaleSet)
                  2000eb5c    00000028                 : prcm.obj (.text:PRCMPeripheralClkDisable)
                  2000eb84    00000028     simplelink.a : driver.obj (.text:_SlDrvGlobalObjUnLock)
                  2000ebac    00000028                  : driver.obj (.text:_SlDrvProtectionObjUnLock)
                  2000ebd4    00000028                  : driver.obj (.text:_SlDrvSyncObjWaitForever)
                  2000ebfc    00000028     rtsv7M4_T_le_v4SPD16_eabi.lib : lseek.c.obj (.text:lseek)
                  2000ec24    00000028                                   : memory.c.obj (.text:mremove)
                  2000ec4c    00000028                                   : write.c.obj (.text:write)
                  2000ec74    00000026     simplelink.a : driver.obj (.text:_SlDrvObjLockWaitForever)
                  2000ec9a    00000002     --HOLE-- [fill = 0]
                  2000ec9c    00000024                  : cc_pal.obj (.text:DmaSpiSwIntHandler)
                  2000ecc0    00000024     driverlib.a : interrupt.obj (.text:IntUnregister)
                  2000ece4    00000024                 : uart.obj (.text:UARTEnable)
                  2000ed08    00000024     rtsv7M4_T_le_v4SPD16_eabi.lib : memmov.c.obj (.text:memmove)
                  2000ed2c    00000022     driverlib.a : gpio.obj (.text:GPIOIntStatus)
                  2000ed4e    00000022                 : spi.obj (.text:SPIReset)
                  2000ed70    00000022                 : spi.obj (.text:SPIWordCountSet)
                  2000ed92    00000020                 : gpio.obj (.text:GPIOPinWrite)
                  2000edb2    00000002     --HOLE-- [fill = 0]
                  2000edb4    00000020                 : interrupt.obj (.text:IntRegister)
                  2000edd4    00000020     simplelink.a : cc_pal.obj (.text:NwpPrePowerOffTimout0)
                  2000edf4    00000020     driverlib.a : spi.obj (.text:SPIDataGet)
                  2000ee14    00000020     simplelink.a : cc_pal.obj (.text:TimerGetCurrentTimestamp)
                  2000ee34    00000020                  : driver.obj (.text:_SlDrvObjUnLock)
                  2000ee54    00000020                  : driver.obj (.text:_SlDrvSyncObjSignal)
                  2000ee74    00000020     rtsv7M4_T_le_v4SPD16_eabi.lib : memchr.c.obj (.text:memchr)
                  2000ee94    0000001e     driverlib.a : gpio.obj (.text:GPIOIntRegister)
                  2000eeb2    0000001e                 : spi.obj (.text:SPIDataPut)
                  2000eed0    0000001e                 : timer.obj (.text:TimerDisable)
                  2000eeee    0000001e                 : timer.obj (.text:TimerEnable)
                  2000ef0c    0000001e                 : timer.obj (.text:TimerIntStatus)
                  2000ef2a    0000001e                 : uart.obj (.text:UARTCharPut)
                  2000ef48    0000001e     simplelink.a : cc_pal.obj (.text:cc_UDMAChannelSelect)
                  2000ef66    0000001e     rtsv7M4_T_le_v4SPD16_eabi.lib : strcat.c.obj (.text:strcat)
                  2000ef84    0000001c     driverlib.a : timer.obj (.text:TimerValueGet)
                  2000efa0    0000001c                 : uart.obj (.text:UARTCharGetNonBlocking)
                  2000efbc    0000001c     simplelink.a : driver.obj (.text:_SlDrvStartMeasureTimeout)
                  2000efd8    0000001c     rtsv7M4_T_le_v4SPD16_eabi.lib : memccpy.c.obj (.text:memccpy)
                  2000eff4    0000001c     driverlib.a : udma.obj (.text:uDMAChannelEnable)
                  2000f010    0000001a                 : gpio.obj (.text:GPIOIntEnable)
                  2000f02a    0000001a                 : pin.obj (.text:PinTypeSPI)
                  2000f044    0000001a                 : pin.obj (.text:PinTypeUART)
                  2000f05e    0000001a                 : spi.obj (.text:SPIDmaDisable)
                  2000f078    0000001a                 : spi.obj (.text:SPIDmaEnable)
                  2000f092    0000001a                 : spi.obj (.text:SPIFIFODisable)
                  2000f0ac    0000001a                 : spi.obj (.text:SPIFIFOEnable)
                  2000f0c6    0000001a                 : spi.obj (.text:SPIIntUnregister)
                  2000f0e0    00000018                 : gpio.obj (.text:GPIOPinRead)
                  2000f0f8    00000018                 : spi.obj (.text:SPICSDisable)
                  2000f110    00000018                 : spi.obj (.text:SPICSEnable)
                  2000f128    00000018                 : spi.obj (.text:SPIDisable)
                  2000f140    00000018                 : spi.obj (.text:SPIEnable)
                  2000f158    00000018                 : timer.obj (.text:TimerIntDisable)
                  2000f170    00000018                 : timer.obj (.text:TimerIntEnable)
                  2000f188    00000018                 : uart.obj (.text:UARTCharsAvail)
                  2000f1a0    00000018     simplelink.a : nonos.obj (.text:_SlNonOsSemSet)
                  2000f1b8    00000018     rtsv7M4_T_le_v4SPD16_eabi.lib : vsnprintf.c.obj (.text:_outc)
                  2000f1d0    00000018                                   : sprintf.c.obj (.text:_outs)
                  2000f1e8    00000018     simplelink.a : device.obj (.text:_sl_GetStartResponseConvert)
                  2000f200    00000018     rtsv7M4_T_le_v4SPD16_eabi.lib : strcmp.c.obj (.text:strcmp)
                  2000f218    00000016     driverlib.a : prcm.obj (.text:PRCMHIBRegRead)
                  2000f22e    00000016                 : prcm.obj (.text:PRCMHIBRegWrite)
                  2000f244    00000016     simplelink.a : driver.obj (.text:_SlDrvMemZero)
                  2000f25a    00000016     rtsv7M4_T_le_v4SPD16_eabi.lib : strchr.c.obj (.text:strchr)
                  2000f270    00000014     driverlib.a : cpu.obj (.text:CPUcpsie)
                  2000f284    00000014                 : gpio.obj (.text:GPIOIntClear)
                  2000f298    00000014                 : interrupt.obj (.text:IntVTableBaseSet)
                  2000f2ac    00000014     rtsv7M4_T_le_v4SPD16_eabi.lib : s_copysign.c.obj (.text:copysign)
                  2000f2c0    00000014                                   : strcpy.c.obj (.text:strcpy)
                  2000f2d4    00000014                                   : strlen.c.obj (.text:strlen)
                  2000f2e8    00000012     driverlib.a : timer.obj (.text:TimerIntClear)
                  2000f2fa    00000012     rtsv7M4_T_le_v4SPD16_eabi.lib : wcslen.c.obj (.text:wcslen)
                  2000f30c    00000010     simplelink.a : driver.obj (.text:_SlDrvDispatchHttpServerEvents)
                  2000f31c    0000000e                  : driver.obj (.text:_SlDrvResetCmdExt)
                  2000f32a    0000000e     rtsv7M4_T_le_v4SPD16_eabi.lib : copy_decompress_none.c.obj (.text:decompress:none:__TI_decompress_none)
                  2000f338    0000000e     startup_ccs.obj (.text)
                  2000f346    00000002     --HOLE-- [fill = 0]
                  2000f348    0000000c     simplelink.a : cc_pal.obj (.text:NwpMaskInterrupt)
                  2000f354    0000000c                  : cc_pal.obj (.text:NwpUnMaskInterrupt)
                  2000f360    0000000c     rtsv7M4_T_le_v4SPD16_eabi.lib : copy_zero_init.c.obj (.text:decompress:ZI:__TI_zero_init)
                  2000f36c    0000000a     driverlib.a : interrupt.obj (.text:IntMasterEnable)
                  2000f376    0000000a     rtsv7M4_T_le_v4SPD16_eabi.lib : sprintf.c.obj (.text:_outc)
                  2000f380    00000008                                   : errno.c.obj (.text:__aeabi_errno_addr)
                  2000f388    00000006     driverlib.a : utils.obj (.text:UtilsDelay)
                  2000f38e    00000004     rtsv7M4_T_le_v4SPD16_eabi.lib : printf.c.obj (.text:_outc)
                  2000f392    00000004                                   : printf.c.obj (.text:_outs)
                  2000f396    00000004                                   : pre_init.c.obj (.text:_system_pre_init)
                  2000f39a    00000004                                   : exit.c.obj (.text:abort:abort)

.const     0    2000f3a0    00000b4e     
                  2000f3a0    000004fb     Adafruit_GFX.obj (.const:.string:font)
                  2000f89b    00000101     rtsv7M4_T_le_v4SPD16_eabi.lib : ctype.c.obj (.const:.string:_ctypes_)
                  2000f99c    00000100     driverlib.a : pin.obj (.const:g_ulPinToPadMap)
                  2000fa9c    000000d4                 : interrupt.obj (.const:g_pulRegs)
                  2000fb70    000000a8                 : prcm.obj (.const:PRCM_PeriphRegsList)
                  2000fc18    00000080                 : interrupt.obj (.const)
                  2000fc98    0000003c     main.obj (.const:.string)
                  2000fcd4    0000003c     simplelink.a : driver.obj (.const:OpcodeTranslateTable)
                  2000fd10    00000038                  : driver.obj (.const:_SlActionLookupTable)
                  2000fd48    0000002c     main.obj (.const:$P$T1$2)
                  2000fd74    00000024     driverlib.a : spi.obj (.const:g_ppulSPIIntMap)
                  2000fd98    00000022     main.obj (.const:.string:$P$T0$1)
                  2000fdba    00000002     --HOLE-- [fill = 0]
                  2000fdbc    00000020     simplelink.a : driver.obj (.const:RxMsgClassLUT)
                  2000fddc    00000018     driverlib.a : spi.obj (.const)
                  2000fdf4    00000015     main.obj (.const:.string:$P$T6$7)
                  2000fe09    00000003     --HOLE-- [fill = 0]
                  2000fe0c    00000014     simplelink.a : driver.obj (.const:$P$T0$1)
                  2000fe20    00000014                  : nonos.obj (.const:$P$T0$1)
                  2000fe34    00000014     main.obj (.const:$P$T2$3)
                  2000fe48    00000010     simplelink.a : socket.obj (.const:.string:_SlPayloadByProtocolLUT)
                  2000fe58    0000000c     main.obj (.const:$P$T4$5)
                  2000fe64    0000000c     main.obj (.const:.string:$P$T3$4)
                  2000fe70    0000000a     main.obj (.const:.string:$P$T7$8)
                  2000fe7a    00000009     main.obj (.const:.string:$P$T5$6)
                  2000fe83    00000008     simplelink.a : device.obj (.const:StartResponseLUT)
                  2000fe8b    00000001     --HOLE-- [fill = 0]
                  2000fe8c    00000008                  : driver.obj (.const:g_H2NCnysPattern)
                  2000fe94    00000008                  : driver.obj (.const:g_H2NSyncPattern)
                  2000fe9c    00000005     main.obj (.const:.string:$P$T8$9)
                  2000fea1    00000001     --HOLE-- [fill = 0]
                  2000fea2    00000004     simplelink.a : wlan.obj (.const:$P$T0$1)
                  2000fea6    00000004                  : socket.obj (.const:$P$T2$3)
                  2000feaa    00000004                  : device.obj (.const:_SlDeviceGetCmdCtrl)
                  2000feae    00000004                  : device.obj (.const:_SlDeviceSetCmdCtrl)
                  2000feb2    00000004                  : netapp.obj (.const:_SlGetHostByNameCtrl)
                  2000feb6    00000004                  : netapp.obj (.const:_SlNetAppSendTokenValueCmdCtrl)
                  2000feba    00000004                  : netcfg.obj (.const:_SlNetCfgSetCmdCtrl)
                  2000febe    00000004                  : wlan.obj (.const:_SlPolicySetCmdCtrl)
                  2000fec2    00000004                  : wlan.obj (.const:_SlProfileDelCmdCtrl)
                  2000fec6    00000004                  : socket.obj (.const:_SlRecvCmdCtrl)
                  2000feca    00000004                  : netapp.obj (.const:_SlRegisterServiceCtrl)
                  2000fece    00000004                  : wlan.obj (.const:_SlRxFilterSetCmdCtrl)
                  2000fed2    00000004                  : socket.obj (.const:_SlSendCmdCtrl)
                  2000fed6    00000004                  : socket.obj (.const:_SlSetSockOptCmdCtrl)
                  2000feda    00000004                  : socket.obj (.const:_SlSockCloseCmdCtrl)
                  2000fede    00000004                  : socket.obj (.const:_SlSockSocketCmdCtrl)
                  2000fee2    00000004                  : device.obj (.const:_SlStopCmdCtrl)
                  2000fee6    00000004                  : wlan.obj (.const:_SlWlanCfgSetCmdCtrl)
                  2000feea    00000004                  : wlan.obj (.const:_SlWlanSetModeCmdCtrl)

.cinit     0    2000fef0    000000e8     
                  2000fef0    000000bd     (.cinit..data.load) [load image, compression = lzss]
                  2000ffad    00000003     --HOLE-- [fill = 0]
                  2000ffb0    0000000c     (__TI_handler_table)
                  2000ffbc    00000004     --HOLE-- [fill = 0]
                  2000ffc0    00000008     (.cinit..bss.load) [load image, compression = zero_init]
                  2000ffc8    00000010     (__TI_cinit_table)

.sysmem    0    20017000    00008000     UNINITIALIZED
                  20017000    00000008     rtsv7M4_T_le_v4SPD16_eabi.lib : memory.c.obj (.sysmem)
                  20017008    00007ff8     --HOLE--

.bss       0    2001f000    000003f6     UNINITIALIZED
                  2001f000    00000168     simplelink.a : driver.obj (.bss:g_StatMem)
                  2001f168    00000120     rtsv7M4_T_le_v4SPD16_eabi.lib : trgmsg.c.obj (.bss:_CIOBUF_)
                  2001f288    000000a0     (.common:__TI_tmpnams)
                  2001f328    00000050     (.common:g_ucDinDout)
                  2001f378    0000002c     (.common:g_time)
                  2001f3a4    00000024     (.common:g_ucConnectionSSID)
                  2001f3c8    00000010     main.obj (.bss)
                  2001f3d8    00000008     (.common:g_ucConnectionBSSID)
                  2001f3e0    00000008     (.common:parmbuf)
                  2001f3e8    00000004     uart_if.obj (.bss)
                  2001f3ec    00000004     (.common:g_ulTimerInts)
                  2001f3f0    00000001     (.common:RxIrqCnt)
                  2001f3f1    00000001     (.common:g_bDeviceRestartIsRequired)
                  2001f3f2    00000001     (.common:g_cDummy)
                  2001f3f3    00000001     (.common:g_ucLED1Pin)
                  2001f3f4    00000001     (.common:g_ucLED2Pin)
                  2001f3f5    00000001     (.common:g_ucLED3Pin)

.data      0    2001f3f8    0000030c     UNINITIALIZED
                  2001f3f8    000000f0     rtsv7M4_T_le_v4SPD16_eabi.lib : defs.c.obj (.data:_ftable)
                  2001f4e8    0000007c     main.obj (.data)
                  2001f564    00000078     rtsv7M4_T_le_v4SPD16_eabi.lib : write.c.obj (.data:_device)
                  2001f5dc    00000050                                   : write.c.obj (.data:_stream)
                  2001f62c    0000003c     simplelink.a : nonos.obj (.data:g__SlNonOsCB)
                  2001f668    00000015     Adafruit_GFX.obj (.data)
                  2001f67d    00000014     main.obj (.data:buffer)
                  2001f691    00000003     --HOLE--
                  2001f694    00000014     gpio_if.obj (.data:ulReg)
                  2001f6a8    00000010     rtsv7M4_T_le_v4SPD16_eabi.lib : defs.c.obj (.data)
                  2001f6b8    0000000d     simplelink.a : driver.obj (.data)
                  2001f6c5    00000003     --HOLE--
                  2001f6c8    0000000c     rtsv7M4_T_le_v4SPD16_eabi.lib : exit.c.obj (.data:$O1$$)
                  2001f6d4    0000000c                                   : memory.c.obj (.data:$O1$$)
                  2001f6e0    0000000c     gpio_if.obj (.data)
                  2001f6ec    00000009     simplelink.a : cc_pal.obj (.data)
                  2001f6f5    00000003     --HOLE--
                  2001f6f8    00000008     rtsv7M4_T_le_v4SPD16_eabi.lib : _lock.c.obj (.data:$O1$$)
                  2001f700    00000004                                   : errno.c.obj (.data)

.stack     0    2002f000    00001000     UNINITIALIZED
                  2002f000    00000004     rtsv7M4_T_le_v4SPD16_eabi.lib : boot_cortex_m.c.obj (.stack)
                  2002f004    00000ffc     --HOLE--

MODULE SUMMARY

       Module                       code    ro data   rw data
       ------                       ----    -------   -------
    .\
       main.obj                     6888    227       252    
       Adafruit_GFX.obj             2840    1275      21     
       Adafruit_OLED.obj            1218    0         0      
       startup_ccs.obj              14      1024      0      
       gpio_if.obj                  920     0         35     
       uart_if.obj                  640     0         4      
       timer_if.obj                 408     0         0      
       pinmux.obj                   332     0         0      
    +--+----------------------------+-------+---------+---------+
       Total:                       13260   2526      312    
                                                             
    C:/ti/CC3200SDK_1.3.0/cc3200-sdk/driverlib/ccs/Release/driverlib.a
       prcm.obj                     852     168       0      
       interrupt.obj                608     340       0      
       spi.obj                      860     60        0      
       udma.obj                     604     0         0      
       pin.obj                      300     256       0      
       timer.obj                    552     0         0      
       gpio.obj                     422     0         0      
       uart.obj                     284     0         0      
       cpu.obj                      20      0         0      
       utils.obj                    6       0         0      
    +--+----------------------------+-------+---------+---------+
       Total:                       4508    824       0      
                                                             
    C:/ti/CC3200SDK_1.3.0/cc3200-sdk/simplelink/ccs/NON_OS/simplelink.a
       driver.obj                   7714    184       375    
       cc_pal.obj                   1820    0         90     
       socket.obj                   1830    40        0      
       netapp.obj                   1572    12        0      
       wlan.obj                     1312    24        0      
       device.obj                   1230    20        0      
       nonos.obj                    416     20        60     
       netcfg.obj                   152     4         0      
    +--+----------------------------+-------+---------+---------+
       Total:                       16046   304       525    
                                                             
    C:\TI\ccsv8\tools\compiler\ti-cgt-arm_18.1.4.LTS\lib\rtsv7M4_T_le_v4SPD16_eabi.lib
       _printfi.c.obj               4867    0         0      
       memory.c.obj                 768     0         12     
       fd_add_t2.asm.obj            438     0         0      
       defs.c.obj                   0       0         416    
       trgmsg.c.obj                 108     0         288    
       fd_div_t2.asm.obj            310     0         0      
       fputs.c.obj                  276     0         0      
       s_scalbn.c.obj               272     0         0      
       fd_cmp_t2.asm.obj            268     0         0      
       ctype.c.obj                  0       257       0      
       fd_mul_t2.asm.obj            252     0         0      
       write.c.obj                  40      0         200    
       setvbuf.c.obj                220     0         0      
       memcpy_t2.asm.obj            156     0         0      
       ull_div_t2.asm.obj           150     0         0      
       fputc.c.obj                  140     0         0      
       vsnprintf.c.obj              136     0         0      
       memset_t2.asm.obj            122     0         0      
       fclose.c.obj                 116     0         0      
       getdevice.c.obj              116     0         0      
       printf.c.obj                 112     0         0      
       copy_decompress_lzss.c.obj   104     0         0      
       hostlseek.c.obj              104     0         0      
       hostopen.c.obj               96      0         8      
       hostrename.c.obj             104     0         0      
       fseek.c.obj                  100     0         0      
       s_frexp.c.obj                100     0         0      
       _io_perm.c.obj               98      0         0      
       sprintf.c.obj                98      0         0      
       close.c.obj                  92      0         0      
       exit.c.obj                   76      0         12     
       hostread.c.obj               88      0         0      
       hostwrite.c.obj              88      0         0      
       ltoa.c.obj                   84      0         0      
       atoi.c.obj                   76      0         0      
       fflush.c.obj                 76      0         0      
       fd_toi_t2.asm.obj            72      0         0      
       autoinit.c.obj               68      0         0      
       hostclose.c.obj              68      0         0      
       hostunlink.c.obj             68      0         0      
       boot_cortex_m.c.obj          56      0         0      
       strncpy.c.obj                54      0         0      
       fopen.c.obj                  52      0         0      
       i_tofd_t2.asm.obj            46      0         0      
       unlink.c.obj                 44      0         0      
       lseek.c.obj                  40      0         0      
       memmov.c.obj                 36      0         0      
       memchr.c.obj                 32      0         0      
       strcat.c.obj                 30      0         0      
       memccpy.c.obj                28      0         0      
       strcmp.c.obj                 24      0         0      
       strchr.c.obj                 22      0         0      
       s_copysign.c.obj             20      0         0      
       strcpy.c.obj                 20      0         0      
       strlen.c.obj                 20      0         0      
       wcslen.c.obj                 18      0         0      
       copy_decompress_none.c.obj   14      0         0      
       copy_zero_init.c.obj         12      0         0      
       errno.c.obj                  8       0         4      
       _lock.c.obj                  2       0         8      
       pre_init.c.obj               4       0         0      
       div0.asm.obj                 2       0         0      
    +--+----------------------------+-------+---------+---------+
       Total:                       11111   257       948    
                                                             
       Heap:                        0       0         32768  
       Stack:                       0       0         4096   
       Linker Generated:            0       225       0      
    +--+----------------------------+-------+---------+---------+
       Grand Total:                 44925   4136      38649  


LINKER GENERATED COPY TABLES

__TI_cinit_table @ 2000ffc8 records: 2, size/record: 8, table size: 16
	.data: load addr=2000fef0, load size=000000bd bytes, run addr=2001f3f8, run size=0000030c bytes, compression=lzss
	.bss: load addr=2000ffc0, load size=00000008 bytes, run addr=2001f000, run size=000003f6 bytes, compression=zero_init


LINKER GENERATED HANDLER TABLE

__TI_handler_table @ 2000ffb0 records: 3, size/record: 4, table size: 12
	index: 0, handler: __TI_decompress_lzss
	index: 1, handler: __TI_decompress_none
	index: 2, handler: __TI_zero_init


GLOBAL SYMBOLS: SORTED ALPHABETICALLY BY Name 

address   name                                  
-------   ----                                  
20007a9d  Adafruit_Init                         
2000f39b  C$$EXIT                               
2000e74f  C$$IO$$                               
2000f271  CPUcpsie                              
2000828d  ClearTerm                             
20007c13  Color565                              
2001f554  Distance1                             
2001f558  Distance2                             
2000ec9d  DmaSpiSwIntHandler                    
20008297  Error                                 
2000e801  GPIODirModeSet                        
2000f285  GPIOIntClear                          
2000f011  GPIOIntEnable                         
2000ee95  GPIOIntRegister                       
2000ed2d  GPIOIntStatus                         
2000cced  GPIOIntTypeSet                        
2001f55c  GPIOInterupt_Count1                   
2001f560  GPIOInterupt_Count2                   
2000f0e1  GPIOPinRead                           
2000ed93  GPIOPinWrite                          
20008175  GPIO_IF_ConfigureNIntEnable           
20008201  GPIO_IF_Get                           
2000812f  GPIO_IF_GetPortNPin                   
20007ef1  GPIO_IF_LedConfigure                  
20007fe3  GPIO_IF_LedOff                        
20007f2f  GPIO_IF_LedOn                         
20008097  GPIO_IF_LedStatus                     
20008101  GPIO_IF_LedToggle                     
200081bd  GPIO_IF_Set                           
200082cf  GetCmd                                
2000e1a1  HOSTclose                             
2000d375  HOSTlseek                             
2000d89d  HOSTopen                              
2000da79  HOSTread                              
2000d3dd  HOSTrename                            
2000e1e5  HOSTunlink                            
2000dad1  HOSTwrite                             
2000824d  InitTerm                              
2000bd4d  IntDisable                            
2000bdf5  IntEnable                             
2000f36d  IntMasterEnable                       
2000db29  IntPendClear                          
2000dc31  IntPrioritySet                        
2000edb5  IntRegister                           
2000ecc1  IntUnregister                         
2000f299  IntVTableBaseSet                      
2000826b  Message                               
2000f349  NwpMaskInterrupt                      
2000e6e9  NwpPowerOff                           
2000ea2d  NwpPowerOn                            
2000edd5  NwpPrePowerOffTimout0                 
2000e505  NwpRegisterInterruptHandler           
2000f355  NwpUnMaskInterrupt                    
2000fcd4  OpcodeTranslateTable                  
20006893  Outstr                                
20009b45  PRCMCC3200MCUInit                     
2000f219  PRCMHIBRegRead                        
2000f22f  PRCMHIBRegWrite                       
2000eb5d  PRCMPeripheralClkDisable              
2000e5bd  PRCMPeripheralClkEnable               
2000c549  PRCMPeripheralClockGet                
2000db81  PRCMPeripheralReset                   
2000e86d  PRCMPeripheralStatusGet               
2000ea59  PRCMSysResetCauseGet                  
2000cad5  PinConfigSet                          
2000e405  PinModeSet                            
20009f7d  PinMuxConfig                          
2000e93d  PinTypeGPIO                           
2000f02b  PinTypeSPI                            
2000f045  PinTypeUART                           
2000840d  Report                                
2000f339  ResetISR                              
2001f3f0  RxIrqCnt                              
2000f0f9  SPICSDisable                          
2000f111  SPICSEnable                           
2000bf41  SPIConfigSetExpClk                    
2000edf5  SPIDataGet                            
2000eeb3  SPIDataPut                            
2000f129  SPIDisable                            
2000f05f  SPIDmaDisable                         
2000f079  SPIDmaEnable                          
2000f141  SPIEnable                             
2000f093  SPIFIFODisable                        
2000f0ad  SPIFIFOEnable                         
2000e8a1  SPIFIFOLevelSet                       
2000e081  SPIIntClear                           
2000de25  SPIIntEnable                          
2000f0c7  SPIIntUnregister                      
2000ed4f  SPIReset                              
2000ed71  SPIWordCountSet                       
200045d5  SimpleLinkGeneralEventHandler         
200045b1  SimpleLinkHttpServerCallback          
2000450f  SimpleLinkNetAppEventHandler          
200045f5  SimpleLinkSockEventHandler            
20004401  SimpleLinkWlanEventHandler            
20005779  Sonic_SamplingIntHandler              
200056e9  Sonic_TriggeringIntHandler            
2000e26d  TimerConfigure                        
2000eed1  TimerDisable                          
2000eeef  TimerEnable                           
2000ee15  TimerGetCurrentTimestamp              
2000f2e9  TimerIntClear                         
2000f159  TimerIntDisable                       
2000f171  TimerIntEnable                        
2000d1bd  TimerIntRegister                      
2000ef0d  TimerIntStatus                        
2000d445  TimerIntUnregister                    
2000eb09  TimerLoadSet                          
2000eb33  TimerPrescaleSet                      
2000ef85  TimerValueGet                         
200097d7  Timer_IF_DeInit                       
20009809  Timer_IF_GetCount                     
20009711  Timer_IF_Init                         
20009743  Timer_IF_IntSetup                     
2000978f  Timer_IF_InterruptClear               
200097f1  Timer_IF_ReLoad                       
200097a7  Timer_IF_Start                        
200097c7  Timer_IF_Stop                         
20008375  TrimSpace                             
2000efa1  UARTCharGetNonBlocking                
2000ef2b  UARTCharPut                           
2000f189  UARTCharsAvail                        
2000d05d  UARTConfigSetExpClk                   
2000e96d  UARTDisable                           
2000ece5  UARTEnable                            
2000f389  UtilsDelay                            
2000fd10  _SlActionLookupTable                  
2000be9d  _SlDriverHandleError                  
2000e0c9  _SlDrvBasicCmd                        
2000bb29  _SlDrvCmdOp                           
2000d29d  _SlDrvCmdSend                         
20008c05  _SlDrvDataReadOp                      
20009e2d  _SlDrvDataWriteOp                     
2000c11d  _SlDrvDeviceEventHandler              
2000f30d  _SlDrvDispatchHttpServerEvents        
2000a841  _SlDrvDriverCBDeinit                  
20009341  _SlDrvDriverCBInit                    
2000eb85  _SlDrvGlobalObjUnLock                 
2000c8a5  _SlDrvIsTimeoutExpired                
2000f245  _SlDrvMemZero                         
2000b471  _SlDrvMsgReadSpawnCtx                 
2000adcd  _SlDrvNetAppEventHandler              
2000ec75  _SlDrvObjLockWaitForever              
2000ee35  _SlDrvObjUnLock                       
2000debd  _SlDrvProtectAsyncRespSetting         
2000eab1  _SlDrvProtectionObjLockWaitForever    
2000ebad  _SlDrvProtectionObjUnLock             
20008de9  _SlDrvReleasePoolObj                  
2000f31d  _SlDrvResetCmdExt                     
2000dc85  _SlDrvRxIrqHandler                    
2000efbd  _SlDrvStartMeasureTimeout             
2000ee55  _SlDrvSyncObjSignal                   
2000ebd5  _SlDrvSyncObjWaitForever              
2000e2b1  _SlDrvSyncObjWaitTimeout              
20009829  _SlDrvWaitForPoolObj                  
2000feb6  _SlNetAppSendTokenValueCmdCtrl        
2000d0d5  _SlNonOsMainLoopTask                  
2000bc9d  _SlNonOsSemGet                        
2000f1a1  _SlNonOsSemSet                        
2000d57d  _SlNonOsSpawn                         
2001f168  __CIOBUF_                             
20030000  __STACK_END                           
00001000  __STACK_SIZE                          
00008000  __SYSMEM_SIZE                         
2000ffc8  __TI_CINIT_Base                       
2000ffd8  __TI_CINIT_Limit                      
2000ffb0  __TI_Handler_Table_Base               
2000ffbc  __TI_Handler_Table_Limit              
2000e2f5  __TI_auto_init_nobinit_nopinit        
2000e8d5  __TI_cleanup                          
2001f6c8  __TI_cleanup_ptr                      
2000d149  __TI_closefile                        
2000d4ad  __TI_decompress_lzss                  
2000f32b  __TI_decompress_none                  
2000df09  __TI_doflush                          
2001f6cc  __TI_dtors_ptr                        
2001f6d0  __TI_enable_exit_profile_output       
2001f6a8  __TI_ft_end                           
ffffffff  __TI_pprof_out_hndl                   
20006a01  __TI_printfi                          
ffffffff  __TI_prof_data_size                   
ffffffff  __TI_prof_data_start                  
2000e909  __TI_readmsg                          
2000fef0  __TI_static_base__                    
2001f288  __TI_tmpnams                          
2000e721  __TI_writemsg                         
2000d839  __TI_wrt_ok                           
2000f361  __TI_zero_init                        
2000cb5d  __aeabi_cdcmpeq                       
2000cb5d  __aeabi_cdcmple                       
2000cbe3  __aeabi_cdrcmple                      
2000e159  __aeabi_d2iz                          
20009193  __aeabi_dadd                          
2000a5d5  __aeabi_ddiv                          
2000aed1  __aeabi_dmul                          
20009189  __aeabi_dsub                          
2000f381  __aeabi_errno_addr                    
2000e9fd  __aeabi_i2d                           
2000933f  __aeabi_idiv0                         
2000933f  __aeabi_ldiv0                         
2000cef1  __aeabi_memclr                        
2000cef1  __aeabi_memclr4                       
2000cef1  __aeabi_memclr8                       
2000c081  __aeabi_memcpy                        
2000c081  __aeabi_memcpy4                       
2000c081  __aeabi_memcpy8                       
2000cef3  __aeabi_memset                        
2000cef3  __aeabi_memset4                       
2000cef3  __aeabi_memset8                       
2001f6b4  __aeabi_stderr                        
2001f6ac  __aeabi_stdin                         
2001f6b0  __aeabi_stdout                        
2000c4b1  __aeabi_uldivmod                      
ffffffff  __binit__                             
ffffffff  __c_args__                            
UNDEFED   __mpu_init                            
2002f000  __stack                               
2000e759  _c_int00_noargs                       
2000f89b  _ctypes_                              
2001f564  _device                               
2001f3f8  _ftable                               
2001f6f8  _lock                                 
20007eb3  _nop                                  
2000d5e1  _sl_HandleAsync_Accept                
2000cd71  _sl_HandleAsync_Connect               
2000c5dd  _sl_HandleAsync_DnsGetHostByName      
2000b8cd  _sl_HandleAsync_DnsGetHostByService   
2000c931  _sl_HandleAsync_InitComplete          
2000c66d  _sl_HandleAsync_PingResponse          
2000dcd9  _sl_HandleAsync_Select                
2000ddd5  _sl_HandleAsync_Stop                  
2000d309  _sl_NetAppSendTokenValue              
2001f5dc  _stream                               
20017000  _sys_memory                           
UNDEFED   _system_post_cinit                    
2000f397  _system_pre_init                      
2001f6fc  _unlock                               
2001f504  a                                     
2000f39b  abort                                 
2000dfa1  atoi                                  
ffffffff  binit                                 
2001f518  buff2                                 
2001f510  buff_index                            
2001f67d  buffer                                
2001f514  buffold                               
2000da1d  close                                 
2000f2ad  copysign                              
2000f2ad  copysignl                             
2001f668  cursor_x                              
2001f66c  cursor_y                              
2001f4f8  cx                                    
2001f4fc  cy                                    
2001f548  deleteflag                            
2001f540  direction2                            
20006747  drawChar                              
20005ee9  drawCircle                            
2000601d  drawCircleHelper                      
20007dbd  drawFastHLine                         
20007d1d  drawFastVLine                         
20006263  drawLine                              
20007e59  drawPixel                             
2000634f  drawRect                              
2000639d  drawRoundRect                         
20006505  drawTriangle                          
2001f54c  duration_Count1                       
2001f550  duration_Count2                       
2001f700  errno                                 
2000e111  exit                                  
2000694b  fillASCII                             
2000613b  fillCircle                            
20006175  fillCircleHelper                      
20007c6b  fillRect                              
2000648b  fillRoundRect                         
20007c55  fillScreen                            
20006547  fillTriangle                          
2000e9cd  finddevice                            
2001f520  flag_to_send                          
2000c9bd  fputc                                 
2000aa95  fputs                                 
2000b7f5  free                                  
2000d645  frexp                                 
2000d645  frexpl                                
2000d6a9  fseek                                 
2001f4f4  g_Host                                
2001f6b8  g_SlDeviceStatus                      
2001f6ec  g_SpiFd                               
2001f62c  g__SlNonOsCB                          
2001f3f1  g_bDeviceRestartIsRequired            
2001f3f2  g_cDummy                              
2001f6bc  g_pCB                                 
2001f6f0  g_pHostIntHdl                         
20004000  g_pfnVectors                          
2001f378  g_time                                
2001f3d8  g_ucConnectionBSSID                   
2001f3a4  g_ucConnectionSSID                    
2001f6f4  g_ucDMAEnabled                        
2001f328  g_ucDinDout                           
2001f3f3  g_ucLED1Pin                           
2001f3f4  g_ucLED2Pin                           
2001f3f5  g_ucLED3Pin                           
2001f6e0  g_uiLED1Port                          
2001f6e4  g_uiLED2Port                          
2001f6e8  g_uiLED3Port                          
2001f4f0  g_ulGatewayIP                         
2001f4ec  g_ulPingPacketsRecv                   
2001f4e8  g_ulStatus                            
2001f3ec  g_ulTimerInts                         
2000e37d  getdevice                             
20007bcf  goTo                                  
20006947  height                                
2001f530  indexi                                
2001f538  indexi2                               
2001f534  indexj                                
2001f53c  indexj2                               
20007e97  invert                                
2001f544  lRetVal                               
2000acbd  ldexp                                 
2000acbd  ldexpl                                
2000ebfd  lseek                                 
2000dd2d  ltoa                                  
20005835  main                                  
2000cf6d  malloc                                
2000efd9  memccpy                               
2000ee75  memchr                                
2000c081  memcpy                                
2000ed09  memmove                               
2000cef9  memset                                
2000e791  minit                                 
2001f52c  new_dig                               
2001f50c  nowCount                              
2001f6c0  pPingCallBackFunc                     
2001f3e0  parmbuf                               
20005e25  printChar                             
20004d49  printErrConvenience                   
2000d515  printf                                
2000c9bd  putc                                  
2000aba9  realloc                               
2000eadd  remove                                
2001f508  rxData                                
2000acbd  scalbn                                
2000acbd  scalbnl                               
200068df  setCursor                             
20006917  setTextColor                          
200068f7  setTextSize                           
2000692f  setTextWrap                           
20005d55  setupOLED                             
2000b719  setvbuf                               
2000e635  simplelink_timerA2_start              
2000d8fd  sl_Close                              
200099b9  sl_Connect                            
2000b999  sl_DevGet                             
2000c1b9  sl_DevSet                             
2000e3c1  sl_Htonl                              
2000e671  sl_Htons                              
2000a355  sl_NetAppDnsGetHostByName             
2000b559  sl_NetAppMDNSRegisterUnregisterService
2000d70d  sl_NetAppMDNSUnRegisterService        
2000c251  sl_NetCfgSet                          
2000bfe1  sl_Recv                               
2000a70d  sl_Send                               
2000c2e9  sl_SetSockOpt                         
2000ca49  sl_Socket                             
2000b29d  sl_Start                              
2000afcd  sl_Stop                               
200084cd  sl_WlanConnect                        
2000e7c9  sl_WlanDisconnect                     
2000c6fd  sl_WlanPolicySet                      
2000d95d  sl_WlanProfileDel                     
2000cc69  sl_WlanRxFilterSet                    
2000c381  sl_WlanSet                            
2000d9bd  sl_WlanSetMode                        
200055e5  sonic_timing1IntHandler1              
200055f9  sonic_timing2IntHandler2              
2000cfe5  spi_Close                             
2000a0c9  spi_Open                              
2000b0bd  spi_Read                              
2000c419  spi_Write                             
2000e485  sprintf                               
2000ef67  strcat                                
2000f25b  strchr                                
2000f201  strcmp                                
2000f2c1  strcpy                                
2000f2d5  strlen                                
2000e837  strncpy                               
2001f51c  text_buffer                           
2001f678  textbgcolor                           
2001f674  textcolor                             
2001f670  textsize                              
2001f524  top_x                                 
2001f528  top_y                                 
2000dfed  uDMAChannelAssign                     
2000d771  uDMAChannelAttributeDisable           
2000d7d5  uDMAChannelAttributeEnable            
2000e6ad  uDMAChannelControlSet                 
2000eff5  uDMAChannelEnable                     
2000b1ad  uDMAChannelTransferSet                
2000eadd  unlink                                
2000e4c5  vsnprintf                             
2000f2fb  wcslen                                
20006943  width                                 
2001f67c  wrap                                  
2000ec4d  write                                 
200079f1  writeCommand                          
20007a47  writeData                             


GLOBAL SYMBOLS: SORTED BY Symbol Address 

address   name                                  
-------   ----                                  
00001000  __STACK_SIZE                          
00008000  __SYSMEM_SIZE                         
20004000  g_pfnVectors                          
20004401  SimpleLinkWlanEventHandler            
2000450f  SimpleLinkNetAppEventHandler          
200045b1  SimpleLinkHttpServerCallback          
200045d5  SimpleLinkGeneralEventHandler         
200045f5  SimpleLinkSockEventHandler            
20004d49  printErrConvenience                   
200055e5  sonic_timing1IntHandler1              
200055f9  sonic_timing2IntHandler2              
200056e9  Sonic_TriggeringIntHandler            
20005779  Sonic_SamplingIntHandler              
20005835  main                                  
20005d55  setupOLED                             
20005e25  printChar                             
20005ee9  drawCircle                            
2000601d  drawCircleHelper                      
2000613b  fillCircle                            
20006175  fillCircleHelper                      
20006263  drawLine                              
2000634f  drawRect                              
2000639d  drawRoundRect                         
2000648b  fillRoundRect                         
20006505  drawTriangle                          
20006547  fillTriangle                          
20006747  drawChar                              
20006893  Outstr                                
200068df  setCursor                             
200068f7  setTextSize                           
20006917  setTextColor                          
2000692f  setTextWrap                           
20006943  width                                 
20006947  height                                
2000694b  fillASCII                             
20006a01  __TI_printfi                          
200079f1  writeCommand                          
20007a47  writeData                             
20007a9d  Adafruit_Init                         
20007bcf  goTo                                  
20007c13  Color565                              
20007c55  fillScreen                            
20007c6b  fillRect                              
20007d1d  drawFastVLine                         
20007dbd  drawFastHLine                         
20007e59  drawPixel                             
20007e97  invert                                
20007eb3  _nop                                  
20007ef1  GPIO_IF_LedConfigure                  
20007f2f  GPIO_IF_LedOn                         
20007fe3  GPIO_IF_LedOff                        
20008097  GPIO_IF_LedStatus                     
20008101  GPIO_IF_LedToggle                     
2000812f  GPIO_IF_GetPortNPin                   
20008175  GPIO_IF_ConfigureNIntEnable           
200081bd  GPIO_IF_Set                           
20008201  GPIO_IF_Get                           
2000824d  InitTerm                              
2000826b  Message                               
2000828d  ClearTerm                             
20008297  Error                                 
200082cf  GetCmd                                
20008375  TrimSpace                             
2000840d  Report                                
200084cd  sl_WlanConnect                        
20008c05  _SlDrvDataReadOp                      
20008de9  _SlDrvReleasePoolObj                  
20009189  __aeabi_dsub                          
20009193  __aeabi_dadd                          
2000933f  __aeabi_idiv0                         
2000933f  __aeabi_ldiv0                         
20009341  _SlDrvDriverCBInit                    
20009711  Timer_IF_Init                         
20009743  Timer_IF_IntSetup                     
2000978f  Timer_IF_InterruptClear               
200097a7  Timer_IF_Start                        
200097c7  Timer_IF_Stop                         
200097d7  Timer_IF_DeInit                       
200097f1  Timer_IF_ReLoad                       
20009809  Timer_IF_GetCount                     
20009829  _SlDrvWaitForPoolObj                  
200099b9  sl_Connect                            
20009b45  PRCMCC3200MCUInit                     
20009e2d  _SlDrvDataWriteOp                     
20009f7d  PinMuxConfig                          
2000a0c9  spi_Open                              
2000a355  sl_NetAppDnsGetHostByName             
2000a5d5  __aeabi_ddiv                          
2000a70d  sl_Send                               
2000a841  _SlDrvDriverCBDeinit                  
2000aa95  fputs                                 
2000aba9  realloc                               
2000acbd  ldexp                                 
2000acbd  ldexpl                                
2000acbd  scalbn                                
2000acbd  scalbnl                               
2000adcd  _SlDrvNetAppEventHandler              
2000aed1  __aeabi_dmul                          
2000afcd  sl_Stop                               
2000b0bd  spi_Read                              
2000b1ad  uDMAChannelTransferSet                
2000b29d  sl_Start                              
2000b471  _SlDrvMsgReadSpawnCtx                 
2000b559  sl_NetAppMDNSRegisterUnregisterService
2000b719  setvbuf                               
2000b7f5  free                                  
2000b8cd  _sl_HandleAsync_DnsGetHostByService   
2000b999  sl_DevGet                             
2000bb29  _SlDrvCmdOp                           
2000bc9d  _SlNonOsSemGet                        
2000bd4d  IntDisable                            
2000bdf5  IntEnable                             
2000be9d  _SlDriverHandleError                  
2000bf41  SPIConfigSetExpClk                    
2000bfe1  sl_Recv                               
2000c081  __aeabi_memcpy                        
2000c081  __aeabi_memcpy4                       
2000c081  __aeabi_memcpy8                       
2000c081  memcpy                                
2000c11d  _SlDrvDeviceEventHandler              
2000c1b9  sl_DevSet                             
2000c251  sl_NetCfgSet                          
2000c2e9  sl_SetSockOpt                         
2000c381  sl_WlanSet                            
2000c419  spi_Write                             
2000c4b1  __aeabi_uldivmod                      
2000c549  PRCMPeripheralClockGet                
2000c5dd  _sl_HandleAsync_DnsGetHostByName      
2000c66d  _sl_HandleAsync_PingResponse          
2000c6fd  sl_WlanPolicySet                      
2000c8a5  _SlDrvIsTimeoutExpired                
2000c931  _sl_HandleAsync_InitComplete          
2000c9bd  fputc                                 
2000c9bd  putc                                  
2000ca49  sl_Socket                             
2000cad5  PinConfigSet                          
2000cb5d  __aeabi_cdcmpeq                       
2000cb5d  __aeabi_cdcmple                       
2000cbe3  __aeabi_cdrcmple                      
2000cc69  sl_WlanRxFilterSet                    
2000cced  GPIOIntTypeSet                        
2000cd71  _sl_HandleAsync_Connect               
2000cef1  __aeabi_memclr                        
2000cef1  __aeabi_memclr4                       
2000cef1  __aeabi_memclr8                       
2000cef3  __aeabi_memset                        
2000cef3  __aeabi_memset4                       
2000cef3  __aeabi_memset8                       
2000cef9  memset                                
2000cf6d  malloc                                
2000cfe5  spi_Close                             
2000d05d  UARTConfigSetExpClk                   
2000d0d5  _SlNonOsMainLoopTask                  
2000d149  __TI_closefile                        
2000d1bd  TimerIntRegister                      
2000d29d  _SlDrvCmdSend                         
2000d309  _sl_NetAppSendTokenValue              
2000d375  HOSTlseek                             
2000d3dd  HOSTrename                            
2000d445  TimerIntUnregister                    
2000d4ad  __TI_decompress_lzss                  
2000d515  printf                                
2000d57d  _SlNonOsSpawn                         
2000d5e1  _sl_HandleAsync_Accept                
2000d645  frexp                                 
2000d645  frexpl                                
2000d6a9  fseek                                 
2000d70d  sl_NetAppMDNSUnRegisterService        
2000d771  uDMAChannelAttributeDisable           
2000d7d5  uDMAChannelAttributeEnable            
2000d839  __TI_wrt_ok                           
2000d89d  HOSTopen                              
2000d8fd  sl_Close                              
2000d95d  sl_WlanProfileDel                     
2000d9bd  sl_WlanSetMode                        
2000da1d  close                                 
2000da79  HOSTread                              
2000dad1  HOSTwrite                             
2000db29  IntPendClear                          
2000db81  PRCMPeripheralReset                   
2000dc31  IntPrioritySet                        
2000dc85  _SlDrvRxIrqHandler                    
2000dcd9  _sl_HandleAsync_Select                
2000dd2d  ltoa                                  
2000ddd5  _sl_HandleAsync_Stop                  
2000de25  SPIIntEnable                          
2000debd  _SlDrvProtectAsyncRespSetting         
2000df09  __TI_doflush                          
2000dfa1  atoi                                  
2000dfed  uDMAChannelAssign                     
2000e081  SPIIntClear                           
2000e0c9  _SlDrvBasicCmd                        
2000e111  exit                                  
2000e159  __aeabi_d2iz                          
2000e1a1  HOSTclose                             
2000e1e5  HOSTunlink                            
2000e26d  TimerConfigure                        
2000e2b1  _SlDrvSyncObjWaitTimeout              
2000e2f5  __TI_auto_init_nobinit_nopinit        
2000e37d  getdevice                             
2000e3c1  sl_Htonl                              
2000e405  PinModeSet                            
2000e485  sprintf                               
2000e4c5  vsnprintf                             
2000e505  NwpRegisterInterruptHandler           
2000e5bd  PRCMPeripheralClkEnable               
2000e635  simplelink_timerA2_start              
2000e671  sl_Htons                              
2000e6ad  uDMAChannelControlSet                 
2000e6e9  NwpPowerOff                           
2000e721  __TI_writemsg                         
2000e74f  C$$IO$$                               
2000e759  _c_int00_noargs                       
2000e791  minit                                 
2000e7c9  sl_WlanDisconnect                     
2000e801  GPIODirModeSet                        
2000e837  strncpy                               
2000e86d  PRCMPeripheralStatusGet               
2000e8a1  SPIFIFOLevelSet                       
2000e8d5  __TI_cleanup                          
2000e909  __TI_readmsg                          
2000e93d  PinTypeGPIO                           
2000e96d  UARTDisable                           
2000e9cd  finddevice                            
2000e9fd  __aeabi_i2d                           
2000ea2d  NwpPowerOn                            
2000ea59  PRCMSysResetCauseGet                  
2000eab1  _SlDrvProtectionObjLockWaitForever    
2000eadd  remove                                
2000eadd  unlink                                
2000eb09  TimerLoadSet                          
2000eb33  TimerPrescaleSet                      
2000eb5d  PRCMPeripheralClkDisable              
2000eb85  _SlDrvGlobalObjUnLock                 
2000ebad  _SlDrvProtectionObjUnLock             
2000ebd5  _SlDrvSyncObjWaitForever              
2000ebfd  lseek                                 
2000ec4d  write                                 
2000ec75  _SlDrvObjLockWaitForever              
2000ec9d  DmaSpiSwIntHandler                    
2000ecc1  IntUnregister                         
2000ece5  UARTEnable                            
2000ed09  memmove                               
2000ed2d  GPIOIntStatus                         
2000ed4f  SPIReset                              
2000ed71  SPIWordCountSet                       
2000ed93  GPIOPinWrite                          
2000edb5  IntRegister                           
2000edd5  NwpPrePowerOffTimout0                 
2000edf5  SPIDataGet                            
2000ee15  TimerGetCurrentTimestamp              
2000ee35  _SlDrvObjUnLock                       
2000ee55  _SlDrvSyncObjSignal                   
2000ee75  memchr                                
2000ee95  GPIOIntRegister                       
2000eeb3  SPIDataPut                            
2000eed1  TimerDisable                          
2000eeef  TimerEnable                           
2000ef0d  TimerIntStatus                        
2000ef2b  UARTCharPut                           
2000ef67  strcat                                
2000ef85  TimerValueGet                         
2000efa1  UARTCharGetNonBlocking                
2000efbd  _SlDrvStartMeasureTimeout             
2000efd9  memccpy                               
2000eff5  uDMAChannelEnable                     
2000f011  GPIOIntEnable                         
2000f02b  PinTypeSPI                            
2000f045  PinTypeUART                           
2000f05f  SPIDmaDisable                         
2000f079  SPIDmaEnable                          
2000f093  SPIFIFODisable                        
2000f0ad  SPIFIFOEnable                         
2000f0c7  SPIIntUnregister                      
2000f0e1  GPIOPinRead                           
2000f0f9  SPICSDisable                          
2000f111  SPICSEnable                           
2000f129  SPIDisable                            
2000f141  SPIEnable                             
2000f159  TimerIntDisable                       
2000f171  TimerIntEnable                        
2000f189  UARTCharsAvail                        
2000f1a1  _SlNonOsSemSet                        
2000f201  strcmp                                
2000f219  PRCMHIBRegRead                        
2000f22f  PRCMHIBRegWrite                       
2000f245  _SlDrvMemZero                         
2000f25b  strchr                                
2000f271  CPUcpsie                              
2000f285  GPIOIntClear                          
2000f299  IntVTableBaseSet                      
2000f2ad  copysign                              
2000f2ad  copysignl                             
2000f2c1  strcpy                                
2000f2d5  strlen                                
2000f2e9  TimerIntClear                         
2000f2fb  wcslen                                
2000f30d  _SlDrvDispatchHttpServerEvents        
2000f31d  _SlDrvResetCmdExt                     
2000f32b  __TI_decompress_none                  
2000f339  ResetISR                              
2000f349  NwpMaskInterrupt                      
2000f355  NwpUnMaskInterrupt                    
2000f361  __TI_zero_init                        
2000f36d  IntMasterEnable                       
2000f381  __aeabi_errno_addr                    
2000f389  UtilsDelay                            
2000f397  _system_pre_init                      
2000f39b  C$$EXIT                               
2000f39b  abort                                 
2000f89b  _ctypes_                              
2000fcd4  OpcodeTranslateTable                  
2000fd10  _SlActionLookupTable                  
2000feb6  _SlNetAppSendTokenValueCmdCtrl        
2000fef0  __TI_static_base__                    
2000ffb0  __TI_Handler_Table_Base               
2000ffbc  __TI_Handler_Table_Limit              
2000ffc8  __TI_CINIT_Base                       
2000ffd8  __TI_CINIT_Limit                      
20017000  _sys_memory                           
2001f168  __CIOBUF_                             
2001f288  __TI_tmpnams                          
2001f328  g_ucDinDout                           
2001f378  g_time                                
2001f3a4  g_ucConnectionSSID                    
2001f3d8  g_ucConnectionBSSID                   
2001f3e0  parmbuf                               
2001f3ec  g_ulTimerInts                         
2001f3f0  RxIrqCnt                              
2001f3f1  g_bDeviceRestartIsRequired            
2001f3f2  g_cDummy                              
2001f3f3  g_ucLED1Pin                           
2001f3f4  g_ucLED2Pin                           
2001f3f5  g_ucLED3Pin                           
2001f3f8  _ftable                               
2001f4e8  g_ulStatus                            
2001f4ec  g_ulPingPacketsRecv                   
2001f4f0  g_ulGatewayIP                         
2001f4f4  g_Host                                
2001f4f8  cx                                    
2001f4fc  cy                                    
2001f504  a                                     
2001f508  rxData                                
2001f50c  nowCount                              
2001f510  buff_index                            
2001f514  buffold                               
2001f518  buff2                                 
2001f51c  text_buffer                           
2001f520  flag_to_send                          
2001f524  top_x                                 
2001f528  top_y                                 
2001f52c  new_dig                               
2001f530  indexi                                
2001f534  indexj                                
2001f538  indexi2                               
2001f53c  indexj2                               
2001f540  direction2                            
2001f544  lRetVal                               
2001f548  deleteflag                            
2001f54c  duration_Count1                       
2001f550  duration_Count2                       
2001f554  Distance1                             
2001f558  Distance2                             
2001f55c  GPIOInterupt_Count1                   
2001f560  GPIOInterupt_Count2                   
2001f564  _device                               
2001f5dc  _stream                               
2001f62c  g__SlNonOsCB                          
2001f668  cursor_x                              
2001f66c  cursor_y                              
2001f670  textsize                              
2001f674  textcolor                             
2001f678  textbgcolor                           
2001f67c  wrap                                  
2001f67d  buffer                                
2001f6a8  __TI_ft_end                           
2001f6ac  __aeabi_stdin                         
2001f6b0  __aeabi_stdout                        
2001f6b4  __aeabi_stderr                        
2001f6b8  g_SlDeviceStatus                      
2001f6bc  g_pCB                                 
2001f6c0  pPingCallBackFunc                     
2001f6c8  __TI_cleanup_ptr                      
2001f6cc  __TI_dtors_ptr                        
2001f6d0  __TI_enable_exit_profile_output       
2001f6e0  g_uiLED1Port                          
2001f6e4  g_uiLED2Port                          
2001f6e8  g_uiLED3Port                          
2001f6ec  g_SpiFd                               
2001f6f0  g_pHostIntHdl                         
2001f6f4  g_ucDMAEnabled                        
2001f6f8  _lock                                 
2001f6fc  _unlock                               
2001f700  errno                                 
2002f000  __stack                               
20030000  __STACK_END                           
ffffffff  __TI_pprof_out_hndl                   
ffffffff  __TI_prof_data_size                   
ffffffff  __TI_prof_data_start                  
ffffffff  __binit__                             
ffffffff  __c_args__                            
ffffffff  binit                                 
UNDEFED   __mpu_init                            
UNDEFED   _system_post_cinit                    

[404 symbols]
