******************************************************************************
                  TI ARM Linker PC v18.1.4                     
******************************************************************************
>> Linked Tue Mar 12 01:24:27 2019

OUTPUT FILE NAME:   <SSLandTimer.out>
ENTRY POINT SYMBOL: "_c_int00_noargs"  address: 2000910d


MEMORY CONFIGURATION

         name            origin    length      used     unused   attr    fill
----------------------  --------  ---------  --------  --------  ----  --------
  SRAM_CODE             20004000   00013000  00006130  0000ced0  RW X
  SRAM_DATA             20017000   00019000  00009123  0000fedd  RW X


SEGMENT ALLOCATION MAP

run origin  load origin   length   init length attrs members
----------  ----------- ---------- ----------- ----- -------
20004000    20004000    00006138   00006138    r-x
  20004000    20004000    00000400   00000400    r-- .intvecs
  20004400    20004400    00005382   00005382    r-x .text
  20009784    20009784    0000092e   0000092e    r-- .const
  2000a0b8    2000a0b8    00000080   00000080    r-- .cinit
20017000    20017000    00008123   00000000    rw-
  20017000    20017000    00008000   00000000    rw- .sysmem
  2001f000    2001f000    000000dc   00000000    rw- .data
  2001f0dc    2001f0dc    00000047   00000000    rw- .bss
2002f000    2002f000    00001000   00000000    rw-
  2002f000    2002f000    00001000   00000000    rw- .stack


SECTION ALLOCATION MAP

 output                                  attributes/
section   page    origin      length       input sections
--------  ----  ----------  ----------   ----------------
.intvecs   0    20004000    00000400     
                  20004000    00000400     startup_ccs.obj (.intvecs)

.init_array 
*          0    20004000    00000000     UNINITIALIZED

.text      0    20004400    00005382     
                  20004400    00000c8c     main.obj (.text)
                  2000508c    00000b18     Adafruit_GFX.obj (.text)
                  20005ba4    00000a5e     rtsv7M4_T_le_v4SPD16_eabi.lib : _printfi.c.obj (.text:__TI_printfi)
                  20006602    00000002     driverlib.a : interrupt.obj (.text:IntDefaultHandler)
                  20006604    000004c2     Adafruit_OLED.obj (.text)
                  20006ac6    00000002     rtsv7M4_T_le_v4SPD16_eabi.lib : _lock.c.obj (.text:_nop)
                  20006ac8    00000398     gpio_if.obj (.text)
                  20006e60    00000280     uart_if.obj (.text)
                  200070e0    00000270     rtsv7M4_T_le_v4SPD16_eabi.lib : _printfi.c.obj (.text:_pconv_a)
                  20007350    000001d0                                   : _printfi.c.obj (.text:_pconv_g)
                  20007520    000001b6                                   : fd_add_t2.asm.obj (.text)
                  200076d6    00000002                                   : div0.asm.obj (.text)
                  200076d8    00000198     timer_if.obj (.text)
                  20007870    00000178     driverlib.a : prcm.obj (.text:PRCMCC3200MCUInit)
                  200079e8    0000014c     pinmux.obj (.text)
                  20007b34    0000013c     rtsv7M4_T_le_v4SPD16_eabi.lib : _printfi.c.obj (.text:_pconv_e)
                  20007c70    00000136                                   : fd_div_t2.asm.obj (.text)
                  20007da6    00000002     --HOLE-- [fill = 0]
                  20007da8    00000124                                   : _printfi.c.obj (.text:fcvt)
                  20007ecc    00000114                                   : memory.c.obj (.text:realloc)
                  20007fe0    00000110                                   : s_scalbn.c.obj (.text:scalbn)
                  200080f0    000000fc                                   : fd_mul_t2.asm.obj (.text)
                  200081ec    000000d8                                   : memory.c.obj (.text:free)
                  200082c4    000000b1                                   : _printfi.c.obj (.text:_ltostr)
                  20008375    00000003     --HOLE-- [fill = 0]
                  20008378    000000a8     driverlib.a : interrupt.obj (.text:IntDisable)
                  20008420    000000a8                 : interrupt.obj (.text:IntEnable)
                  200084c8    000000a0                 : spi.obj (.text:SPIConfigSetExpClk)
                  20008568    0000009c     rtsv7M4_T_le_v4SPD16_eabi.lib : memcpy_t2.asm.obj (.text)
                  20008604    00000096                                   : ull_div_t2.asm.obj (.text)
                  2000869a    00000002     --HOLE-- [fill = 0]
                  2000869c    00000094     driverlib.a : prcm.obj (.text:PRCMPeripheralClockGet)
                  20008730    00000088                 : pin.obj (.text:PinConfigSet)
                  200087b8    00000086     rtsv7M4_T_le_v4SPD16_eabi.lib : fd_cmp_t2.asm.obj (.text:__aeabi_cdcmple)
                  2000883e    00000086                                   : fd_cmp_t2.asm.obj (.text:__aeabi_cdrcmple)
                  200088c4    00000082     driverlib.a : gpio.obj (.text:GPIOIntTypeSet)
                  20008946    0000007a     rtsv7M4_T_le_v4SPD16_eabi.lib : memset_t2.asm.obj (.text)
                  200089c0    00000078                                   : memory.c.obj (.text:malloc)
                  20008a38    00000076     driverlib.a : uart.obj (.text:UARTConfigSetExpClk)
                  20008aae    00000002     --HOLE-- [fill = 0]
                  20008ab0    00000070                 : timer.obj (.text:TimerIntRegister)
                  20008b20    0000006e     rtsv7M4_T_le_v4SPD16_eabi.lib : _printfi.c.obj (.text:_mcpy)
                  20008b8e    00000002     --HOLE-- [fill = 0]
                  20008b90    00000068     driverlib.a : timer.obj (.text:TimerIntUnregister)
                  20008bf8    00000068     rtsv7M4_T_le_v4SPD16_eabi.lib : copy_decompress_lzss.c.obj (.text:decompress:lzss:__TI_decompress_lzss)
                  20008c60    00000064                                   : s_frexp.c.obj (.text:frexp)
                  20008cc4    00000058     driverlib.a : prcm.obj (.text:PRCMPeripheralReset)
                  20008d1c    00000056     rtsv7M4_T_le_v4SPD16_eabi.lib : _printfi.c.obj (.text:_pconv_f)
                  20008d72    00000002     --HOLE-- [fill = 0]
                  20008d74    00000054     driverlib.a : interrupt.obj (.text:IntPrioritySet)
                  20008dc8    00000054     rtsv7M4_T_le_v4SPD16_eabi.lib : ltoa.c.obj (.text:ltoa)
                  20008e1c    00000052                                   : _printfi.c.obj (.text:_ecpy)
                  20008e6e    00000002     --HOLE-- [fill = 0]
                  20008e70    0000004c                                   : atoi.c.obj (.text:atoi)
                  20008ebc    00000048     driverlib.a : gpio.obj (.text:GPIOGetIntNumber)
                  20008f04    00000048     rtsv7M4_T_le_v4SPD16_eabi.lib : fd_toi_t2.asm.obj (.text)
                  20008f4c    00000044     driverlib.a : timer.obj (.text:TimerConfigure)
                  20008f90    00000044     rtsv7M4_T_le_v4SPD16_eabi.lib : autoinit.c.obj (.text:__TI_auto_init_nobinit_nopinit:__TI_auto_init_nobinit_nopinit)
                  20008fd4    00000040     driverlib.a : pin.obj (.text:PinModeSet)
                  20009014    00000040     rtsv7M4_T_le_v4SPD16_eabi.lib : vsnprintf.c.obj (.text:vsnprintf)
                  20009054    0000003e                                   : _printfi.c.obj (.text:_fcpy)
                  20009092    00000002     --HOLE-- [fill = 0]
                  20009094    0000003c     driverlib.a : prcm.obj (.text:PRCMPeripheralClkEnable)
                  200090d0    0000003c     rtsv7M4_T_le_v4SPD16_eabi.lib : memory.c.obj (.text:minsert)
                  2000910c    00000038                                   : boot_cortex_m.c.obj (.text:_c_int00_noargs:_c_int00_noargs)
                  20009144    00000038                                   : memory.c.obj (.text:minit)
                  2000917c    00000036     driverlib.a : gpio.obj (.text:GPIODirModeSet)
                  200091b2    00000030                 : pin.obj (.text:PinTypeGPIO)
                  200091e2    00000002     --HOLE-- [fill = 0]
                  200091e4    00000030                 : uart.obj (.text:UARTDisable)
                  20009214    00000030     rtsv7M4_T_le_v4SPD16_eabi.lib : vsnprintf.c.obj (.text:_outs)
                  20009244    0000002e                                   : i_tofd_t2.asm.obj (.text)
                  20009272    00000002     --HOLE-- [fill = 0]
                  20009274    0000002c     driverlib.a : prcm.obj (.text:PRCMSysResetCauseGet)
                  200092a0    0000002a                 : timer.obj (.text:TimerLoadSet)
                  200092ca    0000002a                 : timer.obj (.text:TimerPrescaleSet)
                  200092f4    00000028                 : prcm.obj (.text:PRCMPeripheralClkDisable)
                  2000931c    00000028     rtsv7M4_T_le_v4SPD16_eabi.lib : memory.c.obj (.text:mremove)
                  20009344    00000024     driverlib.a : interrupt.obj (.text:IntUnregister)
                  20009368    00000024                 : uart.obj (.text:UARTEnable)
                  2000938c    00000024     rtsv7M4_T_le_v4SPD16_eabi.lib : memmov.c.obj (.text:memmove)
                  200093b0    00000022     driverlib.a : gpio.obj (.text:GPIOIntStatus)
                  200093d2    00000022                 : spi.obj (.text:SPIReset)
                  200093f4    00000020                 : gpio.obj (.text:GPIOPinWrite)
                  20009414    00000020                 : interrupt.obj (.text:IntRegister)
                  20009434    00000020                 : spi.obj (.text:SPIDataGet)
                  20009454    0000001e                 : gpio.obj (.text:GPIOIntRegister)
                  20009472    0000001e                 : spi.obj (.text:SPIDataPut)
                  20009490    0000001e                 : timer.obj (.text:TimerDisable)
                  200094ae    0000001e                 : timer.obj (.text:TimerEnable)
                  200094cc    0000001e                 : timer.obj (.text:TimerIntStatus)
                  200094ea    0000001e                 : uart.obj (.text:UARTCharPut)
                  20009508    0000001c                 : timer.obj (.text:TimerValueGet)
                  20009524    0000001c                 : uart.obj (.text:UARTCharGetNonBlocking)
                  20009540    0000001c     rtsv7M4_T_le_v4SPD16_eabi.lib : memccpy.c.obj (.text:memccpy)
                  2000955c    0000001a     driverlib.a : gpio.obj (.text:GPIOIntEnable)
                  20009576    0000001a                 : pin.obj (.text:PinTypeSPI)
                  20009590    0000001a                 : pin.obj (.text:PinTypeUART)
                  200095aa    00000018                 : gpio.obj (.text:GPIOPinRead)
                  200095c2    00000018                 : spi.obj (.text:SPICSDisable)
                  200095da    00000018                 : spi.obj (.text:SPICSEnable)
                  200095f2    00000018                 : spi.obj (.text:SPIEnable)
                  2000960a    00000018                 : timer.obj (.text:TimerIntDisable)
                  20009622    00000018                 : timer.obj (.text:TimerIntEnable)
                  2000963a    00000018                 : uart.obj (.text:UARTCharsAvail)
                  20009652    00000018     rtsv7M4_T_le_v4SPD16_eabi.lib : vsnprintf.c.obj (.text:_outc)
                  2000966a    00000016     driverlib.a : prcm.obj (.text:PRCMHIBRegRead)
                  20009680    00000016                 : prcm.obj (.text:PRCMHIBRegWrite)
                  20009696    00000016     rtsv7M4_T_le_v4SPD16_eabi.lib : strchr.c.obj (.text:strchr)
                  200096ac    00000014     driverlib.a : cpu.obj (.text:CPUcpsie)
                  200096c0    00000014                 : gpio.obj (.text:GPIOIntClear)
                  200096d4    00000014                 : interrupt.obj (.text:IntVTableBaseSet)
                  200096e8    00000014     rtsv7M4_T_le_v4SPD16_eabi.lib : s_copysign.c.obj (.text:copysign)
                  200096fc    00000014                                   : strlen.c.obj (.text:strlen)
                  20009710    00000012     driverlib.a : timer.obj (.text:TimerIntClear)
                  20009722    00000012     rtsv7M4_T_le_v4SPD16_eabi.lib : copy_zero_init.c.obj (.text:decompress:ZI:__TI_zero_init_nomemset:__TI_zero_init_nomemset)
                  20009734    00000012                                   : wcslen.c.obj (.text:wcslen)
                  20009746    0000000e                                   : copy_decompress_none.c.obj (.text:decompress:none:__TI_decompress_none)
                  20009754    0000000e     startup_ccs.obj (.text)
                  20009762    0000000a     driverlib.a : interrupt.obj (.text:IntMasterEnable)
                  2000976c    00000008     rtsv7M4_T_le_v4SPD16_eabi.lib : errno.c.obj (.text:__aeabi_errno_addr)
                  20009774    00000006     driverlib.a : utils.obj (.text:UtilsDelay)
                  2000977a    00000004     rtsv7M4_T_le_v4SPD16_eabi.lib : pre_init.c.obj (.text:_system_pre_init)
                  2000977e    00000004                                   : exit.c.obj (.text:abort:abort)

.const     0    20009784    0000092e     
                  20009784    000004fb     Adafruit_GFX.obj (.const:.string:font)
                  20009c7f    00000101     rtsv7M4_T_le_v4SPD16_eabi.lib : ctype.c.obj (.const:.string:_ctypes_)
                  20009d80    00000100     driverlib.a : pin.obj (.const:g_ulPinToPadMap)
                  20009e80    000000d4                 : interrupt.obj (.const:g_pulRegs)
                  20009f54    000000a8                 : prcm.obj (.const:PRCM_PeriphRegsList)
                  20009ffc    00000080                 : interrupt.obj (.const)
                  2000a07c    00000036     main.obj (.const:.string)

.cinit     0    2000a0b8    00000080     
                  2000a0b8    00000055     (.cinit..data.load) [load image, compression = lzss]
                  2000a10d    00000003     --HOLE-- [fill = 0]
                  2000a110    0000000c     (__TI_handler_table)
                  2000a11c    00000004     --HOLE-- [fill = 0]
                  2000a120    00000008     (.cinit..bss.load) [load image, compression = zero_init]
                  2000a128    00000010     (__TI_cinit_table)

.sysmem    0    20017000    00008000     UNINITIALIZED
                  20017000    00000008     rtsv7M4_T_le_v4SPD16_eabi.lib : memory.c.obj (.sysmem)
                  20017008    00007ff8     --HOLE--

.data      0    2001f000    000000dc     UNINITIALIZED
                  2001f000    00000078     main.obj (.data)
                  2001f078    00000015     Adafruit_GFX.obj (.data)
                  2001f08d    00000014     main.obj (.data:buffer)
                  2001f0a1    00000003     --HOLE--
                  2001f0a4    00000014     gpio_if.obj (.data:ulReg)
                  2001f0b8    0000000c     rtsv7M4_T_le_v4SPD16_eabi.lib : memory.c.obj (.data:$O1$$)
                  2001f0c4    0000000c     gpio_if.obj (.data)
                  2001f0d0    00000008     rtsv7M4_T_le_v4SPD16_eabi.lib : _lock.c.obj (.data:$O1$$)
                  2001f0d8    00000004                                   : errno.c.obj (.data)

.bss       0    2001f0dc    00000047     UNINITIALIZED
                  2001f0dc    00000024     (.common:g_ucConnectionSSID)
                  2001f100    00000010     main.obj (.bss)
                  2001f110    00000008     (.common:g_ucConnectionBSSID)
                  2001f118    00000004     uart_if.obj (.bss)
                  2001f11c    00000004     (.common:g_ulTimerInts)
                  2001f120    00000001     (.common:g_ucLED1Pin)
                  2001f121    00000001     (.common:g_ucLED2Pin)
                  2001f122    00000001     (.common:g_ucLED3Pin)

.stack     0    2002f000    00001000     UNINITIALIZED
                  2002f000    00000004     rtsv7M4_T_le_v4SPD16_eabi.lib : boot_cortex_m.c.obj (.stack)
                  2002f004    00000ffc     --HOLE--

MODULE SUMMARY

       Module                       code    ro data   rw data
       ------                       ----    -------   -------
    .\
       Adafruit_GFX.obj             2840    1275      21     
       main.obj                     3212    54        204    
       Adafruit_OLED.obj            1218    0         0      
       startup_ccs.obj              14      1024      0      
       gpio_if.obj                  920     0         35     
       uart_if.obj                  640     0         4      
       timer_if.obj                 408     0         0      
       pinmux.obj                   332     0         0      
    +--+----------------------------+-------+---------+---------+
       Total:                       9584    2353      264    
                                                             
    C:/ti/CC3200SDK_1.3.0/cc3200-sdk/driverlib/ccs/Release/driverlib.a
       prcm.obj                     800     168       0      
       interrupt.obj                520     340       0      
       pin.obj                      300     256       0      
       timer.obj                    552     0         0      
       gpio.obj                     422     0         0      
       spi.obj                      328     0         0      
       uart.obj                     284     0         0      
       cpu.obj                      20      0         0      
       utils.obj                    6       0         0      
    +--+----------------------------+-------+---------+---------+
       Total:                       3232    764       0      
                                                             
    C:\ti\ccsv8\tools\compiler\ti-cgt-arm_18.1.4.LTS\lib\rtsv7M4_T_le_v4SPD16_eabi.lib
       _printfi.c.obj               4867    0         0      
       memory.c.obj                 768     0         12     
       fd_add_t2.asm.obj            438     0         0      
       fd_div_t2.asm.obj            310     0         0      
       s_scalbn.c.obj               272     0         0      
       fd_cmp_t2.asm.obj            268     0         0      
       ctype.c.obj                  0       257       0      
       fd_mul_t2.asm.obj            252     0         0      
       memcpy_t2.asm.obj            156     0         0      
       ull_div_t2.asm.obj           150     0         0      
       vsnprintf.c.obj              136     0         0      
       memset_t2.asm.obj            122     0         0      
       copy_decompress_lzss.c.obj   104     0         0      
       s_frexp.c.obj                100     0         0      
       ltoa.c.obj                   84      0         0      
       atoi.c.obj                   76      0         0      
       fd_toi_t2.asm.obj            72      0         0      
       autoinit.c.obj               68      0         0      
       boot_cortex_m.c.obj          56      0         0      
       i_tofd_t2.asm.obj            46      0         0      
       memmov.c.obj                 36      0         0      
       memccpy.c.obj                28      0         0      
       strchr.c.obj                 22      0         0      
       s_copysign.c.obj             20      0         0      
       strlen.c.obj                 20      0         0      
       copy_zero_init.c.obj         18      0         0      
       wcslen.c.obj                 18      0         0      
       copy_decompress_none.c.obj   14      0         0      
       errno.c.obj                  8       0         4      
       _lock.c.obj                  2       0         8      
       exit.c.obj                   4       0         0      
       pre_init.c.obj               4       0         0      
       div0.asm.obj                 2       0         0      
    +--+----------------------------+-------+---------+---------+
       Total:                       8541    257       24     
                                                             
       Heap:                        0       0         32768  
       Stack:                       0       0         4096   
       Linker Generated:            0       121       0      
    +--+----------------------------+-------+---------+---------+
       Grand Total:                 21357   3495      37152  


LINKER GENERATED COPY TABLES

__TI_cinit_table @ 2000a128 records: 2, size/record: 8, table size: 16
	.data: load addr=2000a0b8, load size=00000055 bytes, run addr=2001f000, run size=000000dc bytes, compression=lzss
	.bss: load addr=2000a120, load size=00000008 bytes, run addr=2001f0dc, run size=00000047 bytes, compression=zero_init


LINKER GENERATED HANDLER TABLE

__TI_handler_table @ 2000a110 records: 3, size/record: 4, table size: 12
	index: 0, handler: __TI_decompress_lzss
	index: 1, handler: __TI_decompress_none
	index: 2, handler: __TI_zero_init


GLOBAL SYMBOLS: SORTED ALPHABETICALLY BY Name 

address   name                          
-------   ----                          
200066b1  Adafruit_Init                 
2000977f  C$$EXIT                       
200096ad  CPUcpsie                      
20006ea1  ClearTerm                     
20006827  Color565                      
2001f068  Distance1                     
2001f06c  Distance2                     
20006eab  Error                         
2000917d  GPIODirModeSet                
200096c1  GPIOIntClear                  
2000955d  GPIOIntEnable                 
20009455  GPIOIntRegister               
200093b1  GPIOIntStatus                 
200088c5  GPIOIntTypeSet                
2001f070  GPIOInterupt_Count1           
2001f074  GPIOInterupt_Count2           
200095ab  GPIOPinRead                   
200093f5  GPIOPinWrite                  
20006d89  GPIO_IF_ConfigureNIntEnable   
20006e15  GPIO_IF_Get                   
20006d43  GPIO_IF_GetPortNPin           
20006b05  GPIO_IF_LedConfigure          
20006bf7  GPIO_IF_LedOff                
20006b43  GPIO_IF_LedOn                 
20006cab  GPIO_IF_LedStatus             
20006d15  GPIO_IF_LedToggle             
20006dd1  GPIO_IF_Set                   
20006ee3  GetCmd                        
20006e61  InitTerm                      
20008379  IntDisable                    
20008421  IntEnable                     
20009763  IntMasterEnable               
20008d75  IntPrioritySet                
20009415  IntRegister                   
20009345  IntUnregister                 
200096d5  IntVTableBaseSet              
20006e7f  Message                       
20005a37  Outstr                        
20007871  PRCMCC3200MCUInit             
2000966b  PRCMHIBRegRead                
20009681  PRCMHIBRegWrite               
200092f5  PRCMPeripheralClkDisable      
20009095  PRCMPeripheralClkEnable       
2000869d  PRCMPeripheralClockGet        
20008cc5  PRCMPeripheralReset           
20009275  PRCMSysResetCauseGet          
20008731  PinConfigSet                  
20008fd5  PinModeSet                    
200079e9  PinMuxConfig                  
200091b3  PinTypeGPIO                   
20009577  PinTypeSPI                    
20009591  PinTypeUART                   
20007021  Report                        
20009755  ResetISR                      
200095c3  SPICSDisable                  
200095db  SPICSEnable                   
200084c9  SPIConfigSetExpClk            
20009435  SPIDataGet                    
20009473  SPIDataPut                    
200095f3  SPIEnable                     
200093d3  SPIReset                      
200045d5  SimpleLinkGeneralEventHandler 
200045b1  SimpleLinkHttpServerCallback  
2000450f  SimpleLinkNetAppEventHandler  
200045f5  SimpleLinkSockEventHandler    
20004401  SimpleLinkWlanEventHandler    
20004a35  Sonic_SamplingIntHandler      
200049e1  Sonic_TriggeringIntHandler    
20008f4d  TimerConfigure                
20009491  TimerDisable                  
200094af  TimerEnable                   
20009711  TimerIntClear                 
2000960b  TimerIntDisable               
20009623  TimerIntEnable                
20008ab1  TimerIntRegister              
200094cd  TimerIntStatus                
20008b91  TimerIntUnregister            
200092a1  TimerLoadSet                  
200092cb  TimerPrescaleSet              
20009509  TimerValueGet                 
2000781f  Timer_IF_DeInit               
20007851  Timer_IF_GetCount             
20007759  Timer_IF_Init                 
2000778b  Timer_IF_IntSetup             
200077d7  Timer_IF_InterruptClear       
20007839  Timer_IF_ReLoad               
200077ef  Timer_IF_Start                
2000780f  Timer_IF_Stop                 
20006f89  TrimSpace                     
20009525  UARTCharGetNonBlocking        
200094eb  UARTCharPut                   
2000963b  UARTCharsAvail                
20008a39  UARTConfigSetExpClk           
200091e5  UARTDisable                   
20009369  UARTEnable                    
20009775  UtilsDelay                    
20030000  __STACK_END                   
00001000  __STACK_SIZE                  
00008000  __SYSMEM_SIZE                 
2000a128  __TI_CINIT_Base               
2000a138  __TI_CINIT_Limit              
2000a110  __TI_Handler_Table_Base       
2000a11c  __TI_Handler_Table_Limit      
20008f91  __TI_auto_init_nobinit_nopinit
20008bf9  __TI_decompress_lzss          
20009747  __TI_decompress_none          
ffffffff  __TI_pprof_out_hndl           
20005ba5  __TI_printfi                  
ffffffff  __TI_prof_data_size           
ffffffff  __TI_prof_data_start          
2000a0b8  __TI_static_base__            
20009723  __TI_zero_init_nomemset       
200087b9  __aeabi_cdcmpeq               
200087b9  __aeabi_cdcmple               
2000883f  __aeabi_cdrcmple              
20008f05  __aeabi_d2iz                  
2000752b  __aeabi_dadd                  
20007c71  __aeabi_ddiv                  
200080f1  __aeabi_dmul                  
20007521  __aeabi_dsub                  
2000976d  __aeabi_errno_addr            
20009245  __aeabi_i2d                   
200076d7  __aeabi_idiv0                 
200076d7  __aeabi_ldiv0                 
20008947  __aeabi_memclr                
20008947  __aeabi_memclr4               
20008947  __aeabi_memclr8               
20008569  __aeabi_memcpy                
20008569  __aeabi_memcpy4               
20008569  __aeabi_memcpy8               
20008949  __aeabi_memset                
20008949  __aeabi_memset4               
20008949  __aeabi_memset8               
20008605  __aeabi_uldivmod              
ffffffff  __binit__                     
ffffffff  __c_args__                    
UNDEFED   __mpu_init                    
2002f000  __stack                       
2000910d  _c_int00_noargs               
20009c7f  _ctypes_                      
2001f0d0  _lock                         
20006ac7  _nop                          
20017000  _sys_memory                   
UNDEFED   _system_post_cinit            
2000977b  _system_pre_init              
2001f0d4  _unlock                       
2001f01c  a                             
2000977f  abort                         
20008e71  atoi                          
ffffffff  binit                         
2001f030  buff2                         
2001f028  buff_index                    
2001f08d  buffer                        
2001f02c  buffold                       
200096e9  copysign                      
200096e9  copysignl                     
2001f078  cursor_x                      
2001f07c  cursor_y                      
2001f010  cx                            
2001f014  cy                            
2001f05c  deleteflag                    
2001f054  direction2                    
200058eb  drawChar                      
2000508d  drawCircle                    
200051c1  drawCircleHelper              
200069d1  drawFastHLine                 
20006931  drawFastVLine                 
20005407  drawLine                      
20006a6d  drawPixel                     
200054f3  drawRect                      
20005541  drawRoundRect                 
200056a9  drawTriangle                  
2001f060  duration_Count1               
2001f064  duration_Count2               
2001f0d8  errno                         
20005aef  fillASCII                     
200052df  fillCircle                    
20005319  fillCircleHelper              
2000687f  fillRect                      
2000562f  fillRoundRect                 
20006869  fillScreen                    
200056eb  fillTriangle                  
2001f034  flag_to_send                  
200081ed  free                          
20008c61  frexp                         
20008c61  frexpl                        
2001f00c  g_Host                        
20004000  g_pfnVectors                  
2001f110  g_ucConnectionBSSID           
2001f0dc  g_ucConnectionSSID            
2001f120  g_ucLED1Pin                   
2001f121  g_ucLED2Pin                   
2001f122  g_ucLED3Pin                   
2001f0c4  g_uiLED1Port                  
2001f0c8  g_uiLED2Port                  
2001f0cc  g_uiLED3Port                  
2001f008  g_ulGatewayIP                 
2001f004  g_ulPingPacketsRecv           
2001f000  g_ulStatus                    
2001f11c  g_ulTimerInts                 
200067e3  goTo                          
20005aeb  height                        
2001f044  indexi                        
2001f04c  indexi2                       
2001f048  indexj                        
2001f050  indexj2                       
20006aab  invert                        
2001f058  lRetVal                       
20007fe1  ldexp                         
20007fe1  ldexpl                        
20008dc9  ltoa                          
20004a8d  main                          
200089c1  malloc                        
20009541  memccpy                       
20008569  memcpy                        
2000938d  memmove                       
2000894f  memset                        
20009145  minit                         
2001f040  new_dig                       
2001f024  nowCount                      
20004fc5  printChar                     
20004659  printErrConvenience           
20007ecd  realloc                       
2001f020  rxData                        
20007fe1  scalbn                        
20007fe1  scalbnl                       
20005a83  setCursor                     
20005abb  setTextColor                  
20005a9b  setTextSize                   
20005ad3  setTextWrap                   
20004efd  setupOLED                     
20004865  sonic_timing1IntHandler1      
20004879  sonic_timing2IntHandler2      
20009697  strchr                        
200096fd  strlen                        
2001f088  textbgcolor                   
2001f084  textcolor                     
2001f080  textsize                      
2001f038  top_x                         
2001f03c  top_y                         
20009015  vsnprintf                     
20009735  wcslen                        
20005ae7  width                         
2001f08c  wrap                          
20006605  writeCommand                  
2000665b  writeData                     


GLOBAL SYMBOLS: SORTED BY Symbol Address 

address   name                          
-------   ----                          
00001000  __STACK_SIZE                  
00008000  __SYSMEM_SIZE                 
20004000  g_pfnVectors                  
20004401  SimpleLinkWlanEventHandler    
2000450f  SimpleLinkNetAppEventHandler  
200045b1  SimpleLinkHttpServerCallback  
200045d5  SimpleLinkGeneralEventHandler 
200045f5  SimpleLinkSockEventHandler    
20004659  printErrConvenience           
20004865  sonic_timing1IntHandler1      
20004879  sonic_timing2IntHandler2      
200049e1  Sonic_TriggeringIntHandler    
20004a35  Sonic_SamplingIntHandler      
20004a8d  main                          
20004efd  setupOLED                     
20004fc5  printChar                     
2000508d  drawCircle                    
200051c1  drawCircleHelper              
200052df  fillCircle                    
20005319  fillCircleHelper              
20005407  drawLine                      
200054f3  drawRect                      
20005541  drawRoundRect                 
2000562f  fillRoundRect                 
200056a9  drawTriangle                  
200056eb  fillTriangle                  
200058eb  drawChar                      
20005a37  Outstr                        
20005a83  setCursor                     
20005a9b  setTextSize                   
20005abb  setTextColor                  
20005ad3  setTextWrap                   
20005ae7  width                         
20005aeb  height                        
20005aef  fillASCII                     
20005ba5  __TI_printfi                  
20006605  writeCommand                  
2000665b  writeData                     
200066b1  Adafruit_Init                 
200067e3  goTo                          
20006827  Color565                      
20006869  fillScreen                    
2000687f  fillRect                      
20006931  drawFastVLine                 
200069d1  drawFastHLine                 
20006a6d  drawPixel                     
20006aab  invert                        
20006ac7  _nop                          
20006b05  GPIO_IF_LedConfigure          
20006b43  GPIO_IF_LedOn                 
20006bf7  GPIO_IF_LedOff                
20006cab  GPIO_IF_LedStatus             
20006d15  GPIO_IF_LedToggle             
20006d43  GPIO_IF_GetPortNPin           
20006d89  GPIO_IF_ConfigureNIntEnable   
20006dd1  GPIO_IF_Set                   
20006e15  GPIO_IF_Get                   
20006e61  InitTerm                      
20006e7f  Message                       
20006ea1  ClearTerm                     
20006eab  Error                         
20006ee3  GetCmd                        
20006f89  TrimSpace                     
20007021  Report                        
20007521  __aeabi_dsub                  
2000752b  __aeabi_dadd                  
200076d7  __aeabi_idiv0                 
200076d7  __aeabi_ldiv0                 
20007759  Timer_IF_Init                 
2000778b  Timer_IF_IntSetup             
200077d7  Timer_IF_InterruptClear       
200077ef  Timer_IF_Start                
2000780f  Timer_IF_Stop                 
2000781f  Timer_IF_DeInit               
20007839  Timer_IF_ReLoad               
20007851  Timer_IF_GetCount             
20007871  PRCMCC3200MCUInit             
200079e9  PinMuxConfig                  
20007c71  __aeabi_ddiv                  
20007ecd  realloc                       
20007fe1  ldexp                         
20007fe1  ldexpl                        
20007fe1  scalbn                        
20007fe1  scalbnl                       
200080f1  __aeabi_dmul                  
200081ed  free                          
20008379  IntDisable                    
20008421  IntEnable                     
200084c9  SPIConfigSetExpClk            
20008569  __aeabi_memcpy                
20008569  __aeabi_memcpy4               
20008569  __aeabi_memcpy8               
20008569  memcpy                        
20008605  __aeabi_uldivmod              
2000869d  PRCMPeripheralClockGet        
20008731  PinConfigSet                  
200087b9  __aeabi_cdcmpeq               
200087b9  __aeabi_cdcmple               
2000883f  __aeabi_cdrcmple              
200088c5  GPIOIntTypeSet                
20008947  __aeabi_memclr                
20008947  __aeabi_memclr4               
20008947  __aeabi_memclr8               
20008949  __aeabi_memset                
20008949  __aeabi_memset4               
20008949  __aeabi_memset8               
2000894f  memset                        
200089c1  malloc                        
20008a39  UARTConfigSetExpClk           
20008ab1  TimerIntRegister              
20008b91  TimerIntUnregister            
20008bf9  __TI_decompress_lzss          
20008c61  frexp                         
20008c61  frexpl                        
20008cc5  PRCMPeripheralReset           
20008d75  IntPrioritySet                
20008dc9  ltoa                          
20008e71  atoi                          
20008f05  __aeabi_d2iz                  
20008f4d  TimerConfigure                
20008f91  __TI_auto_init_nobinit_nopinit
20008fd5  PinModeSet                    
20009015  vsnprintf                     
20009095  PRCMPeripheralClkEnable       
2000910d  _c_int00_noargs               
20009145  minit                         
2000917d  GPIODirModeSet                
200091b3  PinTypeGPIO                   
200091e5  UARTDisable                   
20009245  __aeabi_i2d                   
20009275  PRCMSysResetCauseGet          
200092a1  TimerLoadSet                  
200092cb  TimerPrescaleSet              
200092f5  PRCMPeripheralClkDisable      
20009345  IntUnregister                 
20009369  UARTEnable                    
2000938d  memmove                       
200093b1  GPIOIntStatus                 
200093d3  SPIReset                      
200093f5  GPIOPinWrite                  
20009415  IntRegister                   
20009435  SPIDataGet                    
20009455  GPIOIntRegister               
20009473  SPIDataPut                    
20009491  TimerDisable                  
200094af  TimerEnable                   
200094cd  TimerIntStatus                
200094eb  UARTCharPut                   
20009509  TimerValueGet                 
20009525  UARTCharGetNonBlocking        
20009541  memccpy                       
2000955d  GPIOIntEnable                 
20009577  PinTypeSPI                    
20009591  PinTypeUART                   
200095ab  GPIOPinRead                   
200095c3  SPICSDisable                  
200095db  SPICSEnable                   
200095f3  SPIEnable                     
2000960b  TimerIntDisable               
20009623  TimerIntEnable                
2000963b  UARTCharsAvail                
2000966b  PRCMHIBRegRead                
20009681  PRCMHIBRegWrite               
20009697  strchr                        
200096ad  CPUcpsie                      
200096c1  GPIOIntClear                  
200096d5  IntVTableBaseSet              
200096e9  copysign                      
200096e9  copysignl                     
200096fd  strlen                        
20009711  TimerIntClear                 
20009723  __TI_zero_init_nomemset       
20009735  wcslen                        
20009747  __TI_decompress_none          
20009755  ResetISR                      
20009763  IntMasterEnable               
2000976d  __aeabi_errno_addr            
20009775  UtilsDelay                    
2000977b  _system_pre_init              
2000977f  C$$EXIT                       
2000977f  abort                         
20009c7f  _ctypes_                      
2000a0b8  __TI_static_base__            
2000a110  __TI_Handler_Table_Base       
2000a11c  __TI_Handler_Table_Limit      
2000a128  __TI_CINIT_Base               
2000a138  __TI_CINIT_Limit              
20017000  _sys_memory                   
2001f000  g_ulStatus                    
2001f004  g_ulPingPacketsRecv           
2001f008  g_ulGatewayIP                 
2001f00c  g_Host                        
2001f010  cx                            
2001f014  cy                            
2001f01c  a                             
2001f020  rxData                        
2001f024  nowCount                      
2001f028  buff_index                    
2001f02c  buffold                       
2001f030  buff2                         
2001f034  flag_to_send                  
2001f038  top_x                         
2001f03c  top_y                         
2001f040  new_dig                       
2001f044  indexi                        
2001f048  indexj                        
2001f04c  indexi2                       
2001f050  indexj2                       
2001f054  direction2                    
2001f058  lRetVal                       
2001f05c  deleteflag                    
2001f060  duration_Count1               
2001f064  duration_Count2               
2001f068  Distance1                     
2001f06c  Distance2                     
2001f070  GPIOInterupt_Count1           
2001f074  GPIOInterupt_Count2           
2001f078  cursor_x                      
2001f07c  cursor_y                      
2001f080  textsize                      
2001f084  textcolor                     
2001f088  textbgcolor                   
2001f08c  wrap                          
2001f08d  buffer                        
2001f0c4  g_uiLED1Port                  
2001f0c8  g_uiLED2Port                  
2001f0cc  g_uiLED3Port                  
2001f0d0  _lock                         
2001f0d4  _unlock                       
2001f0d8  errno                         
2001f0dc  g_ucConnectionSSID            
2001f110  g_ucConnectionBSSID           
2001f11c  g_ulTimerInts                 
2001f120  g_ucLED1Pin                   
2001f121  g_ucLED2Pin                   
2001f122  g_ucLED3Pin                   
2002f000  __stack                       
20030000  __STACK_END                   
ffffffff  __TI_pprof_out_hndl           
ffffffff  __TI_prof_data_size           
ffffffff  __TI_prof_data_start          
ffffffff  __binit__                     
ffffffff  __c_args__                    
ffffffff  binit                         
UNDEFED   __mpu_init                    
UNDEFED   _system_post_cinit            

[246 symbols]
