<?xml version="1.0" encoding="ISO-8859-1" ?>
<link_info>
   <banner>TI ARM Linker PC v18.1.4.LTS</banner>
   <copyright>Copyright (c) 1996-2018 Texas Instruments Incorporated</copyright>
   <link_time>0x5c79f45d</link_time>
   <link_errors>0x0</link_errors>
   <output_file>SSL_REST_API_AWS_W19.out</output_file>
   <entry_point>
      <name>_c_int00_noargs</name>
      <address>0x2000c8f1</address>
   </entry_point>
   <input_file_list>
      <input_file id="fl-2">
         <path>.\</path>
         <kind>object</kind>
         <file>gpio_if.obj</file>
         <name>gpio_if.obj</name>
      </input_file>
      <input_file id="fl-3">
         <path>.\</path>
         <kind>object</kind>
         <file>main.obj</file>
         <name>main.obj</name>
      </input_file>
      <input_file id="fl-4">
         <path>.\</path>
         <kind>object</kind>
         <file>network_common.obj</file>
         <name>network_common.obj</name>
      </input_file>
      <input_file id="fl-5">
         <path>.\</path>
         <kind>object</kind>
         <file>pinmux.obj</file>
         <name>pinmux.obj</name>
      </input_file>
      <input_file id="fl-6">
         <path>.\</path>
         <kind>object</kind>
         <file>startup_ccs.obj</file>
         <name>startup_ccs.obj</name>
      </input_file>
      <input_file id="fl-7">
         <path>.\</path>
         <kind>object</kind>
         <file>uart_if.obj</file>
         <name>uart_if.obj</name>
      </input_file>
      <input_file id="fl-d">
         <kind>object</kind>
         <file>&lt;internal&gt;</file>
         <name>&lt;internal&gt;</name>
      </input_file>
      <input_file id="fl-c3">
         <path>C:\ti\ccsv8\tools\compiler\ti-cgt-arm_18.1.4.LTS\lib\</path>
         <kind>archive</kind>
         <file>rtsv7M4_T_le_eabi.lib</file>
         <name>memcpy_t2.asm.obj</name>
      </input_file>
      <input_file id="fl-c4">
         <path>C:\ti\ccsv8\tools\compiler\ti-cgt-arm_18.1.4.LTS\lib\</path>
         <kind>archive</kind>
         <file>rtsv7M4_T_le_eabi.lib</file>
         <name>memset_t2.asm.obj</name>
      </input_file>
      <input_file id="fl-c5">
         <path>C:\ti\ccsv8\tools\compiler\ti-cgt-arm_18.1.4.LTS\lib\</path>
         <kind>archive</kind>
         <file>rtsv7M4_T_le_eabi.lib</file>
         <name>copy_zero_init.c.obj</name>
      </input_file>
      <input_file id="fl-c6">
         <path>C:\ti\ccsv8\tools\compiler\ti-cgt-arm_18.1.4.LTS\lib\</path>
         <kind>archive</kind>
         <file>rtsv7M4_T_le_eabi.lib</file>
         <name>copy_decompress_none.c.obj</name>
      </input_file>
      <input_file id="fl-c7">
         <path>C:\ti\ccsv8\tools\compiler\ti-cgt-arm_18.1.4.LTS\lib\</path>
         <kind>archive</kind>
         <file>rtsv7M4_T_le_eabi.lib</file>
         <name>copy_decompress_lzss.c.obj</name>
      </input_file>
      <input_file id="fl-c8">
         <path>C:\ti\ccsv8\tools\compiler\ti-cgt-arm_18.1.4.LTS\lib\</path>
         <kind>archive</kind>
         <file>rtsv7M4_T_le_eabi.lib</file>
         <name>boot_cortex_m.c.obj</name>
      </input_file>
      <input_file id="fl-c9">
         <path>C:\ti\ccsv8\tools\compiler\ti-cgt-arm_18.1.4.LTS\lib\</path>
         <kind>archive</kind>
         <file>rtsv7M4_T_le_eabi.lib</file>
         <name>exit.c.obj</name>
      </input_file>
      <input_file id="fl-ca">
         <path>C:\ti\ccsv8\tools\compiler\ti-cgt-arm_18.1.4.LTS\lib\</path>
         <kind>archive</kind>
         <file>rtsv7M4_T_le_eabi.lib</file>
         <name>memory.c.obj</name>
      </input_file>
      <input_file id="fl-cb">
         <path>C:\ti\ccsv8\tools\compiler\ti-cgt-arm_18.1.4.LTS\lib\</path>
         <kind>archive</kind>
         <file>rtsv7M4_T_le_eabi.lib</file>
         <name>_lock.c.obj</name>
      </input_file>
      <input_file id="fl-cc">
         <path>C:\ti\ccsv8\tools\compiler\ti-cgt-arm_18.1.4.LTS\lib\</path>
         <kind>archive</kind>
         <file>rtsv7M4_T_le_eabi.lib</file>
         <name>args_main.c.obj</name>
      </input_file>
      <input_file id="fl-cd">
         <path>C:\ti\ccsv8\tools\compiler\ti-cgt-arm_18.1.4.LTS\lib\</path>
         <kind>archive</kind>
         <file>rtsv7M4_T_le_eabi.lib</file>
         <name>memmov.c.obj</name>
      </input_file>
      <input_file id="fl-ce">
         <path>C:\ti\ccsv8\tools\compiler\ti-cgt-arm_18.1.4.LTS\lib\</path>
         <kind>archive</kind>
         <file>rtsv7M4_T_le_eabi.lib</file>
         <name>sprintf.c.obj</name>
      </input_file>
      <input_file id="fl-cf">
         <path>C:\ti\ccsv8\tools\compiler\ti-cgt-arm_18.1.4.LTS\lib\</path>
         <kind>archive</kind>
         <file>rtsv7M4_T_le_eabi.lib</file>
         <name>strcpy.c.obj</name>
      </input_file>
      <input_file id="fl-d0">
         <path>C:\ti\ccsv8\tools\compiler\ti-cgt-arm_18.1.4.LTS\lib\</path>
         <kind>archive</kind>
         <file>rtsv7M4_T_le_eabi.lib</file>
         <name>strlen.c.obj</name>
      </input_file>
      <input_file id="fl-d1">
         <path>C:\ti\ccsv8\tools\compiler\ti-cgt-arm_18.1.4.LTS\lib\</path>
         <kind>archive</kind>
         <file>rtsv7M4_T_le_eabi.lib</file>
         <name>vsnprintf.c.obj</name>
      </input_file>
      <input_file id="fl-d2">
         <path>C:\ti\ccsv8\tools\compiler\ti-cgt-arm_18.1.4.LTS\lib\</path>
         <kind>archive</kind>
         <file>rtsv7M4_T_le_eabi.lib</file>
         <name>autoinit.c.obj</name>
      </input_file>
      <input_file id="fl-d3">
         <path>C:\ti\ccsv8\tools\compiler\ti-cgt-arm_18.1.4.LTS\lib\</path>
         <kind>archive</kind>
         <file>rtsv7M4_T_le_eabi.lib</file>
         <name>pre_init.c.obj</name>
      </input_file>
      <input_file id="fl-d4">
         <path>C:\ti\ccsv8\tools\compiler\ti-cgt-arm_18.1.4.LTS\lib\</path>
         <kind>archive</kind>
         <file>rtsv7M4_T_le_eabi.lib</file>
         <name>cpy_tbl.c.obj</name>
      </input_file>
      <input_file id="fl-d5">
         <path>C:\ti\ccsv8\tools\compiler\ti-cgt-arm_18.1.4.LTS\lib\</path>
         <kind>archive</kind>
         <file>rtsv7M4_T_le_eabi.lib</file>
         <name>_printfi.c.obj</name>
      </input_file>
      <input_file id="fl-d6">
         <path>C:\ti\ccsv8\tools\compiler\ti-cgt-arm_18.1.4.LTS\lib\</path>
         <kind>archive</kind>
         <file>rtsv7M4_T_le_eabi.lib</file>
         <name>atoi.c.obj</name>
      </input_file>
      <input_file id="fl-d7">
         <path>C:\ti\ccsv8\tools\compiler\ti-cgt-arm_18.1.4.LTS\lib\</path>
         <kind>archive</kind>
         <file>rtsv7M4_T_le_eabi.lib</file>
         <name>ctype.c.obj</name>
      </input_file>
      <input_file id="fl-d8">
         <path>C:\ti\ccsv8\tools\compiler\ti-cgt-arm_18.1.4.LTS\lib\</path>
         <kind>archive</kind>
         <file>rtsv7M4_T_le_eabi.lib</file>
         <name>ltoa.c.obj</name>
      </input_file>
      <input_file id="fl-d9">
         <path>C:\ti\ccsv8\tools\compiler\ti-cgt-arm_18.1.4.LTS\lib\</path>
         <kind>archive</kind>
         <file>rtsv7M4_T_le_eabi.lib</file>
         <name>memccpy.c.obj</name>
      </input_file>
      <input_file id="fl-da">
         <path>C:\ti\ccsv8\tools\compiler\ti-cgt-arm_18.1.4.LTS\lib\</path>
         <kind>archive</kind>
         <file>rtsv7M4_T_le_eabi.lib</file>
         <name>strchr.c.obj</name>
      </input_file>
      <input_file id="fl-db">
         <path>C:\ti\ccsv8\tools\compiler\ti-cgt-arm_18.1.4.LTS\lib\</path>
         <kind>archive</kind>
         <file>rtsv7M4_T_le_eabi.lib</file>
         <name>wcslen.c.obj</name>
      </input_file>
      <input_file id="fl-dc">
         <path>C:\ti\ccsv8\tools\compiler\ti-cgt-arm_18.1.4.LTS\lib\</path>
         <kind>archive</kind>
         <file>rtsv7M4_T_le_eabi.lib</file>
         <name>s_frexp.c.obj</name>
      </input_file>
      <input_file id="fl-dd">
         <path>C:\ti\ccsv8\tools\compiler\ti-cgt-arm_18.1.4.LTS\lib\</path>
         <kind>archive</kind>
         <file>rtsv7M4_T_le_eabi.lib</file>
         <name>s_scalbn.c.obj</name>
      </input_file>
      <input_file id="fl-de">
         <path>C:\ti\ccsv8\tools\compiler\ti-cgt-arm_18.1.4.LTS\lib\</path>
         <kind>archive</kind>
         <file>rtsv7M4_T_le_eabi.lib</file>
         <name>fd_add_t2.asm.obj</name>
      </input_file>
      <input_file id="fl-df">
         <path>C:\ti\ccsv8\tools\compiler\ti-cgt-arm_18.1.4.LTS\lib\</path>
         <kind>archive</kind>
         <file>rtsv7M4_T_le_eabi.lib</file>
         <name>fd_cmp_t2.asm.obj</name>
      </input_file>
      <input_file id="fl-e0">
         <path>C:\ti\ccsv8\tools\compiler\ti-cgt-arm_18.1.4.LTS\lib\</path>
         <kind>archive</kind>
         <file>rtsv7M4_T_le_eabi.lib</file>
         <name>fd_div_t2.asm.obj</name>
      </input_file>
      <input_file id="fl-e1">
         <path>C:\ti\ccsv8\tools\compiler\ti-cgt-arm_18.1.4.LTS\lib\</path>
         <kind>archive</kind>
         <file>rtsv7M4_T_le_eabi.lib</file>
         <name>fd_mul_t2.asm.obj</name>
      </input_file>
      <input_file id="fl-e2">
         <path>C:\ti\ccsv8\tools\compiler\ti-cgt-arm_18.1.4.LTS\lib\</path>
         <kind>archive</kind>
         <file>rtsv7M4_T_le_eabi.lib</file>
         <name>fd_toi_t2.asm.obj</name>
      </input_file>
      <input_file id="fl-e3">
         <path>C:\ti\ccsv8\tools\compiler\ti-cgt-arm_18.1.4.LTS\lib\</path>
         <kind>archive</kind>
         <file>rtsv7M4_T_le_eabi.lib</file>
         <name>i_tofd_t2.asm.obj</name>
      </input_file>
      <input_file id="fl-e4">
         <path>C:\ti\ccsv8\tools\compiler\ti-cgt-arm_18.1.4.LTS\lib\</path>
         <kind>archive</kind>
         <file>rtsv7M4_T_le_eabi.lib</file>
         <name>ull_div_t2.asm.obj</name>
      </input_file>
      <input_file id="fl-e5">
         <path>C:\ti\ccsv8\tools\compiler\ti-cgt-arm_18.1.4.LTS\lib\</path>
         <kind>archive</kind>
         <file>rtsv7M4_T_le_eabi.lib</file>
         <name>errno.c.obj</name>
      </input_file>
      <input_file id="fl-e6">
         <path>C:\ti\ccsv8\tools\compiler\ti-cgt-arm_18.1.4.LTS\lib\</path>
         <kind>archive</kind>
         <file>rtsv7M4_T_le_eabi.lib</file>
         <name>s_copysign.c.obj</name>
      </input_file>
      <input_file id="fl-e7">
         <path>C:\ti\ccsv8\tools\compiler\ti-cgt-arm_18.1.4.LTS\lib\</path>
         <kind>archive</kind>
         <file>rtsv7M4_T_le_eabi.lib</file>
         <name>div0.asm.obj</name>
      </input_file>
      <input_file id="fl-e8">
         <path>C:\ti\CC3200SDK_1.3.0\cc3200-sdk\driverlib\ccs\Release\</path>
         <kind>archive</kind>
         <file>driverlib.a</file>
         <name>gpio.obj</name>
      </input_file>
      <input_file id="fl-e9">
         <path>C:\ti\CC3200SDK_1.3.0\cc3200-sdk\driverlib\ccs\Release\</path>
         <kind>archive</kind>
         <file>driverlib.a</file>
         <name>interrupt.obj</name>
      </input_file>
      <input_file id="fl-ea">
         <path>C:\ti\CC3200SDK_1.3.0\cc3200-sdk\driverlib\ccs\Release\</path>
         <kind>archive</kind>
         <file>driverlib.a</file>
         <name>pin.obj</name>
      </input_file>
      <input_file id="fl-eb">
         <path>C:\ti\CC3200SDK_1.3.0\cc3200-sdk\driverlib\ccs\Release\</path>
         <kind>archive</kind>
         <file>driverlib.a</file>
         <name>prcm.obj</name>
      </input_file>
      <input_file id="fl-ec">
         <path>C:\ti\CC3200SDK_1.3.0\cc3200-sdk\driverlib\ccs\Release\</path>
         <kind>archive</kind>
         <file>driverlib.a</file>
         <name>uart.obj</name>
      </input_file>
      <input_file id="fl-ed">
         <path>C:\ti\CC3200SDK_1.3.0\cc3200-sdk\driverlib\ccs\Release\</path>
         <kind>archive</kind>
         <file>driverlib.a</file>
         <name>utils.obj</name>
      </input_file>
      <input_file id="fl-ee">
         <path>C:\ti\CC3200SDK_1.3.0\cc3200-sdk\driverlib\ccs\Release\</path>
         <kind>archive</kind>
         <file>driverlib.a</file>
         <name>cpu.obj</name>
      </input_file>
      <input_file id="fl-ef">
         <path>C:\ti\CC3200SDK_1.3.0\cc3200-sdk\driverlib\ccs\Release\</path>
         <kind>archive</kind>
         <file>driverlib.a</file>
         <name>flash.obj</name>
      </input_file>
      <input_file id="fl-f0">
         <path>C:\ti\CC3200SDK_1.3.0\cc3200-sdk\simplelink\ccs\NON_OS\</path>
         <kind>archive</kind>
         <file>simplelink.a</file>
         <name>device.obj</name>
      </input_file>
      <input_file id="fl-f1">
         <path>C:\ti\CC3200SDK_1.3.0\cc3200-sdk\simplelink\ccs\NON_OS\</path>
         <kind>archive</kind>
         <file>simplelink.a</file>
         <name>driver.obj</name>
      </input_file>
      <input_file id="fl-f2">
         <path>C:\ti\CC3200SDK_1.3.0\cc3200-sdk\simplelink\ccs\NON_OS\</path>
         <kind>archive</kind>
         <file>simplelink.a</file>
         <name>netapp.obj</name>
      </input_file>
      <input_file id="fl-f3">
         <path>C:\ti\CC3200SDK_1.3.0\cc3200-sdk\simplelink\ccs\NON_OS\</path>
         <kind>archive</kind>
         <file>simplelink.a</file>
         <name>netcfg.obj</name>
      </input_file>
      <input_file id="fl-f4">
         <path>C:\ti\CC3200SDK_1.3.0\cc3200-sdk\simplelink\ccs\NON_OS\</path>
         <kind>archive</kind>
         <file>simplelink.a</file>
         <name>nonos.obj</name>
      </input_file>
      <input_file id="fl-f5">
         <path>C:\ti\CC3200SDK_1.3.0\cc3200-sdk\simplelink\ccs\NON_OS\</path>
         <kind>archive</kind>
         <file>simplelink.a</file>
         <name>socket.obj</name>
      </input_file>
      <input_file id="fl-f6">
         <path>C:\ti\CC3200SDK_1.3.0\cc3200-sdk\simplelink\ccs\NON_OS\</path>
         <kind>archive</kind>
         <file>simplelink.a</file>
         <name>wlan.obj</name>
      </input_file>
      <input_file id="fl-f7">
         <path>C:\ti\CC3200SDK_1.3.0\cc3200-sdk\simplelink\ccs\NON_OS\</path>
         <kind>archive</kind>
         <file>simplelink.a</file>
         <name>cc_pal.obj</name>
      </input_file>
      <input_file id="fl-f8">
         <path>C:\ti\CC3200SDK_1.3.0\cc3200-sdk\driverlib\ccs\Release\</path>
         <kind>archive</kind>
         <file>driverlib.a</file>
         <name>spi.obj</name>
      </input_file>
      <input_file id="fl-f9">
         <path>C:\ti\CC3200SDK_1.3.0\cc3200-sdk\driverlib\ccs\Release\</path>
         <kind>archive</kind>
         <file>driverlib.a</file>
         <name>timer.obj</name>
      </input_file>
      <input_file id="fl-fa">
         <path>C:\ti\CC3200SDK_1.3.0\cc3200-sdk\driverlib\ccs\Release\</path>
         <kind>archive</kind>
         <file>driverlib.a</file>
         <name>udma.obj</name>
      </input_file>
   </input_file_list>
   <object_component_list>
      <object_component id="oc-f">
         <name>.intvecs</name>
         <load_address>0x20004000</load_address>
         <run_address>0x20004000</run_address>
         <size>0x400</size>
         <input_file_ref idref="fl-6"/>
      </object_component>
      <object_component id="oc-94">
         <name>.text</name>
         <load_address>0x20004400</load_address>
         <run_address>0x20004400</run_address>
         <size>0x14ac</size>
         <input_file_ref idref="fl-3"/>
      </object_component>
      <object_component id="oc-3e3">
         <name>.text:__TI_printfi</name>
         <load_address>0x200058ac</load_address>
         <run_address>0x200058ac</run_address>
         <size>0xa4a</size>
         <input_file_ref idref="fl-d5"/>
      </object_component>
      <object_component id="oc-6b0">
         <name>.text:IntDefaultHandler</name>
         <load_address>0x200062f6</load_address>
         <run_address>0x200062f6</run_address>
         <size>0x2</size>
         <input_file_ref idref="fl-e9"/>
      </object_component>
      <object_component id="oc-6bf">
         <name>.text:_SlDrvMsgRead</name>
         <load_address>0x200062f8</load_address>
         <run_address>0x200062f8</run_address>
         <size>0x590</size>
         <input_file_ref idref="fl-f1"/>
      </object_component>
      <object_component id="oc-142">
         <name>.text</name>
         <load_address>0x20006888</load_address>
         <run_address>0x20006888</run_address>
         <size>0x398</size>
         <input_file_ref idref="fl-2"/>
      </object_component>
      <object_component id="oc-c2">
         <name>.text</name>
         <load_address>0x20006c20</load_address>
         <run_address>0x20006c20</run_address>
         <size>0x280</size>
         <input_file_ref idref="fl-7"/>
      </object_component>
      <object_component id="oc-13c">
         <name>.text:sl_WlanConnect</name>
         <load_address>0x20006ea0</load_address>
         <run_address>0x20006ea0</run_address>
         <size>0x27c</size>
         <input_file_ref idref="fl-f6"/>
      </object_component>
      <object_component id="oc-5fd">
         <name>.text:_pconv_a</name>
         <load_address>0x2000711c</load_address>
         <run_address>0x2000711c</run_address>
         <size>0x268</size>
         <input_file_ref idref="fl-d5"/>
      </object_component>
      <object_component id="oc-796">
         <name>.text:_SlDrvRxHdrRead</name>
         <load_address>0x20007384</load_address>
         <run_address>0x20007384</run_address>
         <size>0x24c</size>
         <input_file_ref idref="fl-f1"/>
      </object_component>
      <object_component id="oc-40b">
         <name>.text:_SlDrvDataReadOp</name>
         <load_address>0x200075d0</load_address>
         <run_address>0x200075d0</run_address>
         <size>0x1e4</size>
         <input_file_ref idref="fl-f1"/>
      </object_component>
      <object_component id="oc-28a">
         <name>.text:_SlDrvReleasePoolObj</name>
         <load_address>0x200077b4</load_address>
         <run_address>0x200077b4</run_address>
         <size>0x1d0</size>
         <input_file_ref idref="fl-f1"/>
      </object_component>
      <object_component id="oc-5eb">
         <name>.text:_pconv_g</name>
         <load_address>0x20007984</load_address>
         <run_address>0x20007984</run_address>
         <size>0x1cc</size>
         <input_file_ref idref="fl-d5"/>
      </object_component>
      <object_component id="oc-724">
         <name>.text</name>
         <load_address>0x20007b50</load_address>
         <run_address>0x20007b50</run_address>
         <size>0x1b6</size>
         <input_file_ref idref="fl-de"/>
      </object_component>
      <object_component id="oc-63f">
         <name>.text:_nop</name>
         <load_address>0x20007d06</load_address>
         <run_address>0x20007d06</run_address>
         <size>0x2</size>
         <input_file_ref idref="fl-cb"/>
      </object_component>
      <object_component id="oc-260">
         <name>.text:_SlDrvDriverCBInit</name>
         <load_address>0x20007d08</load_address>
         <run_address>0x20007d08</run_address>
         <size>0x1b4</size>
         <input_file_ref idref="fl-f1"/>
      </object_component>
      <object_component id="oc-550">
         <name>.text:_SlDrvMsgWrite</name>
         <load_address>0x20007ebc</load_address>
         <run_address>0x20007ebc</run_address>
         <size>0x19c</size>
         <input_file_ref idref="fl-f1"/>
      </object_component>
      <object_component id="oc-393">
         <name>.text:_SlDrvWaitForPoolObj</name>
         <load_address>0x20008058</load_address>
         <run_address>0x20008058</run_address>
         <size>0x190</size>
         <input_file_ref idref="fl-f1"/>
      </object_component>
      <object_component id="oc-173">
         <name>.text:sl_Connect</name>
         <load_address>0x200081e8</load_address>
         <run_address>0x200081e8</run_address>
         <size>0x18c</size>
         <input_file_ref idref="fl-f5"/>
      </object_component>
      <object_component id="oc-130">
         <name>.text:PRCMCC3200MCUInit</name>
         <load_address>0x20008374</load_address>
         <run_address>0x20008374</run_address>
         <size>0x178</size>
         <input_file_ref idref="fl-eb"/>
      </object_component>
      <object_component id="oc-7a8">
         <name>.text:_SlFindAndSetActiveObj</name>
         <load_address>0x200084ec</load_address>
         <run_address>0x200084ec</run_address>
         <size>0x170</size>
         <input_file_ref idref="fl-f1"/>
      </object_component>
      <object_component id="oc-3fd">
         <name>.text:_SlDrvDataWriteOp</name>
         <load_address>0x2000865c</load_address>
         <run_address>0x2000865c</run_address>
         <size>0x150</size>
         <input_file_ref idref="fl-f1"/>
      </object_component>
      <object_component id="oc-266">
         <name>.text:spi_Open</name>
         <load_address>0x200087ac</load_address>
         <run_address>0x200087ac</run_address>
         <size>0x148</size>
         <input_file_ref idref="fl-f7"/>
      </object_component>
      <object_component id="oc-556">
         <name>.text:_SlDrvMsgReadCmdCtx</name>
         <load_address>0x200088f4</load_address>
         <run_address>0x200088f4</run_address>
         <size>0x144</size>
         <input_file_ref idref="fl-f1"/>
      </object_component>
      <object_component id="oc-155">
         <name>.text:sl_NetAppDnsGetHostByName</name>
         <load_address>0x20008a38</load_address>
         <run_address>0x20008a38</run_address>
         <size>0x144</size>
         <input_file_ref idref="fl-f2"/>
      </object_component>
      <object_component id="oc-5f7">
         <name>.text:_pconv_e</name>
         <load_address>0x20008b7c</load_address>
         <run_address>0x20008b7c</run_address>
         <size>0x13c</size>
         <input_file_ref idref="fl-d5"/>
      </object_component>
      <object_component id="oc-70a">
         <name>.text</name>
         <load_address>0x20008cb8</load_address>
         <run_address>0x20008cb8</run_address>
         <size>0x136</size>
         <input_file_ref idref="fl-e0"/>
      </object_component>
      <object_component id="oc-7da">
         <name>.text</name>
         <load_address>0x20008dee</load_address>
         <run_address>0x20008dee</run_address>
         <size>0x2</size>
         <input_file_ref idref="fl-e7"/>
      </object_component>
      <object_component id="oc-18d">
         <name>.text:sl_Send</name>
         <load_address>0x20008df0</load_address>
         <run_address>0x20008df0</run_address>
         <size>0x134</size>
         <input_file_ref idref="fl-f5"/>
      </object_component>
      <object_component id="oc-2cf">
         <name>.text:_SlDrvDriverCBDeinit</name>
         <load_address>0x20008f24</load_address>
         <run_address>0x20008f24</run_address>
         <size>0x130</size>
         <input_file_ref idref="fl-f1"/>
      </object_component>
      <object_component id="oc-736">
         <name>.text:fcvt</name>
         <load_address>0x20009054</load_address>
         <run_address>0x20009054</run_address>
         <size>0x120</size>
         <input_file_ref idref="fl-d5"/>
      </object_component>
      <object_component id="oc-222">
         <name>.text:realloc</name>
         <load_address>0x20009174</load_address>
         <run_address>0x20009174</run_address>
         <size>0x114</size>
         <input_file_ref idref="fl-ca"/>
      </object_component>
      <object_component id="oc-829">
         <name>.text:_SlDrvNetAppEventHandler</name>
         <load_address>0x20009288</load_address>
         <run_address>0x20009288</run_address>
         <size>0x104</size>
         <input_file_ref idref="fl-f2"/>
      </object_component>
      <object_component id="oc-705">
         <name>.text</name>
         <load_address>0x2000938c</load_address>
         <run_address>0x2000938c</run_address>
         <size>0xfc</size>
         <input_file_ref idref="fl-e1"/>
      </object_component>
      <object_component id="oc-e1">
         <name>.text:sl_Stop</name>
         <load_address>0x20009488</load_address>
         <run_address>0x20009488</run_address>
         <size>0xf0</size>
         <input_file_ref idref="fl-f0"/>
      </object_component>
      <object_component id="oc-7a2">
         <name>.text:spi_Read</name>
         <load_address>0x20009578</load_address>
         <run_address>0x20009578</run_address>
         <size>0xf0</size>
         <input_file_ref idref="fl-f7"/>
      </object_component>
      <object_component id="oc-8d8">
         <name>.text:uDMAChannelTransferSet</name>
         <load_address>0x20009668</load_address>
         <run_address>0x20009668</run_address>
         <size>0xf0</size>
         <input_file_ref idref="fl-fa"/>
      </object_component>
      <object_component id="oc-cf">
         <name>.text:sl_Start</name>
         <load_address>0x20009758</load_address>
         <run_address>0x20009758</run_address>
         <size>0xec</size>
         <input_file_ref idref="fl-f0"/>
      </object_component>
      <object_component id="oc-6c5">
         <name>.text:_SlAsyncEventGenericHandler</name>
         <load_address>0x20009844</load_address>
         <run_address>0x20009844</run_address>
         <size>0xe8</size>
         <input_file_ref idref="fl-f1"/>
      </object_component>
      <object_component id="oc-537">
         <name>.text:_SlDrvMsgReadSpawnCtx</name>
         <load_address>0x2000992c</load_address>
         <run_address>0x2000992c</run_address>
         <size>0xe8</size>
         <input_file_ref idref="fl-f1"/>
      </object_component>
      <object_component id="oc-30a">
         <name>.text:sl_NetAppMDNSRegisterUnregisterService</name>
         <load_address>0x20009a14</load_address>
         <run_address>0x20009a14</run_address>
         <size>0xe4</size>
         <input_file_ref idref="fl-f2"/>
      </object_component>
      <object_component id="oc-79c">
         <name>.text:_SlDrvClassifyRxMsg</name>
         <load_address>0x20009af8</load_address>
         <run_address>0x20009af8</run_address>
         <size>0xdc</size>
         <input_file_ref idref="fl-f1"/>
      </object_component>
      <object_component id="oc-228">
         <name>.text:free</name>
         <load_address>0x20009bd4</load_address>
         <run_address>0x20009bd4</run_address>
         <size>0xd8</size>
         <input_file_ref idref="fl-ca"/>
      </object_component>
      <object_component id="oc-74a">
         <name>.text:scalbn</name>
         <load_address>0x20009cac</load_address>
         <run_address>0x20009cac</run_address>
         <size>0xd0</size>
         <input_file_ref idref="fl-dd"/>
      </object_component>
      <object_component id="oc-896">
         <name>.text:_sl_HandleAsync_DnsGetHostByService</name>
         <load_address>0x20009d7c</load_address>
         <run_address>0x20009d7c</run_address>
         <size>0xcc</size>
         <input_file_ref idref="fl-f2"/>
      </object_component>
      <object_component id="oc-e7">
         <name>.text:sl_DevGet</name>
         <load_address>0x20009e48</load_address>
         <run_address>0x20009e48</run_address>
         <size>0xcc</size>
         <input_file_ref idref="fl-f0"/>
      </object_component>
      <object_component id="oc-517">
         <name>.text:_SlRemoveFromList</name>
         <load_address>0x20009f14</load_address>
         <run_address>0x20009f14</run_address>
         <size>0xc4</size>
         <input_file_ref idref="fl-f1"/>
      </object_component>
      <object_component id="oc-2b3">
         <name>.text:_SlDrvCmdOp</name>
         <load_address>0x20009fd8</load_address>
         <run_address>0x20009fd8</run_address>
         <size>0xc0</size>
         <input_file_ref idref="fl-f1"/>
      </object_component>
      <object_component id="oc-5e0">
         <name>.text:_ltostr</name>
         <load_address>0x2000a098</load_address>
         <run_address>0x2000a098</run_address>
         <size>0xb1</size>
         <input_file_ref idref="fl-d5"/>
      </object_component>
      <object_component id="oc-488">
         <name>.text:_SlNonOsSemGet</name>
         <load_address>0x2000a14c</load_address>
         <run_address>0x2000a14c</run_address>
         <size>0xb0</size>
         <input_file_ref idref="fl-f4"/>
      </object_component>
      <object_component id="oc-4f6">
         <name>.text:IntDisable</name>
         <load_address>0x2000a1fc</load_address>
         <run_address>0x2000a1fc</run_address>
         <size>0xa8</size>
         <input_file_ref idref="fl-e9"/>
      </object_component>
      <object_component id="oc-12a">
         <name>.text:IntEnable</name>
         <load_address>0x2000a2a4</load_address>
         <run_address>0x2000a2a4</run_address>
         <size>0xa8</size>
         <input_file_ref idref="fl-e9"/>
      </object_component>
      <object_component id="oc-510">
         <name>.text:_SlDriverHandleError</name>
         <load_address>0x2000a34c</load_address>
         <run_address>0x2000a34c</run_address>
         <size>0xa4</size>
         <input_file_ref idref="fl-f1"/>
      </object_component>
      <object_component id="oc-4a5">
         <name>.text:SPIConfigSetExpClk</name>
         <load_address>0x2000a3f0</load_address>
         <run_address>0x2000a3f0</run_address>
         <size>0xa0</size>
         <input_file_ref idref="fl-f8"/>
      </object_component>
      <object_component id="oc-199">
         <name>.text:sl_Recv</name>
         <load_address>0x2000a490</load_address>
         <run_address>0x2000a490</run_address>
         <size>0xa0</size>
         <input_file_ref idref="fl-f5"/>
      </object_component>
      <object_component id="oc-3a">
         <name>.text</name>
         <load_address>0x2000a530</load_address>
         <run_address>0x2000a530</run_address>
         <size>0x9c</size>
         <input_file_ref idref="fl-c3"/>
      </object_component>
      <object_component id="oc-888">
         <name>.text:_SlDrvDeviceEventHandler</name>
         <load_address>0x2000a5cc</load_address>
         <run_address>0x2000a5cc</run_address>
         <size>0x9a</size>
         <input_file_ref idref="fl-f0"/>
      </object_component>
      <object_component id="oc-149">
         <name>.text:sl_DevSet</name>
         <load_address>0x2000a668</load_address>
         <run_address>0x2000a668</run_address>
         <size>0x98</size>
         <input_file_ref idref="fl-f0"/>
      </object_component>
      <object_component id="oc-ff">
         <name>.text:sl_NetCfgSet</name>
         <load_address>0x2000a700</load_address>
         <run_address>0x2000a700</run_address>
         <size>0x98</size>
         <input_file_ref idref="fl-f3"/>
      </object_component>
      <object_component id="oc-16d">
         <name>.text:sl_SetSockOpt</name>
         <load_address>0x2000a798</load_address>
         <run_address>0x2000a798</run_address>
         <size>0x98</size>
         <input_file_ref idref="fl-f5"/>
      </object_component>
      <object_component id="oc-105">
         <name>.text:sl_WlanSet</name>
         <load_address>0x2000a830</load_address>
         <run_address>0x2000a830</run_address>
         <size>0x98</size>
         <input_file_ref idref="fl-f6"/>
      </object_component>
      <object_component id="oc-6ce">
         <name>.text:spi_Write</name>
         <load_address>0x2000a8c8</load_address>
         <run_address>0x2000a8c8</run_address>
         <size>0x98</size>
         <input_file_ref idref="fl-f7"/>
      </object_component>
      <object_component id="oc-6fe">
         <name>.text</name>
         <load_address>0x2000a960</load_address>
         <run_address>0x2000a960</run_address>
         <size>0x96</size>
         <input_file_ref idref="fl-e4"/>
      </object_component>
      <object_component id="oc-1f2">
         <name>.text:PRCMPeripheralClockGet</name>
         <load_address>0x2000a9f8</load_address>
         <run_address>0x2000a9f8</run_address>
         <size>0x94</size>
         <input_file_ref idref="fl-eb"/>
      </object_component>
      <object_component id="oc-890">
         <name>.text:_sl_HandleAsync_DnsGetHostByName</name>
         <load_address>0x2000aa8c</load_address>
         <run_address>0x2000aa8c</run_address>
         <size>0x90</size>
         <input_file_ref idref="fl-f2"/>
      </object_component>
      <object_component id="oc-82f">
         <name>.text:_sl_HandleAsync_PingResponse</name>
         <load_address>0x2000ab1c</load_address>
         <run_address>0x2000ab1c</run_address>
         <size>0x90</size>
         <input_file_ref idref="fl-f2"/>
      </object_component>
      <object_component id="oc-ed">
         <name>.text:sl_WlanPolicySet</name>
         <load_address>0x2000abac</load_address>
         <run_address>0x2000abac</run_address>
         <size>0x90</size>
         <input_file_ref idref="fl-f6"/>
      </object_component>
      <object_component id="oc-836">
         <name>.text:SetupDMAReceive</name>
         <load_address>0x2000ac3c</load_address>
         <run_address>0x2000ac3c</run_address>
         <size>0x8c</size>
         <input_file_ref idref="fl-f7"/>
      </object_component>
      <object_component id="oc-7b3">
         <name>.text:SetupDMASend</name>
         <load_address>0x2000acc8</load_address>
         <run_address>0x2000acc8</run_address>
         <size>0x8c</size>
         <input_file_ref idref="fl-f7"/>
      </object_component>
      <object_component id="oc-674">
         <name>.text:_SlDrvIsTimeoutExpired</name>
         <load_address>0x2000ad54</load_address>
         <run_address>0x2000ad54</run_address>
         <size>0x8c</size>
         <input_file_ref idref="fl-f1"/>
      </object_component>
      <object_component id="oc-8e9">
         <name>.text:_sl_HandleAsync_InitComplete</name>
         <load_address>0x2000ade0</load_address>
         <run_address>0x2000ade0</run_address>
         <size>0x8c</size>
         <input_file_ref idref="fl-f0"/>
      </object_component>
      <object_component id="oc-167">
         <name>.text:sl_Socket</name>
         <load_address>0x2000ae6c</load_address>
         <run_address>0x2000ae6c</run_address>
         <size>0x8c</size>
         <input_file_ref idref="fl-f5"/>
      </object_component>
      <object_component id="oc-5c9">
         <name>.text:PinConfigSet</name>
         <load_address>0x2000aef8</load_address>
         <run_address>0x2000aef8</run_address>
         <size>0x88</size>
         <input_file_ref idref="fl-ea"/>
      </object_component>
      <object_component id="oc-5e6">
         <name>.text:__aeabi_cdcmple</name>
         <load_address>0x2000af80</load_address>
         <run_address>0x2000af80</run_address>
         <size>0x86</size>
         <input_file_ref idref="fl-df"/>
      </object_component>
      <object_component id="oc-70f">
         <name>.text:__aeabi_cdrcmple</name>
         <load_address>0x2000b006</load_address>
         <run_address>0x2000b006</run_address>
         <size>0x86</size>
         <input_file_ref idref="fl-df"/>
      </object_component>
      <object_component id="oc-117">
         <name>.text:sl_WlanRxFilterSet</name>
         <load_address>0x2000b08c</load_address>
         <run_address>0x2000b08c</run_address>
         <size>0x84</size>
         <input_file_ref idref="fl-f6"/>
      </object_component>
      <object_component id="oc-357">
         <name>.text:GPIOIntTypeSet</name>
         <load_address>0x2000b110</load_address>
         <run_address>0x2000b110</run_address>
         <size>0x82</size>
         <input_file_ref idref="fl-e8"/>
      </object_component>
      <object_component id="oc-8b8">
         <name>.text:_sl_HandleAsync_Connect</name>
         <load_address>0x2000b194</load_address>
         <run_address>0x2000b194</run_address>
         <size>0x80</size>
         <input_file_ref idref="fl-f5"/>
      </object_component>
      <object_component id="oc-83c">
         <name>.text:spi_Read_CPU</name>
         <load_address>0x2000b214</load_address>
         <run_address>0x2000b214</run_address>
         <size>0x80</size>
         <input_file_ref idref="fl-f7"/>
      </object_component>
      <object_component id="oc-7c5">
         <name>.text:spi_Write_CPU</name>
         <load_address>0x2000b294</load_address>
         <run_address>0x2000b294</run_address>
         <size>0x80</size>
         <input_file_ref idref="fl-f7"/>
      </object_component>
      <object_component id="oc-88">
         <name>.text</name>
         <load_address>0x2000b314</load_address>
         <run_address>0x2000b314</run_address>
         <size>0x7a</size>
         <input_file_ref idref="fl-c4"/>
      </object_component>
      <object_component id="oc-21c">
         <name>.text:malloc</name>
         <load_address>0x2000b390</load_address>
         <run_address>0x2000b390</run_address>
         <size>0x78</size>
         <input_file_ref idref="fl-ca"/>
      </object_component>
      <object_component id="oc-2c9">
         <name>.text:spi_Close</name>
         <load_address>0x2000b408</load_address>
         <run_address>0x2000b408</run_address>
         <size>0x78</size>
         <input_file_ref idref="fl-f7"/>
      </object_component>
      <object_component id="oc-1f8">
         <name>.text:UARTConfigSetExpClk</name>
         <load_address>0x2000b480</load_address>
         <run_address>0x2000b480</run_address>
         <size>0x76</size>
         <input_file_ref idref="fl-ec"/>
      </object_component>
      <object_component id="oc-d5">
         <name>.text:_SlNonOsMainLoopTask</name>
         <load_address>0x2000b4f8</load_address>
         <run_address>0x2000b4f8</run_address>
         <size>0x74</size>
         <input_file_ref idref="fl-f4"/>
      </object_component>
      <object_component id="oc-72f">
         <name>.text:_mcpy</name>
         <load_address>0x2000b56c</load_address>
         <run_address>0x2000b56c</run_address>
         <size>0x6e</size>
         <input_file_ref idref="fl-d5"/>
      </object_component>
      <object_component id="oc-8f3">
         <name>.text:_SlDrvCmdSend</name>
         <load_address>0x2000b5dc</load_address>
         <run_address>0x2000b5dc</run_address>
         <size>0x6c</size>
         <input_file_ref idref="fl-f1"/>
      </object_component>
      <object_component id="oc-8a2">
         <name>.text:_sl_NetAppSendTokenValue</name>
         <load_address>0x2000b648</load_address>
         <run_address>0x2000b648</run_address>
         <size>0x6c</size>
         <input_file_ref idref="fl-f2"/>
      </object_component>
      <object_component id="oc-12">
         <name>.text:decompress:lzss:__TI_decompress_lzss</name>
         <load_address>0x2000b6b4</load_address>
         <run_address>0x2000b6b4</run_address>
         <size>0x68</size>
         <input_file_ref idref="fl-c7"/>
      </object_component>
      <object_component id="oc-531">
         <name>.text:_SlNonOsSpawn</name>
         <load_address>0x2000b71c</load_address>
         <run_address>0x2000b71c</run_address>
         <size>0x64</size>
         <input_file_ref idref="fl-f4"/>
      </object_component>
      <object_component id="oc-8b2">
         <name>.text:_sl_HandleAsync_Accept</name>
         <load_address>0x2000b780</load_address>
         <run_address>0x2000b780</run_address>
         <size>0x64</size>
         <input_file_ref idref="fl-f5"/>
      </object_component>
      <object_component id="oc-10b">
         <name>.text:sl_NetAppMDNSUnRegisterService</name>
         <load_address>0x2000b7e4</load_address>
         <run_address>0x2000b7e4</run_address>
         <size>0x64</size>
         <input_file_ref idref="fl-f2"/>
      </object_component>
      <object_component id="oc-68b">
         <name>.text:uDMAChannelAttributeDisable</name>
         <load_address>0x2000b848</load_address>
         <run_address>0x2000b848</run_address>
         <size>0x64</size>
         <input_file_ref idref="fl-fa"/>
      </object_component>
      <object_component id="oc-8d2">
         <name>.text:uDMAChannelAttributeEnable</name>
         <load_address>0x2000b8ac</load_address>
         <run_address>0x2000b8ac</run_address>
         <size>0x64</size>
         <input_file_ref idref="fl-fa"/>
      </object_component>
      <object_component id="oc-193">
         <name>.text:sl_Close</name>
         <load_address>0x2000b910</load_address>
         <run_address>0x2000b910</run_address>
         <size>0x60</size>
         <input_file_ref idref="fl-f5"/>
      </object_component>
      <object_component id="oc-f3">
         <name>.text:sl_WlanProfileDel</name>
         <load_address>0x2000b970</load_address>
         <run_address>0x2000b970</run_address>
         <size>0x60</size>
         <input_file_ref idref="fl-f6"/>
      </object_component>
      <object_component id="oc-db">
         <name>.text:sl_WlanSetMode</name>
         <load_address>0x2000b9d0</load_address>
         <run_address>0x2000b9d0</run_address>
         <size>0x60</size>
         <input_file_ref idref="fl-f6"/>
      </object_component>
      <object_component id="oc-744">
         <name>.text:frexp</name>
         <load_address>0x2000ba30</load_address>
         <run_address>0x2000ba30</run_address>
         <size>0x5c</size>
         <input_file_ref idref="fl-dc"/>
      </object_component>
      <object_component id="oc-502">
         <name>.text:IntPendClear</name>
         <load_address>0x2000ba8c</load_address>
         <run_address>0x2000ba8c</run_address>
         <size>0x58</size>
         <input_file_ref idref="fl-e9"/>
      </object_component>
      <object_component id="oc-33e">
         <name>.text:PRCMPeripheralReset</name>
         <load_address>0x2000bae4</load_address>
         <run_address>0x2000bae4</run_address>
         <size>0x58</size>
         <input_file_ref idref="fl-eb"/>
      </object_component>
      <object_component id="oc-17a">
         <name>.text</name>
         <load_address>0x2000bb3c</load_address>
         <run_address>0x2000bb3c</run_address>
         <size>0x58</size>
         <input_file_ref idref="fl-5"/>
      </object_component>
      <object_component id="oc-5f1">
         <name>.text:_pconv_f</name>
         <load_address>0x2000bb94</load_address>
         <run_address>0x2000bb94</run_address>
         <size>0x56</size>
         <input_file_ref idref="fl-d5"/>
      </object_component>
      <object_component id="oc-35d">
         <name>.text:IntPrioritySet</name>
         <load_address>0x2000bbec</load_address>
         <run_address>0x2000bbec</run_address>
         <size>0x54</size>
         <input_file_ref idref="fl-e9"/>
      </object_component>
      <object_component id="oc-29c">
         <name>.text:_SlDrvRxIrqHandler</name>
         <load_address>0x2000bc40</load_address>
         <run_address>0x2000bc40</run_address>
         <size>0x54</size>
         <input_file_ref idref="fl-f1"/>
      </object_component>
      <object_component id="oc-8be">
         <name>.text:_sl_HandleAsync_Select</name>
         <load_address>0x2000bc94</load_address>
         <run_address>0x2000bc94</run_address>
         <size>0x54</size>
         <input_file_ref idref="fl-f5"/>
      </object_component>
      <object_component id="oc-719">
         <name>.text:ltoa</name>
         <load_address>0x2000bce8</load_address>
         <run_address>0x2000bce8</run_address>
         <size>0x54</size>
         <input_file_ref idref="fl-d8"/>
      </object_component>
      <object_component id="oc-729">
         <name>.text:_ecpy</name>
         <load_address>0x2000bd3c</load_address>
         <run_address>0x2000bd3c</run_address>
         <size>0x52</size>
         <input_file_ref idref="fl-d5"/>
      </object_component>
      <object_component id="oc-8c4">
         <name>.text:_sl_HandleAsync_Stop</name>
         <load_address>0x2000bd90</load_address>
         <run_address>0x2000bd90</run_address>
         <size>0x50</size>
         <input_file_ref idref="fl-f0"/>
      </object_component>
      <object_component id="oc-4cf">
         <name>.text:SPIIntEnable</name>
         <load_address>0x2000bde0</load_address>
         <run_address>0x2000bde0</run_address>
         <size>0x4c</size>
         <input_file_ref idref="fl-f8"/>
      </object_component>
      <object_component id="oc-6d9">
         <name>.text:SPIIntNumberGet</name>
         <load_address>0x2000be2c</load_address>
         <run_address>0x2000be2c</run_address>
         <size>0x4c</size>
         <input_file_ref idref="fl-f8"/>
      </object_component>
      <object_component id="oc-26c">
         <name>.text:_SlDrvProtectAsyncRespSetting</name>
         <load_address>0x2000be78</load_address>
         <run_address>0x2000be78</run_address>
         <size>0x4c</size>
         <input_file_ref idref="fl-f1"/>
      </object_component>
      <object_component id="oc-3c4">
         <name>.text:_sl_BuildAddress</name>
         <load_address>0x2000bec4</load_address>
         <run_address>0x2000bec4</run_address>
         <size>0x4c</size>
         <input_file_ref idref="fl-f5"/>
      </object_component>
      <object_component id="oc-5da">
         <name>.text:atoi</name>
         <load_address>0x2000bf10</load_address>
         <run_address>0x2000bf10</run_address>
         <size>0x4c</size>
         <input_file_ref idref="fl-d6"/>
      </object_component>
      <object_component id="oc-685">
         <name>.text:uDMAChannelAssign</name>
         <load_address>0x2000bf5c</load_address>
         <run_address>0x2000bf5c</run_address>
         <size>0x4c</size>
         <input_file_ref idref="fl-fa"/>
      </object_component>
      <object_component id="oc-5a6">
         <name>.text:GPIOGetIntNumber</name>
         <load_address>0x2000bfa8</load_address>
         <run_address>0x2000bfa8</run_address>
         <size>0x48</size>
         <input_file_ref idref="fl-e8"/>
      </object_component>
      <object_component id="oc-6a7">
         <name>.text:SPIIntClear</name>
         <load_address>0x2000bff0</load_address>
         <run_address>0x2000bff0</run_address>
         <size>0x48</size>
         <input_file_ref idref="fl-f8"/>
      </object_component>
      <object_component id="oc-2f5">
         <name>.text:_SlDrvBasicCmd</name>
         <load_address>0x2000c038</load_address>
         <run_address>0x2000c038</run_address>
         <size>0x48</size>
         <input_file_ref idref="fl-f1"/>
      </object_component>
      <object_component id="oc-714">
         <name>.text</name>
         <load_address>0x2000c080</load_address>
         <run_address>0x2000c080</run_address>
         <size>0x48</size>
         <input_file_ref idref="fl-e2"/>
      </object_component>
      <object_component id="oc-696">
         <name>.text:SPIDmaMaskGet</name>
         <load_address>0x2000c0c8</load_address>
         <run_address>0x2000c0c8</run_address>
         <size>0x44</size>
         <input_file_ref idref="fl-f8"/>
      </object_component>
      <object_component id="oc-868">
         <name>.text:TimerConfigure</name>
         <load_address>0x2000c10c</load_address>
         <run_address>0x2000c10c</run_address>
         <size>0x44</size>
         <input_file_ref idref="fl-f9"/>
      </object_component>
      <object_component id="oc-284">
         <name>.text:_SlDrvSyncObjWaitTimeout</name>
         <load_address>0x2000c150</load_address>
         <run_address>0x2000c150</run_address>
         <size>0x44</size>
         <input_file_ref idref="fl-f1"/>
      </object_component>
      <object_component id="oc-1c0">
         <name>.text:__TI_auto_init_nobinit_nopinit:__TI_auto_init_nobinit_nopinit</name>
         <load_address>0x2000c194</load_address>
         <run_address>0x2000c194</run_address>
         <size>0x44</size>
         <input_file_ref idref="fl-d2"/>
      </object_component>
      <object_component id="oc-849">
         <name>.text:cc_SetupTransfer</name>
         <load_address>0x2000c1d8</load_address>
         <run_address>0x2000c1d8</run_address>
         <size>0x44</size>
         <input_file_ref idref="fl-f7"/>
      </object_component>
      <object_component id="oc-161">
         <name>.text:sl_Htonl</name>
         <load_address>0x2000c21c</load_address>
         <run_address>0x2000c21c</run_address>
         <size>0x42</size>
         <input_file_ref idref="fl-f5"/>
      </object_component>
      <object_component id="oc-5cf">
         <name>.text:PinModeSet</name>
         <load_address>0x2000c260</load_address>
         <run_address>0x2000c260</run_address>
         <size>0x40</size>
         <input_file_ref idref="fl-ea"/>
      </object_component>
      <object_component id="oc-3f7">
         <name>.text:_sl_TruncatePayloadByProtocol</name>
         <load_address>0x2000c2a0</load_address>
         <run_address>0x2000c2a0</run_address>
         <size>0x40</size>
         <input_file_ref idref="fl-f5"/>
      </object_component>
      <object_component id="oc-187">
         <name>.text:sprintf</name>
         <load_address>0x2000c2e0</load_address>
         <run_address>0x2000c2e0</run_address>
         <size>0x40</size>
         <input_file_ref idref="fl-ce"/>
      </object_component>
      <object_component id="oc-204">
         <name>.text:vsnprintf</name>
         <load_address>0x2000c320</load_address>
         <run_address>0x2000c320</run_address>
         <size>0x40</size>
         <input_file_ref idref="fl-d1"/>
      </object_component>
      <object_component id="oc-278">
         <name>.text:NwpRegisterInterruptHandler</name>
         <load_address>0x2000c360</load_address>
         <run_address>0x2000c360</run_address>
         <size>0x3e</size>
         <input_file_ref idref="fl-f7"/>
      </object_component>
      <object_component id="oc-73c">
         <name>.text:_fcpy</name>
         <load_address>0x2000c39e</load_address>
         <run_address>0x2000c39e</run_address>
         <size>0x3e</size>
         <input_file_ref idref="fl-d5"/>
      </object_component>
      <object_component id="oc-8a9">
         <name>.text:CopyPingResultsToReport</name>
         <load_address>0x2000c3dc</load_address>
         <run_address>0x2000c3dc</run_address>
         <size>0x3c</size>
         <input_file_ref idref="fl-f2"/>
      </object_component>
      <object_component id="oc-338">
         <name>.text:PRCMPeripheralClkEnable</name>
         <load_address>0x2000c418</load_address>
         <run_address>0x2000c418</run_address>
         <size>0x3c</size>
         <input_file_ref idref="fl-eb"/>
      </object_component>
      <object_component id="oc-46c">
         <name>.text:minsert</name>
         <load_address>0x2000c454</load_address>
         <run_address>0x2000c454</run_address>
         <size>0x3c</size>
         <input_file_ref idref="fl-ca"/>
      </object_component>
      <object_component id="oc-80f">
         <name>.text:simplelink_timerA2_start</name>
         <load_address>0x2000c490</load_address>
         <run_address>0x2000c490</run_address>
         <size>0x3c</size>
         <input_file_ref idref="fl-f7"/>
      </object_component>
      <object_component id="oc-15b">
         <name>.text:sl_Htons</name>
         <load_address>0x2000c4cc</load_address>
         <run_address>0x2000c4cc</run_address>
         <size>0x3c</size>
         <input_file_ref idref="fl-f5"/>
      </object_component>
      <object_component id="oc-8cc">
         <name>.text:uDMAChannelControlSet</name>
         <load_address>0x2000c508</load_address>
         <run_address>0x2000c508</run_address>
         <size>0x3c</size>
         <input_file_ref idref="fl-fa"/>
      </object_component>
      <object_component id="oc-272">
         <name>.text:NwpPowerOff</name>
         <load_address>0x2000c544</load_address>
         <run_address>0x2000c544</run_address>
         <size>0x38</size>
         <input_file_ref idref="fl-f7"/>
      </object_component>
      <object_component id="oc-460">
         <name>.text:minit</name>
         <load_address>0x2000c57c</load_address>
         <run_address>0x2000c57c</run_address>
         <size>0x38</size>
         <input_file_ref idref="fl-ca"/>
      </object_component>
      <object_component id="oc-f9">
         <name>.text:sl_WlanDisconnect</name>
         <load_address>0x2000c5b4</load_address>
         <run_address>0x2000c5b4</run_address>
         <size>0x38</size>
         <input_file_ref idref="fl-f6"/>
      </object_component>
      <object_component id="oc-3d4">
         <name>.text:GPIODirModeSet</name>
         <load_address>0x2000c5ec</load_address>
         <run_address>0x2000c5ec</run_address>
         <size>0x36</size>
         <input_file_ref idref="fl-e8"/>
      </object_component>
      <object_component id="oc-4ab">
         <name>.text:PRCMPeripheralStatusGet</name>
         <load_address>0x2000c624</load_address>
         <run_address>0x2000c624</run_address>
         <size>0x34</size>
         <input_file_ref idref="fl-eb"/>
      </object_component>
      <object_component id="oc-4c3">
         <name>.text:SPIFIFOLevelSet</name>
         <load_address>0x2000c658</load_address>
         <run_address>0x2000c658</run_address>
         <size>0x34</size>
         <input_file_ref idref="fl-f8"/>
      </object_component>
      <object_component id="oc-3ce">
         <name>.text:PinTypeGPIO</name>
         <load_address>0x2000c68c</load_address>
         <run_address>0x2000c68c</run_address>
         <size>0x30</size>
         <input_file_ref idref="fl-ea"/>
      </object_component>
      <object_component id="oc-436">
         <name>.text:UARTDisable</name>
         <load_address>0x2000c6bc</load_address>
         <run_address>0x2000c6bc</run_address>
         <size>0x30</size>
         <input_file_ref idref="fl-ec"/>
      </object_component>
      <object_component id="oc-444">
         <name>.text:_outs</name>
         <load_address>0x2000c6ec</load_address>
         <run_address>0x2000c6ec</run_address>
         <size>0x30</size>
         <input_file_ref idref="fl-d1"/>
      </object_component>
      <object_component id="oc-71f">
         <name>.text</name>
         <load_address>0x2000c71c</load_address>
         <run_address>0x2000c71c</run_address>
         <size>0x2e</size>
         <input_file_ref idref="fl-e3"/>
      </object_component>
      <object_component id="oc-27e">
         <name>.text:NwpPowerOn</name>
         <load_address>0x2000c74c</load_address>
         <run_address>0x2000c74c</run_address>
         <size>0x2c</size>
         <input_file_ref idref="fl-f7"/>
      </object_component>
      <object_component id="oc-326">
         <name>.text:PRCMSysResetCauseGet</name>
         <load_address>0x2000c778</load_address>
         <run_address>0x2000c778</run_address>
         <size>0x2c</size>
         <input_file_ref idref="fl-eb"/>
      </object_component>
      <object_component id="oc-544">
         <name>.text:_SlDrvObjGlobalLockWaitForever</name>
         <load_address>0x2000c7a4</load_address>
         <run_address>0x2000c7a4</run_address>
         <size>0x2c</size>
         <input_file_ref idref="fl-f1"/>
      </object_component>
      <object_component id="oc-399">
         <name>.text:_SlDrvProtectionObjLockWaitForever</name>
         <load_address>0x2000c7d0</load_address>
         <run_address>0x2000c7d0</run_address>
         <size>0x2c</size>
         <input_file_ref idref="fl-f1"/>
      </object_component>
      <object_component id="oc-874">
         <name>.text:TimerLoadSet</name>
         <load_address>0x2000c7fc</load_address>
         <run_address>0x2000c7fc</run_address>
         <size>0x2a</size>
         <input_file_ref idref="fl-f9"/>
      </object_component>
      <object_component id="oc-86e">
         <name>.text:TimerPrescaleSet</name>
         <load_address>0x2000c826</load_address>
         <run_address>0x2000c826</run_address>
         <size>0x2a</size>
         <input_file_ref idref="fl-f9"/>
      </object_component>
      <object_component id="oc-344">
         <name>.text:PRCMPeripheralClkDisable</name>
         <load_address>0x2000c850</load_address>
         <run_address>0x2000c850</run_address>
         <size>0x28</size>
         <input_file_ref idref="fl-eb"/>
      </object_component>
      <object_component id="oc-54a">
         <name>.text:_SlDrvGlobalObjUnLock</name>
         <load_address>0x2000c878</load_address>
         <run_address>0x2000c878</run_address>
         <size>0x28</size>
         <input_file_ref idref="fl-f1"/>
      </object_component>
      <object_component id="oc-39f">
         <name>.text:_SlDrvProtectionObjUnLock</name>
         <load_address>0x2000c8a0</load_address>
         <run_address>0x2000c8a0</run_address>
         <size>0x28</size>
         <input_file_ref idref="fl-f1"/>
      </object_component>
      <object_component id="oc-3a5">
         <name>.text:_SlDrvSyncObjWaitForever</name>
         <load_address>0x2000c8c8</load_address>
         <run_address>0x2000c8c8</run_address>
         <size>0x28</size>
         <input_file_ref idref="fl-f1"/>
      </object_component>
      <object_component id="oc-58">
         <name>.text:_c_int00_noargs:_c_int00_noargs</name>
         <load_address>0x2000c8f0</load_address>
         <run_address>0x2000c8f0</run_address>
         <size>0x28</size>
         <input_file_ref idref="fl-c8"/>
      </object_component>
      <object_component id="oc-466">
         <name>.text:mremove</name>
         <load_address>0x2000c918</load_address>
         <run_address>0x2000c918</run_address>
         <size>0x28</size>
         <input_file_ref idref="fl-ca"/>
      </object_component>
      <object_component id="oc-629">
         <name>.text:_SlDrvObjLockWaitForever</name>
         <load_address>0x2000c940</load_address>
         <run_address>0x2000c940</run_address>
         <size>0x26</size>
         <input_file_ref idref="fl-f1"/>
      </object_component>
      <object_component id="oc-4e1">
         <name>.text:DmaSpiSwIntHandler</name>
         <load_address>0x2000c968</load_address>
         <run_address>0x2000c968</run_address>
         <size>0x24</size>
         <input_file_ref idref="fl-f7"/>
      </object_component>
      <object_component id="oc-4fc">
         <name>.text:IntUnregister</name>
         <load_address>0x2000c98c</load_address>
         <run_address>0x2000c98c</run_address>
         <size>0x24</size>
         <input_file_ref idref="fl-e9"/>
      </object_component>
      <object_component id="oc-43c">
         <name>.text:UARTEnable</name>
         <load_address>0x2000c9b0</load_address>
         <run_address>0x2000c9b0</run_address>
         <size>0x24</size>
         <input_file_ref idref="fl-ec"/>
      </object_component>
      <object_component id="oc-216">
         <name>.text:memmove</name>
         <load_address>0x2000c9d4</load_address>
         <run_address>0x2000c9d4</run_address>
         <size>0x24</size>
         <input_file_ref idref="fl-cd"/>
      </object_component>
      <object_component id="oc-49f">
         <name>.text:SPIReset</name>
         <load_address>0x2000c9f8</load_address>
         <run_address>0x2000c9f8</run_address>
         <size>0x22</size>
         <input_file_ref idref="fl-f8"/>
      </object_component>
      <object_component id="oc-7bf">
         <name>.text:SPIWordCountSet</name>
         <load_address>0x2000ca1a</load_address>
         <run_address>0x2000ca1a</run_address>
         <size>0x22</size>
         <input_file_ref idref="fl-f8"/>
      </object_component>
      <object_component id="oc-375">
         <name>.text:GPIOPinWrite</name>
         <load_address>0x2000ca3c</load_address>
         <run_address>0x2000ca3c</run_address>
         <size>0x20</size>
         <input_file_ref idref="fl-e8"/>
      </object_component>
      <object_component id="oc-4c9">
         <name>.text:IntRegister</name>
         <load_address>0x2000ca5c</load_address>
         <run_address>0x2000ca5c</run_address>
         <size>0x20</size>
         <input_file_ref idref="fl-e9"/>
      </object_component>
      <object_component id="oc-2c3">
         <name>.text:NwpPrePowerOffTimout0</name>
         <load_address>0x2000ca7c</load_address>
         <run_address>0x2000ca7c</run_address>
         <size>0x20</size>
         <input_file_ref idref="fl-f7"/>
      </object_component>
      <object_component id="oc-784">
         <name>.text:TimerGetCurrentTimestamp</name>
         <load_address>0x2000ca9c</load_address>
         <run_address>0x2000ca9c</run_address>
         <size>0x20</size>
         <input_file_ref idref="fl-f7"/>
      </object_component>
      <object_component id="oc-62f">
         <name>.text:_SlDrvObjUnLock</name>
         <load_address>0x2000cabc</load_address>
         <run_address>0x2000cabc</run_address>
         <size>0x20</size>
         <input_file_ref idref="fl-f1"/>
      </object_component>
      <object_component id="oc-51d">
         <name>.text:_SlDrvSyncObjSignal</name>
         <load_address>0x2000cadc</load_address>
         <run_address>0x2000cadc</run_address>
         <size>0x20</size>
         <input_file_ref idref="fl-f1"/>
      </object_component>
      <object_component id="oc-363">
         <name>.text:GPIOIntRegister</name>
         <load_address>0x2000cafc</load_address>
         <run_address>0x2000cafc</run_address>
         <size>0x1e</size>
         <input_file_ref idref="fl-e8"/>
      </object_component>
      <object_component id="oc-87a">
         <name>.text:TimerEnable</name>
         <load_address>0x2000cb1a</load_address>
         <run_address>0x2000cb1a</run_address>
         <size>0x1e</size>
         <input_file_ref idref="fl-f9"/>
      </object_component>
      <object_component id="oc-1fe">
         <name>.text:UARTCharPut</name>
         <load_address>0x2000cb38</load_address>
         <run_address>0x2000cb38</run_address>
         <size>0x1e</size>
         <input_file_ref idref="fl-ec"/>
      </object_component>
      <object_component id="oc-4b1">
         <name>.text:cc_UDMAChannelSelect</name>
         <load_address>0x2000cb56</load_address>
         <run_address>0x2000cb56</run_address>
         <size>0x1e</size>
         <input_file_ref idref="fl-f7"/>
      </object_component>
      <object_component id="oc-815">
         <name>.text:TimerValueGet</name>
         <load_address>0x2000cb74</load_address>
         <run_address>0x2000cb74</run_address>
         <size>0x1c</size>
         <input_file_ref idref="fl-f9"/>
      </object_component>
      <object_component id="oc-210">
         <name>.text:UARTCharGetNonBlocking</name>
         <load_address>0x2000cb90</load_address>
         <run_address>0x2000cb90</run_address>
         <size>0x1c</size>
         <input_file_ref idref="fl-ec"/>
      </object_component>
      <object_component id="oc-66e">
         <name>.text:_SlDrvStartMeasureTimeout</name>
         <load_address>0x2000cbac</load_address>
         <run_address>0x2000cbac</run_address>
         <size>0x1c</size>
         <input_file_ref idref="fl-f1"/>
      </object_component>
      <object_component id="oc-603">
         <name>.text:memccpy</name>
         <load_address>0x2000cbc8</load_address>
         <run_address>0x2000cbc8</run_address>
         <size>0x1c</size>
         <input_file_ref idref="fl-d9"/>
      </object_component>
      <object_component id="oc-8de">
         <name>.text:uDMAChannelEnable</name>
         <load_address>0x2000cbe4</load_address>
         <run_address>0x2000cbe4</run_address>
         <size>0x1c</size>
         <input_file_ref idref="fl-fa"/>
      </object_component>
      <object_component id="oc-36f">
         <name>.text:GPIOIntEnable</name>
         <load_address>0x2000cc00</load_address>
         <run_address>0x2000cc00</run_address>
         <size>0x1a</size>
         <input_file_ref idref="fl-e8"/>
      </object_component>
      <object_component id="oc-3da">
         <name>.text:PinTypeUART</name>
         <load_address>0x2000cc1a</load_address>
         <run_address>0x2000cc1a</run_address>
         <size>0x1a</size>
         <input_file_ref idref="fl-ea"/>
      </object_component>
      <object_component id="oc-56e">
         <name>.text:SPIDmaDisable</name>
         <load_address>0x2000cc34</load_address>
         <run_address>0x2000cc34</run_address>
         <size>0x1a</size>
         <input_file_ref idref="fl-f8"/>
      </object_component>
      <object_component id="oc-4bd">
         <name>.text:SPIDmaEnable</name>
         <load_address>0x2000cc4e</load_address>
         <run_address>0x2000cc4e</run_address>
         <size>0x1a</size>
         <input_file_ref idref="fl-f8"/>
      </object_component>
      <object_component id="oc-568">
         <name>.text:SPIFIFODisable</name>
         <load_address>0x2000cc68</load_address>
         <run_address>0x2000cc68</run_address>
         <size>0x1a</size>
         <input_file_ref idref="fl-f8"/>
      </object_component>
      <object_component id="oc-4b7">
         <name>.text:SPIFIFOEnable</name>
         <load_address>0x2000cc82</load_address>
         <run_address>0x2000cc82</run_address>
         <size>0x1a</size>
         <input_file_ref idref="fl-f8"/>
      </object_component>
      <object_component id="oc-562">
         <name>.text:SPIIntUnregister</name>
         <load_address>0x2000cc9c</load_address>
         <run_address>0x2000cc9c</run_address>
         <size>0x1a</size>
         <input_file_ref idref="fl-f8"/>
      </object_component>
      <object_component id="oc-381">
         <name>.text:GPIOPinRead</name>
         <load_address>0x2000ccb6</load_address>
         <run_address>0x2000ccb6</run_address>
         <size>0x18</size>
         <input_file_ref idref="fl-e8"/>
      </object_component>
      <object_component id="oc-493">
         <name>.text:SPICSDisable</name>
         <load_address>0x2000ccce</load_address>
         <run_address>0x2000ccce</run_address>
         <size>0x18</size>
         <input_file_ref idref="fl-f8"/>
      </object_component>
      <object_component id="oc-7b9">
         <name>.text:SPICSEnable</name>
         <load_address>0x2000cce6</load_address>
         <run_address>0x2000cce6</run_address>
         <size>0x18</size>
         <input_file_ref idref="fl-f8"/>
      </object_component>
      <object_component id="oc-499">
         <name>.text:SPIDisable</name>
         <load_address>0x2000ccfe</load_address>
         <run_address>0x2000ccfe</run_address>
         <size>0x18</size>
         <input_file_ref idref="fl-f8"/>
      </object_component>
      <object_component id="oc-4d5">
         <name>.text:SPIEnable</name>
         <load_address>0x2000cd16</load_address>
         <run_address>0x2000cd16</run_address>
         <size>0x18</size>
         <input_file_ref idref="fl-f8"/>
      </object_component>
      <object_component id="oc-20a">
         <name>.text:UARTCharsAvail</name>
         <load_address>0x2000cd2e</load_address>
         <run_address>0x2000cd2e</run_address>
         <size>0x18</size>
         <input_file_ref idref="fl-ec"/>
      </object_component>
      <object_component id="oc-482">
         <name>.text:_SlNonOsSemSet</name>
         <load_address>0x2000cd46</load_address>
         <run_address>0x2000cd46</run_address>
         <size>0x18</size>
         <input_file_ref idref="fl-f4"/>
      </object_component>
      <object_component id="oc-44a">
         <name>.text:_outc</name>
         <load_address>0x2000cd5e</load_address>
         <run_address>0x2000cd5e</run_address>
         <size>0x18</size>
         <input_file_ref idref="fl-d1"/>
      </object_component>
      <object_component id="oc-3e9">
         <name>.text:_outs</name>
         <load_address>0x2000cd76</load_address>
         <run_address>0x2000cd76</run_address>
         <size>0x18</size>
         <input_file_ref idref="fl-ce"/>
      </object_component>
      <object_component id="oc-290">
         <name>.text:_sl_GetStartResponseConvert</name>
         <load_address>0x2000cd90</load_address>
         <run_address>0x2000cd90</run_address>
         <size>0x18</size>
         <input_file_ref idref="fl-f0"/>
      </object_component>
      <object_component id="oc-32c">
         <name>.text:PRCMHIBRegRead</name>
         <load_address>0x2000cda8</load_address>
         <run_address>0x2000cda8</run_address>
         <size>0x16</size>
         <input_file_ref idref="fl-eb"/>
      </object_component>
      <object_component id="oc-332">
         <name>.text:PRCMHIBRegWrite</name>
         <load_address>0x2000cdbe</load_address>
         <run_address>0x2000cdbe</run_address>
         <size>0x16</size>
         <input_file_ref idref="fl-eb"/>
      </object_component>
      <object_component id="oc-34d">
         <name>.text:_SlDrvMemZero</name>
         <load_address>0x2000cdd4</load_address>
         <run_address>0x2000cdd4</run_address>
         <size>0x16</size>
         <input_file_ref idref="fl-f1"/>
      </object_component>
      <object_component id="oc-750">
         <name>.text:strchr</name>
         <load_address>0x2000cdea</load_address>
         <run_address>0x2000cdea</run_address>
         <size>0x16</size>
         <input_file_ref idref="fl-da"/>
      </object_component>
      <object_component id="oc-31b">
         <name>.text:CPUcpsie</name>
         <load_address>0x2000ce00</load_address>
         <run_address>0x2000ce00</run_address>
         <size>0x14</size>
         <input_file_ref idref="fl-ee"/>
      </object_component>
      <object_component id="oc-369">
         <name>.text:GPIOIntClear</name>
         <load_address>0x2000ce14</load_address>
         <run_address>0x2000ce14</run_address>
         <size>0x14</size>
         <input_file_ref idref="fl-e8"/>
      </object_component>
      <object_component id="oc-11e">
         <name>.text:IntVTableBaseSet</name>
         <load_address>0x2000ce28</load_address>
         <run_address>0x2000ce28</run_address>
         <size>0x14</size>
         <input_file_ref idref="fl-e9"/>
      </object_component>
      <object_component id="oc-181">
         <name>.text:strcpy</name>
         <load_address>0x2000ce3c</load_address>
         <run_address>0x2000ce3c</run_address>
         <size>0x14</size>
         <input_file_ref idref="fl-cf"/>
      </object_component>
      <object_component id="oc-136">
         <name>.text:strlen</name>
         <load_address>0x2000ce50</load_address>
         <run_address>0x2000ce50</run_address>
         <size>0x14</size>
         <input_file_ref idref="fl-d0"/>
      </object_component>
      <object_component id="oc-46">
         <name>.text:decompress:ZI:__TI_zero_init_nomemset:__TI_zero_init_nomemset</name>
         <load_address>0x2000ce64</load_address>
         <run_address>0x2000ce64</run_address>
         <size>0x12</size>
         <input_file_ref idref="fl-c5"/>
      </object_component>
      <object_component id="oc-609">
         <name>.text:wcslen</name>
         <load_address>0x2000ce76</load_address>
         <run_address>0x2000ce76</run_address>
         <size>0x12</size>
         <input_file_ref idref="fl-db"/>
      </object_component>
      <object_component id="oc-89c">
         <name>.text:_SlDrvDispatchHttpServerEvents</name>
         <load_address>0x2000ce88</load_address>
         <run_address>0x2000ce88</run_address>
         <size>0x10</size>
         <input_file_ref idref="fl-f1"/>
      </object_component>
      <object_component id="oc-2de">
         <name>.text:_SlDrvResetCmdExt</name>
         <load_address>0x2000ce98</load_address>
         <run_address>0x2000ce98</run_address>
         <size>0xe</size>
         <input_file_ref idref="fl-f1"/>
      </object_component>
      <object_component id="oc-18">
         <name>.text:decompress:none:__TI_decompress_none</name>
         <load_address>0x2000cea6</load_address>
         <run_address>0x2000cea6</run_address>
         <size>0xe</size>
         <input_file_ref idref="fl-c6"/>
      </object_component>
      <object_component id="oc-26">
         <name>.text</name>
         <load_address>0x2000ceb4</load_address>
         <run_address>0x2000ceb4</run_address>
         <size>0xe</size>
         <input_file_ref idref="fl-6"/>
      </object_component>
      <object_component id="oc-4ef">
         <name>.text:NwpMaskInterrupt</name>
         <load_address>0x2000cec4</load_address>
         <run_address>0x2000cec4</run_address>
         <size>0xc</size>
         <input_file_ref idref="fl-f7"/>
      </object_component>
      <object_component id="oc-509">
         <name>.text:NwpUnMaskInterrupt</name>
         <load_address>0x2000ced0</load_address>
         <run_address>0x2000ced0</run_address>
         <size>0xc</size>
         <input_file_ref idref="fl-f7"/>
      </object_component>
      <object_component id="oc-124">
         <name>.text:IntMasterEnable</name>
         <load_address>0x2000cedc</load_address>
         <run_address>0x2000cedc</run_address>
         <size>0xa</size>
         <input_file_ref idref="fl-e9"/>
      </object_component>
      <object_component id="oc-3ef">
         <name>.text:_outc</name>
         <load_address>0x2000cee6</load_address>
         <run_address>0x2000cee6</run_address>
         <size>0xa</size>
         <input_file_ref idref="fl-ce"/>
      </object_component>
      <object_component id="oc-60f">
         <name>.text:__aeabi_errno_addr</name>
         <load_address>0x2000cef0</load_address>
         <run_address>0x2000cef0</run_address>
         <size>0x8</size>
         <input_file_ref idref="fl-e5"/>
      </object_component>
      <object_component id="oc-7f3">
         <name>.text:copysign</name>
         <load_address>0x2000cef8</load_address>
         <run_address>0x2000cef8</run_address>
         <size>0x8</size>
         <input_file_ref idref="fl-e6"/>
      </object_component>
      <object_component id="oc-148">
         <name>.text:UtilsDelay</name>
         <load_address>0x2000cf00</load_address>
         <run_address>0x2000cf00</run_address>
         <size>0x6</size>
         <input_file_ref idref="fl-ed"/>
      </object_component>
      <object_component id="oc-8e">
         <name>.text:_system_pre_init</name>
         <load_address>0x2000cf06</load_address>
         <run_address>0x2000cf06</run_address>
         <size>0x4</size>
         <input_file_ref idref="fl-d3"/>
      </object_component>
      <object_component id="oc-1b4">
         <name>.text:abort:abort</name>
         <load_address>0x2000cf0a</load_address>
         <run_address>0x2000cf0a</run_address>
         <size>0x4</size>
         <input_file_ref idref="fl-c9"/>
      </object_component>
      <object_component id="oc-6f9">
         <name>.const:.string:_ctypes_</name>
         <load_address>0x2000cf10</load_address>
         <run_address>0x2000cf10</run_address>
         <size>0x101</size>
         <input_file_ref idref="fl-d7"/>
      </object_component>
      <object_component id="oc-6f4">
         <name>.const:g_ulPinToPadMap</name>
         <load_address>0x2000d014</load_address>
         <run_address>0x2000d014</run_address>
         <size>0x100</size>
         <input_file_ref idref="fl-ea"/>
      </object_component>
      <object_component id="oc-5a2">
         <name>.const:g_pulRegs</name>
         <load_address>0x2000d114</load_address>
         <run_address>0x2000d114</run_address>
         <size>0xd4</size>
         <input_file_ref idref="fl-e9"/>
      </object_component>
      <object_component id="oc-595">
         <name>.const:PRCM_PeriphRegsList</name>
         <load_address>0x2000d1e8</load_address>
         <run_address>0x2000d1e8</run_address>
         <size>0xa8</size>
         <input_file_ref idref="fl-eb"/>
      </object_component>
      <object_component id="oc-322">
         <name>.const</name>
         <load_address>0x2000d290</load_address>
         <run_address>0x2000d290</run_address>
         <size>0x80</size>
         <input_file_ref idref="fl-e9"/>
      </object_component>
      <object_component id="oc-7af">
         <name>.const:OpcodeTranslateTable</name>
         <load_address>0x2000d310</load_address>
         <run_address>0x2000d310</run_address>
         <size>0x3c</size>
         <input_file_ref idref="fl-f1"/>
      </object_component>
      <object_component id="oc-843">
         <name>.const:_SlActionLookupTable</name>
         <load_address>0x2000d34c</load_address>
         <run_address>0x2000d34c</run_address>
         <size>0x38</size>
         <input_file_ref idref="fl-f1"/>
      </object_component>
      <object_component id="oc-23d">
         <name>.const:.string</name>
         <load_address>0x2000d384</load_address>
         <run_address>0x2000d384</run_address>
         <size>0x30</size>
         <input_file_ref idref="fl-3"/>
      </object_component>
      <object_component id="oc-111">
         <name>.const:$P$T1$2</name>
         <load_address>0x2000d3b4</load_address>
         <run_address>0x2000d3b4</run_address>
         <size>0x2c</size>
         <input_file_ref idref="fl-3"/>
      </object_component>
      <object_component id="oc-7ce">
         <name>.const:g_ppulSPIIntMap</name>
         <load_address>0x2000d3e0</load_address>
         <run_address>0x2000d3e0</run_address>
         <size>0x24</size>
         <input_file_ref idref="fl-f8"/>
      </object_component>
      <object_component id="oc-11d">
         <name>.const:.string:$P$T0$1</name>
         <load_address>0x2000d404</load_address>
         <run_address>0x2000d404</run_address>
         <size>0x22</size>
         <input_file_ref idref="fl-3"/>
      </object_component>
      <object_component id="oc-826">
         <name>.const:RxMsgClassLUT</name>
         <load_address>0x2000d428</load_address>
         <run_address>0x2000d428</run_address>
         <size>0x20</size>
         <input_file_ref idref="fl-f1"/>
      </object_component>
      <object_component id="oc-790">
         <name>.const</name>
         <load_address>0x2000d448</load_address>
         <run_address>0x2000d448</run_address>
         <size>0x18</size>
[...]
         <object_component_ref idref="oc-888"/>
      </symbol>
      <symbol id="sm-9fb">
         <name>_sl_HandleAsync_Stop</name>
         <value>0x2000bd91</value>
         <object_component_ref idref="oc-8c4"/>
      </symbol>
      <symbol id="sm-9fc">
         <name>sl_DevSet</name>
         <value>0x2000a669</value>
         <object_component_ref idref="oc-149"/>
      </symbol>
      <symbol id="sm-9fd">
         <name>sl_Stop</name>
         <value>0x20009489</value>
         <object_component_ref idref="oc-e1"/>
      </symbol>
      <symbol id="sm-9fe">
         <name>sl_Start</name>
         <value>0x20009759</value>
         <object_component_ref idref="oc-cf"/>
      </symbol>
      <symbol id="sm-9ff">
         <name>sl_DevGet</name>
         <value>0x20009e49</value>
         <object_component_ref idref="oc-e7"/>
      </symbol>
      <symbol id="sm-cae">
         <name>RxIrqCnt</name>
         <value>0x2001f214</value>
      </symbol>
      <symbol id="sm-caf">
         <name>g_bDeviceRestartIsRequired</name>
         <value>0x2001f215</value>
      </symbol>
      <symbol id="sm-cb0">
         <name>_SlDrvProtectionObjUnLock</name>
         <value>0x2000c8a1</value>
         <object_component_ref idref="oc-39f"/>
      </symbol>
      <symbol id="sm-cb1">
         <name>_SlDrvBasicCmd</name>
         <value>0x2000c039</value>
         <object_component_ref idref="oc-2f5"/>
      </symbol>
      <symbol id="sm-cb2">
         <name>_SlDrvObjUnLock</name>
         <value>0x2000cabd</value>
         <object_component_ref idref="oc-62f"/>
      </symbol>
      <symbol id="sm-cb3">
         <name>_SlDrvObjLockWaitForever</name>
         <value>0x2000c941</value>
         <object_component_ref idref="oc-629"/>
      </symbol>
      <symbol id="sm-cb4">
         <name>_SlDrvMsgReadSpawnCtx</name>
         <value>0x2000992d</value>
         <object_component_ref idref="oc-537"/>
      </symbol>
      <symbol id="sm-cb5">
         <name>_SlDrvDispatchHttpServerEvents</name>
         <value>0x2000ce89</value>
         <object_component_ref idref="oc-89c"/>
      </symbol>
      <symbol id="sm-cb6">
         <name>_SlDriverHandleError</name>
         <value>0x2000a34d</value>
         <object_component_ref idref="oc-510"/>
      </symbol>
      <symbol id="sm-cb7">
         <name>_SlDrvDriverCBDeinit</name>
         <value>0x20008f25</value>
         <object_component_ref idref="oc-2cf"/>
      </symbol>
      <symbol id="sm-cb8">
         <name>_SlDrvStartMeasureTimeout</name>
         <value>0x2000cbad</value>
         <object_component_ref idref="oc-66e"/>
      </symbol>
      <symbol id="sm-cb9">
         <name>_SlDrvResetCmdExt</name>
         <value>0x2000ce99</value>
         <object_component_ref idref="oc-2de"/>
      </symbol>
      <symbol id="sm-cba">
         <name>_SlDrvIsTimeoutExpired</name>
         <value>0x2000ad55</value>
         <object_component_ref idref="oc-674"/>
      </symbol>
      <symbol id="sm-cbb">
         <name>_SlDrvProtectAsyncRespSetting</name>
         <value>0x2000be79</value>
         <object_component_ref idref="oc-26c"/>
      </symbol>
      <symbol id="sm-cbc">
         <name>_SlDrvReleasePoolObj</name>
         <value>0x200077b5</value>
         <object_component_ref idref="oc-28a"/>
      </symbol>
      <symbol id="sm-cbd">
         <name>OpcodeTranslateTable</name>
         <value>0x2000d310</value>
         <object_component_ref idref="oc-7af"/>
      </symbol>
      <symbol id="sm-cbe">
         <name>pPingCallBackFunc</name>
         <value>0x2001f284</value>
         <object_component_ref idref="oc-299"/>
      </symbol>
      <symbol id="sm-cbf">
         <name>_SlDrvDriverCBInit</name>
         <value>0x20007d09</value>
         <object_component_ref idref="oc-260"/>
      </symbol>
      <symbol id="sm-cc0">
         <name>g_pCB</name>
         <value>0x2001f280</value>
         <object_component_ref idref="oc-299"/>
      </symbol>
      <symbol id="sm-cc1">
         <name>_SlDrvProtectionObjLockWaitForever</name>
         <value>0x2000c7d1</value>
         <object_component_ref idref="oc-399"/>
      </symbol>
      <symbol id="sm-cc2">
         <name>_SlDrvCmdOp</name>
         <value>0x20009fd9</value>
         <object_component_ref idref="oc-2b3"/>
      </symbol>
      <symbol id="sm-cc3">
         <name>_SlDrvSyncObjWaitTimeout</name>
         <value>0x2000c151</value>
         <object_component_ref idref="oc-284"/>
      </symbol>
      <symbol id="sm-cc4">
         <name>_SlDrvGlobalObjUnLock</name>
         <value>0x2000c879</value>
         <object_component_ref idref="oc-54a"/>
      </symbol>
      <symbol id="sm-cc5">
         <name>_SlDrvMemZero</name>
         <value>0x2000cdd5</value>
         <object_component_ref idref="oc-34d"/>
      </symbol>
      <symbol id="sm-cc6">
         <name>_SlDrvWaitForPoolObj</name>
         <value>0x20008059</value>
         <object_component_ref idref="oc-393"/>
      </symbol>
      <symbol id="sm-cc7">
         <name>_SlDrvSyncObjSignal</name>
         <value>0x2000cadd</value>
         <object_component_ref idref="oc-51d"/>
      </symbol>
      <symbol id="sm-cc8">
         <name>_SlDrvDataReadOp</name>
         <value>0x200075d1</value>
         <object_component_ref idref="oc-40b"/>
      </symbol>
      <symbol id="sm-cc9">
         <name>_SlDrvDataWriteOp</name>
         <value>0x2000865d</value>
         <object_component_ref idref="oc-3fd"/>
      </symbol>
      <symbol id="sm-cca">
         <name>_SlDrvRxIrqHandler</name>
         <value>0x2000bc41</value>
         <object_component_ref idref="oc-29c"/>
      </symbol>
      <symbol id="sm-ccb">
         <name>_SlDrvSyncObjWaitForever</name>
         <value>0x2000c8c9</value>
         <object_component_ref idref="oc-3a5"/>
      </symbol>
      <symbol id="sm-ccc">
         <name>g_SlDeviceStatus</name>
         <value>0x2001f27c</value>
         <object_component_ref idref="oc-299"/>
      </symbol>
      <symbol id="sm-ccd">
         <name>_SlDrvCmdSend</name>
         <value>0x2000b5dd</value>
         <object_component_ref idref="oc-8f3"/>
      </symbol>
      <symbol id="sm-cce">
         <name>_SlActionLookupTable</name>
         <value>0x2000d34c</value>
         <object_component_ref idref="oc-843"/>
      </symbol>
      <symbol id="sm-d76">
         <name>sl_NetAppMDNSUnRegisterService</name>
         <value>0x2000b7e5</value>
         <object_component_ref idref="oc-10b"/>
      </symbol>
      <symbol id="sm-d77">
         <name>_SlNetAppSendTokenValueCmdCtrl</name>
         <value>0x2000d51a</value>
         <object_component_ref idref="oc-8f9"/>
      </symbol>
      <symbol id="sm-d78">
         <name>sl_NetAppDnsGetHostByName</name>
         <value>0x20008a39</value>
         <object_component_ref idref="oc-155"/>
      </symbol>
      <symbol id="sm-d79">
         <name>_sl_HandleAsync_DnsGetHostByName</name>
         <value>0x2000aa8d</value>
         <object_component_ref idref="oc-890"/>
      </symbol>
      <symbol id="sm-d7a">
         <name>_sl_HandleAsync_PingResponse</name>
         <value>0x2000ab1d</value>
         <object_component_ref idref="oc-82f"/>
      </symbol>
      <symbol id="sm-d7b">
         <name>_SlDrvNetAppEventHandler</name>
         <value>0x20009289</value>
         <object_component_ref idref="oc-829"/>
      </symbol>
      <symbol id="sm-d7c">
         <name>_sl_HandleAsync_DnsGetHostByService</name>
         <value>0x20009d7d</value>
         <object_component_ref idref="oc-896"/>
      </symbol>
      <symbol id="sm-d7d">
         <name>_sl_NetAppSendTokenValue</name>
         <value>0x2000b649</value>
         <object_component_ref idref="oc-8a2"/>
      </symbol>
      <symbol id="sm-d7e">
         <name>sl_NetAppMDNSRegisterUnregisterService</name>
         <value>0x20009a15</value>
         <object_component_ref idref="oc-30a"/>
      </symbol>
      <symbol id="sm-da0">
         <name>sl_NetCfgSet</name>
         <value>0x2000a701</value>
         <object_component_ref idref="oc-ff"/>
      </symbol>
      <symbol id="sm-de8">
         <name>_SlNonOsSemSet</name>
         <value>0x2000cd47</value>
         <object_component_ref idref="oc-482"/>
      </symbol>
      <symbol id="sm-de9">
         <name>_SlNonOsSpawn</name>
         <value>0x2000b71d</value>
         <object_component_ref idref="oc-531"/>
      </symbol>
      <symbol id="sm-dea">
         <name>_SlNonOsSemGet</name>
         <value>0x2000a14d</value>
         <object_component_ref idref="oc-488"/>
      </symbol>
      <symbol id="sm-deb">
         <name>_SlNonOsMainLoopTask</name>
         <value>0x2000b4f9</value>
         <object_component_ref idref="oc-d5"/>
      </symbol>
      <symbol id="sm-dec">
         <name>g__SlNonOsCB</name>
         <value>0x2001f21c</value>
         <object_component_ref idref="oc-2ae"/>
      </symbol>
      <symbol id="sm-eed">
         <name>sl_Recv</name>
         <value>0x2000a491</value>
         <object_component_ref idref="oc-199"/>
      </symbol>
      <symbol id="sm-eee">
         <name>sl_Send</name>
         <value>0x20008df1</value>
         <object_component_ref idref="oc-18d"/>
      </symbol>
      <symbol id="sm-eef">
         <name>_sl_HandleAsync_Connect</name>
         <value>0x2000b195</value>
         <object_component_ref idref="oc-8b8"/>
      </symbol>
      <symbol id="sm-ef0">
         <name>sl_Htonl</name>
         <value>0x2000c21d</value>
         <object_component_ref idref="oc-161"/>
      </symbol>
      <symbol id="sm-ef1">
         <name>sl_Htons</name>
         <value>0x2000c4cd</value>
         <object_component_ref idref="oc-15b"/>
      </symbol>
      <symbol id="sm-ef2">
         <name>sl_Connect</name>
         <value>0x200081e9</value>
         <object_component_ref idref="oc-173"/>
      </symbol>
      <symbol id="sm-ef3">
         <name>sl_Socket</name>
         <value>0x2000ae6d</value>
         <object_component_ref idref="oc-167"/>
      </symbol>
      <symbol id="sm-ef4">
         <name>_sl_HandleAsync_Select</name>
         <value>0x2000bc95</value>
         <object_component_ref idref="oc-8be"/>
      </symbol>
      <symbol id="sm-ef5">
         <name>sl_Close</name>
         <value>0x2000b911</value>
         <object_component_ref idref="oc-193"/>
      </symbol>
      <symbol id="sm-ef6">
         <name>_sl_HandleAsync_Accept</name>
         <value>0x2000b781</value>
         <object_component_ref idref="oc-8b2"/>
      </symbol>
      <symbol id="sm-ef7">
         <name>sl_SetSockOpt</name>
         <value>0x2000a799</value>
         <object_component_ref idref="oc-16d"/>
      </symbol>
      <symbol id="sm-fb1">
         <name>sl_WlanDisconnect</name>
         <value>0x2000c5b5</value>
         <object_component_ref idref="oc-f9"/>
      </symbol>
      <symbol id="sm-fb2">
         <name>sl_WlanPolicySet</name>
         <value>0x2000abad</value>
         <object_component_ref idref="oc-ed"/>
      </symbol>
      <symbol id="sm-fb3">
         <name>sl_WlanProfileDel</name>
         <value>0x2000b971</value>
         <object_component_ref idref="oc-f3"/>
      </symbol>
      <symbol id="sm-fb4">
         <name>sl_WlanRxFilterSet</name>
         <value>0x2000b08d</value>
         <object_component_ref idref="oc-117"/>
      </symbol>
      <symbol id="sm-fb5">
         <name>sl_WlanConnect</name>
         <value>0x20006ea1</value>
         <object_component_ref idref="oc-13c"/>
      </symbol>
      <symbol id="sm-fb6">
         <name>sl_WlanSet</name>
         <value>0x2000a831</value>
         <object_component_ref idref="oc-105"/>
      </symbol>
      <symbol id="sm-fb7">
         <name>sl_WlanSetMode</name>
         <value>0x2000b9d1</value>
         <object_component_ref idref="oc-db"/>
      </symbol>
      <symbol id="sm-10d7">
         <name>g_ucDinDout</name>
         <value>0x2001f168</value>
      </symbol>
      <symbol id="sm-10d8">
         <name>g_cDummy</name>
         <value>0x2001f216</value>
      </symbol>
      <symbol id="sm-10d9">
         <name>NwpMaskInterrupt</name>
         <value>0x2000cec5</value>
         <object_component_ref idref="oc-4ef"/>
      </symbol>
      <symbol id="sm-10da">
         <name>NwpPrePowerOffTimout0</name>
         <value>0x2000ca7d</value>
         <object_component_ref idref="oc-2c3"/>
      </symbol>
      <symbol id="sm-10db">
         <name>NwpRegisterInterruptHandler</name>
         <value>0x2000c361</value>
         <object_component_ref idref="oc-278"/>
      </symbol>
      <symbol id="sm-10dc">
         <name>g_pHostIntHdl</name>
         <value>0x2001f2a8</value>
         <object_component_ref idref="oc-4db"/>
      </symbol>
      <symbol id="sm-10dd">
         <name>simplelink_timerA2_start</name>
         <value>0x2000c491</value>
         <object_component_ref idref="oc-80f"/>
      </symbol>
      <symbol id="sm-10de">
         <name>NwpUnMaskInterrupt</name>
         <value>0x2000ced1</value>
         <object_component_ref idref="oc-509"/>
      </symbol>
      <symbol id="sm-10df">
         <name>NwpPowerOff</name>
         <value>0x2000c545</value>
         <object_component_ref idref="oc-272"/>
      </symbol>
      <symbol id="sm-10e0">
         <name>TimerGetCurrentTimestamp</name>
         <value>0x2000ca9d</value>
         <object_component_ref idref="oc-784"/>
      </symbol>
      <symbol id="sm-10e1">
         <name>spi_Read</name>
         <value>0x20009579</value>
         <object_component_ref idref="oc-7a2"/>
      </symbol>
      <symbol id="sm-10e2">
         <name>DmaSpiSwIntHandler</name>
         <value>0x2000c969</value>
         <object_component_ref idref="oc-4e1"/>
      </symbol>
      <symbol id="sm-10e3">
         <name>NwpPowerOn</name>
         <value>0x2000c74d</value>
         <object_component_ref idref="oc-27e"/>
      </symbol>
      <symbol id="sm-10e4">
         <name>spi_Close</name>
         <value>0x2000b409</value>
         <object_component_ref idref="oc-2c9"/>
      </symbol>
      <symbol id="sm-10e5">
         <name>spi_Write</name>
         <value>0x2000a8c9</value>
         <object_component_ref idref="oc-6ce"/>
      </symbol>
      <symbol id="sm-10e6">
         <name>spi_Open</name>
         <value>0x200087ad</value>
         <object_component_ref idref="oc-266"/>
      </symbol>
      <symbol id="sm-10e7">
         <name>g_ucDMAEnabled</name>
         <value>0x2001f2ac</value>
         <object_component_ref idref="oc-4db"/>
      </symbol>
      <symbol id="sm-10e8">
         <name>g_SpiFd</name>
         <value>0x2001f2a4</value>
         <object_component_ref idref="oc-4db"/>
      </symbol>
      <symbol id="sm-11a3">
         <name>SPIFIFODisable</name>
         <value>0x2000cc69</value>
         <object_component_ref idref="oc-568"/>
      </symbol>
      <symbol id="sm-11a4">
         <name>SPICSEnable</name>
         <value>0x2000cce7</value>
         <object_component_ref idref="oc-7b9"/>
      </symbol>
      <symbol id="sm-11a5">
         <name>SPIDisable</name>
         <value>0x2000ccff</value>
         <object_component_ref idref="oc-499"/>
      </symbol>
      <symbol id="sm-11a6">
         <name>SPIFIFOEnable</name>
         <value>0x2000cc83</value>
         <object_component_ref idref="oc-4b7"/>
      </symbol>
      <symbol id="sm-11a7">
         <name>SPIWordCountSet</name>
         <value>0x2000ca1b</value>
         <object_component_ref idref="oc-7bf"/>
      </symbol>
      <symbol id="sm-11a8">
         <name>SPIEnable</name>
         <value>0x2000cd17</value>
         <object_component_ref idref="oc-4d5"/>
      </symbol>
      <symbol id="sm-11a9">
         <name>SPIDmaEnable</name>
         <value>0x2000cc4f</value>
         <object_component_ref idref="oc-4bd"/>
      </symbol>
      <symbol id="sm-11aa">
         <name>SPIConfigSetExpClk</name>
         <value>0x2000a3f1</value>
         <object_component_ref idref="oc-4a5"/>
      </symbol>
      <symbol id="sm-11ab">
         <name>SPIIntUnregister</name>
         <value>0x2000cc9d</value>
         <object_component_ref idref="oc-562"/>
      </symbol>
      <symbol id="sm-11ac">
         <name>SPIFIFOLevelSet</name>
         <value>0x2000c659</value>
         <object_component_ref idref="oc-4c3"/>
      </symbol>
      <symbol id="sm-11ad">
         <name>SPIDmaDisable</name>
         <value>0x2000cc35</value>
         <object_component_ref idref="oc-56e"/>
      </symbol>
      <symbol id="sm-11ae">
         <name>SPIReset</name>
         <value>0x2000c9f9</value>
         <object_component_ref idref="oc-49f"/>
      </symbol>
      <symbol id="sm-11af">
         <name>SPIIntEnable</name>
         <value>0x2000bde1</value>
         <object_component_ref idref="oc-4cf"/>
      </symbol>
      <symbol id="sm-11b0">
         <name>SPIIntClear</name>
         <value>0x2000bff1</value>
         <object_component_ref idref="oc-6a7"/>
      </symbol>
      <symbol id="sm-11b1">
         <name>SPICSDisable</name>
         <value>0x2000cccf</value>
         <object_component_ref idref="oc-493"/>
      </symbol>
      <symbol id="sm-11e4">
         <name>TimerLoadSet</name>
         <value>0x2000c7fd</value>
         <object_component_ref idref="oc-874"/>
      </symbol>
      <symbol id="sm-11e5">
         <name>TimerEnable</name>
         <value>0x2000cb1b</value>
         <object_component_ref idref="oc-87a"/>
      </symbol>
      <symbol id="sm-11e6">
         <name>TimerValueGet</name>
         <value>0x2000cb75</value>
         <object_component_ref idref="oc-815"/>
      </symbol>
      <symbol id="sm-11e7">
         <name>TimerPrescaleSet</name>
         <value>0x2000c827</value>
         <object_component_ref idref="oc-86e"/>
      </symbol>
      <symbol id="sm-11e8">
         <name>TimerConfigure</name>
         <value>0x2000c10d</value>
         <object_component_ref idref="oc-868"/>
      </symbol>
      <symbol id="sm-123f">
         <name>uDMAChannelControlSet</name>
         <value>0x2000c509</value>
         <object_component_ref idref="oc-8cc"/>
      </symbol>
      <symbol id="sm-1240">
         <name>uDMAChannelAttributeEnable</name>
         <value>0x2000b8ad</value>
         <object_component_ref idref="oc-8d2"/>
      </symbol>
      <symbol id="sm-1241">
         <name>uDMAChannelTransferSet</name>
         <value>0x20009669</value>
         <object_component_ref idref="oc-8d8"/>
      </symbol>
      <symbol id="sm-1242">
         <name>uDMAChannelAssign</name>
         <value>0x2000bf5d</value>
         <object_component_ref idref="oc-685"/>
      </symbol>
      <symbol id="sm-1243">
         <name>uDMAChannelAttributeDisable</name>
         <value>0x2000b849</value>
         <object_component_ref idref="oc-68b"/>
      </symbol>
      <symbol id="sm-1244">
         <name>uDMAChannelEnable</name>
         <value>0x2000cbe5</value>
         <object_component_ref idref="oc-8de"/>
      </symbol>
      <symbol id="sm-1245">
         <name>__TI_static_base__</name>
         <value>0x2000d558</value>
      </symbol>
      <symbol id="sm-1248">
         <name>__mpu_init</name>
         <value>0x0</value>
      </symbol>
      <symbol id="sm-1249">
         <name>_system_post_cinit</name>
         <value>0x0</value>
      </symbol>
   </symbol_table>
   <title>Link successful</title>
</link_info>
